<?xml version="1.0"?>
<link_info>
   <banner>TMS320C6x Linker PC v7.4.4</banner>
   <copyright>Copyright (c) 1996-2013 Texas Instruments Incorporated</copyright>
   <link_time>0x52a7482e</link_time>
   <output_file>LED_blink.out</output_file>
   <entry_point>
      <name>_c_int00</name>
      <address>0xe680</address>
   </entry_point>
   <input_file_list>
      <input_file id="fl-b">
         <path>.\</path>
         <kind>object</kind>
         <file>main.obj</file>
         <name>main.obj</name>
      </input_file>
      <input_file id="fl-c">
         <path>.\</path>
         <kind>object</kind>
         <file>config_MCBSP.obj</file>
         <name>config_MCBSP.obj</name>
      </input_file>
      <input_file id="fl-d">
         <path>.\</path>
         <kind>object</kind>
         <file>config_AIC23.obj</file>
         <name>config_AIC23.obj</name>
      </input_file>
      <input_file id="fl-e">
         <path>.\</path>
         <kind>object</kind>
         <file>LED_blinkcfg_c.obj</file>
         <name>LED_blinkcfg_c.obj</name>
      </input_file>
      <input_file id="fl-f">
         <path>.\</path>
         <kind>object</kind>
         <file>LED_blinkcfg.obj</file>
         <name>LED_blinkcfg.obj</name>
      </input_file>
      <input_file id="fl-8b">
         <path>C:\ti\bios_5_42_01_09\packages\ti\bios\lib\</path>
         <kind>archive</kind>
         <file>biosC6000.a67</file>
         <name>clk_htime.o67</name>
      </input_file>
      <input_file id="fl-8c">
         <path>C:\ti\bios_5_42_01_09\packages\ti\bios\lib\</path>
         <kind>archive</kind>
         <file>bios.a67</file>
         <name>biosdata.o67</name>
      </input_file>
      <input_file id="fl-8d">
         <path>C:\ti\bios_5_42_01_09\packages\ti\bios\lib\</path>
         <kind>archive</kind>
         <file>bios.a67</file>
         <name>hwi_disp_asm.o67</name>
      </input_file>
      <input_file id="fl-8e">
         <path>C:\ti\bios_5_42_01_09\packages\ti\bios\lib\</path>
         <kind>archive</kind>
         <file>bios.a67</file>
         <name>idl_stub.o67</name>
      </input_file>
      <input_file id="fl-8f">
         <path>C:\ti\bios_5_42_01_09\packages\ti\bios\lib\</path>
         <kind>archive</kind>
         <file>lnkrtdx.a67</file>
         <name>rtdx.o67</name>
      </input_file>
      <input_file id="fl-90">
         <path>C:\ti\bios_5_42_01_09\packages\ti\bios\lib\</path>
         <kind>archive</kind>
         <file>bios.a67</file>
         <name>swi.o67</name>
      </input_file>
      <input_file id="fl-91">
         <path>C:\ti\bios_5_42_01_09\packages\ti\bios\lib\</path>
         <kind>archive</kind>
         <file>bios.a67</file>
         <name>fxn_c.o67</name>
      </input_file>
      <input_file id="fl-92">
         <path>C:\ti\bios_5_42_01_09\packages\ti\bios\lib\</path>
         <kind>archive</kind>
         <file>bios.a67</file>
         <name>gbl_cslpllinit62.o67</name>
      </input_file>
      <input_file id="fl-93">
         <path>C:\ti\bios_5_42_01_09\packages\ti\bios\lib\</path>
         <kind>archive</kind>
         <file>bios.a67</file>
         <name>knl_tick.o67</name>
      </input_file>
      <input_file id="fl-94">
         <path>C:\ti\bios_5_42_01_09\packages\ti\bios\lib\</path>
         <kind>archive</kind>
         <file>bios.a67</file>
         <name>utl_doab.o67</name>
      </input_file>
      <input_file id="fl-95">
         <path>C:\ti\bios_5_42_01_09\packages\ti\bios\lib\</path>
         <kind>archive</kind>
         <file>bios.a67</file>
         <name>utl_doer.o67</name>
      </input_file>
      <input_file id="fl-96">
         <path>C:\ti\bios_5_42_01_09\packages\ti\bios\lib\</path>
         <kind>archive</kind>
         <file>bios.a67</file>
         <name>utl_putc.o67</name>
      </input_file>
      <input_file id="fl-97">
         <path>C:\ti\bios_5_42_01_09\packages\ti\bios\lib\</path>
         <kind>archive</kind>
         <file>bios.a67</file>
         <name>utl_halt.o67</name>
      </input_file>
      <input_file id="fl-98">
         <path>C:\ti\bios_5_42_01_09\packages\ti\bios\lib\</path>
         <kind>archive</kind>
         <file>biosC6000.a67</file>
         <name>clk.o67</name>
      </input_file>
      <input_file id="fl-99">
         <path>C:\ti\bios_5_42_01_09\packages\ti\bios\lib\</path>
         <kind>archive</kind>
         <file>bios.a67</file>
         <name>fxn.o67</name>
      </input_file>
      <input_file id="fl-9a">
         <path>C:\ti\bios_5_42_01_09\packages\ti\bios\lib\</path>
         <kind>archive</kind>
         <file>bios.a67</file>
         <name>boot.o67</name>
      </input_file>
      <input_file id="fl-9b">
         <path>C:\ti\bios_5_42_01_09\packages\ti\bios\lib\</path>
         <kind>archive</kind>
         <file>bios.a67</file>
         <name>trc.o67</name>
      </input_file>
      <input_file id="fl-9c">
         <path>C:\ti\bios_5_42_01_09\packages\ti\bios\lib\</path>
         <kind>archive</kind>
         <file>bios.a67</file>
         <name>hwi.o67</name>
      </input_file>
      <input_file id="fl-9d">
         <path>C:\ti\bios_5_42_01_09\packages\ti\bios\lib\</path>
         <kind>archive</kind>
         <file>bios.a67</file>
         <name>idl_busy.o67</name>
      </input_file>
      <input_file id="fl-9e">
         <path>C:\ti\bios_5_42_01_09\packages\ti\bios\lib\</path>
         <kind>archive</kind>
         <file>biosC6000.a67</file>
         <name>idl_cal.o67</name>
      </input_file>
      <input_file id="fl-9f">
         <path>C:\ti\bios_5_42_01_09\packages\ti\bios\lib\</path>
         <kind>archive</kind>
         <file>bios.a67</file>
         <name>idl.o67</name>
      </input_file>
      <input_file id="fl-a0">
         <path>C:\ti\bios_5_42_01_09\packages\ti\bios\lib\</path>
         <kind>archive</kind>
         <file>bios.a67</file>
         <name>knl_swit.o67</name>
      </input_file>
      <input_file id="fl-a1">
         <path>C:\ti\bios_5_42_01_09\packages\ti\bios\lib\</path>
         <kind>archive</kind>
         <file>bios.a67</file>
         <name>log.o67</name>
      </input_file>
      <input_file id="fl-a2">
         <path>C:\ti\bios_5_42_01_09\packages\ti\bios\lib\</path>
         <kind>archive</kind>
         <file>bios.a67</file>
         <name>pip.o67</name>
      </input_file>
      <input_file id="fl-a3">
         <path>C:\ti\bios_5_42_01_09\packages\ti\bios\lib\</path>
         <kind>archive</kind>
         <file>bios.a67</file>
         <name>prd.o67</name>
      </input_file>
      <input_file id="fl-a4">
         <path>C:\ti\bios_5_42_01_09\packages\ti\bios\lib\</path>
         <kind>archive</kind>
         <file>bios.a67</file>
         <name>rta.o67</name>
      </input_file>
      <input_file id="fl-a5">
         <path>C:\ti\bios_5_42_01_09\packages\ti\bios\lib\</path>
         <kind>archive</kind>
         <file>bios.a67</file>
         <name>rta_andn.o67</name>
      </input_file>
      <input_file id="fl-a6">
         <path>C:\ti\bios_5_42_01_09\packages\ti\bios\lib\</path>
         <kind>archive</kind>
         <file>bios.a67</file>
         <name>sts.o67</name>
      </input_file>
      <input_file id="fl-a7">
         <path>C:\ti\bios_5_42_01_09\packages\ti\bios\lib\</path>
         <kind>archive</kind>
         <file>bios.a67</file>
         <name>clk_data.o67</name>
      </input_file>
      <input_file id="fl-a8">
         <path>C:\ti\bios_5_42_01_09\packages\ti\bios\lib\</path>
         <kind>archive</kind>
         <file>bios.a67</file>
         <name>clk_data2.o67</name>
      </input_file>
      <input_file id="fl-a9">
         <path>C:\ti\bios_5_42_01_09\packages\ti\bios\lib\</path>
         <kind>archive</kind>
         <file>biosC6000.a67</file>
         <name>clk_meas.o67</name>
      </input_file>
      <input_file id="fl-aa">
         <path>C:\ti\bios_5_42_01_09\packages\ti\bios\lib\</path>
         <kind>archive</kind>
         <file>biosC6000.a67</file>
         <name>clk_start.o67</name>
      </input_file>
      <input_file id="fl-ab">
         <path>C:\ti\bios_5_42_01_09\packages\ti\bios\lib\</path>
         <kind>archive</kind>
         <file>biosC6000.a67</file>
         <name>clk_stop.o67</name>
      </input_file>
      <input_file id="fl-ac">
         <path>C:\ti\C6xCSL\lib_3x\</path>
         <kind>archive</kind>
         <file>csl6713.lib</file>
         <name>csl.obj</name>
      </input_file>
      <input_file id="fl-ad">
         <path>C:\ti\DSK6713\c6000\dsk6713\lib\</path>
         <kind>archive</kind>
         <file>dsk6713bsl.lib</file>
         <name>dsk6713_led.obj</name>
      </input_file>
      <input_file id="fl-ae">
         <path>C:\ti\DSK6713\c6000\dsk6713\lib\</path>
         <kind>archive</kind>
         <file>dsk6713bsl.lib</file>
         <name>dsk6713.obj</name>
      </input_file>
      <input_file id="fl-af">
         <path>C:\ti\C6xCSL\lib_3x\</path>
         <kind>archive</kind>
         <file>csl6713.lib</file>
         <name>csl_edma.obj</name>
      </input_file>
      <input_file id="fl-b0">
         <path>C:\ti\bios_5_42_01_09\packages\ti\bios\lib\</path>
         <kind>archive</kind>
         <file>bios.a67</file>
         <name>gbl_cslcacheinit.o67</name>
      </input_file>
      <input_file id="fl-b1">
         <path>C:\ti\bios_5_42_01_09\packages\ti\bios\lib\</path>
         <kind>archive</kind>
         <file>bios.a67</file>
         <name>gbl_vers.o67</name>
      </input_file>
      <input_file id="fl-b2">
         <path>C:\ti\bios_5_42_01_09\packages\ti\bios\lib\</path>
         <kind>archive</kind>
         <file>bios.a67</file>
         <name>hwi_c.o67</name>
      </input_file>
      <input_file id="fl-b3">
         <path>C:\ti\C6xCSL\lib_3x\</path>
         <kind>archive</kind>
         <file>csl6713.lib</file>
         <name>csl_irq.obj</name>
      </input_file>
      <input_file id="fl-b4">
         <path>C:\ti\bios_5_42_01_09\packages\ti\bios\lib\</path>
         <kind>archive</kind>
         <file>bios.a67</file>
         <name>knl.o67</name>
      </input_file>
      <input_file id="fl-b5">
         <path>C:\ti\bios_5_42_01_09\packages\ti\bios\lib\</path>
         <kind>archive</kind>
         <file>bios.a67</file>
         <name>knl_exit.o67</name>
      </input_file>
      <input_file id="fl-b6">
         <path>C:\ti\bios_5_42_01_09\packages\ti\bios\lib\</path>
         <kind>archive</kind>
         <file>bios.a67</file>
         <name>knl_chec.o67</name>
      </input_file>
      <input_file id="fl-b7">
         <path>C:\ti\bios_5_42_01_09\packages\ti\bios\lib\</path>
         <kind>archive</kind>
         <file>bios.a67</file>
         <name>knl_post.o67</name>
      </input_file>
      <input_file id="fl-b8">
         <path>C:\ti\bios_5_42_01_09\packages\ti\bios\lib\</path>
         <kind>archive</kind>
         <file>bios.a67</file>
         <name>knl_ipos.o67</name>
      </input_file>
      <input_file id="fl-b9">
         <path>C:\ti\bios_5_42_01_09\packages\ti\bios\lib\</path>
         <kind>archive</kind>
         <file>bios.a67</file>
         <name>knl_run.o67</name>
      </input_file>
      <input_file id="fl-ba">
         <path>C:\ti\C6xCSL\lib_3x\</path>
         <kind>archive</kind>
         <file>csl6713.lib</file>
         <name>csl_mcbsp.obj</name>
      </input_file>
      <input_file id="fl-bb">
         <path>C:\ti\bios_5_42_01_09\packages\ti\bios\lib\</path>
         <kind>archive</kind>
         <file>bios.a67</file>
         <name>obj_init.o67</name>
      </input_file>
      <input_file id="fl-bc">
         <path>C:\ti\bios_5_42_01_09\packages\ti\rtdx\lib\c6000\</path>
         <kind>archive</kind>
         <file>rtdx.lib</file>
         <name>buffer2.o62</name>
      </input_file>
      <input_file id="fl-bd">
         <path>C:\ti\bios_5_42_01_09\packages\ti\rtdx\lib\c6000\</path>
         <kind>archive</kind>
         <file>rtdx.lib</file>
         <name>buffer1.o62</name>
      </input_file>
      <input_file id="fl-be">
         <path>C:\ti\bios_5_42_01_09\packages\ti\rtdx\lib\c6000\</path>
         <kind>archive</kind>
         <file>rtdx.lib</file>
         <name>intr_tgt.o62</name>
      </input_file>
      <input_file id="fl-bf">
         <path>C:\ti\bios_5_42_01_09\packages\ti\rtdx\lib\c6000\</path>
         <kind>archive</kind>
         <file>rtdx.lib</file>
         <name>rtdx_mon.o62</name>
      </input_file>
      <input_file id="fl-c0">
         <path>C:\ti\bios_5_42_01_09\packages\ti\bios\lib\</path>
         <kind>archive</kind>
         <file>bios.a67</file>
         <name>sts_set.o67</name>
      </input_file>
      <input_file id="fl-c1">
         <path>C:\ti\C6xCSL\lib_3x\</path>
         <kind>archive</kind>
         <file>csl6713.lib</file>
         <name>csl_timer.obj</name>
      </input_file>
      <input_file id="fl-c2">
         <path>C:\ti\bios_5_42_01_09\packages\ti\bios\lib\</path>
         <kind>archive</kind>
         <file>bios.a67</file>
         <name>tsk.o67</name>
      </input_file>
      <input_file id="fl-c3">
         <path>C:\ti\bios_5_42_01_09\packages\ti\bios\lib\</path>
         <kind>archive</kind>
         <file>bios.a67</file>
         <name>tsk_exit.o67</name>
      </input_file>
      <input_file id="fl-c4">
         <path>C:\ti\bios_5_42_01_09\packages\ti\bios\lib\</path>
         <kind>archive</kind>
         <file>bios.a67</file>
         <name>sys_exit.o67</name>
      </input_file>
      <input_file id="fl-c5">
         <path>C:\ti\bios_5_42_01_09\packages\ti\bios\lib\</path>
         <kind>archive</kind>
         <file>bios.a67</file>
         <name>sys.o67</name>
      </input_file>
      <input_file id="fl-c6">
         <path>C:\ti\bios_5_42_01_09\packages\ti\bios\lib\</path>
         <kind>archive</kind>
         <file>bios.a67</file>
         <name>tsk_init.o67</name>
      </input_file>
      <input_file id="fl-c7">
         <path>C:\ti\bios_5_42_01_09\packages\ti\bios\lib\</path>
         <kind>archive</kind>
         <file>bios.a67</file>
         <name>tsk_setu.o67</name>
      </input_file>
      <input_file id="fl-c8">
         <path>C:\ti\bios_5_42_01_09\packages\ti\bios\lib\</path>
         <kind>archive</kind>
         <file>bios.a67</file>
         <name>tsk_stup.o67</name>
      </input_file>
      <input_file id="fl-c9">
         <path>C:\ti\bios_5_42_01_09\packages\ti\bios\lib\</path>
         <kind>archive</kind>
         <file>bios.a67</file>
         <name>lck.o67</name>
      </input_file>
      <input_file id="fl-ca">
         <path>C:\ti\bios_5_42_01_09\packages\ti\bios\lib\</path>
         <kind>archive</kind>
         <file>bios.a67</file>
         <name>sem_pend_counting.o67</name>
      </input_file>
      <input_file id="fl-cb">
         <path>C:\ti\bios_5_42_01_09\packages\ti\bios\lib\</path>
         <kind>archive</kind>
         <file>bios.a67</file>
         <name>sem_pend.o67</name>
      </input_file>
      <input_file id="fl-cc">
         <path>C:\ti\bios_5_42_01_09\packages\ti\bios\lib\</path>
         <kind>archive</kind>
         <file>bios.a67</file>
         <name>sem_post_asm.o67</name>
      </input_file>
      <input_file id="fl-cd">
         <path>C:\ti\bios_5_42_01_09\packages\ti\bios\lib\</path>
         <kind>archive</kind>
         <file>bios.a67</file>
         <name>sem_post.o67</name>
      </input_file>
      <input_file id="fl-ce">
         <path>C:\ti\bios_5_42_01_09\packages\ti\bios\lib\</path>
         <kind>archive</kind>
         <file>bios.a67</file>
         <name>sys_abor.o67</name>
      </input_file>
      <input_file id="fl-cf">
         <path>C:\ti\bios_5_42_01_09\packages\ti\bios\lib\</path>
         <kind>archive</kind>
         <file>bios.a67</file>
         <name>gbl_setL2CacheMode.o67</name>
      </input_file>
      <input_file id="fl-d0">
         <path>C:\ti\bios_5_42_01_09\packages\ti\bios\lib\</path>
         <kind>archive</kind>
         <file>bios.a67</file>
         <name>sem_dopo.o67</name>
      </input_file>
      <input_file id="fl-d1">
         <path>C:\ti\bios_5_42_01_09\packages\ti\bios\lib\</path>
         <kind>archive</kind>
         <file>bios.a67</file>
         <name>autoinit.o67</name>
      </input_file>
      <input_file id="fl-d2">
         <path>C:\ti\ccsv5\tools\compiler\c6000_7.4.4\lib\</path>
         <kind>archive</kind>
         <file>rts6700.lib</file>
         <name>_lock.obj</name>
      </input_file>
      <input_file id="fl-d3">
         <path>C:\ti\ccsv5\tools\compiler\c6000_7.4.4\lib\</path>
         <kind>archive</kind>
         <file>rts6700.lib</file>
         <name>strasg.obj</name>
      </input_file>
      <input_file id="fl-d4">
         <path>C:\ti\ccsv5\tools\compiler\c6000_7.4.4\lib\</path>
         <kind>archive</kind>
         <file>rts6700.lib</file>
         <name>atexit.obj</name>
      </input_file>
      <input_file id="fl-d5">
         <path>C:\ti\ccsv5\tools\compiler\c6000_7.4.4\lib\</path>
         <kind>archive</kind>
         <file>rts6700.lib</file>
         <name>sinit.obj</name>
      </input_file>
      <input_file id="fl-d6">
         <path>C:\ti\ccsv5\tools\compiler\c6000_7.4.4\lib\</path>
         <kind>archive</kind>
         <file>rts6700.lib</file>
         <name>exit.obj</name>
      </input_file>
      <input_file id="fl-d7">
         <path>C:\ti\ccsv5\tools\compiler\c6000_7.4.4\lib\</path>
         <kind>archive</kind>
         <file>rts6700.lib</file>
         <name>memcpy62.obj</name>
      </input_file>
   </input_file_list>
   <object_component_list>
      <object_component id="oc-73">
         <name>.vers</name>
         <load_address>0x0</load_address>
         <run_address>0x0</run_address>
         <size>0x40</size>
         <input_file_ref idref="fl-f"/>
      </object_component>
      <object_component id="oc-62">
         <name>.clk</name>
         <uninitialized>true</uninitialized>
         <run_address>0xfb48</run_address>
         <size>0x8</size>
         <input_file_ref idref="fl-f"/>
      </object_component>
      <object_component id="oc-63">
         <name>.prd</name>
         <uninitialized>true</uninitialized>
         <run_address>0xfb0c</run_address>
         <size>0x20</size>
         <input_file_ref idref="fl-f"/>
      </object_component>
      <object_component id="oc-7">
         <name>HWI_A_VECS</name>
         <load_address>0x0</load_address>
         <run_address>0x0</run_address>
         <size>0x0</size>
      </object_component>
      <object_component id="oc-6a">
         <name>.hwi_vec</name>
         <load_address>0x0</load_address>
         <run_address>0x0</run_address>
         <size>0x200</size>
         <input_file_ref idref="fl-f"/>
      </object_component>
      <object_component id="oc-6b">
         <name>.swi</name>
         <uninitialized>true</uninitialized>
         <run_address>0xf980</run_address>
         <size>0xb0</size>
         <input_file_ref idref="fl-f"/>
      </object_component>
      <object_component id="oc-6c">
         <name>.tsk</name>
         <uninitialized>true</uninitialized>
         <run_address>0xfa30</run_address>
         <size>0x60</size>
         <input_file_ref idref="fl-f"/>
      </object_component>
      <object_component id="oc-6f">
         <name>.idl</name>
         <uninitialized>true</uninitialized>
         <run_address>0xe3ac</run_address>
         <size>0x10</size>
         <input_file_ref idref="fl-f"/>
      </object_component>
      <object_component id="oc-6e">
         <name>.idlcal</name>
         <uninitialized>true</uninitialized>
         <run_address>0xf5f0</run_address>
         <size>0x10</size>
         <input_file_ref idref="fl-f"/>
      </object_component>
      <object_component id="oc-48">
         <name>.bss</name>
         <uninitialized>true</uninitialized>
         <run_address>0xf290</run_address>
         <size>0x48</size>
         <input_file_ref idref="fl-b"/>
      </object_component>
      <object_component id="oc-5d">
         <name>.bss</name>
         <uninitialized>true</uninitialized>
         <run_address>0xf2d8</run_address>
         <size>0x18</size>
         <input_file_ref idref="fl-f"/>
      </object_component>
      <object_component id="oc-7a">
         <name>.bss</name>
         <uninitialized>true</uninitialized>
         <run_address>0xf0e0</run_address>
         <size>0xcc</size>
         <input_file_ref idref="fl-8c"/>
      </object_component>
      <object_component id="oc-7c">
         <name>.bss</name>
         <uninitialized>true</uninitialized>
         <run_address>0xefe0</run_address>
         <size>0x100</size>
         <input_file_ref idref="fl-8d"/>
      </object_component>
      <object_component id="oc-83">
         <name>.bss</name>
         <uninitialized>true</uninitialized>
         <run_address>0xf308</run_address>
         <size>0x18</size>
         <input_file_ref idref="fl-8f"/>
      </object_component>
      <object_component id="oc-89">
         <name>.bss</name>
         <uninitialized>true</uninitialized>
         <run_address>0xf1ac</run_address>
         <size>0x9c</size>
         <input_file_ref idref="fl-90"/>
      </object_component>
      <object_component id="oc-b7">
         <name>.bss</name>
         <uninitialized>true</uninitialized>
         <run_address>0xf2f0</run_address>
         <size>0x18</size>
         <input_file_ref idref="fl-9c"/>
      </object_component>
      <object_component id="oc-b9">
         <name>.bss</name>
         <uninitialized>true</uninitialized>
         <run_address>0xf354</run_address>
         <size>0x4</size>
         <input_file_ref idref="fl-9d"/>
      </object_component>
      <object_component id="oc-e5">
         <name>.bss</name>
         <uninitialized>true</uninitialized>
         <run_address>0xf33c</run_address>
         <size>0x8</size>
         <input_file_ref idref="fl-a7"/>
      </object_component>
      <object_component id="oc-e8">
         <name>.bss</name>
         <uninitialized>true</uninitialized>
         <run_address>0xf34c</run_address>
         <size>0x4</size>
         <input_file_ref idref="fl-a8"/>
      </object_component>
      <object_component id="oc-11e">
         <name>.bss</name>
         <uninitialized>true</uninitialized>
         <run_address>0xf248</run_address>
         <size>0x48</size>
         <input_file_ref idref="fl-b4"/>
      </object_component>
      <object_component id="oc-145">
         <name>.bss</name>
         <uninitialized>true</uninitialized>
         <run_address>0xf320</run_address>
         <size>0x10</size>
         <input_file_ref idref="fl-bd"/>
      </object_component>
      <object_component id="oc-15e">
         <name>.bss</name>
         <uninitialized>true</uninitialized>
         <run_address>0xf330</run_address>
         <size>0xc</size>
         <input_file_ref idref="fl-c2"/>
      </object_component>
      <object_component id="oc-16c">
         <name>.bss</name>
         <uninitialized>true</uninitialized>
         <run_address>0xf344</run_address>
         <size>0x8</size>
         <input_file_ref idref="fl-c5"/>
      </object_component>
      <object_component id="oc-199">
         <name>.bss</name>
         <uninitialized>true</uninitialized>
         <run_address>0xf350</run_address>
         <size>0x4</size>
         <input_file_ref idref="fl-cf"/>
      </object_component>
      <object_component id="oc-4b">
         <name>.far</name>
         <uninitialized>true</uninitialized>
         <run_address>0x200</run_address>
         <size>0x4030</size>
         <input_file_ref idref="fl-b"/>
      </object_component>
      <object_component id="oc-51">
         <name>.far</name>
         <uninitialized>true</uninitialized>
         <run_address>0x47b0</run_address>
         <size>0x20</size>
         <input_file_ref idref="fl-c"/>
      </object_component>
      <object_component id="oc-57">
         <name>.far</name>
         <uninitialized>true</uninitialized>
         <run_address>0x4710</run_address>
         <size>0x34</size>
         <input_file_ref idref="fl-d"/>
      </object_component>
      <object_component id="oc-96">
         <name>.far</name>
         <uninitialized>true</uninitialized>
         <run_address>0x47d0</run_address>
         <size>0x10</size>
         <input_file_ref idref="fl-93"/>
      </object_component>
      <object_component id="oc-a3">
         <name>.far</name>
         <uninitialized>true</uninitialized>
         <run_address>0x47e0</run_address>
         <size>0xc</size>
         <input_file_ref idref="fl-96"/>
      </object_component>
      <object_component id="oc-f8">
         <name>.far</name>
         <uninitialized>true</uninitialized>
         <run_address>0x4744</run_address>
         <size>0x28</size>
         <input_file_ref idref="fl-ac"/>
      </object_component>
      <object_component id="oc-fd">
         <name>.far</name>
         <uninitialized>true</uninitialized>
         <run_address>0x4806</run_address>
         <size>0x2</size>
         <input_file_ref idref="fl-ad"/>
      </object_component>
      <object_component id="oc-102">
         <name>.far</name>
         <uninitialized>true</uninitialized>
         <run_address>0x4804</run_address>
         <size>0x2</size>
         <input_file_ref idref="fl-ae"/>
      </object_component>
      <object_component id="oc-108">
         <name>.far</name>
         <uninitialized>true</uninitialized>
         <run_address>0x4634</run_address>
         <size>0x54</size>
         <input_file_ref idref="fl-af"/>
      </object_component>
      <object_component id="oc-11a">
         <name>.far</name>
         <uninitialized>true</uninitialized>
         <run_address>0x43b8</run_address>
         <size>0xf4</size>
         <input_file_ref idref="fl-b3"/>
      </object_component>
      <object_component id="oc-121">
         <name>.far</name>
         <uninitialized>true</uninitialized>
         <run_address>0x44ac</run_address>
         <size>0xd8</size>
         <input_file_ref idref="fl-b4"/>
      </object_component>
      <object_component id="oc-138">
         <name>.far</name>
         <uninitialized>true</uninitialized>
         <run_address>0x46d8</run_address>
         <size>0x38</size>
         <input_file_ref idref="fl-ba"/>
      </object_component>
      <object_component id="oc-13e">
         <name>.far</name>
         <uninitialized>true</uninitialized>
         <run_address>0x45e0</run_address>
         <size>0x54</size>
         <input_file_ref idref="fl-bb"/>
      </object_component>
      <object_component id="oc-15a">
         <name>.far</name>
         <uninitialized>true</uninitialized>
         <run_address>0x476c</run_address>
         <size>0x24</size>
         <input_file_ref idref="fl-c1"/>
      </object_component>
      <object_component id="oc-161">
         <name>.far</name>
         <uninitialized>true</uninitialized>
         <run_address>0x4584</run_address>
         <size>0x5c</size>
         <input_file_ref idref="fl-c2"/>
      </object_component>
      <object_component id="oc-16f">
         <name>.far</name>
         <uninitialized>true</uninitialized>
         <run_address>0x4790</run_address>
         <size>0x20</size>
         <input_file_ref idref="fl-c5"/>
      </object_component>
      <object_component id="oc-17c">
         <name>.far</name>
         <uninitialized>true</uninitialized>
         <run_address>0x4688</run_address>
         <size>0x50</size>
         <input_file_ref idref="fl-c8"/>
      </object_component>
      <object_component id="oc-1a9">
         <name>.far</name>
         <uninitialized>true</uninitialized>
         <run_address>0x47f8</run_address>
         <size>0x8</size>
         <input_file_ref idref="fl-d2"/>
      </object_component>
      <object_component id="oc-1b1">
         <name>.far</name>
         <uninitialized>true</uninitialized>
         <run_address>0x4230</run_address>
         <size>0x188</size>
         <input_file_ref idref="fl-d4"/>
      </object_component>
      <object_component id="oc-1b6">
         <name>.far</name>
         <uninitialized>true</uninitialized>
         <run_address>0x4800</run_address>
         <size>0x4</size>
         <input_file_ref idref="fl-d5"/>
      </object_component>
      <object_component id="oc-1bb">
         <name>.far</name>
         <uninitialized>true</uninitialized>
         <run_address>0x47ec</run_address>
         <size>0xc</size>
         <input_file_ref idref="fl-d6"/>
      </object_component>
      <object_component id="oc-85">
         <name>.bios</name>
         <load_address>0x4820</load_address>
         <run_address>0x4820</run_address>
         <size>0x600</size>
         <input_file_ref idref="fl-8f"/>
      </object_component>
      <object_component id="oc-19c">
         <name>.bios</name>
         <load_address>0x4e20</load_address>
         <run_address>0x4e20</run_address>
         <size>0x5e0</size>
         <input_file_ref idref="fl-cf"/>
      </object_component>
      <object_component id="oc-40">
         <name>.bios</name>
         <load_address>0x5400</load_address>
         <run_address>0x5400</run_address>
         <size>0x540</size>
         <input_file_ref idref="fl-90"/>
      </object_component>
      <object_component id="oc-41">
         <name>.bios</name>
         <load_address>0x5940</load_address>
         <run_address>0x5940</run_address>
         <size>0x460</size>
         <input_file_ref idref="fl-8d"/>
      </object_component>
      <object_component id="oc-d4">
         <name>.bios</name>
         <load_address>0x5da0</load_address>
         <run_address>0x5da0</run_address>
         <size>0x3a0</size>
         <input_file_ref idref="fl-a3"/>
      </object_component>
      <object_component id="oc-134">
         <name>.bios</name>
         <load_address>0x6140</load_address>
         <run_address>0x6140</run_address>
         <size>0x2c0</size>
         <input_file_ref idref="fl-b9"/>
      </object_component>
      <object_component id="oc-d9">
         <name>.bios</name>
         <load_address>0x6400</load_address>
         <run_address>0x6400</run_address>
         <size>0x2c0</size>
         <input_file_ref idref="fl-a4"/>
      </object_component>
      <object_component id="oc-18a">
         <name>.bios</name>
         <load_address>0x66c0</load_address>
         <run_address>0x66c0</run_address>
         <size>0x2c0</size>
         <input_file_ref idref="fl-cb"/>
      </object_component>
      <object_component id="oc-44">
         <name>.bios</name>
         <load_address>0x6980</load_address>
         <run_address>0x6980</run_address>
         <size>0x260</size>
         <input_file_ref idref="fl-93"/>
      </object_component>
      <object_component id="oc-d0">
         <name>.bios</name>
         <load_address>0x6be0</load_address>
         <run_address>0x6be0</run_address>
         <size>0x240</size>
         <input_file_ref idref="fl-a2"/>
      </object_component>
      <object_component id="oc-1a0">
         <name>.bios</name>
         <load_address>0x6e20</load_address>
         <run_address>0x6e20</run_address>
         <size>0x220</size>
         <input_file_ref idref="fl-d0"/>
      </object_component>
      <object_component id="oc-176">
         <name>.bios</name>
         <load_address>0x7040</load_address>
         <run_address>0x7040</run_address>
         <size>0x200</size>
         <input_file_ref idref="fl-c7"/>
      </object_component>
      <object_component id="oc-c8">
         <name>.bios</name>
         <load_address>0x7240</load_address>
         <run_address>0x7240</run_address>
         <size>0x1c0</size>
         <input_file_ref idref="fl-a0"/>
      </object_component>
      <object_component id="oc-a9">
         <name>.bios</name>
         <load_address>0x7400</load_address>
         <run_address>0x7400</run_address>
         <size>0x1c0</size>
         <input_file_ref idref="fl-98"/>
      </object_component>
      <object_component id="oc-165">
         <name>.bios</name>
         <load_address>0x75c0</load_address>
         <run_address>0x75c0</run_address>
         <size>0x1a0</size>
         <input_file_ref idref="fl-c3"/>
      </object_component>
      <object_component id="oc-1a4">
         <name>.bios</name>
         <load_address>0x7760</load_address>
         <run_address>0x7760</run_address>
         <size>0x180</size>
         <input_file_ref idref="fl-d1"/>
      </object_component>
      <object_component id="oc-17d">
         <name>.bios</name>
         <load_address>0x78e0</load_address>
         <run_address>0x78e0</run_address>
         <size>0x180</size>
         <input_file_ref idref="fl-c8"/>
      </object_component>
      <object_component id="oc-127">
         <name>.bios</name>
         <load_address>0x7a60</load_address>
         <run_address>0x7a60</run_address>
         <size>0x140</size>
         <input_file_ref idref="fl-b6"/>
      </object_component>
      <object_component id="oc-10d">
         <name>.bios</name>
         <load_address>0x7ba0</load_address>
         <run_address>0x7ba0</run_address>
         <size>0xe0</size>
         <input_file_ref idref="fl-b0"/>
      </object_component>
      <object_component id="oc-124">
         <name>.bios</name>
         <load_address>0x7c80</load_address>
         <run_address>0x7c80</run_address>
         <size>0xe0</size>
         <input_file_ref idref="fl-b5"/>
      </object_component>
      <object_component id="oc-192">
         <name>.bios</name>
         <load_address>0x7d60</load_address>
         <run_address>0x7d60</run_address>
         <size>0xe0</size>
         <input_file_ref idref="fl-cd"/>
      </object_component>
      <object_component id="oc-18d">
         <name>.bios</name>
         <load_address>0x7e40</load_address>
         <run_address>0x7e40</run_address>
         <size>0xe0</size>
         <input_file_ref idref="fl-cc"/>
      </object_component>
      <object_component id="oc-eb">
         <name>.bios</name>
         <load_address>0x7f20</load_address>
         <run_address>0x7f20</run_address>
         <size>0xe0</size>
         <input_file_ref idref="fl-a9"/>
      </object_component>
      <object_component id="oc-130">
         <name>.bios</name>
         <load_address>0x8000</load_address>
         <run_address>0x8000</run_address>
         <size>0xc0</size>
         <input_file_ref idref="fl-b8"/>
      </object_component>
      <object_component id="oc-12c">
         <name>.bios</name>
         <load_address>0x80c0</load_address>
         <run_address>0x80c0</run_address>
         <size>0xc0</size>
         <input_file_ref idref="fl-b7"/>
      </object_component>
      <object_component id="oc-182">
         <name>.bios</name>
         <load_address>0x8180</load_address>
         <run_address>0x8180</run_address>
         <size>0xc0</size>
         <input_file_ref idref="fl-c9"/>
      </object_component>
      <object_component id="oc-169">
         <name>.bios</name>
         <load_address>0x8240</load_address>
         <run_address>0x8240</run_address>
         <size>0xc0</size>
         <input_file_ref idref="fl-c4"/>
      </object_component>
      <object_component id="oc-42">
         <name>.bios</name>
         <load_address>0x8300</load_address>
         <run_address>0x8300</run_address>
         <size>0xc0</size>
         <input_file_ref idref="fl-8b"/>
      </object_component>
      <object_component id="oc-ad">
         <name>.bios</name>
         <load_address>0x83c0</load_address>
         <run_address>0x83c0</run_address>
         <size>0x80</size>
         <input_file_ref idref="fl-99"/>
      </object_component>
      <object_component id="oc-bb">
         <name>.bios</name>
         <load_address>0x8440</load_address>
         <run_address>0x8440</run_address>
         <size>0x80</size>
         <input_file_ref idref="fl-9d"/>
      </object_component>
      <object_component id="oc-cc">
         <name>.bios</name>
         <load_address>0x84c0</load_address>
         <run_address>0x84c0</run_address>
         <size>0x80</size>
         <input_file_ref idref="fl-a1"/>
      </object_component>
      <object_component id="oc-e1">
         <name>.bios</name>
         <load_address>0x8540</load_address>
         <run_address>0x8540</run_address>
         <size>0x80</size>
         <input_file_ref idref="fl-a6"/>
      </object_component>
      <object_component id="oc-bf">
         <name>.bios</name>
         <load_address>0x85c0</load_address>
         <run_address>0x85c0</run_address>
         <size>0x80</size>
         <input_file_ref idref="fl-9e"/>
      </object_component>
      <object_component id="oc-114">
         <name>.bios</name>
         <load_address>0x8640</load_address>
         <run_address>0x8640</run_address>
         <size>0x60</size>
         <input_file_ref idref="fl-b2"/>
      </object_component>
      <object_component id="oc-185">
         <name>.bios</name>
         <load_address>0x86a0</load_address>
         <run_address>0x86a0</run_address>
         <size>0x60</size>
         <input_file_ref idref="fl-ca"/>
      </object_component>
      <object_component id="oc-196">
         <name>.bios</name>
         <load_address>0x8700</load_address>
         <run_address>0x8700</run_address>
         <size>0x60</size>
         <input_file_ref idref="fl-ce"/>
      </object_component>
      <object_component id="oc-43">
         <name>.bios</name>
         <load_address>0x8760</load_address>
         <run_address>0x8760</run_address>
         <size>0x60</size>
         <input_file_ref idref="fl-96"/>
      </object_component>
      <object_component id="oc-ef">
         <name>.bios</name>
         <load_address>0x87c0</load_address>
         <run_address>0x87c0</run_address>
         <size>0x60</size>
         <input_file_ref idref="fl-aa"/>
      </object_component>
      <object_component id="oc-3d">
         <name>.bios</name>
         <load_address>0x8820</load_address>
         <run_address>0x8820</run_address>
         <size>0x40</size>
         <input_file_ref idref="fl-8e"/>
      </object_component>
      <object_component id="oc-dd">
         <name>.bios</name>
         <load_address>0x8860</load_address>
         <run_address>0x8860</run_address>
         <size>0x40</size>
         <input_file_ref idref="fl-a5"/>
      </object_component>
      <object_component id="oc-3c">
         <name>.bios</name>
         <load_address>0x88a0</load_address>
         <run_address>0x88a0</run_address>
         <size>0x40</size>
         <input_file_ref idref="fl-94"/>
      </object_component>
      <object_component id="oc-f3">
         <name>.bios</name>
         <load_address>0x88e0</load_address>
         <run_address>0x88e0</run_address>
         <size>0x40</size>
         <input_file_ref idref="fl-ab"/>
      </object_component>
      <object_component id="oc-47">
         <name>.bios</name>
         <load_address>0x8920</load_address>
         <run_address>0x8920</run_address>
         <size>0x20</size>
         <input_file_ref idref="fl-91"/>
      </object_component>
      <object_component id="oc-110">
         <name>.bios</name>
         <load_address>0x8940</load_address>
         <run_address>0x8940</run_address>
         <size>0x20</size>
         <input_file_ref idref="fl-b1"/>
      </object_component>
      <object_component id="oc-c3">
         <name>.bios</name>
         <load_address>0x8960</load_address>
         <run_address>0x8960</run_address>
         <size>0x20</size>
         <input_file_ref idref="fl-9f"/>
      </object_component>
      <object_component id="oc-155">
         <name>.bios</name>
         <load_address>0x8980</load_address>
         <run_address>0x8980</run_address>
         <size>0x20</size>
         <input_file_ref idref="fl-c0"/>
      </object_component>
      <object_component id="oc-46">
         <name>.bios</name>
         <load_address>0x89a0</load_address>
         <run_address>0x89a0</run_address>
         <size>0x20</size>
         <input_file_ref idref="fl-95"/>
      </object_component>
      <object_component id="oc-45">
         <name>.bios</name>
         <load_address>0x89c0</load_address>
         <run_address>0x89c0</run_address>
         <size>0x20</size>
         <input_file_ref idref="fl-97"/>
      </object_component>
      <object_component id="oc-149">
         <name>.pinit</name>
         <load_address>0xd0b4</load_address>
         <run_address>0xd0b4</run_address>
         <size>0x4</size>
         <input_file_ref idref="fl-bd"/>
      </object_component>
      <object_component id="oc-152">
         <name>.pinit</name>
         <load_address>0xd0b8</load_address>
         <run_address>0xd0b8</run_address>
         <size>0x4</size>
         <input_file_ref idref="fl-bf"/>
      </object_component>
      <object_component id="oc-61">
         <name>.sys</name>
         <uninitialized>true</uninitialized>
         <run_address>0xfb2c</run_address>
         <size>0x10</size>
         <input_file_ref idref="fl-f"/>
      </object_component>
      <object_component id="oc-1c1">
         <name>.text</name>
         <load_address>0x89e0</load_address>
         <run_address>0x89e0</run_address>
         <size>0xa80</size>
         <input_file_ref idref="fl-b"/>
      </object_component>
      <object_component id="oc-101">
         <name>.text</name>
         <load_address>0x9460</load_address>
         <run_address>0x9460</run_address>
         <size>0x480</size>
         <input_file_ref idref="fl-ae"/>
      </object_component>
      <object_component id="oc-1d6">
         <name>.text:_EDMA_open</name>
         <load_address>0x98e0</load_address>
         <run_address>0x98e0</run_address>
         <size>0x280</size>
         <input_file_ref idref="fl-af"/>
      </object_component>
      <object_component id="oc-1ca">
         <name>.text:_memcpy</name>
         <load_address>0x9b60</load_address>
         <run_address>0x9b60</run_address>
         <size>0x240</size>
         <input_file_ref idref="fl-d7"/>
      </object_component>
      <object_component id="oc-1ce">
         <name>.text</name>
         <load_address>0x9da0</load_address>
         <run_address>0x9da0</run_address>
         <size>0x240</size>
         <input_file_ref idref="fl-d"/>
      </object_component>
      <object_component id="oc-1cd">
         <name>.text:__CSL_init</name>
         <load_address>0x9fe0</load_address>
         <run_address>0x9fe0</run_address>
         <size>0x220</size>
         <input_file_ref idref="fl-ac"/>
      </object_component>
      <object_component id="oc-fc">
         <name>.text</name>
         <load_address>0xa200</load_address>
         <run_address>0xa200</run_address>
         <size>0x1e0</size>
         <input_file_ref idref="fl-ad"/>
      </object_component>
      <object_component id="oc-1d1">
         <name>.text:_IRQ_map</name>
         <load_address>0xa3e0</load_address>
         <run_address>0xa3e0</run_address>
         <size>0x1c0</size>
         <input_file_ref idref="fl-b3"/>
      </object_component>
      <object_component id="oc-1f3">
         <name>.text:_mux2Tables</name>
         <load_address>0xa5a0</load_address>
         <run_address>0xa5a0</run_address>
         <size>0x1c0</size>
         <input_file_ref idref="fl-b3"/>
      </object_component>
      <object_component id="oc-1d7">
         <name>.text:_EDMA_allocTable</name>
         <load_address>0xa760</load_address>
         <run_address>0xa760</run_address>
         <size>0x1a0</size>
         <input_file_ref idref="fl-af"/>
      </object_component>
      <object_component id="oc-1f5">
         <name>.text:_MCBSP_reset</name>
         <load_address>0xa900</load_address>
         <run_address>0xa900</run_address>
         <size>0x1a0</size>
         <input_file_ref idref="fl-ba"/>
      </object_component>
      <object_component id="oc-3e">
         <name>.text</name>
         <load_address>0xaaa0</load_address>
         <run_address>0xaaa0</run_address>
         <size>0x180</size>
         <input_file_ref idref="fl-92"/>
      </object_component>
      <object_component id="oc-1f7">
         <name>.text:_call_dtors</name>
         <load_address>0xac20</load_address>
         <run_address>0xac20</run_address>
         <size>0x160</size>
         <input_file_ref idref="fl-d5"/>
      </object_component>
      <object_component id="oc-1ec">
         <name>.text:_EDMA_reset</name>
         <load_address>0xad80</load_address>
         <run_address>0xad80</run_address>
         <size>0x140</size>
         <input_file_ref idref="fl-af"/>
      </object_component>
      <object_component id="oc-1e5">
         <name>.text:_TIMER_open</name>
         <load_address>0xaec0</load_address>
         <run_address>0xaec0</run_address>
         <size>0x140</size>
         <input_file_ref idref="fl-c1"/>
      </object_component>
      <object_component id="oc-1f4">
         <name>.text:_TIMER_reset</name>
         <load_address>0xb000</load_address>
         <run_address>0xb000</run_address>
         <size>0x120</size>
         <input_file_ref idref="fl-c1"/>
      </object_component>
      <object_component id="oc-1da">
         <name>.text:_EDMA_intAlloc</name>
         <load_address>0xb120</load_address>
         <run_address>0xb120</run_address>
         <size>0x100</size>
         <input_file_ref idref="fl-af"/>
      </object_component>
      <object_component id="oc-1e6">
         <name>.text:_MCBSP_open</name>
         <load_address>0xb220</load_address>
         <run_address>0xb220</run_address>
         <size>0x100</size>
         <input_file_ref idref="fl-ba"/>
      </object_component>
      <object_component id="oc-1e8">
         <name>.text:_MCBSP_start</name>
         <load_address>0xb320</load_address>
         <run_address>0xb320</run_address>
         <size>0x100</size>
         <input_file_ref idref="fl-ba"/>
      </object_component>
      <object_component id="oc-1db">
         <name>.text:_EDMA_config</name>
         <load_address>0xb420</load_address>
         <run_address>0xb420</run_address>
         <size>0xe0</size>
         <input_file_ref idref="fl-af"/>
      </object_component>
      <object_component id="oc-1c5">
         <name>.text:__strasg</name>
         <load_address>0xb500</load_address>
         <run_address>0xb500</run_address>
         <size>0xe0</size>
         <input_file_ref idref="fl-d3"/>
      </object_component>
      <object_component id="oc-1e2">
         <name>.text:_atexit</name>
         <load_address>0xb5e0</load_address>
         <run_address>0xb5e0</run_address>
         <size>0xe0</size>
         <input_file_ref idref="fl-d4"/>
      </object_component>
      <object_component id="oc-179">
         <name>.text</name>
         <load_address>0xb6c0</load_address>
         <run_address>0xb6c0</run_address>
         <size>0xc0</size>
         <input_file_ref idref="fl-c8"/>
      </object_component>
      <object_component id="oc-1cf">
         <name>.text</name>
         <load_address>0xb780</load_address>
         <run_address>0xb780</run_address>
         <size>0xc0</size>
         <input_file_ref idref="fl-c"/>
      </object_component>
      <object_component id="oc-1e7">
         <name>.text:_MCBSP_config</name>
         <load_address>0xb840</load_address>
         <run_address>0xb840</run_address>
         <size>0xa0</size>
         <input_file_ref idref="fl-ba"/>
      </object_component>
      <object_component id="oc-1e4">
         <name>.text:__IRQ_init</name>
         <load_address>0xb8e0</load_address>
         <run_address>0xb8e0</run_address>
         <size>0xa0</size>
         <input_file_ref idref="fl-b3"/>
      </object_component>
      <object_component id="oc-1eb">
         <name>.text:_setMux</name>
         <load_address>0xb980</load_address>
         <run_address>0xb980</run_address>
         <size>0xa0</size>
         <input_file_ref idref="fl-b3"/>
      </object_component>
      <object_component id="oc-1f6">
         <name>.text:_EDMA_disableChannel</name>
         <load_address>0xba20</load_address>
         <run_address>0xba20</run_address>
         <size>0x60</size>
         <input_file_ref idref="fl-af"/>
      </object_component>
      <object_component id="oc-1d3">
         <name>.text:_EDMA_enableChannel</name>
         <load_address>0xba80</load_address>
         <run_address>0xba80</run_address>
         <size>0x60</size>
         <input_file_ref idref="fl-af"/>
      </object_component>
      <object_component id="oc-1dd">
         <name>.text:_EDMA_intEnable</name>
         <load_address>0xbae0</load_address>
         <run_address>0xbae0</run_address>
         <size>0x60</size>
         <input_file_ref idref="fl-af"/>
      </object_component>
      <object_component id="oc-1ed">
         <name>.text:_EDMA_qdmaConfig</name>
         <load_address>0xbb40</load_address>
         <run_address>0xbb40</run_address>
         <size>0x60</size>
         <input_file_ref idref="fl-af"/>
      </object_component>
      <object_component id="oc-1dc">
         <name>.text:_EDMA_link</name>
         <load_address>0xbba0</load_address>
         <run_address>0xbba0</run_address>
         <size>0x40</size>
         <input_file_ref idref="fl-af"/>
      </object_component>
      <object_component id="oc-1d0">
         <name>.text:_IRQ_enable</name>
         <load_address>0xbbe0</load_address>
         <run_address>0xbbe0</run_address>
         <size>0x40</size>
         <input_file_ref idref="fl-b3"/>
      </object_component>
      <object_component id="oc-1f2">
         <name>.text:___add_dtor</name>
         <load_address>0xbc20</load_address>
         <run_address>0xbc20</run_address>
         <size>0x40</size>
         <input_file_ref idref="fl-d5"/>
      </object_component>
      <object_component id="oc-1cc">
         <name>.text:_CSL6713_LIB_</name>
         <load_address>0xbc60</load_address>
         <run_address>0xbc60</run_address>
         <size>0x20</size>
         <input_file_ref idref="fl-ac"/>
      </object_component>
      <object_component id="oc-1d5">
         <name>.text:_EDMA_intClear</name>
         <load_address>0xbc80</load_address>
         <run_address>0xbc80</run_address>
         <size>0x20</size>
         <input_file_ref idref="fl-af"/>
      </object_component>
      <object_component id="oc-1d4">
         <name>.text:_EDMA_intTest</name>
         <load_address>0xbca0</load_address>
         <run_address>0xbca0</run_address>
         <size>0x20</size>
         <input_file_ref idref="fl-af"/>
      </object_component>
      <object_component id="oc-1d2">
         <name>.text:_IRQ_globalEnable</name>
         <load_address>0xbcc0</load_address>
         <run_address>0xbcc0</run_address>
         <size>0x20</size>
         <input_file_ref idref="fl-b3"/>
      </object_component>
      <object_component id="oc-1d8">
         <name>.text:_MCBSP_getRcvAddr</name>
         <load_address>0xbce0</load_address>
         <run_address>0xbce0</run_address>
         <size>0x20</size>
         <input_file_ref idref="fl-ba"/>
      </object_component>
      <object_component id="oc-1d9">
         <name>.text:_MCBSP_getXmtAddr</name>
         <load_address>0xbd00</load_address>
         <run_address>0xbd00</run_address>
         <size>0x20</size>
         <input_file_ref idref="fl-ba"/>
      </object_component>
      <object_component id="oc-1ea">
         <name>.text:_MCBSP_write</name>
         <load_address>0xbd20</load_address>
         <run_address>0xbd20</run_address>
         <size>0x20</size>
         <input_file_ref idref="fl-ba"/>
      </object_component>
      <object_component id="oc-1e9">
         <name>.text:_MCBSP_xrdy</name>
         <load_address>0xbd40</load_address>
         <run_address>0xbd40</run_address>
         <size>0x20</size>
         <input_file_ref idref="fl-ba"/>
      </object_component>
      <object_component id="oc-1cb">
         <name>.text:__nop</name>
         <load_address>0xbd60</load_address>
         <run_address>0xbd60</run_address>
         <size>0x20</size>
         <input_file_ref idref="fl-d2"/>
      </object_component>
      <object_component id="oc-1c8">
         <name>.text:__register_lock</name>
         <load_address>0xbd80</load_address>
         <run_address>0xbd80</run_address>
         <size>0x20</size>
         <input_file_ref idref="fl-d2"/>
      </object_component>
      <object_component id="oc-1c9">
         <name>.text:__register_unlock</name>
         <load_address>0xbda0</load_address>
         <run_address>0xbda0</run_address>
         <size>0x20</size>
         <input_file_ref idref="fl-d2"/>
      </object_component>
      <object_component id="oc-118">
         <name>.text</name>
         <load_address>0xbdc0</load_address>
         <run_address>0xbdc0</run_address>
         <size>0x20</size>
         <input_file_ref idref="fl-b3"/>
      </object_component>
      <object_component id="oc-5f">
         <name>.cinit</name>
         <load_address>0xbde0</load_address>
         <run_address>0xbde0</run_address>
         <size>0x6f4</size>
         <input_file_ref idref="fl-f"/>
      </object_component>
      <object_component id="oc-7b">
         <name>.cinit</name>
         <load_address>0xc4d8</load_address>
         <run_address>0xc4d8</run_address>
         <size>0x26c</size>
         <input_file_ref idref="fl-8c"/>
      </object_component>
      <object_component id="oc-120">
         <name>.cinit</name>
         <load_address>0xc748</load_address>
         <run_address>0xc748</run_address>
         <size>0x1a4</size>
         <input_file_ref idref="fl-b4"/>
      </object_component>
      <object_component id="oc-119">
         <name>.cinit</name>
         <load_address>0xc8f0</load_address>
         <run_address>0xc8f0</run_address>
         <size>0x12c</size>
         <input_file_ref idref="fl-b3"/>
      </object_component>
      <object_component id="oc-8a">
         <name>.cinit</name>
         <load_address>0xca20</load_address>
         <run_address>0xca20</run_address>
         <size>0xb0</size>
         <input_file_ref idref="fl-90"/>
      </object_component>
      <object_component id="oc-4a">
         <name>.cinit</name>
         <load_address>0xcad0</load_address>
         <run_address>0xcad0</run_address>
         <size>0xb0</size>
         <input_file_ref idref="fl-b"/>
      </object_component>
      <object_component id="oc-160">
         <name>.cinit</name>
         <load_address>0xcb80</load_address>
         <run_address>0xcb80</run_address>
         <size>0x80</size>
         <input_file_ref idref="fl-c2"/>
      </object_component>
      <object_component id="oc-107">
         <name>.cinit</name>
         <load_address>0xcc00</load_address>
         <run_address>0xcc00</run_address>
         <size>0x70</size>
         <input_file_ref idref="fl-af"/>
      </object_component>
      <object_component id="oc-17b">
         <name>.cinit</name>
         <load_address>0xcc70</load_address>
         <run_address>0xcc70</run_address>
         <size>0x60</size>
         <input_file_ref idref="fl-c8"/>
      </object_component>
      <object_component id="oc-84">
         <name>.cinit</name>
         <load_address>0xccd0</load_address>
         <run_address>0xccd0</run_address>
         <size>0x5c</size>
         <input_file_ref idref="fl-8f"/>
      </object_component>
      <object_component id="oc-137">
         <name>.cinit</name>
         <load_address>0xcd30</load_address>
         <run_address>0xcd30</run_address>
         <size>0x54</size>
         <input_file_ref idref="fl-ba"/>
      </object_component>
      <object_component id="oc-d8">
         <name>.cinit</name>
         <load_address>0xcd88</load_address>
         <run_address>0xcd88</run_address>
         <size>0x4c</size>
         <input_file_ref idref="fl-a4"/>
      </object_component>
      <object_component id="oc-159">
         <name>.cinit</name>
         <load_address>0xcdd8</load_address>
         <run_address>0xcdd8</run_address>
         <size>0x4c</size>
         <input_file_ref idref="fl-c1"/>
      </object_component>
      <object_component id="oc-147">
         <name>.cinit</name>
         <load_address>0xce28</load_address>
         <run_address>0xce28</run_address>
         <size>0x4c</size>
         <input_file_ref idref="fl-bd"/>
      </object_component>
      <object_component id="oc-56">
         <name>.cinit</name>
         <load_address>0xce78</load_address>
         <run_address>0xce78</run_address>
         <size>0x48</size>
         <input_file_ref idref="fl-d"/>
      </object_component>
      <object_component id="oc-f7">
         <name>.cinit</name>
         <load_address>0xcec0</load_address>
         <run_address>0xcec0</run_address>
         <size>0x3c</size>
         <input_file_ref idref="fl-ac"/>
      </object_component>
      <object_component id="oc-b8">
         <name>.cinit</name>
         <load_address>0xcf00</load_address>
         <run_address>0xcf00</run_address>
         <size>0x34</size>
         <input_file_ref idref="fl-9c"/>
      </object_component>
      <object_component id="oc-a2">
         <name>.cinit</name>
         <load_address>0xcf38</load_address>
         <run_address>0xcf38</run_address>
         <size>0x2c</size>
         <input_file_ref idref="fl-96"/>
      </object_component>
      <object_component id="oc-1ba">
         <name>.cinit</name>
         <load_address>0xcf68</load_address>
         <run_address>0xcf68</run_address>
         <size>0x2c</size>
         <input_file_ref idref="fl-d6"/>
      </object_component>
      <object_component id="oc-50">
         <name>.cinit</name>
         <load_address>0xcf98</load_address>
         <run_address>0xcf98</run_address>
         <size>0x28</size>
         <input_file_ref idref="fl-c"/>
      </object_component>
      <object_component id="oc-13d">
         <name>.cinit</name>
         <load_address>0xcfc0</load_address>
         <run_address>0xcfc0</run_address>
         <size>0x24</size>
         <input_file_ref idref="fl-bb"/>
      </object_component>
      <object_component id="oc-16e">
         <name>.cinit</name>
         <load_address>0xcfe8</load_address>
         <run_address>0xcfe8</run_address>
         <size>0x1c</size>
         <input_file_ref idref="fl-c5"/>
      </object_component>
      <object_component id="oc-1a8">
         <name>.cinit</name>
         <load_address>0xd008</load_address>
         <run_address>0xd008</run_address>
         <size>0x1c</size>
         <input_file_ref idref="fl-d2"/>
      </object_component>
      <object_component id="oc-1b0">
         <name>.cinit</name>
         <load_address>0xd028</load_address>
         <run_address>0xd028</run_address>
         <size>0x1c</size>
         <input_file_ref idref="fl-d4"/>
      </object_component>
      <object_component id="oc-95">
         <name>.cinit</name>
         <load_address>0xd048</load_address>
         <run_address>0xd048</run_address>
         <size>0x18</size>
         <input_file_ref idref="fl-93"/>
      </object_component>
      <object_component id="oc-19b">
         <name>.cinit</name>
         <load_address>0xd060</load_address>
         <run_address>0xd060</run_address>
         <size>0xc</size>
         <input_file_ref idref="fl-cf"/>
      </object_component>
      <object_component id="oc-ba">
         <name>.cinit</name>
         <load_address>0xd070</load_address>
         <run_address>0xd070</run_address>
         <size>0xc</size>
         <input_file_ref idref="fl-9d"/>
      </object_component>
      <object_component id="oc-c7">
         <name>.cinit</name>
         <load_address>0xd080</load_address>
         <run_address>0xd080</run_address>
         <size>0xc</size>
         <input_file_ref idref="fl-a0"/>
      </object_component>
      <object_component id="oc-1b5">
         <name>.cinit</name>
         <load_address>0xd090</load_address>
         <run_address>0xd090</run_address>
         <size>0xc</size>
         <input_file_ref idref="fl-d5"/>
      </object_component>
      <object_component id="oc-1df">
         <name>.switch</name>
         <load_address>0xf5c8</load_address>
         <run_address>0xf5c8</run_address>
         <size>0x28</size>
         <input_file_ref idref="fl-bf"/>
      </object_component>
      <object_component id="oc-5e">
         <name>.gblinit</name>
         <load_address>0xfa90</load_address>
         <run_address>0xfa90</run_address>
         <size>0x40</size>
         <input_file_ref idref="fl-f"/>
      </object_component>
      <object_component id="oc-72">
         <name>.sysinit</name>
         <load_address>0xe3c0</load_address>
         <run_address>0xe3c0</run_address>
         <size>0x2c0</size>
         <input_file_ref idref="fl-f"/>
      </object_component>
      <object_component id="oc-3f">
         <name>.sysinit</name>
         <load_address>0xe680</load_address>
         <run_address>0xe680</run_address>
         <size>0xc0</size>
         <input_file_ref idref="fl-9a"/>
      </object_component>
      <object_component id="oc-172">
         <name>.sysinit</name>
         <load_address>0xe740</load_address>
         <run_address>0xe740</run_address>
         <size>0x80</size>
         <input_file_ref idref="fl-c6"/>
      </object_component>
      <object_component id="oc-13f">
         <name>.sysinit</name>
         <load_address>0xe7c0</load_address>
         <run_address>0xe7c0</run_address>
         <size>0x20</size>
         <input_file_ref idref="fl-bb"/>
      </object_component>
      <object_component id="oc-b6">
         <name>.trcdata</name>
         <load_address>0xfb3c</load_address>
         <run_address>0xfb3c</run_address>
         <size>0xc</size>
         <input_file_ref idref="fl-9b"/>
      </object_component>
      <object_component id="oc-60">
         <name>.rtdx_data</name>
         <uninitialized>true</uninitialized>
         <run_address>0xdf60</run_address>
         <size>0x410</size>
         <input_file_ref idref="fl-f"/>
      </object_component>
      <object_component id="oc-148">
         <name>.rtdx_data</name>
         <uninitialized>true</uninitialized>
         <run_address>0xe370</run_address>
         <size>0x20</size>
         <input_file_ref idref="fl-bd"/>
      </object_component>
      <object_component id="oc-151">
         <name>.rtdx_data</name>
         <uninitialized>true</uninitialized>
         <run_address>0xe390</run_address>
         <size>0x1c</size>
         <input_file_ref idref="fl-bf"/>
      </object_component>
      <object_component id="oc-1c2">
         <name>.rtdx_text:_RTDX_Poll</name>
         <load_address>0xd0c0</load_address>
         <run_address>0xd0c0</run_address>
         <size>0x400</size>
         <input_file_ref idref="fl-bf"/>
      </object_component>
      <object_component id="oc-1e1">
         <name>.rtdx_text:_RTDX_Buffer_WriteCB</name>
         <load_address>0xd4c0</load_address>
         <run_address>0xd4c0</run_address>
         <size>0x340</size>
         <input_file_ref idref="fl-bd"/>
      </object_component>
      <object_component id="oc-1f0">
         <name>.rtdx_text:_RTDX_write_next</name>
         <load_address>0xd800</load_address>
         <run_address>0xd800</run_address>
         <size>0x300</size>
         <input_file_ref idref="fl-bd"/>
      </object_component>
      <object_component id="oc-1f1">
         <name>.rtdx_text:_RTDX_Mon_Queue</name>
         <load_address>0xdb00</load_address>
         <run_address>0xdb00</run_address>
         <size>0x140</size>
         <input_file_ref idref="fl-bf"/>
      </object_component>
      <object_component id="oc-1ef">
         <name>.rtdx_text:_claim</name>
         <load_address>0xdc40</load_address>
         <run_address>0xdc40</run_address>
         <size>0xe0</size>
         <input_file_ref idref="fl-bd"/>
      </object_component>
      <object_component id="oc-1c7">
         <name>.rtdx_text:_RTDX_Init_RT_Monitor</name>
         <load_address>0xdd20</load_address>
         <run_address>0xdd20</run_address>
         <size>0x80</size>
         <input_file_ref idref="fl-bf"/>
      </object_component>
      <object_component id="oc-1c6">
         <name>.rtdx_text:_RTDX_Buffer_Initialize</name>
         <load_address>0xdda0</load_address>
         <run_address>0xdda0</run_address>
         <size>0x60</size>
         <input_file_ref idref="fl-bd"/>
      </object_component>
      <object_component id="oc-1e0">
         <name>.rtdx_text:_RTDX_Buffer_ReadCB</name>
         <load_address>0xde00</load_address>
         <run_address>0xde00</run_address>
         <size>0x60</size>
         <input_file_ref idref="fl-bc"/>
      </object_component>
      <object_component id="oc-1ee">
         <name>.rtdx_text:_RTDX_Buffer_Size</name>
         <load_address>0xde60</load_address>
         <run_address>0xde60</run_address>
         <size>0x40</size>
         <input_file_ref idref="fl-bd"/>
      </object_component>
      <object_component id="oc-1e3">
         <name>.rtdx_text:_RTDX_Final_RT_Monitor</name>
         <load_address>0xdea0</load_address>
         <run_address>0xdea0</run_address>
         <size>0x40</size>
         <input_file_ref idref="fl-bf"/>
      </object_component>
      <object_component id="oc-1c3">
         <name>.rtdx_text:_RTDX_Buffer_Read</name>
         <load_address>0xdee0</load_address>
         <run_address>0xdee0</run_address>
         <size>0x20</size>
         <input_file_ref idref="fl-bc"/>
      </object_component>
      <object_component id="oc-1c4">
         <name>.rtdx_text:_RTDX_Buffer_Write</name>
         <load_address>0xdf00</load_address>
         <run_address>0xdf00</run_address>
         <size>0x20</size>
         <input_file_ref idref="fl-bd"/>
      </object_component>
      <object_component id="oc-1de">
         <name>.rtdx_text:_RTDX_checksum</name>
         <load_address>0xdf20</load_address>
         <run_address>0xdf20</run_address>
         <size>0x20</size>
         <input_file_ref idref="fl-bf"/>
      </object_component>
      <object_component id="oc-14d">
         <name>.rtdx_text</name>
         <load_address>0xdf40</load_address>
         <run_address>0xdf40</run_address>
         <size>0x20</size>
         <input_file_ref idref="fl-be"/>
      </object_component>
      <object_component id="oc-6d">
         <name>.TSK_idle$stk</name>
         <uninitialized>true</uninitialized>
         <run_address>0xe7e0</run_address>
         <size>0x400</size>
         <input_file_ref idref="fl-f"/>
      </object_component>
      <object_component id="oc-70">
         <name>.LOG_system$buf</name>
         <uninitialized>true</uninitialized>
         <run_address>0xf600</run_address>
         <size>0x100</size>
         <input_file_ref idref="fl-f"/>
      </object_component>
      <object_component id="oc-66">
         <name>.hst1</name>
         <uninitialized>true</uninitialized>
         <run_address>0xd0a4</run_address>
         <size>0x10</size>
         <input_file_ref idref="fl-f"/>
      </object_component>
      <object_component id="oc-69">
         <name>.hst0</name>
         <uninitialized>true</uninitialized>
         <run_address>0xf700</run_address>
         <size>0x100</size>
         <input_file_ref idref="fl-f"/>
      </object_component>
      <object_component id="oc-17e">
         <name>.const</name>
         <load_address>0xf8c8</load_address>
         <run_address>0xf8c8</run_address>
         <size>0x4e</size>
         <input_file_ref idref="fl-c8"/>
      </object_component>
      <object_component id="oc-9a">
         <name>.const</name>
         <load_address>0xf916</load_address>
         <run_address>0xf916</run_address>
         <size>0x23</size>
         <input_file_ref idref="fl-94"/>
      </object_component>
      <object_component id="oc-9e">
         <name>.const</name>
         <load_address>0xf939</load_address>
         <run_address>0xf939</run_address>
         <size>0x22</size>
         <input_file_ref idref="fl-95"/>
      </object_component>
      <object_component id="oc-103">
         <name>.const</name>
         <load_address>0xf95c</load_address>
         <run_address>0xf95c</run_address>
         <size>0x20</size>
         <input_file_ref idref="fl-ae"/>
      </object_component>
      <object_component id="oc-162">
         <name>.const</name>
         <load_address>0xf97c</load_address>
         <run_address>0xf97c</run_address>
         <size>0x1</size>
         <input_file_ref idref="fl-c2"/>
      </object_component>
      <object_component id="oc-64">
         <name>.printf</name>
         <load_address>0xf97d</load_address>
         <run_address>0xf97d</run_address>
         <size>0xaa</size>
         <input_file_ref idref="fl-f"/>
      </object_component>
      <object_component id="oc-b2">
         <name>.args</name>
         <load_address>0xe3bc</load_address>
         <run_address>0xe3bc</run_address>
         <size>0x0</size>
         <input_file_ref idref="fl-9a"/>
      </object_component>
      <object_component id="oc-32">
         <name>_SYS_PUTCBEG</name>
         <load_address>0xf358</load_address>
         <run_address>0xf358</run_address>
         <size>0x0</size>
      </object_component>
      <object_component id="oc-34">
         <name>_SYS_PUTCEND</name>
         <load_address>0xf558</load_address>
         <run_address>0xf558</run_address>
         <size>0x0</size>
      </object_component>
      <object_component id="oc-67">
         <name>.hst</name>
         <uninitialized>true</uninitialized>
         <run_address>0xfad0</run_address>
         <size>0x3c</size>
         <input_file_ref idref="fl-f"/>
      </object_component>
      <object_component id="oc-71">
         <name>.log</name>
         <load_address>0x4808</load_address>
         <run_address>0x4808</run_address>
         <size>0x18</size>
         <input_file_ref idref="fl-f"/>
      </object_component>
      <object_component id="oc-68">
         <name>.pip</name>
         <uninitialized>true</uninitialized>
         <run_address>0xf800</run_address>
         <size>0xc8</size>
         <input_file_ref idref="fl-f"/>
      </object_component>
      <object_component id="oc-65">
         <name>.sts</name>
         <load_address>0xf558</load_address>
         <run_address>0xf558</run_address>
         <size>0x70</size>
         <input_file_ref idref="fl-f"/>
      </object_component>
      <object_component id="oc-3a">
         <name>GBL_stackbeg</name>
         <uninitialized>true</uninitialized>
         <run_address>0xebe0</run_address>
         <size>0x0</size>
      </object_component>
      <object_component id="oc-b3">
         <name>.stack</name>
         <uninitialized>true</uninitialized>
         <run_address>0xebe0</run_address>
         <size>0x0</size>
         <input_file_ref idref="fl-9a"/>
      </object_component>
      <object_component id="oc-22d">
         <name>.stack</name>
         <uninitialized>true</uninitialized>
         <run_address>0xebe0</run_address>
         <size>0x0</size>
      </object_component>
      <object_component id="oc-49">
         <name>.debug_info</name>
         <load_address>0x0</load_address>
         <run_address>0x0</run_address>
         <size>0x1ab7</size>
         <input_file_ref idref="fl-b"/>
      </object_component>
      <object_component id="oc-4f">
         <name>.debug_info</name>
         <load_address>0x1ab7</load_address>
         <run_address>0x1ab7</run_address>
         <size>0x93d</size>
         <input_file_ref idref="fl-c"/>
      </object_component>
      <object_component id="oc-55">
         <name>.debug_info</name>
         <load_address>0x23f4</load_address>
         <run_address>0x23f4</run_address>
         <size>0xbdd</size>
         <input_file_ref idref="fl-d"/>
      </object_component>
      <object_component id="oc-5b">
         <name>.debug_info</name>
         <load_address>0x2fd1</load_address>
         <run_address>0x2fd1</run_address>
         <size>0x5cf</size>
         <input_file_ref idref="fl-e"/>
      </object_component>
      <object_component id="oc-74">
         <name>.debug_info</name>
         <load_address>0x35a0</load_address>
         <run_address>0x35a0</run_address>
         <size>0x367</size>
         <input_file_ref idref="fl-f"/>
      </object_component>
      <object_component id="oc-77">
         <name>.debug_info</name>
         <load_address>0x3907</load_address>
         <run_address>0x3907</run_address>
         <size>0xf8</size>
         <input_file_ref idref="fl-8b"/>
      </object_component>
      <object_component id="oc-7d">
         <name>.debug_info</name>
         <load_address>0x39ff</load_address>
         <run_address>0x39ff</run_address>
         <size>0xb9</size>
         <input_file_ref idref="fl-8d"/>
      </object_component>
      <object_component id="oc-80">
         <name>.debug_info</name>
         <load_address>0x3ab8</load_address>
         <run_address>0x3ab8</run_address>
         <size>0xaf</size>
         <input_file_ref idref="fl-8e"/>
      </object_component>
      <object_component id="oc-86">
         <name>.debug_info</name>
         <load_address>0x3b67</load_address>
         <run_address>0x3b67</run_address>
         <size>0x1a5</size>
         <input_file_ref idref="fl-8f"/>
      </object_component>
      <object_component id="oc-8b">
         <name>.debug_info</name>
         <load_address>0x3d0c</load_address>
         <run_address>0x3d0c</run_address>
         <size>0x13c</size>
         <input_file_ref idref="fl-90"/>
      </object_component>
      <object_component id="oc-8e">
         <name>.debug_info</name>
         <load_address>0x3e48</load_address>
         <run_address>0x3e48</run_address>
         <size>0x607</size>
         <input_file_ref idref="fl-91"/>
      </object_component>
      <object_component id="oc-91">
         <name>.debug_info</name>
         <load_address>0x444f</load_address>
         <run_address>0x444f</run_address>
         <size>0x6f0</size>
         <input_file_ref idref="fl-92"/>
      </object_component>
      <object_component id="oc-94">
         <name>.debug_info</name>
         <load_address>0x4b3f</load_address>
         <run_address>0x4b3f</run_address>
         <size>0xf1f</size>
         <input_file_ref idref="fl-93"/>
      </object_component>
      <object_component id="oc-99">
         <name>.debug_info</name>
         <load_address>0x5a5e</load_address>
         <run_address>0x5a5e</run_address>
         <size>0x7fd</size>
         <input_file_ref idref="fl-94"/>
      </object_component>
      <object_component id="oc-9d">
         <name>.debug_info</name>
         <load_address>0x625b</load_address>
         <run_address>0x625b</run_address>
         <size>0x7ea</size>
         <input_file_ref idref="fl-95"/>
      </object_component>
      <object_component id="oc-a1">
         <name>.debug_info</name>
         <load_address>0x6a45</load_address>
         <run_address>0x6a45</run_address>
         <size>0x6d9</size>
         <input_file_ref idref="fl-96"/>
      </object_component>
      <object_component id="oc-a6">
         <name>.debug_info</name>
         <load_address>0x711e</load_address>
         <run_address>0x711e</run_address>
         <size>0x690</size>
         <input_file_ref idref="fl-97"/>
      </object_component>
      <object_component id="oc-aa">
         <name>.debug_info</name>
         <load_address>0x77ae</load_address>
         <run_address>0x77ae</run_address>
         <size>0x112</size>
         <input_file_ref idref="fl-98"/>
      </object_component>
      <object_component id="oc-ae">
         <name>.debug_info</name>
         <load_address>0x78c0</load_address>
         <run_address>0x78c0</run_address>
         <size>0x106</size>
         <input_file_ref idref="fl-99"/>
      </object_component>
      <object_component id="oc-b1">
         <name>.debug_info</name>
         <load_address>0x79c6</load_address>
         <run_address>0x79c6</run_address>
         <size>0x65a</size>
         <input_file_ref idref="fl-9a"/>
      </object_component>
      <object_component id="oc-bc">
         <name>.debug_info</name>
         <load_address>0x8020</load_address>
         <run_address>0x8020</run_address>
         <size>0xaf</size>
         <input_file_ref idref="fl-9d"/>
      </object_component>
      <object_component id="oc-c0">
         <name>.debug_info</name>
         <load_address>0x80cf</load_address>
         <run_address>0x80cf</run_address>
         <size>0xb8</size>
         <input_file_ref idref="fl-9e"/>
      </object_component>
      <object_component id="oc-c4">
         <name>.debug_info</name>
         <load_address>0x8187</load_address>
         <run_address>0x8187</run_address>
         <size>0xaa</size>
         <input_file_ref idref="fl-9f"/>
      </object_component>
      <object_component id="oc-c9">
         <name>.debug_info</name>
         <load_address>0x8231</load_address>
         <run_address>0x8231</run_address>
         <size>0x11b</size>
         <input_file_ref idref="fl-a0"/>
      </object_component>
      <object_component id="oc-cd">
         <name>.debug_info</name>
         <load_address>0x834c</load_address>
         <run_address>0x834c</run_address>
         <size>0xaa</size>
         <input_file_ref idref="fl-a1"/>
      </object_component>
      <object_component id="oc-d1">
         <name>.debug_info</name>
         <load_address>0x83f6</load_address>
         <run_address>0x83f6</run_address>
         <size>0x10c</size>
         <input_file_ref idref="fl-a2"/>
      </object_component>
      <object_component id="oc-d5">
         <name>.debug_info</name>
         <load_address>0x8502</load_address>
         <run_address>0x8502</run_address>
         <size>0xd8</size>
         <input_file_ref idref="fl-a3"/>
      </object_component>
      <object_component id="oc-da">
         <name>.debug_info</name>
         <load_address>0x85da</load_address>
         <run_address>0x85da</run_address>
         <size>0x1c2</size>
         <input_file_ref idref="fl-a4"/>
      </object_component>
      <object_component id="oc-de">
         <name>.debug_info</name>
         <load_address>0x879c</load_address>
         <run_address>0x879c</run_address>
         <size>0xdb</size>
         <input_file_ref idref="fl-a5"/>
      </object_component>
      <object_component id="oc-e2">
         <name>.debug_info</name>
         <load_address>0x8877</load_address>
         <run_address>0x8877</run_address>
         <size>0x106</size>
         <input_file_ref idref="fl-a6"/>
      </object_component>
      <object_component id="oc-e6">
         <name>.debug_info</name>
         <load_address>0x897d</load_address>
         <run_address>0x897d</run_address>
         <size>0x60b</size>
         <input_file_ref idref="fl-a7"/>
      </object_component>
      <object_component id="oc-e9">
         <name>.debug_info</name>
         <load_address>0x8f88</load_address>
         <run_address>0x8f88</run_address>
         <size>0x5e5</size>
         <input_file_ref idref="fl-a8"/>
      </object_component>
      <object_component id="oc-ec">
         <name>.debug_info</name>
         <load_address>0x956d</load_address>
         <run_address>0x956d</run_address>
         <size>0xb7</size>
         <input_file_ref idref="fl-a9"/>
      </object_component>
      <object_component id="oc-f0">
         <name>.debug_info</name>
         <load_address>0x9624</load_address>
         <run_address>0x9624</run_address>
         <size>0xb4</size>
         <input_file_ref idref="fl-aa"/>
      </object_component>
      <object_component id="oc-f4">
         <name>.debug_info</name>
         <load_address>0x96d8</load_address>
         <run_address>0x96d8</run_address>
         <size>0xb1</size>
         <input_file_ref idref="fl-ab"/>
[...]
         <object_component_ref idref="oc-1ed"/>
      </symbol>
      <symbol id="sm-561">
         <name>_EDMA_disableChannel</name>
         <value>0xba20</value>
         <object_component_ref idref="oc-1f6"/>
      </symbol>
      <symbol id="sm-562">
         <name>_EDMA_intEnable</name>
         <value>0xbae0</value>
         <object_component_ref idref="oc-1dd"/>
      </symbol>
      <symbol id="sm-563">
         <name>_EDMA_allocTable</name>
         <value>0xa760</value>
         <object_component_ref idref="oc-1d7"/>
      </symbol>
      <symbol id="sm-56d">
         <name>_GBL_cslCacheInit</name>
         <value>0x7ba0</value>
         <object_component_ref idref="oc-10d"/>
      </symbol>
      <symbol id="sm-575">
         <name>GBL_A_VERSION</name>
         <value>0x5205</value>
      </symbol>
      <symbol id="sm-576">
         <name>_GBL_getVersion</name>
         <value>0x8940</value>
         <object_component_ref idref="oc-110"/>
      </symbol>
      <symbol id="sm-57e">
         <name>_HWI_restore</name>
         <value>0x866c</value>
         <object_component_ref idref="oc-114"/>
      </symbol>
      <symbol id="sm-57f">
         <name>_HWI_enable</name>
         <value>0x8658</value>
         <object_component_ref idref="oc-114"/>
      </symbol>
      <symbol id="sm-580">
         <name>_HWI_disable</name>
         <value>0x8640</value>
         <object_component_ref idref="oc-114"/>
      </symbol>
      <symbol id="sm-59a">
         <name>__IRQ_eventTable</name>
         <value>0x43e0</value>
         <object_component_ref idref="oc-11a"/>
      </symbol>
      <symbol id="sm-59b">
         <name>__IRQ_intTable</name>
         <value>0x4464</value>
         <object_component_ref idref="oc-11a"/>
      </symbol>
      <symbol id="sm-59c">
         <name>_IRQ_globalEnable</name>
         <value>0xbcc0</value>
         <object_component_ref idref="oc-1d2"/>
      </symbol>
      <symbol id="sm-59d">
         <name>_IRQ_map</name>
         <value>0xa3e0</value>
         <object_component_ref idref="oc-1d1"/>
      </symbol>
      <symbol id="sm-59e">
         <name>__IRQ_init</name>
         <value>0xb8e0</value>
         <object_component_ref idref="oc-1e4"/>
      </symbol>
      <symbol id="sm-59f">
         <name>_IRQ_enable</name>
         <value>0xbbe0</value>
         <object_component_ref idref="oc-1d0"/>
      </symbol>
      <symbol id="sm-5a0">
         <name>__IRQ_dispatchTable</name>
         <value>0x44a4</value>
         <object_component_ref idref="oc-11a"/>
      </symbol>
      <symbol id="sm-5a1">
         <name>__IRQ_hookFetchPacket</name>
         <value>0xbdc0</value>
         <object_component_ref idref="oc-118"/>
      </symbol>
      <symbol id="sm-5ad">
         <name>_KNL_maxqueue</name>
         <value>0xf278</value>
         <object_component_ref idref="oc-11e"/>
      </symbol>
      <symbol id="sm-5ae">
         <name>_KNL_inactive</name>
         <value>0xf258</value>
         <object_component_ref idref="oc-11e"/>
      </symbol>
      <symbol id="sm-5af">
         <name>_KNL_tswitchfxn</name>
         <value>0xf27c</value>
         <object_component_ref idref="oc-11e"/>
      </symbol>
      <symbol id="sm-5b0">
         <name>_KNL_setpri</name>
         <value>0xf254</value>
         <object_component_ref idref="oc-11e"/>
      </symbol>
      <symbol id="sm-5b1">
         <name>_KNL_swiptr</name>
         <value>0xf270</value>
         <object_component_ref idref="oc-11e"/>
      </symbol>
      <symbol id="sm-5b2">
         <name>_KNL_dummy</name>
         <value>0x454c</value>
         <object_component_ref idref="oc-121"/>
      </symbol>
      <symbol id="sm-5b3">
         <name>_KNL_curtask</name>
         <value>0xf264</value>
         <object_component_ref idref="oc-11e"/>
      </symbol>
      <symbol id="sm-5b4">
         <name>_KNL_curqueue</name>
         <value>0xf274</value>
         <object_component_ref idref="oc-11e"/>
      </symbol>
      <symbol id="sm-5b5">
         <name>_KNL_wList</name>
         <value>0xf24c</value>
         <object_component_ref idref="oc-11e"/>
      </symbol>
      <symbol id="sm-5b6">
         <name>_KNL_curtime</name>
         <value>0xf26c</value>
         <object_component_ref idref="oc-11e"/>
      </symbol>
      <symbol id="sm-5b7">
         <name>_KNL_set</name>
         <value>0xf260</value>
         <object_component_ref idref="oc-11e"/>
      </symbol>
      <symbol id="sm-5b8">
         <name>_KNL_alarm</name>
         <value>0xf250</value>
         <object_component_ref idref="oc-11e"/>
      </symbol>
      <symbol id="sm-5b9">
         <name>_KNL_prevtask</name>
         <value>0xf268</value>
         <object_component_ref idref="oc-11e"/>
      </symbol>
      <symbol id="sm-5ba">
         <name>_KNL_queues</name>
         <value>0x44ac</value>
         <object_component_ref idref="oc-121"/>
      </symbol>
      <symbol id="sm-5bb">
         <name>_KNL_idlefxn</name>
         <value>0xf28c</value>
         <object_component_ref idref="oc-11e"/>
      </symbol>
      <symbol id="sm-5bc">
         <name>_KNL_priority</name>
         <value>0xf25c</value>
         <object_component_ref idref="oc-11e"/>
      </symbol>
      <symbol id="sm-5bd">
         <name>_KNL_treadyfxn</name>
         <value>0xf288</value>
         <object_component_ref idref="oc-11e"/>
      </symbol>
      <symbol id="sm-5be">
         <name>_KNL_tcreatefxn</name>
         <value>0xf280</value>
         <object_component_ref idref="oc-11e"/>
      </symbol>
      <symbol id="sm-5bf">
         <name>_KNL_wFlag</name>
         <value>0xf248</value>
         <object_component_ref idref="oc-11e"/>
      </symbol>
      <symbol id="sm-5c0">
         <name>_KNL_tdeletefxn</name>
         <value>0xf284</value>
         <object_component_ref idref="oc-11e"/>
      </symbol>
      <symbol id="sm-5ca">
         <name>_KNL_exit</name>
         <value>0x7c80</value>
         <object_component_ref idref="oc-124"/>
      </symbol>
      <symbol id="sm-5cb">
         <name>_KNL_enter</name>
         <value>0x7cd4</value>
         <object_component_ref idref="oc-124"/>
      </symbol>
      <symbol id="sm-5d3">
         <name>__KNL_lat1beg</name>
         <value>0x7ab0</value>
         <object_component_ref idref="oc-127"/>
      </symbol>
      <symbol id="sm-5d4">
         <name>__KNL_lat1end</name>
         <value>0x7b38</value>
         <object_component_ref idref="oc-127"/>
      </symbol>
      <symbol id="sm-5d5">
         <name>_KNL_max</name>
         <value>0x7b5c</value>
         <object_component_ref idref="oc-127"/>
      </symbol>
      <symbol id="sm-5d6">
         <name>_KNL_check</name>
         <value>0x7a60</value>
         <object_component_ref idref="oc-127"/>
      </symbol>
      <symbol id="sm-5d7">
         <name>_KNL_idle</name>
         <value>0x7b38</value>
         <object_component_ref idref="oc-127"/>
      </symbol>
      <symbol id="sm-5e1">
         <name>_KNL_post</name>
         <value>0x80c0</value>
         <object_component_ref idref="oc-12c"/>
      </symbol>
      <symbol id="sm-5eb">
         <name>_KNL_ipost</name>
         <value>0x8000</value>
         <object_component_ref idref="oc-130"/>
      </symbol>
      <symbol id="sm-5f5">
         <name>_KNL_run</name>
         <value>0x6140</value>
         <object_component_ref idref="oc-134"/>
      </symbol>
      <symbol id="sm-611">
         <name>_MCBSP_reset</name>
         <value>0xa900</value>
         <object_component_ref idref="oc-1f5"/>
      </symbol>
      <symbol id="sm-612">
         <name>_MCBSP_getRcvAddr</name>
         <value>0xbce0</value>
         <object_component_ref idref="oc-1d8"/>
      </symbol>
      <symbol id="sm-613">
         <name>_MCBSP_open</name>
         <value>0xb220</value>
         <object_component_ref idref="oc-1e6"/>
      </symbol>
      <symbol id="sm-614">
         <name>_MCBSP_getXmtAddr</name>
         <value>0xbd00</value>
         <object_component_ref idref="oc-1d9"/>
      </symbol>
      <symbol id="sm-615">
         <name>__MCBSP_hDev0</name>
         <value>0x4708</value>
         <object_component_ref idref="oc-138"/>
      </symbol>
      <symbol id="sm-616">
         <name>__MCBSP_hDev1</name>
         <value>0x470c</value>
         <object_component_ref idref="oc-138"/>
      </symbol>
      <symbol id="sm-617">
         <name>_MCBSP_start</name>
         <value>0xb320</value>
         <object_component_ref idref="oc-1e8"/>
      </symbol>
      <symbol id="sm-618">
         <name>_MCBSP_config</name>
         <value>0xb840</value>
         <object_component_ref idref="oc-1e7"/>
      </symbol>
      <symbol id="sm-619">
         <name>_MCBSP_xrdy</name>
         <value>0xbd40</value>
         <object_component_ref idref="oc-1e9"/>
      </symbol>
      <symbol id="sm-61a">
         <name>_MCBSP_write</name>
         <value>0xbd20</value>
         <object_component_ref idref="oc-1ea"/>
      </symbol>
      <symbol id="sm-628">
         <name>_OBJ_table</name>
         <value>0x45e0</value>
         <object_component_ref idref="oc-13e"/>
      </symbol>
      <symbol id="sm-629">
         <name>_OBJ_init</name>
         <value>0xe7c0</value>
         <object_component_ref idref="oc-13f"/>
      </symbol>
      <symbol id="sm-62a">
         <name>_OBJ_segtab</name>
         <value>0x4618</value>
         <object_component_ref idref="oc-13e"/>
      </symbol>
      <symbol id="sm-636">
         <name>_RTDX_Buffer_ReadCB</name>
         <value>0xde00</value>
         <object_component_ref idref="oc-1e0"/>
      </symbol>
      <symbol id="sm-637">
         <name>RTDX_NORMALIZED_HDR</name>
         <value>0x1</value>
      </symbol>
      <symbol id="sm-638">
         <name>_RTDX_Buffer_Read</name>
         <value>0xdee0</value>
         <object_component_ref idref="oc-1c3"/>
      </symbol>
      <symbol id="sm-654">
         <name>_rtdx_buffer_state</name>
         <value>0xe370</value>
         <object_component_ref idref="oc-148"/>
      </symbol>
      <symbol id="sm-655">
         <name>_RTDX_Buffer_WriteCB</name>
         <value>0xd4c0</value>
         <object_component_ref idref="oc-1e1"/>
      </symbol>
      <symbol id="sm-656">
         <name>_rtdxNullChanCnt</name>
         <value>0xf328</value>
         <object_component_ref idref="oc-145"/>
      </symbol>
      <symbol id="sm-657">
         <name>_RTDX_writing</name>
         <value>0xe37c</value>
         <object_component_ref idref="oc-148"/>
      </symbol>
      <symbol id="sm-658">
         <name>_RTDX_Buffer_Initialize</name>
         <value>0xdda0</value>
         <object_component_ref idref="oc-1c6"/>
      </symbol>
      <symbol id="sm-659">
         <name>_RTDX_Buffer_Write</name>
         <value>0xdf00</value>
         <object_component_ref idref="oc-1c4"/>
      </symbol>
      <symbol id="sm-65a">
         <name>_rtdxNullFuncCnt</name>
         <value>0xf32c</value>
         <object_component_ref idref="oc-145"/>
      </symbol>
      <symbol id="sm-65b">
         <name>_RTDX_Buffer_Size</name>
         <value>0xde60</value>
         <object_component_ref idref="oc-1ee"/>
      </symbol>
      <symbol id="sm-665">
         <name>_RTDX_Mask_IER</name>
         <value>0xdf40</value>
         <object_component_ref idref="oc-14d"/>
      </symbol>
      <symbol id="sm-67d">
         <name>_RTDX_Mon_Queue</name>
         <value>0xdb00</value>
         <object_component_ref idref="oc-1f1"/>
      </symbol>
      <symbol id="sm-67e">
         <name>_rtdx_mon_state</name>
         <value>0xe390</value>
         <object_component_ref idref="oc-151"/>
      </symbol>
      <symbol id="sm-67f">
         <name>_RTDX_JTAGONLY</name>
         <value>0x2</value>
      </symbol>
      <symbol id="sm-680">
         <name>_RTDX_Final_RT_Monitor</name>
         <value>0xdea0</value>
         <object_component_ref idref="oc-1e3"/>
      </symbol>
      <symbol id="sm-681">
         <name>_RTDX_Poll</name>
         <value>0xd0c0</value>
         <object_component_ref idref="oc-1c2"/>
      </symbol>
      <symbol id="sm-682">
         <name>_RTDX_Init_RT_Monitor</name>
         <value>0xdd20</value>
         <object_component_ref idref="oc-1c7"/>
      </symbol>
      <symbol id="sm-68a">
         <name>_STS_set</name>
         <value>0x8980</value>
         <object_component_ref idref="oc-155"/>
      </symbol>
      <symbol id="sm-69a">
         <name>_TIMER_reset</name>
         <value>0xb000</value>
         <object_component_ref idref="oc-1f4"/>
      </symbol>
      <symbol id="sm-69b">
         <name>_TIMER_open</name>
         <value>0xaec0</value>
         <object_component_ref idref="oc-1e5"/>
      </symbol>
      <symbol id="sm-69c">
         <name>__TIMER_hDev0</name>
         <value>0x4784</value>
         <object_component_ref idref="oc-15a"/>
      </symbol>
      <symbol id="sm-69d">
         <name>__TIMER_hDev1</name>
         <value>0x4788</value>
         <object_component_ref idref="oc-15a"/>
      </symbol>
      <symbol id="sm-69e">
         <name>__TIMER_hBios</name>
         <value>0x478c</value>
         <object_component_ref idref="oc-15a"/>
      </symbol>
      <symbol id="sm-69f">
         <name>__TIMER_deviceTable</name>
         <value>0x476c</value>
         <object_component_ref idref="oc-15a"/>
      </symbol>
      <symbol id="sm-6ad">
         <name>_TSK_nTasks</name>
         <value>0xf330</value>
         <object_component_ref idref="oc-15e"/>
      </symbol>
      <symbol id="sm-6ae">
         <name>_TSK_config</name>
         <value>0x45a0</value>
         <object_component_ref idref="oc-161"/>
      </symbol>
      <symbol id="sm-6af">
         <name>_TSK</name>
         <value>0xf338</value>
         <object_component_ref idref="oc-15e"/>
      </symbol>
      <symbol id="sm-6b0">
         <name>_TSK_timerSem</name>
         <value>0x45c0</value>
         <object_component_ref idref="oc-161"/>
      </symbol>
      <symbol id="sm-6b1">
         <name>_TSK_pid</name>
         <value>0xf334</value>
         <object_component_ref idref="oc-15e"/>
      </symbol>
      <symbol id="sm-6b2">
         <name>_TSK_ATTRS</name>
         <value>0x4584</value>
         <object_component_ref idref="oc-161"/>
      </symbol>
      <symbol id="sm-6bc">
         <name>_TSK_exit</name>
         <value>0x75c0</value>
         <object_component_ref idref="oc-165"/>
      </symbol>
      <symbol id="sm-6c6">
         <name>_SYS_exit</name>
         <value>0x8240</value>
         <object_component_ref idref="oc-169"/>
      </symbol>
      <symbol id="sm-6d2">
         <name>_SYS_exitStack</name>
         <value>0x4790</value>
         <object_component_ref idref="oc-16f"/>
      </symbol>
      <symbol id="sm-6d3">
         <name>_SYS_exitStackPtr</name>
         <value>0xf344</value>
         <object_component_ref idref="oc-16c"/>
      </symbol>
      <symbol id="sm-6d4">
         <name>_SYS_exitStackTop</name>
         <value>0xf348</value>
         <object_component_ref idref="oc-16c"/>
      </symbol>
      <symbol id="sm-6de">
         <name>_TSK_init</name>
         <value>0xe740</value>
         <object_component_ref idref="oc-172"/>
      </symbol>
      <symbol id="sm-6e8">
         <name>_TSK_setup</name>
         <value>0x7040</value>
         <object_component_ref idref="oc-176"/>
      </symbol>
      <symbol id="sm-6fa">
         <name>__MEM_mutex</name>
         <value>0x46b0</value>
         <object_component_ref idref="oc-17c"/>
      </symbol>
      <symbol id="sm-6fb">
         <name>_TSK_startup</name>
         <value>0x79a0</value>
         <object_component_ref idref="oc-17d"/>
      </symbol>
      <symbol id="sm-6fc">
         <name>__TSK_mutex</name>
         <value>0x4688</value>
         <object_component_ref idref="oc-17c"/>
      </symbol>
      <symbol id="sm-706">
         <name>_LCK_pend</name>
         <value>0x81b0</value>
         <object_component_ref idref="oc-182"/>
      </symbol>
      <symbol id="sm-707">
         <name>_LCK_post</name>
         <value>0x8180</value>
         <object_component_ref idref="oc-182"/>
      </symbol>
      <symbol id="sm-70f">
         <name>_SEM_pend</name>
         <value>0x86a0</value>
         <object_component_ref idref="oc-185"/>
      </symbol>
      <symbol id="sm-719">
         <name>_SEM_pendEnterKnl</name>
         <value>0x66c0</value>
         <object_component_ref idref="oc-18a"/>
      </symbol>
      <symbol id="sm-721">
         <name>_SEM_postBinary</name>
         <value>0x7e40</value>
         <object_component_ref idref="oc-18d"/>
      </symbol>
      <symbol id="sm-722">
         <name>_SEM_post</name>
         <value>0x7e40</value>
         <object_component_ref idref="oc-18d"/>
      </symbol>
      <symbol id="sm-72c">
         <name>_SEM_postEnterKnl</name>
         <value>0x7d60</value>
         <object_component_ref idref="oc-192"/>
      </symbol>
      <symbol id="sm-736">
         <name>_SYS_abort</name>
         <value>0x8700</value>
         <object_component_ref idref="oc-196"/>
      </symbol>
      <symbol id="sm-744">
         <name>__GBL_setL2CacheMode</name>
         <value>0x5254</value>
         <object_component_ref idref="oc-19c"/>
      </symbol>
      <symbol id="sm-74e">
         <name>__SEM_dopost</name>
         <value>0x6e20</value>
         <object_component_ref idref="oc-1a0"/>
      </symbol>
      <symbol id="sm-758">
         <name>__auto_init</name>
         <value>0x7760</value>
         <object_component_ref idref="oc-1a4"/>
      </symbol>
      <symbol id="sm-76a">
         <name>__unlock</name>
         <value>0x47fc</value>
         <object_component_ref idref="oc-1a9"/>
      </symbol>
      <symbol id="sm-76b">
         <name>__lock</name>
         <value>0x47f8</value>
         <object_component_ref idref="oc-1a9"/>
      </symbol>
      <symbol id="sm-76c">
         <name>__register_lock</name>
         <value>0xbd80</value>
         <object_component_ref idref="oc-1c8"/>
      </symbol>
      <symbol id="sm-76d">
         <name>__nop</name>
         <value>0xbd60</value>
         <object_component_ref idref="oc-1cb"/>
      </symbol>
      <symbol id="sm-76e">
         <name>__register_unlock</name>
         <value>0xbda0</value>
         <object_component_ref idref="oc-1c9"/>
      </symbol>
      <symbol id="sm-776">
         <name>__strasg</name>
         <value>0xb500</value>
         <object_component_ref idref="oc-1c5"/>
      </symbol>
      <symbol id="sm-784">
         <name>_atexit</name>
         <value>0xb5e0</value>
         <object_component_ref idref="oc-1e2"/>
      </symbol>
      <symbol id="sm-785">
         <name>___atexit_func_id__</name>
         <value>0x4230</value>
         <object_component_ref idref="oc-1b1"/>
      </symbol>
      <symbol id="sm-795">
         <name>_dtors</name>
         <value>0x4800</value>
         <object_component_ref idref="oc-1b6"/>
      </symbol>
      <symbol id="sm-796">
         <name>_call_dtors</name>
         <value>0xac20</value>
         <object_component_ref idref="oc-1f7"/>
      </symbol>
      <symbol id="sm-797">
         <name>___add_dtor</name>
         <value>0xbc20</value>
         <object_component_ref idref="oc-1f2"/>
      </symbol>
      <symbol id="sm-7a3">
         <name>___TI_enable_exit_profile_output</name>
         <value>0x47f4</value>
         <object_component_ref idref="oc-1bb"/>
      </symbol>
      <symbol id="sm-7a4">
         <name>__cleanup_ptr</name>
         <value>0x47ec</value>
         <object_component_ref idref="oc-1bb"/>
      </symbol>
      <symbol id="sm-7a5">
         <name>__dtors_ptr</name>
         <value>0x47f0</value>
         <object_component_ref idref="oc-1bb"/>
      </symbol>
      <symbol id="sm-7af">
         <name>_memcpy</name>
         <value>0x9b60</value>
         <object_component_ref idref="oc-1ca"/>
      </symbol>
   </symbol_table>
</link_info>
