******************************************************************************
               TMS320C6x Linker PC v7.4.4                      
******************************************************************************
>> Linked Tue Dec 10 17:58:22 2013

OUTPUT FILE NAME:   <LED_blink.out>
ENTRY POINT SYMBOL: "_c_int00"  address: 0000e680


MEMORY CONFIGURATION

         name            origin    length      used     unused   attr    fill
----------------------  --------  ---------  --------  --------  ----  --------
  IRAM                  00000000   00040000  0000fb4d  000304b3  RWIX
  SDRAM                 80000000   00800000  00000000  00800000  RWIX


SECTION ALLOCATION MAP

 output                                  attributes/
section   page    origin      length       input sections
--------  ----  ----------  ----------   ----------------
.vers      0    00000000    00000040     COPY SECTION
                  00000000    00000040     LED_blinkcfg.obj (.vers)

.hwi_vec   0    00000000    00000200     
                  00000000    00000200     LED_blinkcfg.obj (.hwi_vec)

.data      0    00000000    00000000     UNINITIALIZED

.far       0    00000200    00004608     UNINITIALIZED
                  00000200    00004030     main.obj (.far)
                  00004230    00000188     rts6700.lib : atexit.obj (.far)
                  000043b8    000000f4     csl6713.lib : csl_irq.obj (.far)
                  000044ac    000000d8     bios.a67 : knl.o67 (.far)
                  00004584    0000005c              : tsk.o67 (.far)
                  000045e0    00000054              : obj_init.o67 (.far)
                  00004634    00000054     csl6713.lib : csl_edma.obj (.far)
                  00004688    00000050     bios.a67 : tsk_stup.o67 (.far)
                  000046d8    00000038     csl6713.lib : csl_mcbsp.obj (.far)
                  00004710    00000034     config_AIC23.obj (.far)
                  00004744    00000028     csl6713.lib : csl.obj (.far)
                  0000476c    00000024                 : csl_timer.obj (.far)
                  00004790    00000020     bios.a67 : sys.o67 (.far)
                  000047b0    00000020     config_MCBSP.obj (.far)
                  000047d0    00000010     bios.a67 : knl_tick.o67 (.far)
                  000047e0    0000000c              : utl_putc.o67 (.far)
                  000047ec    0000000c     rts6700.lib : exit.obj (.far)
                  000047f8    00000008                 : _lock.obj (.far)
                  00004800    00000004                 : sinit.obj (.far)
                  00004804    00000002     dsk6713bsl.lib : dsk6713.obj (.far)
                  00004806    00000002                    : dsk6713_led.obj (.far)

.log       0    00004808    00000018     
                  00004808    00000018     LED_blinkcfg.obj (.log)

.bios      0    00004820    000041c0     
                  00004820    00000600     lnkrtdx.a67 : rtdx.o67 (.bios)
                  00004e20    000005e0     bios.a67 : gbl_setL2CacheMode.o67 (.bios)
                  00005400    00000540              : swi.o67 (.bios)
                  00005940    00000460              : hwi_disp_asm.o67 (.bios)
                  00005da0    000003a0              : prd.o67 (.bios)
                  00006140    000002c0              : knl_run.o67 (.bios)
                  00006400    000002c0              : rta.o67 (.bios)
                  000066c0    000002c0              : sem_pend.o67 (.bios)
                  00006980    00000260              : knl_tick.o67 (.bios)
                  00006be0    00000240              : pip.o67 (.bios)
                  00006e20    00000220              : sem_dopo.o67 (.bios)
                  00007040    00000200              : tsk_setu.o67 (.bios)
                  00007240    000001c0              : knl_swit.o67 (.bios)
                  00007400    000001c0     biosC6000.a67 : clk.o67 (.bios)
                  000075c0    000001a0     bios.a67 : tsk_exit.o67 (.bios)
                  00007760    00000180              : autoinit.o67 (.bios)
                  000078e0    00000180              : tsk_stup.o67 (.bios)
                  00007a60    00000140              : knl_chec.o67 (.bios)
                  00007ba0    000000e0              : gbl_cslcacheinit.o67 (.bios)
                  00007c80    000000e0              : knl_exit.o67 (.bios)
                  00007d60    000000e0              : sem_post.o67 (.bios)
                  00007e40    000000e0              : sem_post_asm.o67 (.bios)
                  00007f20    000000e0     biosC6000.a67 : clk_meas.o67 (.bios)
                  00008000    000000c0     bios.a67 : knl_ipos.o67 (.bios)
                  000080c0    000000c0              : knl_post.o67 (.bios)
                  00008180    000000c0              : lck.o67 (.bios)
                  00008240    000000c0              : sys_exit.o67 (.bios)
                  00008300    000000c0     biosC6000.a67 : clk_htime.o67 (.bios)
                  000083c0    00000080     bios.a67 : fxn.o67 (.bios)
                  00008440    00000080              : idl_busy.o67 (.bios)
                  000084c0    00000080              : log.o67 (.bios)
                  00008540    00000080              : sts.o67 (.bios)
                  000085c0    00000080     biosC6000.a67 : idl_cal.o67 (.bios)
                  00008640    00000060     bios.a67 : hwi_c.o67 (.bios)
                  000086a0    00000060              : sem_pend_counting.o67 (.bios)
                  00008700    00000060              : sys_abor.o67 (.bios)
                  00008760    00000060              : utl_putc.o67 (.bios)
                  000087c0    00000060     biosC6000.a67 : clk_start.o67 (.bios)
                  00008820    00000040     bios.a67 : idl_stub.o67 (.bios)
                  00008860    00000040              : rta_andn.o67 (.bios)
                  000088a0    00000040              : utl_doab.o67 (.bios)
                  000088e0    00000040     biosC6000.a67 : clk_stop.o67 (.bios)
                  00008920    00000020     bios.a67 : fxn_c.o67 (.bios)
                  00008940    00000020              : gbl_vers.o67 (.bios)
                  00008960    00000020              : idl.o67 (.bios)
                  00008980    00000020              : sts_set.o67 (.bios)
                  000089a0    00000020              : utl_doer.o67 (.bios)
                  000089c0    00000020              : utl_halt.o67 (.bios)

.text      0    000089e0    00003400     
                  000089e0    00000a80     main.obj (.text)
                  00009460    00000480     dsk6713bsl.lib : dsk6713.obj (.text)
                  000098e0    00000280     csl6713.lib : csl_edma.obj (.text:_EDMA_open)
                  00009b60    00000240     rts6700.lib : memcpy62.obj (.text:_memcpy)
                  00009da0    00000240     config_AIC23.obj (.text)
                  00009fe0    00000220     csl6713.lib : csl.obj (.text:__CSL_init)
                  0000a200    000001e0     dsk6713bsl.lib : dsk6713_led.obj (.text)
                  0000a3e0    000001c0     csl6713.lib : csl_irq.obj (.text:_IRQ_map)
                  0000a5a0    000001c0                 : csl_irq.obj (.text:_mux2Tables)
                  0000a760    000001a0                 : csl_edma.obj (.text:_EDMA_allocTable)
                  0000a900    000001a0                 : csl_mcbsp.obj (.text:_MCBSP_reset)
                  0000aaa0    00000180     bios.a67 : gbl_cslpllinit62.o67 (.text)
                  0000ac20    00000160     rts6700.lib : sinit.obj (.text:_call_dtors)
                  0000ad80    00000140     csl6713.lib : csl_edma.obj (.text:_EDMA_reset)
                  0000aec0    00000140                 : csl_timer.obj (.text:_TIMER_open)
                  0000b000    00000120                 : csl_timer.obj (.text:_TIMER_reset)
                  0000b120    00000100                 : csl_edma.obj (.text:_EDMA_intAlloc)
                  0000b220    00000100                 : csl_mcbsp.obj (.text:_MCBSP_open)
                  0000b320    00000100                 : csl_mcbsp.obj (.text:_MCBSP_start)
                  0000b420    000000e0                 : csl_edma.obj (.text:_EDMA_config)
                  0000b500    000000e0     rts6700.lib : strasg.obj (.text:__strasg)
                  0000b5e0    000000e0                 : atexit.obj (.text:_atexit)
                  0000b6c0    000000c0     bios.a67 : tsk_stup.o67 (.text)
                  0000b780    000000c0     config_MCBSP.obj (.text)
                  0000b840    000000a0     csl6713.lib : csl_mcbsp.obj (.text:_MCBSP_config)
                  0000b8e0    000000a0                 : csl_irq.obj (.text:__IRQ_init)
                  0000b980    000000a0                 : csl_irq.obj (.text:_setMux)
                  0000ba20    00000060                 : csl_edma.obj (.text:_EDMA_disableChannel)
                  0000ba80    00000060                 : csl_edma.obj (.text:_EDMA_enableChannel)
                  0000bae0    00000060                 : csl_edma.obj (.text:_EDMA_intEnable)
                  0000bb40    00000060                 : csl_edma.obj (.text:_EDMA_qdmaConfig)
                  0000bba0    00000040                 : csl_edma.obj (.text:_EDMA_link)
                  0000bbe0    00000040                 : csl_irq.obj (.text:_IRQ_enable)
                  0000bc20    00000040     rts6700.lib : sinit.obj (.text:___add_dtor)
                  0000bc60    00000020     csl6713.lib : csl.obj (.text:_CSL6713_LIB_)
                  0000bc80    00000020                 : csl_edma.obj (.text:_EDMA_intClear)
                  0000bca0    00000020                 : csl_edma.obj (.text:_EDMA_intTest)
                  0000bcc0    00000020                 : csl_irq.obj (.text:_IRQ_globalEnable)
                  0000bce0    00000020                 : csl_mcbsp.obj (.text:_MCBSP_getRcvAddr)
                  0000bd00    00000020                 : csl_mcbsp.obj (.text:_MCBSP_getXmtAddr)
                  0000bd20    00000020                 : csl_mcbsp.obj (.text:_MCBSP_write)
                  0000bd40    00000020                 : csl_mcbsp.obj (.text:_MCBSP_xrdy)
                  0000bd60    00000020     rts6700.lib : _lock.obj (.text:__nop)
                  0000bd80    00000020                 : _lock.obj (.text:__register_lock)
                  0000bda0    00000020                 : _lock.obj (.text:__register_unlock)
                  0000bdc0    00000020     csl6713.lib : csl_irq.obj (.text)

.cinit     0    0000bde0    000012c4     
                  0000bde0    000006f4     LED_blinkcfg.obj (.cinit)
                  0000c4d4    00000004     --HOLE-- [fill = 0]
                  0000c4d8    0000026c     bios.a67 : biosdata.o67 (.cinit)
                  0000c744    00000004     --HOLE-- [fill = 0]
                  0000c748    000001a4              : knl.o67 (.cinit)
                  0000c8ec    00000004     --HOLE-- [fill = 0]
                  0000c8f0    0000012c     csl6713.lib : csl_irq.obj (.cinit)
                  0000ca1c    00000004     --HOLE-- [fill = 0]
                  0000ca20    000000b0     bios.a67 : swi.o67 (.cinit)
                  0000cad0    000000b0     main.obj (.cinit)
                  0000cb80    00000080     bios.a67 : tsk.o67 (.cinit)
                  0000cc00    00000070     csl6713.lib : csl_edma.obj (.cinit)
                  0000cc70    00000060     bios.a67 : tsk_stup.o67 (.cinit)
                  0000ccd0    0000005c     lnkrtdx.a67 : rtdx.o67 (.cinit)
                  0000cd2c    00000004     --HOLE-- [fill = 0]
                  0000cd30    00000054     csl6713.lib : csl_mcbsp.obj (.cinit)
                  0000cd84    00000004     --HOLE-- [fill = 0]
                  0000cd88    0000004c     bios.a67 : rta.o67 (.cinit)
                  0000cdd4    00000004     --HOLE-- [fill = 0]
                  0000cdd8    0000004c     csl6713.lib : csl_timer.obj (.cinit)
                  0000ce24    00000004     --HOLE-- [fill = 0]
                  0000ce28    0000004c     rtdx.lib : buffer1.o62 (.cinit)
                  0000ce74    00000004     --HOLE-- [fill = 0]
                  0000ce78    00000048     config_AIC23.obj (.cinit)
                  0000cec0    0000003c     csl6713.lib : csl.obj (.cinit)
                  0000cefc    00000004     --HOLE-- [fill = 0]
                  0000cf00    00000034     bios.a67 : hwi.o67 (.cinit)
                  0000cf34    00000004     --HOLE-- [fill = 0]
                  0000cf38    0000002c              : utl_putc.o67 (.cinit)
                  0000cf64    00000004     --HOLE-- [fill = 0]
                  0000cf68    0000002c     rts6700.lib : exit.obj (.cinit)
                  0000cf94    00000004     --HOLE-- [fill = 0]
                  0000cf98    00000028     config_MCBSP.obj (.cinit)
                  0000cfc0    00000024     bios.a67 : obj_init.o67 (.cinit)
                  0000cfe4    00000004     --HOLE-- [fill = 0]
                  0000cfe8    0000001c              : sys.o67 (.cinit)
                  0000d004    00000004     --HOLE-- [fill = 0]
                  0000d008    0000001c     rts6700.lib : _lock.obj (.cinit)
                  0000d024    00000004     --HOLE-- [fill = 0]
                  0000d028    0000001c                 : atexit.obj (.cinit)
                  0000d044    00000004     --HOLE-- [fill = 0]
                  0000d048    00000018     bios.a67 : knl_tick.o67 (.cinit)
                  0000d060    0000000c              : gbl_setL2CacheMode.o67 (.cinit)
                  0000d06c    00000004     --HOLE-- [fill = 0]
                  0000d070    0000000c              : idl_busy.o67 (.cinit)
                  0000d07c    00000004     --HOLE-- [fill = 0]
                  0000d080    0000000c              : knl_swit.o67 (.cinit)
                  0000d08c    00000004     --HOLE-- [fill = 0]
                  0000d090    0000000c     rts6700.lib : sinit.obj (.cinit)
                  0000d09c    00000004     --HOLE-- [fill = 0]
                  0000d0a0    00000004     (.pad.cinit) [fill = 0]

.hst1      0    0000d0a4    00000010     UNINITIALIZED
                  0000d0a4    00000010     LED_blinkcfg.obj (.hst1)

.pinit     0    0000d0b4    0000000c     
                  0000d0b4    00000004     rtdx.lib : buffer1.o62 (.pinit)
                  0000d0b8    00000004              : rtdx_mon.o62 (.pinit)
                  0000d0bc    00000004     --HOLE-- [fill = 0]

.rtdx_text 
*          0    0000d0c0    00000ea0     
                  0000d0c0    00000400     rtdx.lib : rtdx_mon.o62 (.rtdx_text:_RTDX_Poll)
                  0000d4c0    00000340              : buffer1.o62 (.rtdx_text:_RTDX_Buffer_WriteCB)
                  0000d800    00000300              : buffer1.o62 (.rtdx_text:_RTDX_write_next)
                  0000db00    00000140              : rtdx_mon.o62 (.rtdx_text:_RTDX_Mon_Queue)
                  0000dc40    000000e0              : buffer1.o62 (.rtdx_text:_claim)
                  0000dd20    00000080              : rtdx_mon.o62 (.rtdx_text:_RTDX_Init_RT_Monitor)
                  0000dda0    00000060              : buffer1.o62 (.rtdx_text:_RTDX_Buffer_Initialize)
                  0000de00    00000060              : buffer2.o62 (.rtdx_text:_RTDX_Buffer_ReadCB)
                  0000de60    00000040              : buffer1.o62 (.rtdx_text:_RTDX_Buffer_Size)
                  0000dea0    00000040              : rtdx_mon.o62 (.rtdx_text:_RTDX_Final_RT_Monitor)
                  0000dee0    00000020              : buffer2.o62 (.rtdx_text:_RTDX_Buffer_Read)
                  0000df00    00000020              : buffer1.o62 (.rtdx_text:_RTDX_Buffer_Write)
                  0000df20    00000020              : rtdx_mon.o62 (.rtdx_text:_RTDX_checksum)
                  0000df40    00000020              : intr_tgt.o62 (.rtdx_text)

.rtdx_data 
*          0    0000df60    0000044c     UNINITIALIZED
                  0000df60    00000410     LED_blinkcfg.obj (.rtdx_data)
                  0000e370    00000020     rtdx.lib : buffer1.o62 (.rtdx_data)
                  0000e390    0000001c              : rtdx_mon.o62 (.rtdx_data)

.idl       0    0000e3ac    00000010     UNINITIALIZED
                  0000e3ac    00000010     LED_blinkcfg.obj (.idl)

.args      0    0000e3bc    00000004     
                  0000e3bc    00000004     --HOLE-- [fill = 0]

.sysinit   0    0000e3c0    00000420     
                  0000e3c0    000002c0     LED_blinkcfg.obj (.sysinit)
                  0000e680    000000c0     bios.a67 : boot.o67 (.sysinit)
                  0000e740    00000080              : tsk_init.o67 (.sysinit)
                  0000e7c0    00000020              : obj_init.o67 (.sysinit)

.TSK_idle$stk 
*          0    0000e7e0    00000400     UNINITIALIZED
                  0000e7e0    00000400     LED_blinkcfg.obj (.TSK_idle$stk)

.stack     0    0000ebe0    00000400     UNINITIALIZED
                  0000ebe0    00000400     --HOLE--

.bss       0    0000efe0    00000378     UNINITIALIZED
                  0000efe0    00000100     bios.a67 : hwi_disp_asm.o67 (.bss)
                  0000f0e0    000000cc              : biosdata.o67 (.bss)
                  0000f1ac    0000009c              : swi.o67 (.bss)
                  0000f248    00000048              : knl.o67 (.bss)
                  0000f290    00000048     main.obj (.bss)
                  0000f2d8    00000018     LED_blinkcfg.obj (.bss)
                  0000f2f0    00000018     bios.a67 : hwi.o67 (.bss)
                  0000f308    00000018     lnkrtdx.a67 : rtdx.o67 (.bss)
                  0000f320    00000010     rtdx.lib : buffer1.o62 (.bss)
                  0000f330    0000000c     bios.a67 : tsk.o67 (.bss)
                  0000f33c    00000008              : clk_data.o67 (.bss)
                  0000f344    00000008              : sys.o67 (.bss)
                  0000f34c    00000004              : clk_data2.o67 (.bss)
                  0000f350    00000004              : gbl_setL2CacheMode.o67 (.bss)
                  0000f354    00000004              : idl_busy.o67 (.bss)

.trace     0    0000f358    00000200     
                  0000f358    00000200     --HOLE-- [fill = 00000000]

.sts       0    0000f558    00000070     
                  0000f558    00000070     LED_blinkcfg.obj (.sts)

.switch    0    0000f5c8    00000028     
                  0000f5c8    00000028     rtdx.lib : rtdx_mon.o62 (.switch)

.idlcal    0    0000f5f0    00000010     UNINITIALIZED
                  0000f5f0    00000010     LED_blinkcfg.obj (.idlcal)

.LOG_system$buf 
*          0    0000f600    00000100     UNINITIALIZED
                  0000f600    00000100     LED_blinkcfg.obj (.LOG_system$buf)

.hst0      0    0000f700    00000100     UNINITIALIZED
                  0000f700    00000100     LED_blinkcfg.obj (.hst0)

.pip       0    0000f800    000000c8     UNINITIALIZED
                  0000f800    000000c8     LED_blinkcfg.obj (.pip)

.const     0    0000f8c8    000000b5     
                  0000f8c8    0000004e     bios.a67 : tsk_stup.o67 (.const)
                  0000f916    00000023              : utl_doab.o67 (.const)
                  0000f939    00000022              : utl_doer.o67 (.const)
                  0000f95b    00000001     --HOLE-- [fill = 0]
                  0000f95c    00000020     dsk6713bsl.lib : dsk6713.obj (.const)
                  0000f97c    00000001     bios.a67 : tsk.o67 (.const)

.printf    0    0000f97d    000000aa     COPY SECTION
                  0000f97d    000000aa     LED_blinkcfg.obj (.printf)

.swi       0    0000f980    000000b0     UNINITIALIZED
                  0000f980    000000b0     LED_blinkcfg.obj (.swi)

.tsk       0    0000fa30    00000060     UNINITIALIZED
                  0000fa30    00000060     LED_blinkcfg.obj (.tsk)

.gblinit   0    0000fa90    00000040     
                  0000fa90    00000040     LED_blinkcfg.obj (.gblinit)

.hst       0    0000fad0    0000003c     UNINITIALIZED
                  0000fad0    0000003c     LED_blinkcfg.obj (.hst)

.prd       0    0000fb0c    00000020     UNINITIALIZED
                  0000fb0c    00000020     LED_blinkcfg.obj (.prd)

.sys       0    0000fb2c    00000010     UNINITIALIZED
                  0000fb2c    00000010     LED_blinkcfg.obj (.sys)

.trcdata   0    0000fb3c    0000000c     
                  0000fb3c    0000000c     bios.a67 : trc.o67 (.trcdata)

.clk       0    0000fb48    00000008     UNINITIALIZED
                  0000fb48    00000008     LED_blinkcfg.obj (.clk)


GLOBAL SYMBOLS: SORTED ALPHABETICALLY BY Name 

address    name
--------   ----
0000efe0   $bss
0000efe0   .bss
00000000   .data
000089e0   .text
0000e564   BIOS$$CLKOFF
0000e524   BIOS$$CLKON
0000e3c0   BIOS_init
0000e5cc   BIOS_start
00000000   BUF$
00000001   BUF_ENABLED
00000001   CLK$
0000fb48   CLK_A_TABBEG
00000001   CLK_CALDIV
00000004   CLK_CALMULT
0000dbba   CLK_COUNTSPMS
00000000   CLK_COUNTSPMSHIGH
0000f108   CLK_D_idletime
0000f104   CLK_D_isrhook
0000f100   CLK_D_tabbeg
0000f0fc   CLK_D_timefxn
00008300   CLK_F_getfhtime
00008320   CLK_F_gethtime
00007400   CLK_F_getltime
00008320   CLK_F_getshtime
00007414   CLK_F_isr
00007574   CLK_F_itime
00005940   CLK_HOOKFXN
00000001   CLK_HTIMEDIV
00000004   CLK_HTIMEMULT
0000dbba   CLK_HTIMEPERLTIME
00004000   CLK_INTBIT
00000001   CLK_LTIMEDIV
00036ee8   CLK_LTIMEMULT
000003e8   CLK_MICROSECS
0000dbba   CLK_PRD
00000000   CLK_PRDHIGH
01940000   CLK_REGS
0000f0f8   CLK_R_time
00000020   CLK_TCR
00000000   CLK_TDDR
00000000   CLK_TDDRHIGH
00008320   CLK_TIMEFXN
00000000   CLK_TIMERNUM
00000001   CLK_USETIMER
0000fb4c   CLK_null
00000000   DEV$
00000000   DGN$
00000000   DHL$
00000000   DHL_gChannelsAvailable
00000000   DIO$
00000000   DIO_NUMSWIBASE
00000000   DIO_NUMTSKBASE
00000000   DIO_STATIC
00000000   DPI$
000083c0   FXN_F_nop
000083c8   FXN_F_run
00008418   FXN_F_zero
00000001   GBL$
00005205   GBL_A_VERSION
00000000   GBL_BIGENDIAN
00000000   GBL_C641XL2PRIORITY
00000000   GBL_CACHE
00000001   GBL_CALLCSLCFGINIT
00004e20   GBL_CLKIN
00001770   GBL_CLKTYPE
00001a39   GBL_DSPSUBTYPE
0000003e   GBL_DSPTYPE
00000001   GBL_ENABLEINST
00000042   GBL_FOOTPRINT
00036ee8   GBL_FREQ
00002226   GBL_L2ALLOC
00000000   GBL_L2CONFIGALLOC
00000001   GBL_L2CONFIGURE
00000001   GBL_L2MARMASK
00000000   GBL_L2MARMASK1
00000000   GBL_L2MARMASK2
00000000   GBL_L2MARMASK3
00000000   GBL_L2MARMASK4
00000000   GBL_L2MARMASK5
00000000   GBL_L2MODE
00000000   GBL_L2PRIORITY
00000000   GBL_NULL
00000000   GBL_PROCID
00000000   GBL_ROM
00000000   GBL_SUPPORTCSL
0000dbef   GBL_TRCMASKVALUE
00000001   GBL_USERINIT
0000aac8   GBL_USERINITFXN
00000001   GBL_boot
0000fb44   GBL_initdone
0000ebe0   GBL_stackbeg
0000efdf   GBL_stackend
00000000   GIO$
00008920   GIO_CREATEFXN
00008920   GIO_DELETEFXN
00008920   GIO_PENDFXN
00008920   GIO_POSTFXN
00000000   HOOK$
00000000   HOOK_KNLID
00000001   HST$
0000fad0   HST_A_TABBEG
0000fb0c   HST_A_TABEND
00000000   HST_DSM
ffffffff   HST_DSMBUFSEG
00000400   HST_DSMMEMSIZE
0000f174   HST_D_chanmask
0000f178   HST_D_tabbeg
0000f17c   HST_D_tabend
000000ff   HST_MAXFRAMEALLOWED
00000040   HST_MAXFRAMESET
00000000   HST_NONE
00000001   HST_RTDX
00000001   HWI$
00000000   HWI_A_VECS
00005108   HWI_CFGDISPATCHED
0000f300   HWI_D_bss
0000f304   HWI_D_ccmask
0000f2f0   HWI_D_spsave
00005940   HWI_F_dispatch
00000000   HWI_GENERATE_RESET_VEC
0000000a   HWI_INT10
00000000   HWI_INT10$hwi
0000000b   HWI_INT11
00000000   HWI_INT11$hwi
0000000c   HWI_INT12
00000000   HWI_INT12$hwi
0000000d   HWI_INT13
00000000   HWI_INT13$hwi
0000000e   HWI_INT14
00000000   HWI_INT14$hwi
0000000f   HWI_INT15
00000000   HWI_INT15$hwi
00000004   HWI_INT4
00000000   HWI_INT4$hwi
00000005   HWI_INT5
00000000   HWI_INT5$hwi
00000006   HWI_INT6
00000000   HWI_INT6$hwi
00000007   HWI_INT7
00000000   HWI_INT7$hwi
00000008   HWI_INT8
00000000   HWI_INT8$hwi
00000009   HWI_INT9
00000000   HWI_INT9$hwi
08203da3   HWI_INTRMULTHIGH
310718aa   HWI_INTRMULTLOW
00000001   HWI_NMI
00000000   HWI_NMI$hwi
00000000   HWI_POLARITYMASK
00000002   HWI_RESERVED0
00000000   HWI_RESERVED0$hwi
00000003   HWI_RESERVED1
00000000   HWI_RESERVED1$hwi
00000000   HWI_RESET
00000000   HWI_RESET$hwi
00000001   HWI_ZEROTAB
00000001   IDL$
0000f5f0   IDL_A_CALBEG
0000e3ac   IDL_A_TABBEG
00000006   IDL_CALIBRERROR
00008820   IDL_CALIBRFXN
0000f354   IDL_D_busyObj
0000f0e8   IDL_D_calbeg
0000f0e4   IDL_D_calibrate
0000f0e0   IDL_D_tabbeg
0000e3b8   IDL_END
0000f5fc   IDL_END$
00008440   IDL_F_busy
000085c0   IDL_F_calibrate
00008960   IDL_F_loop
00008820   IDL_F_stub
00000001   IDL_USECLKIDLTIME
0000f5bc   IDL_busyObj
0000fa22   IDL_busyObj$avgfmt
00000001   IDL_busyObj$filter
00000001   IDL_busyObj$iA
00000000   IDL_busyObj$iB
00000001   IDL_busyObj$iC
0000fa1c   IDL_busyObj$maxfmt
00000000   IDL_busyObj$operation
0000f5b8   IDL_busyObj$stsobj
0000fa1f   IDL_busyObj$sumfmt
00000002   IDL_busyObj$unittype
0000e3ac   IDL_cpuLoad
0000f5f0   IDL_cpuLoad$
ffffffff   IRAM
00000001   ISRC$
000073c0   KNL_glue
0000f9ac   KNL_swi
00000001   KNL_swi$dorta
00000002   KNL_swi$ord
00000000   KNL_swi$pri
0000f57c   KNL_swi$sts
0000f9c4   KNL_swi$sts$avgfmt
00000002   KNL_swi$sts$filter
00000001   KNL_swi$sts$filtmaxmult
00000001   KNL_swi$sts$filtsummult
0000f9b4   KNL_swi$sts$maxfmt
0000f578   KNL_swi$sts$stsobj
0000f9bc   KNL_swi$sts$sumfmt
00000000   KNL_swi$sts$unittype
00000000   KNL_swi$swi
00000001   LCK$
0000fb0c   LEDBlinker
0000fb28   LEDBlinker$aaa
00000000   LEDBlinker$mode
00000001   LEDBlinker$ord
00000064   LEDBlinker$period
00000000   LEDBlinker$prd
0000f55c   LEDBlinker$sts
0000f98f   LEDBlinker$sts$avgfmt
00000000   LEDBlinker$sts$filter
0000f97d   LEDBlinker$sts$maxfmt
0000f558   LEDBlinker$sts$stsobj
0000f986   LEDBlinker$sts$sumfmt
00000002   LEDBlinker$sts$unittype
00004820   LNK_F_checkBufferCall
000048a0   LNK_F_dataPump
00004840   LNK_F_getChanPtr
00004898   LNK_F_init
00004de4   LNK_F_readCallBack
0000e3b0   LNK_dataPump
0000f5f4   LNK_dataPump$
0000f30c   LNK_dspFrameReadyMask
0000f308   LNK_dspFrameRequestMask
00004b40   LNK_newin
00004c80   LNK_newout
000048b4   LNK_rcloop
00004980   LNK_rdrtry
0000f314   LNK_readDone
0000f318   LNK_readFail
0000f310   LNK_readPend
00004990   LNK_rrloop
0000f31c   LNK_writeFail
00004a64   LNK_wrloop
00004a54   LNK_wrrtry
00000001   LOG$
00004808   LOG_A_TABBEG
00004820   LOG_A_TABEND
00000001   LOG_A_TABLEN
0000f0ec   LOG_D_system
00000001   LOG_ENABLED
000084c0   LOG_F_event
00004808   LOG_system
0000f600   LOG_system$buf
00000000   LOG_system$datatype
00000000   LOG_system$log
00000040   LOG_system$size
00000000   MBX$
00000001   MEM$
00000000   MEM_MALLOCSEG
00000000   MEM_NULL
00000000   MEM_SEGZERO
00000000   MEM_USEMPC
00000000   MEM_gNumHeap
00000000   MSGQ$
00000000   MSGQ_USEMSGQ
00000000   OBJ$
00000000   PIP$
0000f800   PIP_A_TABBEG
0000f8c8   PIP_A_TABEND
00000002   PIP_A_TABLEN
0000f0f0   PIP_D_tabbeg
0000f0f4   PIP_D_tablen
00006c74   PIP_F_give
00006c74   PIP_F_probe
00006d48   PIP_F_start
00006be0   PIP_F_take
00000064   PIP_OBJSIZE
00000000   PIP_gNextId
00000002   PIP_gNumEmbed
00000000   POOL$
00000000   POOL_USEPOOL
00000001   PRD$
0000fb0c   PRD_A_TABBEG
0000fb2c   PRD_A_TABEND
00000001   PRD_A_TABLEN
0000f130   PRD_D_cur
0000f134   PRD_D_elapsed
0000f138   PRD_D_prevtim
0000f13c   PRD_D_scalar
0000f140   PRD_D_swihandle
0000f144   PRD_D_tabbeg
0000f148   PRD_D_tablen
0000f14c   PRD_D_thook
0000f12c   PRD_D_tick
00005da0   PRD_F_swi
00006060   PRD_F_tick
00000004   PRD_SCALAR
0000f980   PRD_SWIHANDLE
00006bc0   PRD_THOOKFXN
0000fb48   PRD_clock
0000f980   PRD_swi
00000001   PRD_swi$dorta
00000001   PRD_swi$ord
00000001   PRD_swi$pri
0000f56c   PRD_swi$sts
0000f9aa   PRD_swi$sts$avgfmt
00000002   PRD_swi$sts$filter
00000001   PRD_swi$sts$filtmaxmult
00000001   PRD_swi$sts$filtsummult
0000f99a   PRD_swi$sts$maxfmt
0000f568   PRD_swi$sts$stsobj
0000f9a2   PRD_swi$sts$sumfmt
00000000   PRD_swi$sts$unittype
00000000   PRD_swi$swi
00000001   QUE$
0000f150   RTA_D_fromHost
0000f158   RTA_D_logval
0000f168   RTA_D_stsval
0000f154   RTA_D_toHost
00008860   RTA_F_andn
000064f8   RTA_F_dispatch
00006400   RTA_F_getlog
00006444   RTA_F_getsts
00008880   RTA_F_or
0000648c   RTA_F_readblk
000064b8   RTA_F_resetmem
000064ac   RTA_F_writeword
0000e3b4   RTA_dispatcher
0000f5f8   RTA_dispatcher$
00006548   RTA_execute
0000fad4   RTA_fromHost
0000d0a4   RTA_fromHost$buf
00000004   RTA_fromHost$framesize
00000000   RTA_fromHost$hst
00000001   RTA_fromHost$id
00000000   RTA_fromHost$mode
0000f800   RTA_fromHost$pipe
0000f830   RTA_fromHost$pipe$aaa
0000f860   RTA_fromHost$pipe$bbb
0000f2d8   RTA_fromHost$pipe$dtab
0000f804   RTA_fromHost$pipe$rd
0000f834   RTA_fromHost$pipe$wr
0000fadc   RTA_fromHost$rtdx
0000faf0   RTA_toHost
0000f700   RTA_toHost$buf
00000040   RTA_toHost$framesize
00000000   RTA_toHost$hst
00000000   RTA_toHost$id
00000001   RTA_toHost$mode
0000f864   RTA_toHost$pipe
0000f894   RTA_toHost$pipe$aaa
0000f8c4   RTA_toHost$pipe$bbb
0000f2e4   RTA_toHost$pipe$dtab
0000f868   RTA_toHost$pipe$rd
0000f898   RTA_toHost$pipe$wr
0000faf8   RTA_toHost$rtdx
00000001   RTDX$
00000408   RTDX_BUFMEMSIZE
ffffffff   RTDX_DATAMEMSEG
00000000   RTDX_MODE
00000001   RTDX_NORMALIZED_HDR
00000001   RTDX_USERTDX
00000000   RTDX_USERTEXECUTION
ffffffff   SDRAM
00000000   SEM$
00000000   SIO$
00000001   STS$
0000f558   STS_A_TABBEG
0000f5c8   STS_A_TABEND
00008578   STS_F_add
00008540   STS_F_delta
000085a4   STS_F_reset
00000001   SWI$
0000f980   SWI_A_TABBEG
0000fa30   SWI_A_TABEND
00000004   SWI_A_TABLEN
0000f1c4   SWI_D_curfxn
0000f1b4   SWI_D_curmask
0000f1c0   SWI_D_curmbox
0000f1b8   SWI_D_curset
0000f1b0   SWI_D_execaddr
0000f1cc   SWI_D_inswi
0000f1bc   SWI_D_lock
0000f1c8   SWI_D_rdybeg
0000f1d0   SWI_D_rdytab
0000f1ac   SWI_D_runaddr
00000000   SWI_EHOOKFXN
0000561c   SWI_EXECFXN
00005400   SWI_F_enable
0000561c   SWI_F_exec
00005648   SWI_F_iexec
00005470   SWI_F_post
000056d8   SWI_F_run
00000000   SWI_IHOOKFXN
000056d8   SWI_RUNFXN
00000001   SYS$
0000fb2c   SYS$config
000088a0   SYS_ABORTFXN
000089a0   SYS_ERRORFXN
000089c0   SYS_EXITFXN
00008760   SYS_PUTCFXN
0000fb40   TRC_R_mask
0000fb3c   TRC_cinit
00000001   TSK$
00000000   TSK_NUM_HOOKS
00000001   TSK_PRIORITY
00000000   TSK_READYFXN
00000000   TSK_STACKSEG
00000400   TSK_STACKSIZE
00000000   TSK_SWITCHFXN
00008920   TSK_VCREATEFXN
00008920   TSK_VDELETEFXN
00008920   TSK_VEXITFXN
0000fa3c   TSK_idle
00000000   TSK_idle$ord
00000000   TSK_idle$pri
0000e7e0   TSK_idle$stack
0000eb78   TSK_idle$stkptr
0000f5ac   TSK_idle$sts
0000fa12   TSK_idle$sts$avgfmt
00000002   TSK_idle$sts$filter
00000001   TSK_idle$sts$filtmaxmult
00000001   TSK_idle$sts$filtsummult
0000fa02   TSK_idle$sts$maxfmt
0000f5a8   TSK_idle$sts$stsobj
0000fa0a   TSK_idle$sts$sumfmt
00000000   TSK_idle$sts$unittype
00000000   TSK_idle$tsk
00000000   UDEV$
0000e3c0   _BIOS_init
0000e5cc   _BIOS_start
0000dbba   _CLK_COUNTSPMS
0000f33c   _CLK_DFLTMICROSECS
0000f128   _CLK_D_countspms
0000f11c   _CLK_D_dirty
0000f340   _CLK_D_microseconds
0000f120   _CLK_D_prd
0000f124   _CLK_D_tddr
00007574   _CLK_F_itime
0000dbba   _CLK_PRD
01940000   _CLK_REGS
00000000   _CLK_TDDR
00000000   _CLK_TIMERNUM
00000001   _CLK_USETIMER
0000f10c   _CLK_htimeDiv
0000f110   _CLK_htimeMult
0000f34c   _CLK_htimePerLtime
00007574   _CLK_itime
0000f114   _CLK_ltimeDiv
0000f118   _CLK_ltimeMult
00007f20   _CLK_measure
000087c0   _CLK_start
000088e0   _CLK_stop
0000bc60   _CSL6713_LIB_
0000a200   _DSK6713_LED_init
0000a240   _DSK6713_LED_off
0000a2b0   _DSK6713_LED_on
0000a320   _DSK6713_LED_toggle
00009874   _DSK6713_getVersion
000094ac   _DSK6713_init
000097c8   _DSK6713_rget
000097dc   _DSK6713_rset
00004804   _DSK6713_version
000097f0   _DSK6713_wait
00009848   _DSK6713_waitusec
0000a760   _EDMA_allocTable
0000b420   _EDMA_config
0000ba20   _EDMA_disableChannel
0000ba80   _EDMA_enableChannel
0000b120   _EDMA_intAlloc
0000bc80   _EDMA_intClear
0000bae0   _EDMA_intEnable
0000bca0   _EDMA_intTest
0000bba0   _EDMA_link
000098e0   _EDMA_open
0000bb40   _EDMA_qdmaConfig
0000ad80   _EDMA_reset
00008920   _FXN_F_nop
000083c8   _FXN_F_run
00008418   _FXN_F_zero
00000000   _GBL_CACHE
0000f184   _GBL_clkIn
00007ba0   _GBL_cslCacheInit
0000f188   _GBL_freq
00008940   _GBL_getVersion
0000f180   _GBL_procId
0000aac8   _GBL_setPLLto225MHz
0000fad0   _HST_A_TABBEG
0000fb0c   _HST_A_TABEND
00005108   _HWI_CFGDISPATCHED
0000f2fc   _HWI_D_inhwi
0000f2f0   _HWI_D_spsave
00005940   _HWI_F_dispatch
0000000a   _HWI_INT10
0000000b   _HWI_INT11
0000000c   _HWI_INT12
0000000d   _HWI_INT13
0000000e   _HWI_INT14
0000000f   _HWI_INT15
00000004   _HWI_INT4
00000005   _HWI_INT5
00000006   _HWI_INT6
00000007   _HWI_INT7
00000008   _HWI_INT8
00000009   _HWI_INT9
00000001   _HWI_NMI
00000002   _HWI_RESERVED0
00000003   _HWI_RESERVED1
00000000   _HWI_RESET
0000efd8   _HWI_STKBOTTOM
0000ebe0   _HWI_STKTOP
0000f2f0   _HWI_data
00008640   _HWI_disable
0000efe0   _HWI_dispatchTab
00008658   _HWI_enable
00008b8c   _HWI_handleEDMAInterrupt
0000866c   _HWI_restore
0000f5bc   _IDL_busyObj
0000e3ac   _IDL_cpuLoad
00008960   _IDL_loop
ffffffff   _IRAM
0000bbe0   _IRQ_enable
0000bcc0   _IRQ_globalEnable
0000a3e0   _IRQ_map
0000f250   _KNL_alarm
00007a60   _KNL_check
0000f274   _KNL_curqueue
0000f264   _KNL_curtask
0000f26c   _KNL_curtime
0000454c   _KNL_dummy
00007cd4   _KNL_enter
00007c80   _KNL_exit
00007b38   _KNL_idle
0000f28c   _KNL_idlefxn
0000f258   _KNL_inactive
00008000   _KNL_ipost
00007b5c   _KNL_max
0000f278   _KNL_maxqueue
000080c0   _KNL_post
0000f268   _KNL_prevtask
0000f25c   _KNL_priority
000044ac   _KNL_queues
00006140   _KNL_run
00007240   _KNL_saveIsrFrame
0000f260   _KNL_set
0000f254   _KNL_setpri
0000f9ac   _KNL_swi
0000f270   _KNL_swiptr
0000730c   _KNL_switch
0000f280   _KNL_tcreatefxn
0000f284   _KNL_tdeletefxn
00006bc0   _KNL_tick
0000f288   _KNL_treadyfxn
0000f27c   _KNL_tswitchfxn
0000f248   _KNL_wFlag
0000f24c   _KNL_wList
000081b0   _LCK_pend
00008180   _LCK_post
0000fb0c   _LEDBlinker
0000e3b0   _LNK_dataPump
0000f30c   _LNK_dspFrameReadyMask
0000f308   _LNK_dspFrameRequestMask
0000f314   _LNK_readDone
0000f318   _LNK_readFail
0000f310   _LNK_readPend
0000f31c   _LNK_writeFail
00004808   _LOG_A_TABBEG
00004820   _LOG_A_TABEND
00000001   _LOG_A_TABLEN
0000f0ec   _LOG_D_system
000084c0   _LOG_event
00004808   _LOG_system
0000b840   _MCBSP_config
0000bce0   _MCBSP_getRcvAddr
0000bd00   _MCBSP_getXmtAddr
0000b220   _MCBSP_open
0000a900   _MCBSP_reset
0000b320   _MCBSP_start
0000bd20   _MCBSP_write
0000bd40   _MCBSP_xrdy
0000f18c   _MEM_D_NUMSEGMENTS
0000f194   _MEM_D_freelist
0000f198   _MEM_D_lockaddr
0000f190   _MEM_D_memtab
0000f19c   _MEM_D_unlockaddr
00000000   _MEM_memtab
0000e7c0   _OBJ_init
00004618   _OBJ_segtab
000045e0   _OBJ_table
00008b50   _PER_Blink_LED
0000f800   _PIP_A_TABBEG
0000f8c8   _PIP_A_TABEND
0000f12c   _PRD_D_tick
0000fb48   _PRD_clock
0000f980   _PRD_swi
0000e3b4   _RTA_dispatcher
0000fad4   _RTA_fromHost
0000faf0   _RTA_toHost
0000df60   _RTDX_Buffer
0000e36c   _RTDX_Buffer_End
0000dda0   _RTDX_Buffer_Initialize
0000dee0   _RTDX_Buffer_Read
0000de00   _RTDX_Buffer_ReadCB
0000de60   _RTDX_Buffer_Size
0000e368   _RTDX_Buffer_Start
0000df00   _RTDX_Buffer_Write
0000d4c0   _RTDX_Buffer_WriteCB
0000dea0   _RTDX_Final_RT_Monitor
0000dd20   _RTDX_Init_RT_Monitor
00000002   _RTDX_JTAGONLY
0000df40   _RTDX_Mask_IER
0000db00   _RTDX_Mon_Queue
0000d0c0   _RTDX_Poll
00000000   _RTDX_interrupt_mask
0000e37c   _RTDX_writing
0000f2c8   _RcvPingDone
0000f2cc   _RcvPongDone
ffffffff   _SDRAM
000086a0   _SEM_pend
000066c0   _SEM_pendEnterKnl
00007e40   _SEM_post
00007e40   _SEM_postBinary
00007d60   _SEM_postEnterKnl
0000f558   _STS_A_TABBEG
0000f5c8   _STS_A_TABEND
00008578   _STS_add
00008540   _STS_delta
000085a4   _STS_reset
00008980   _STS_set
0000f1c4   _SWI_D_curfxn
0000f1b4   _SWI_D_curmask
0000f1b8   _SWI_D_curset
0000f1b0   _SWI_D_execaddr
0000f1cc   _SWI_D_inswi
0000f1bc   _SWI_D_lock
0000f1c8   _SWI_D_rdybeg
0000f1ac   _SWI_D_runaddr
0000f1ac   _SWI_data
00005470   _SWI_post
00008e28   _SWI_processPing
00008ea4   _SWI_processPong
0000f1a0   _SYS
0000f358   _SYS_PUTCBEG
0000f557   _SYS_PUTCEND
00008700   _SYS_abort
00008240   _SYS_exit
00004790   _SYS_exitStack
0000f344   _SYS_exitStackPtr
0000f348   _SYS_exitStackTop
0000aec0   _TIMER_open
0000b000   _TIMER_reset
0000fb40   _TRC_R_mask
0000f338   _TSK
00004584   _TSK_ATTRS
000045a0   _TSK_config
000075c0   _TSK_exit
0000fa3c   _TSK_idle
0000e740   _TSK_init
0000f330   _TSK_nTasks
0000f334   _TSK_pid
00007040   _TSK_setup
000079a0   _TSK_startup
000045c0   _TSK_timerSem
0000f2d0   _TrxPingDone
0000f2d4   _TrxPongDone
000088a0   _UTL_doAbort
000089a0   _UTL_doError
00008760   _UTL_doPutc
000089c0   _UTL_halt
00007590   __CLK_lat1beg
000075bc   __CLK_lat1end
00009fe0   __CSL_init
00005254   __GBL_setL2CacheMode
0000f1a8   __HOOK_NUMHOOKS
0000f1a4   __HOOK_knlId
00005940   __HWI_lat1beg
00005ac0   __HWI_lat1end
00005ac0   __HWI_lat2beg
00005c60   __HWI_lat2end1
00005bec   __HWI_lat2end2
00005c80   __HWI_lat3beg
00005d80   __HWI_lat3end1
00005c1c   __HWI_lat3end2
00008440   __IDL_lat1beg
00008490   __IDL_lat1end
000044a4   __IRQ_dispatchTable
000043e0   __IRQ_eventTable
0000bdc0   __IRQ_hookFetchPacket
0000b8e0   __IRQ_init
00004464   __IRQ_intTable
00007ab0   __KNL_lat1beg
00007b38   __KNL_lat1end
000084c0   __LOG_lat1beg
00004708   __MCBSP_hDev0
0000470c   __MCBSP_hDev1
000046b0   __MEM_mutex
000064b8   __RTA_lat1beg
000064f0   __RTA_lat1end
00006e20   __SEM_dopost
0000efe0   __STACK_END
00000400   __STACK_SIZE
000055ac   __SWI_lat1beg
00005660   __SWI_lat1end
00005664   __SWI_lat2beg
000056d4   __SWI_lat2end
00005400   __SWI_lat3beg
0000546c   __SWI_lat3end
0000476c   __TIMER_deviceTable
0000478c   __TIMER_hBios
00004784   __TIMER_hDev0
00004788   __TIMER_hDev1
00004688   __TSK_mutex
000047f4   ___TI_enable_exit_profile_output
ffffffff   ___TI_pprof_out_hndl
ffffffff   ___TI_prof_data_size
ffffffff   ___TI_prof_data_start
0000bc20   ___add_dtor
00004230   ___atexit_func_id__
ffffffff   ___binit__
0000efe0   ___bss__
ffffffff   ___c_args__
0000bde0   ___cinit__
00000000   ___data__
00000000   ___edata__
0000f358   ___end__
0000bde0   ___etext__
0000d0b4   ___pinit__
000089e0   ___text__
00007760   __auto_init
000047ec   __cleanup_ptr
000047f0   __dtors_ptr
000047f8   __lock
0000bd60   __nop
0000bd80   __register_lock
0000bda0   __register_unlock
0000ebe0   __stack
0000b500   __strasg
000047fc   __unlock
0000b5e0   _atexit
0000e680   _c_int00
0000ac20   _call_dtors
000047b0   _cfgDataMCBSP
00009da0   _conf_AIC23
00008f1c   _conf_EDMA
00004200   _conf_EDMA_iBuf
00004218   _conf_EDMA_oBuf
0000b780   _conf_MCBSP
00004800   _dtors
0000f290   _g
0000f2a0   _hEDMARcv
0000f2a8   _hEDMARcvPing
0000f2ac   _hEDMARcvPong
0000f2a4   _hEDMATrx
0000f2b0   _hEDMATrxPing
0000f2b4   _hEDMATrxPong
0000f29c   _hMcBsp
00000200   _iBufPing
00001200   _iBufPong
00008a28   _main
00004724   _mcbspforAIC23Cfg
00009b60   _memcpy
00004710   _myAIC23_registers
00002200   _oBufPing
00003200   _oBufPong
0000f9d8   _procPing
0000fa04   _procPong
0000f294   _processping
0000f298   _processpong
0000f328   _rtdxNullChanCnt
0000f32c   _rtdxNullFuncCnt
0000e370   _rtdx_buffer_state
0000e390   _rtdx_mon_state
00009f28   _setReg_AIC23
0000b7d8   _start_MCBSP
00004648   _tccAllocTable
0000f2b8   _tccRcvPing
0000f2bc   _tccRcvPong
0000f2c0   _tccTrxPing
0000f2c4   _tccTrxPong
0000aaa0   _wait500nS
ffffffff   binit
0000bde0   cinit
00000000   edata
0000f358   end
0000bde0   etext
00000000   hwi0
00000020   hwi1
00000140   hwi10
00000160   hwi11
00000180   hwi12
000001a0   hwi13
000001c0   hwi14
000001e0   hwi15
00000040   hwi2
00000060   hwi3
00000080   hwi4
000000a0   hwi5
000000c0   hwi6
000000e0   hwi7
00000100   hwi8
00000120   hwi9
0000d0b4   pinit
0000f9d8   procPing
00000001   procPing$dorta
00000003   procPing$ord
00000001   procPing$pri
0000f58c   procPing$sts
0000f9de   procPing$sts$avgfmt
00000002   procPing$sts$filter
00000001   procPing$sts$filtmaxmult
00000001   procPing$sts$filtsummult
0000f9ce   procPing$sts$maxfmt
0000f588   procPing$sts$stsobj
0000f9d6   procPing$sts$sumfmt
00000000   procPing$sts$unittype
00000000   procPing$swi
0000fa04   procPong
00000001   procPong$dorta
00000005   procPong$ord
00000001   procPong$pri
0000f59c   procPong$sts
0000f9f8   procPong$sts$avgfmt
00000002   procPong$sts$filter
00000001   procPong$sts$filtmaxmult
00000001   procPong$sts$filtsummult
0000f9e8   procPong$sts$maxfmt
0000f598   procPong$sts$stsobj
0000f9f0   procPong$sts$sumfmt
00000000   procPong$sts$unittype
00000000   procPong$swi


GLOBAL SYMBOLS: SORTED BY Symbol Address 

address    name
--------   ----
00000000   .data
00000000   BUF$
00000000   CLK_COUNTSPMSHIGH
00000000   CLK_PRDHIGH
00000000   CLK_TDDR
00000000   CLK_TDDRHIGH
00000000   CLK_TIMERNUM
00000000   DEV$
00000000   DGN$
00000000   DHL$
00000000   DHL_gChannelsAvailable
00000000   DIO$
00000000   DIO_NUMSWIBASE
00000000   DIO_NUMTSKBASE
00000000   DIO_STATIC
00000000   DPI$
00000000   GBL_BIGENDIAN
00000000   GBL_C641XL2PRIORITY
00000000   GBL_CACHE
00000000   GBL_L2CONFIGALLOC
00000000   GBL_L2MARMASK1
00000000   GBL_L2MARMASK2
00000000   GBL_L2MARMASK3
00000000   GBL_L2MARMASK4
00000000   GBL_L2MARMASK5
00000000   GBL_L2MODE
00000000   GBL_L2PRIORITY
00000000   GBL_NULL
00000000   GBL_PROCID
00000000   GBL_ROM
00000000   GBL_SUPPORTCSL
00000000   GIO$
00000000   HOOK$
00000000   HOOK_KNLID
00000000   HST_DSM
00000000   HST_NONE
00000000   HWI_A_VECS
00000000   HWI_GENERATE_RESET_VEC
00000000   HWI_INT10$hwi
00000000   HWI_INT11$hwi
00000000   HWI_INT12$hwi
00000000   HWI_INT13$hwi
00000000   HWI_INT14$hwi
00000000   HWI_INT15$hwi
00000000   HWI_INT4$hwi
00000000   HWI_INT5$hwi
00000000   HWI_INT6$hwi
00000000   HWI_INT7$hwi
00000000   HWI_INT8$hwi
00000000   HWI_INT9$hwi
00000000   HWI_NMI$hwi
00000000   HWI_POLARITYMASK
00000000   HWI_RESERVED0$hwi
00000000   HWI_RESERVED1$hwi
00000000   HWI_RESET
00000000   HWI_RESET$hwi
00000000   IDL_busyObj$iB
00000000   IDL_busyObj$operation
00000000   KNL_swi$pri
00000000   KNL_swi$sts$unittype
00000000   KNL_swi$swi
00000000   LEDBlinker$mode
00000000   LEDBlinker$prd
00000000   LEDBlinker$sts$filter
00000000   LOG_system$datatype
00000000   LOG_system$log
00000000   MBX$
00000000   MEM_MALLOCSEG
00000000   MEM_NULL
00000000   MEM_SEGZERO
00000000   MEM_USEMPC
00000000   MEM_gNumHeap
00000000   MSGQ$
00000000   MSGQ_USEMSGQ
00000000   OBJ$
00000000   PIP$
00000000   PIP_gNextId
00000000   POOL$
00000000   POOL_USEPOOL
00000000   PRD_swi$sts$unittype
00000000   PRD_swi$swi
00000000   RTA_fromHost$hst
00000000   RTA_fromHost$mode
00000000   RTA_toHost$hst
00000000   RTA_toHost$id
00000000   RTDX_MODE
00000000   RTDX_USERTEXECUTION
00000000   SEM$
00000000   SIO$
00000000   SWI_EHOOKFXN
00000000   SWI_IHOOKFXN
00000000   TSK_NUM_HOOKS
00000000   TSK_READYFXN
00000000   TSK_STACKSEG
00000000   TSK_SWITCHFXN
00000000   TSK_idle$ord
00000000   TSK_idle$pri
00000000   TSK_idle$sts$unittype
00000000   TSK_idle$tsk
00000000   UDEV$
00000000   _CLK_TDDR
00000000   _CLK_TIMERNUM
00000000   _GBL_CACHE
00000000   _HWI_RESET
00000000   _MEM_memtab
00000000   _RTDX_interrupt_mask
00000000   ___data__
00000000   ___edata__
00000000   edata
00000000   hwi0
00000000   procPing$sts$unittype
00000000   procPing$swi
00000000   procPong$sts$unittype
00000000   procPong$swi
00000001   BUF_ENABLED
00000001   CLK$
00000001   CLK_CALDIV
00000001   CLK_HTIMEDIV
00000001   CLK_LTIMEDIV
00000001   CLK_USETIMER
00000001   GBL$
00000001   GBL_CALLCSLCFGINIT
00000001   GBL_ENABLEINST
00000001   GBL_L2CONFIGURE
00000001   GBL_L2MARMASK
00000001   GBL_USERINIT
00000001   GBL_boot
00000001   HST$
00000001   HST_RTDX
00000001   HWI$
00000001   HWI_NMI
00000001   HWI_ZEROTAB
00000001   IDL$
00000001   IDL_USECLKIDLTIME
00000001   IDL_busyObj$filter
00000001   IDL_busyObj$iA
00000001   IDL_busyObj$iC
00000001   ISRC$
00000001   KNL_swi$dorta
00000001   KNL_swi$sts$filtmaxmult
00000001   KNL_swi$sts$filtsummult
00000001   LCK$
00000001   LEDBlinker$ord
00000001   LOG$
00000001   LOG_A_TABLEN
00000001   LOG_ENABLED
00000001   MEM$
00000001   PRD$
00000001   PRD_A_TABLEN
00000001   PRD_swi$dorta
00000001   PRD_swi$ord
00000001   PRD_swi$pri
00000001   PRD_swi$sts$filtmaxmult
00000001   PRD_swi$sts$filtsummult
00000001   QUE$
00000001   RTA_fromHost$id
00000001   RTA_toHost$mode
00000001   RTDX$
00000001   RTDX_NORMALIZED_HDR
00000001   RTDX_USERTDX
00000001   STS$
00000001   SWI$
00000001   SYS$
00000001   TSK$
00000001   TSK_PRIORITY
00000001   TSK_idle$sts$filtmaxmult
00000001   TSK_idle$sts$filtsummult
00000001   _CLK_USETIMER
00000001   _HWI_NMI
00000001   _LOG_A_TABLEN
00000001   procPing$dorta
00000001   procPing$pri
00000001   procPing$sts$filtmaxmult
00000001   procPing$sts$filtsummult
00000001   procPong$dorta
00000001   procPong$pri
00000001   procPong$sts$filtmaxmult
00000001   procPong$sts$filtsummult
00000002   HWI_RESERVED0
00000002   IDL_busyObj$unittype
00000002   KNL_swi$ord
00000002   KNL_swi$sts$filter
00000002   LEDBlinker$sts$unittype
00000002   PIP_A_TABLEN
00000002   PIP_gNumEmbed
00000002   PRD_swi$sts$filter
00000002   TSK_idle$sts$filter
00000002   _HWI_RESERVED0
00000002   _RTDX_JTAGONLY
00000002   procPing$sts$filter
00000002   procPong$sts$filter
00000003   HWI_RESERVED1
00000003   _HWI_RESERVED1
00000003   procPing$ord
00000004   CLK_CALMULT
00000004   CLK_HTIMEMULT
00000004   HWI_INT4
00000004   PRD_SCALAR
00000004   RTA_fromHost$framesize
00000004   SWI_A_TABLEN
00000004   _HWI_INT4
00000005   HWI_INT5
00000005   _HWI_INT5
00000005   procPong$ord
00000006   HWI_INT6
00000006   IDL_CALIBRERROR
00000006   _HWI_INT6
00000007   HWI_INT7
00000007   _HWI_INT7
00000008   HWI_INT8
00000008   _HWI_INT8
00000009   HWI_INT9
00000009   _HWI_INT9
0000000a   HWI_INT10
0000000a   _HWI_INT10
0000000b   HWI_INT11
0000000b   _HWI_INT11
0000000c   HWI_INT12
0000000c   _HWI_INT12
0000000d   HWI_INT13
0000000d   _HWI_INT13
0000000e   HWI_INT14
0000000e   _HWI_INT14
0000000f   HWI_INT15
0000000f   _HWI_INT15
00000020   CLK_TCR
00000020   hwi1
0000003e   GBL_DSPTYPE
00000040   HST_MAXFRAMESET
00000040   LOG_system$size
00000040   RTA_toHost$framesize
00000040   hwi2
00000042   GBL_FOOTPRINT
00000060   hwi3
00000064   LEDBlinker$period
00000064   PIP_OBJSIZE
00000080   hwi4
000000a0   hwi5
000000c0   hwi6
000000e0   hwi7
000000ff   HST_MAXFRAMEALLOWED
00000100   hwi8
00000120   hwi9
00000140   hwi10
00000160   hwi11
00000180   hwi12
000001a0   hwi13
000001c0   hwi14
000001e0   hwi15
00000200   _iBufPing
000003e8   CLK_MICROSECS
00000400   HST_DSMMEMSIZE
00000400   TSK_STACKSIZE
00000400   __STACK_SIZE
00000408   RTDX_BUFMEMSIZE
00001200   _iBufPong
00001770   GBL_CLKTYPE
00001a39   GBL_DSPSUBTYPE
00002200   _oBufPing
00002226   GBL_L2ALLOC
00003200   _oBufPong
00004000   CLK_INTBIT
00004200   _conf_EDMA_iBuf
00004218   _conf_EDMA_oBuf
00004230   ___atexit_func_id__
000043e0   __IRQ_eventTable
00004464   __IRQ_intTable
000044a4   __IRQ_dispatchTable
000044ac   _KNL_queues
0000454c   _KNL_dummy
00004584   _TSK_ATTRS
000045a0   _TSK_config
000045c0   _TSK_timerSem
000045e0   _OBJ_table
00004618   _OBJ_segtab
00004648   _tccAllocTable
00004688   __TSK_mutex
000046b0   __MEM_mutex
00004708   __MCBSP_hDev0
0000470c   __MCBSP_hDev1
00004710   _myAIC23_registers
00004724   _mcbspforAIC23Cfg
0000476c   __TIMER_deviceTable
00004784   __TIMER_hDev0
00004788   __TIMER_hDev1
0000478c   __TIMER_hBios
00004790   _SYS_exitStack
000047b0   _cfgDataMCBSP
000047ec   __cleanup_ptr
000047f0   __dtors_ptr
000047f4   ___TI_enable_exit_profile_output
000047f8   __lock
000047fc   __unlock
00004800   _dtors
00004804   _DSK6713_version
00004808   LOG_A_TABBEG
00004808   LOG_system
00004808   _LOG_A_TABBEG
00004808   _LOG_system
00004820   LNK_F_checkBufferCall
00004820   LOG_A_TABEND
00004820   _LOG_A_TABEND
00004840   LNK_F_getChanPtr
00004898   LNK_F_init
000048a0   LNK_F_dataPump
000048b4   LNK_rcloop
00004980   LNK_rdrtry
00004990   LNK_rrloop
00004a54   LNK_wrrtry
00004a64   LNK_wrloop
00004b40   LNK_newin
00004c80   LNK_newout
00004de4   LNK_F_readCallBack
00004e20   GBL_CLKIN
00005108   HWI_CFGDISPATCHED
00005108   _HWI_CFGDISPATCHED
00005205   GBL_A_VERSION
00005254   __GBL_setL2CacheMode
00005400   SWI_F_enable
00005400   __SWI_lat3beg
0000546c   __SWI_lat3end
00005470   SWI_F_post
00005470   _SWI_post
000055ac   __SWI_lat1beg
0000561c   SWI_EXECFXN
0000561c   SWI_F_exec
00005648   SWI_F_iexec
00005660   __SWI_lat1end
00005664   __SWI_lat2beg
000056d4   __SWI_lat2end
000056d8   SWI_F_run
000056d8   SWI_RUNFXN
00005940   CLK_HOOKFXN
00005940   HWI_F_dispatch
00005940   _HWI_F_dispatch
00005940   __HWI_lat1beg
00005ac0   __HWI_lat1end
00005ac0   __HWI_lat2beg
00005bec   __HWI_lat2end2
00005c1c   __HWI_lat3end2
00005c60   __HWI_lat2end1
00005c80   __HWI_lat3beg
00005d80   __HWI_lat3end1
00005da0   PRD_F_swi
00006060   PRD_F_tick
00006140   _KNL_run
00006400   RTA_F_getlog
00006444   RTA_F_getsts
0000648c   RTA_F_readblk
000064ac   RTA_F_writeword
000064b8   RTA_F_resetmem
000064b8   __RTA_lat1beg
000064f0   __RTA_lat1end
000064f8   RTA_F_dispatch
00006548   RTA_execute
000066c0   _SEM_pendEnterKnl
00006bc0   PRD_THOOKFXN
00006bc0   _KNL_tick
00006be0   PIP_F_take
00006c74   PIP_F_give
00006c74   PIP_F_probe
00006d48   PIP_F_start
00006e20   __SEM_dopost
00007040   _TSK_setup
00007240   _KNL_saveIsrFrame
0000730c   _KNL_switch
000073c0   KNL_glue
00007400   CLK_F_getltime
00007414   CLK_F_isr
00007574   CLK_F_itime
00007574   _CLK_F_itime
00007574   _CLK_itime
00007590   __CLK_lat1beg
000075bc   __CLK_lat1end
000075c0   _TSK_exit
00007760   __auto_init
000079a0   _TSK_startup
00007a60   _KNL_check
00007ab0   __KNL_lat1beg
00007b38   _KNL_idle
00007b38   __KNL_lat1end
00007b5c   _KNL_max
00007ba0   _GBL_cslCacheInit
00007c80   _KNL_exit
00007cd4   _KNL_enter
00007d60   _SEM_postEnterKnl
00007e40   _SEM_post
00007e40   _SEM_postBinary
00007f20   _CLK_measure
00008000   _KNL_ipost
000080c0   _KNL_post
00008180   _LCK_post
000081b0   _LCK_pend
00008240   _SYS_exit
00008300   CLK_F_getfhtime
00008320   CLK_F_gethtime
00008320   CLK_F_getshtime
00008320   CLK_TIMEFXN
000083c0   FXN_F_nop
000083c8   FXN_F_run
000083c8   _FXN_F_run
00008418   FXN_F_zero
00008418   _FXN_F_zero
00008440   IDL_F_busy
00008440   __IDL_lat1beg
00008490   __IDL_lat1end
000084c0   LOG_F_event
000084c0   _LOG_event
000084c0   __LOG_lat1beg
00008540   STS_F_delta
00008540   _STS_delta
00008578   STS_F_add
00008578   _STS_add
000085a4   STS_F_reset
000085a4   _STS_reset
000085c0   IDL_F_calibrate
00008640   _HWI_disable
00008658   _HWI_enable
0000866c   _HWI_restore
000086a0   _SEM_pend
00008700   _SYS_abort
00008760   SYS_PUTCFXN
00008760   _UTL_doPutc
000087c0   _CLK_start
00008820   IDL_CALIBRFXN
00008820   IDL_F_stub
00008860   RTA_F_andn
00008880   RTA_F_or
000088a0   SYS_ABORTFXN
000088a0   _UTL_doAbort
000088e0   _CLK_stop
00008920   GIO_CREATEFXN
00008920   GIO_DELETEFXN
00008920   GIO_PENDFXN
00008920   GIO_POSTFXN
00008920   TSK_VCREATEFXN
00008920   TSK_VDELETEFXN
00008920   TSK_VEXITFXN
00008920   _FXN_F_nop
00008940   _GBL_getVersion
00008960   IDL_F_loop
00008960   _IDL_loop
00008980   _STS_set
000089a0   SYS_ERRORFXN
000089a0   _UTL_doError
000089c0   SYS_EXITFXN
000089c0   _UTL_halt
000089e0   .text
000089e0   ___text__
00008a28   _main
00008b50   _PER_Blink_LED
00008b8c   _HWI_handleEDMAInterrupt
00008e28   _SWI_processPing
00008ea4   _SWI_processPong
00008f1c   _conf_EDMA
000094ac   _DSK6713_init
000097c8   _DSK6713_rget
000097dc   _DSK6713_rset
000097f0   _DSK6713_wait
00009848   _DSK6713_waitusec
00009874   _DSK6713_getVersion
000098e0   _EDMA_open
00009b60   _memcpy
00009da0   _conf_AIC23
00009f28   _setReg_AIC23
00009fe0   __CSL_init
0000a200   _DSK6713_LED_init
0000a240   _DSK6713_LED_off
0000a2b0   _DSK6713_LED_on
0000a320   _DSK6713_LED_toggle
0000a3e0   _IRQ_map
0000a760   _EDMA_allocTable
0000a900   _MCBSP_reset
0000aaa0   _wait500nS
0000aac8   GBL_USERINITFXN
0000aac8   _GBL_setPLLto225MHz
0000ac20   _call_dtors
0000ad80   _EDMA_reset
0000aec0   _TIMER_open
0000b000   _TIMER_reset
0000b120   _EDMA_intAlloc
0000b220   _MCBSP_open
0000b320   _MCBSP_start
0000b420   _EDMA_config
0000b500   __strasg
0000b5e0   _atexit
0000b780   _conf_MCBSP
0000b7d8   _start_MCBSP
0000b840   _MCBSP_config
0000b8e0   __IRQ_init
0000ba20   _EDMA_disableChannel
0000ba80   _EDMA_enableChannel
0000bae0   _EDMA_intEnable
0000bb40   _EDMA_qdmaConfig
0000bba0   _EDMA_link
0000bbe0   _IRQ_enable
0000bc20   ___add_dtor
0000bc60   _CSL6713_LIB_
0000bc80   _EDMA_intClear
0000bca0   _EDMA_intTest
0000bcc0   _IRQ_globalEnable
0000bce0   _MCBSP_getRcvAddr
0000bd00   _MCBSP_getXmtAddr
0000bd20   _MCBSP_write
0000bd40   _MCBSP_xrdy
0000bd60   __nop
0000bd80   __register_lock
0000bda0   __register_unlock
0000bdc0   __IRQ_hookFetchPacket
0000bde0   ___cinit__
0000bde0   ___etext__
0000bde0   cinit
0000bde0   etext
0000d0a4   RTA_fromHost$buf
0000d0b4   ___pinit__
0000d0b4   pinit
0000d0c0   _RTDX_Poll
0000d4c0   _RTDX_Buffer_WriteCB
0000db00   _RTDX_Mon_Queue
0000dbba   CLK_COUNTSPMS
0000dbba   CLK_HTIMEPERLTIME
0000dbba   CLK_PRD
0000dbba   _CLK_COUNTSPMS
0000dbba   _CLK_PRD
0000dbef   GBL_TRCMASKVALUE
0000dd20   _RTDX_Init_RT_Monitor
0000dda0   _RTDX_Buffer_Initialize
0000de00   _RTDX_Buffer_ReadCB
0000de60   _RTDX_Buffer_Size
0000dea0   _RTDX_Final_RT_Monitor
0000dee0   _RTDX_Buffer_Read
0000df00   _RTDX_Buffer_Write
0000df40   _RTDX_Mask_IER
0000df60   _RTDX_Buffer
0000e368   _RTDX_Buffer_Start
0000e36c   _RTDX_Buffer_End
0000e370   _rtdx_buffer_state
0000e37c   _RTDX_writing
0000e390   _rtdx_mon_state
0000e3ac   IDL_A_TABBEG
0000e3ac   IDL_cpuLoad
0000e3ac   _IDL_cpuLoad
0000e3b0   LNK_dataPump
0000e3b0   _LNK_dataPump
0000e3b4   RTA_dispatcher
0000e3b4   _RTA_dispatcher
0000e3b8   IDL_END
0000e3c0   BIOS_init
0000e3c0   _BIOS_init
0000e524   BIOS$$CLKON
0000e564   BIOS$$CLKOFF
0000e5cc   BIOS_start
0000e5cc   _BIOS_start
0000e680   _c_int00
0000e740   _TSK_init
0000e7c0   _OBJ_init
0000e7e0   TSK_idle$stack
0000eb78   TSK_idle$stkptr
0000ebe0   GBL_stackbeg
0000ebe0   _HWI_STKTOP
0000ebe0   __stack
0000efd8   _HWI_STKBOTTOM
0000efdf   GBL_stackend
0000efe0   $bss
0000efe0   .bss
0000efe0   _HWI_dispatchTab
0000efe0   __STACK_END
0000efe0   ___bss__
0000f0e0   IDL_D_tabbeg
0000f0e4   IDL_D_calibrate
0000f0e8   IDL_D_calbeg
0000f0ec   LOG_D_system
0000f0ec   _LOG_D_system
0000f0f0   PIP_D_tabbeg
0000f0f4   PIP_D_tablen
0000f0f8   CLK_R_time
0000f0fc   CLK_D_timefxn
0000f100   CLK_D_tabbeg
0000f104   CLK_D_isrhook
0000f108   CLK_D_idletime
0000f10c   _CLK_htimeDiv
0000f110   _CLK_htimeMult
0000f114   _CLK_ltimeDiv
0000f118   _CLK_ltimeMult
0000f11c   _CLK_D_dirty
0000f120   _CLK_D_prd
0000f124   _CLK_D_tddr
0000f128   _CLK_D_countspms
0000f12c   PRD_D_tick
0000f12c   _PRD_D_tick
0000f130   PRD_D_cur
0000f134   PRD_D_elapsed
0000f138   PRD_D_prevtim
0000f13c   PRD_D_scalar
0000f140   PRD_D_swihandle
0000f144   PRD_D_tabbeg
0000f148   PRD_D_tablen
0000f14c   PRD_D_thook
0000f150   RTA_D_fromHost
0000f154   RTA_D_toHost
0000f158   RTA_D_logval
0000f168   RTA_D_stsval
0000f174   HST_D_chanmask
0000f178   HST_D_tabbeg
0000f17c   HST_D_tabend
0000f180   _GBL_procId
0000f184   _GBL_clkIn
0000f188   _GBL_freq
0000f18c   _MEM_D_NUMSEGMENTS
0000f190   _MEM_D_memtab
0000f194   _MEM_D_freelist
0000f198   _MEM_D_lockaddr
0000f19c   _MEM_D_unlockaddr
0000f1a0   _SYS
0000f1a4   __HOOK_knlId
0000f1a8   __HOOK_NUMHOOKS
0000f1ac   SWI_D_runaddr
0000f1ac   _SWI_D_runaddr
0000f1ac   _SWI_data
0000f1b0   SWI_D_execaddr
0000f1b0   _SWI_D_execaddr
0000f1b4   SWI_D_curmask
0000f1b4   _SWI_D_curmask
0000f1b8   SWI_D_curset
0000f1b8   _SWI_D_curset
0000f1bc   SWI_D_lock
0000f1bc   _SWI_D_lock
0000f1c0   SWI_D_curmbox
0000f1c4   SWI_D_curfxn
0000f1c4   _SWI_D_curfxn
0000f1c8   SWI_D_rdybeg
0000f1c8   _SWI_D_rdybeg
0000f1cc   SWI_D_inswi
0000f1cc   _SWI_D_inswi
0000f1d0   SWI_D_rdytab
0000f248   _KNL_wFlag
0000f24c   _KNL_wList
0000f250   _KNL_alarm
0000f254   _KNL_setpri
0000f258   _KNL_inactive
0000f25c   _KNL_priority
0000f260   _KNL_set
0000f264   _KNL_curtask
0000f268   _KNL_prevtask
0000f26c   _KNL_curtime
0000f270   _KNL_swiptr
0000f274   _KNL_curqueue
0000f278   _KNL_maxqueue
0000f27c   _KNL_tswitchfxn
0000f280   _KNL_tcreatefxn
0000f284   _KNL_tdeletefxn
0000f288   _KNL_treadyfxn
0000f28c   _KNL_idlefxn
0000f290   _g
0000f294   _processping
0000f298   _processpong
0000f29c   _hMcBsp
0000f2a0   _hEDMARcv
0000f2a4   _hEDMATrx
0000f2a8   _hEDMARcvPing
0000f2ac   _hEDMARcvPong
0000f2b0   _hEDMATrxPing
0000f2b4   _hEDMATrxPong
0000f2b8   _tccRcvPing
0000f2bc   _tccRcvPong
0000f2c0   _tccTrxPing
0000f2c4   _tccTrxPong
0000f2c8   _RcvPingDone
0000f2cc   _RcvPongDone
0000f2d0   _TrxPingDone
0000f2d4   _TrxPongDone
0000f2d8   RTA_fromHost$pipe$dtab
0000f2e4   RTA_toHost$pipe$dtab
0000f2f0   HWI_D_spsave
0000f2f0   _HWI_D_spsave
0000f2f0   _HWI_data
0000f2fc   _HWI_D_inhwi
0000f300   HWI_D_bss
0000f304   HWI_D_ccmask
0000f308   LNK_dspFrameRequestMask
0000f308   _LNK_dspFrameRequestMask
0000f30c   LNK_dspFrameReadyMask
0000f30c   _LNK_dspFrameReadyMask
0000f310   LNK_readPend
0000f310   _LNK_readPend
0000f314   LNK_readDone
0000f314   _LNK_readDone
0000f318   LNK_readFail
0000f318   _LNK_readFail
0000f31c   LNK_writeFail
0000f31c   _LNK_writeFail
0000f328   _rtdxNullChanCnt
0000f32c   _rtdxNullFuncCnt
0000f330   _TSK_nTasks
0000f334   _TSK_pid
0000f338   _TSK
0000f33c   _CLK_DFLTMICROSECS
0000f340   _CLK_D_microseconds
0000f344   _SYS_exitStackPtr
0000f348   _SYS_exitStackTop
0000f34c   _CLK_htimePerLtime
0000f354   IDL_D_busyObj
0000f358   _SYS_PUTCBEG
0000f358   ___end__
0000f358   end
0000f557   _SYS_PUTCEND
0000f558   LEDBlinker$sts$stsobj
0000f558   STS_A_TABBEG
0000f558   _STS_A_TABBEG
0000f55c   LEDBlinker$sts
0000f568   PRD_swi$sts$stsobj
0000f56c   PRD_swi$sts
0000f578   KNL_swi$sts$stsobj
0000f57c   KNL_swi$sts
0000f588   procPing$sts$stsobj
0000f58c   procPing$sts
0000f598   procPong$sts$stsobj
0000f59c   procPong$sts
0000f5a8   TSK_idle$sts$stsobj
0000f5ac   TSK_idle$sts
0000f5b8   IDL_busyObj$stsobj
0000f5bc   IDL_busyObj
0000f5bc   _IDL_busyObj
0000f5c8   STS_A_TABEND
0000f5c8   _STS_A_TABEND
0000f5f0   IDL_A_CALBEG
0000f5f0   IDL_cpuLoad$
0000f5f4   LNK_dataPump$
0000f5f8   RTA_dispatcher$
0000f5fc   IDL_END$
0000f600   LOG_system$buf
0000f700   RTA_toHost$buf
0000f800   PIP_A_TABBEG
0000f800   RTA_fromHost$pipe
0000f800   _PIP_A_TABBEG
0000f804   RTA_fromHost$pipe$rd
0000f830   RTA_fromHost$pipe$aaa
0000f834   RTA_fromHost$pipe$wr
0000f860   RTA_fromHost$pipe$bbb
0000f864   RTA_toHost$pipe
0000f868   RTA_toHost$pipe$rd
0000f894   RTA_toHost$pipe$aaa
0000f898   RTA_toHost$pipe$wr
0000f8c4   RTA_toHost$pipe$bbb
0000f8c8   PIP_A_TABEND
0000f8c8   _PIP_A_TABEND
0000f97d   LEDBlinker$sts$maxfmt
0000f980   PRD_SWIHANDLE
0000f980   PRD_swi
0000f980   SWI_A_TABBEG
0000f980   _PRD_swi
0000f986   LEDBlinker$sts$sumfmt
0000f98f   LEDBlinker$sts$avgfmt
0000f99a   PRD_swi$sts$maxfmt
0000f9a2   PRD_swi$sts$sumfmt
0000f9aa   PRD_swi$sts$avgfmt
0000f9ac   KNL_swi
0000f9ac   _KNL_swi
0000f9b4   KNL_swi$sts$maxfmt
0000f9bc   KNL_swi$sts$sumfmt
0000f9c4   KNL_swi$sts$avgfmt
0000f9ce   procPing$sts$maxfmt
0000f9d6   procPing$sts$sumfmt
0000f9d8   _procPing
0000f9d8   procPing
0000f9de   procPing$sts$avgfmt
0000f9e8   procPong$sts$maxfmt
0000f9f0   procPong$sts$sumfmt
0000f9f8   procPong$sts$avgfmt
0000fa02   TSK_idle$sts$maxfmt
0000fa04   _procPong
0000fa04   procPong
0000fa0a   TSK_idle$sts$sumfmt
0000fa12   TSK_idle$sts$avgfmt
0000fa1c   IDL_busyObj$maxfmt
0000fa1f   IDL_busyObj$sumfmt
0000fa22   IDL_busyObj$avgfmt
0000fa30   SWI_A_TABEND
0000fa3c   TSK_idle
0000fa3c   _TSK_idle
0000fad0   HST_A_TABBEG
0000fad0   _HST_A_TABBEG
0000fad4   RTA_fromHost
0000fad4   _RTA_fromHost
0000fadc   RTA_fromHost$rtdx
0000faf0   RTA_toHost
0000faf0   _RTA_toHost
0000faf8   RTA_toHost$rtdx
0000fb0c   HST_A_TABEND
0000fb0c   LEDBlinker
0000fb0c   PRD_A_TABBEG
0000fb0c   _HST_A_TABEND
0000fb0c   _LEDBlinker
0000fb28   LEDBlinker$aaa
0000fb2c   PRD_A_TABEND
0000fb2c   SYS$config
0000fb3c   TRC_cinit
0000fb40   TRC_R_mask
0000fb40   _TRC_R_mask
0000fb44   GBL_initdone
0000fb48   CLK_A_TABBEG
0000fb48   PRD_clock
0000fb48   _PRD_clock
0000fb4c   CLK_null
00036ee8   CLK_LTIMEMULT
00036ee8   GBL_FREQ
01940000   CLK_REGS
01940000   _CLK_REGS
08203da3   HWI_INTRMULTHIGH
310718aa   HWI_INTRMULTLOW
ffffffff   HST_DSMBUFSEG
ffffffff   IRAM
ffffffff   RTDX_DATAMEMSEG
ffffffff   SDRAM
ffffffff   _IRAM
ffffffff   _SDRAM
ffffffff   ___TI_pprof_out_hndl
ffffffff   ___TI_prof_data_size
ffffffff   ___TI_prof_data_start
ffffffff   ___binit__
ffffffff   ___c_args__
ffffffff   binit

[822 symbols]
