******************************************************************************
               TMS320C6x Linker PC v7.4.4                      
******************************************************************************
>> Linked Wed Jan 29 16:04:49 2014

OUTPUT FILE NAME:   <QPSKModulator.out>
ENTRY POINT SYMBOL: "_c_int00"  address: 0000be60


MEMORY CONFIGURATION

         name            origin    length      used     unused   attr    fill
----------------------  --------  ---------  --------  --------  ----  --------
  IRAM                  00000000   00040000  0000d7f7  00032809  RWIX
  SDRAM                 80000000   00800000  00000000  00800000  RWIX


SECTION ALLOCATION MAP

 output                                  attributes/
section   page    origin      length       input sections
--------  ----  ----------  ----------   ----------------
.vers      0    00000000    00000040     COPY SECTION
                  00000000    00000040     LED_blinkcfg.obj (.vers)

.hwi_vec   0    00000000    00000200     
                  00000000    00000200     LED_blinkcfg.obj (.hwi_vec)

.data      0    00000000    00000000     UNINITIALIZED

.bios      0    00000200    00004220     
                  00000200    00000600     lnkrtdx.a67 : rtdx.o67 (.bios)
                  00000800    000005e0     bios.a67 : gbl_setL2CacheMode.o67 (.bios)
                  00000de0    00000540              : swi.o67 (.bios)
                  00001320    00000460              : hwi_disp_asm.o67 (.bios)
                  00001780    000003a0              : prd.o67 (.bios)
                  00001b20    000002c0              : knl_run.o67 (.bios)
                  00001de0    000002c0              : rta.o67 (.bios)
                  000020a0    000002c0              : sem_pend.o67 (.bios)
                  00002360    00000260              : knl_tick.o67 (.bios)
                  000025c0    00000240              : pip.o67 (.bios)
                  00002800    00000220              : sem_dopo.o67 (.bios)
                  00002a20    00000200              : tsk_setu.o67 (.bios)
                  00002c20    000001c0              : knl_swit.o67 (.bios)
                  00002de0    000001c0     biosC6000.a67 : clk.o67 (.bios)
                  00002fa0    000001a0     bios.a67 : tsk_exit.o67 (.bios)
                  00003140    00000180              : autoinit.o67 (.bios)
                  000032c0    00000180              : tsk_stup.o67 (.bios)
                  00003440    00000140              : knl_chec.o67 (.bios)
                  00003580    000000e0              : gbl_cslcacheinit.o67 (.bios)
                  00003660    000000e0              : knl_exit.o67 (.bios)
                  00003740    000000e0              : sem_post.o67 (.bios)
                  00003820    000000e0              : sem_post_asm.o67 (.bios)
                  00003900    000000e0     biosC6000.a67 : clk_meas.o67 (.bios)
                  000039e0    000000c0     bios.a67 : knl_ipos.o67 (.bios)
                  00003aa0    000000c0              : knl_post.o67 (.bios)
                  00003b60    000000c0              : lck.o67 (.bios)
                  00003c20    000000c0              : sys_exit.o67 (.bios)
                  00003ce0    000000c0     biosC6000.a67 : clk_htime.o67 (.bios)
                  00003da0    00000080     bios.a67 : fxn.o67 (.bios)
                  00003e20    00000080              : idl_busy.o67 (.bios)
                  00003ea0    00000080              : log.o67 (.bios)
                  00003f20    00000080              : sts.o67 (.bios)
                  00003fa0    00000080     biosC6000.a67 : idl_cal.o67 (.bios)
                  00004020    00000060     bios.a67 : hwi_c.o67 (.bios)
                  00004080    00000060              : sem_pend_binary.o67 (.bios)
                  000040e0    00000060              : sem_pend_counting.o67 (.bios)
                  00004140    00000060              : sys_abor.o67 (.bios)
                  000041a0    00000060              : utl_putc.o67 (.bios)
                  00004200    00000060     biosC6000.a67 : clk_start.o67 (.bios)
                  00004260    00000040     bios.a67 : idl_stub.o67 (.bios)
                  000042a0    00000040              : rta_andn.o67 (.bios)
                  000042e0    00000040              : utl_doab.o67 (.bios)
                  00004320    00000040     biosC6000.a67 : clk_stop.o67 (.bios)
                  00004360    00000020     bios.a67 : fxn_c.o67 (.bios)
                  00004380    00000020              : gbl_vers.o67 (.bios)
                  000043a0    00000020              : idl.o67 (.bios)
                  000043c0    00000020              : sts_set.o67 (.bios)
                  000043e0    00000020              : utl_doer.o67 (.bios)
                  00004400    00000020              : utl_halt.o67 (.bios)

.text      0    00004420    00003220     
                  00004420    00000840     main.obj (.text)
                  00004c60    00000480     dsk6713bsl.lib : dsk6713.obj (.text)
                  000050e0    00000280     csl6713.lib : csl_edma.obj (.text:_EDMA_open)
                  00005360    00000240     rts6700.lib : memcpy62.obj (.text:_memcpy)
                  000055a0    00000240     config_AIC23.obj (.text)
                  000057e0    00000220     csl6713.lib : csl.obj (.text:__CSL_init)
                  00005a00    000001e0     dsk6713bsl.lib : dsk6713_led.obj (.text)
                  00005be0    000001c0     csl6713.lib : csl_irq.obj (.text:_IRQ_map)
                  00005da0    000001c0                 : csl_irq.obj (.text:_mux2Tables)
                  00005f60    000001a0                 : csl_edma.obj (.text:_EDMA_allocTable)
                  00006100    000001a0                 : csl_mcbsp.obj (.text:_MCBSP_reset)
                  000062a0    00000180     bios.a67 : gbl_cslpllinit62.o67 (.text)
                  00006420    00000160     rts6700.lib : sinit.obj (.text:_call_dtors)
                  00006580    00000140     csl6713.lib : csl_edma.obj (.text:_EDMA_reset)
                  000066c0    00000140                 : csl_timer.obj (.text:_TIMER_open)
                  00006800    00000120                 : csl_timer.obj (.text:_TIMER_reset)
                  00006920    00000100                 : csl_edma.obj (.text:_EDMA_intAlloc)
                  00006a20    00000100                 : csl_mcbsp.obj (.text:_MCBSP_open)
                  00006b20    00000100                 : csl_mcbsp.obj (.text:_MCBSP_start)
                  00006c20    000000e0                 : csl_edma.obj (.text:_EDMA_config)
                  00006d00    000000e0     rts6700.lib : strasg.obj (.text:__strasg)
                  00006de0    000000e0                 : atexit.obj (.text:_atexit)
                  00006ec0    000000c0     bios.a67 : tsk_stup.o67 (.text)
                  00006f80    000000c0     config_MCBSP.obj (.text)
                  00007040    000000a0     csl6713.lib : csl_mcbsp.obj (.text:_MCBSP_config)
                  000070e0    000000a0                 : csl_irq.obj (.text:__IRQ_init)
                  00007180    000000a0                 : csl_irq.obj (.text:_setMux)
                  00007220    00000080     dsk6713bsl.lib : dsk6713_dip.obj (.text)
                  000072a0    00000060     csl6713.lib : csl_edma.obj (.text:_EDMA_disableChannel)
                  00007300    00000060                 : csl_edma.obj (.text:_EDMA_enableChannel)
                  00007360    00000060                 : csl_edma.obj (.text:_EDMA_intEnable)
                  000073c0    00000060                 : csl_edma.obj (.text:_EDMA_qdmaConfig)
                  00007420    00000040                 : csl_edma.obj (.text:_EDMA_link)
                  00007460    00000040                 : csl_irq.obj (.text:_IRQ_enable)
                  000074a0    00000040     rts6700.lib : sinit.obj (.text:___add_dtor)
                  000074e0    00000020     csl6713.lib : csl.obj (.text:_CSL6713_LIB_)
                  00007500    00000020                 : csl_edma.obj (.text:_EDMA_intClear)
                  00007520    00000020                 : csl_edma.obj (.text:_EDMA_intTest)
                  00007540    00000020                 : csl_irq.obj (.text:_IRQ_globalEnable)
                  00007560    00000020                 : csl_mcbsp.obj (.text:_MCBSP_getXmtAddr)
                  00007580    00000020                 : csl_mcbsp.obj (.text:_MCBSP_write)
                  000075a0    00000020                 : csl_mcbsp.obj (.text:_MCBSP_xrdy)
                  000075c0    00000020     rts6700.lib : _lock.obj (.text:__nop)
                  000075e0    00000020                 : _lock.obj (.text:__register_lock)
                  00007600    00000020                 : _lock.obj (.text:__register_unlock)
                  00007620    00000020     csl6713.lib : csl_irq.obj (.text)

.far       0    00007640    00001ab6     UNINITIALIZED
                  00007640    000014de     main.obj (.far)
                  00008b1e    00000002     dsk6713bsl.lib : dsk6713.obj (.far)
                  00008b20    00000188     rts6700.lib : atexit.obj (.far)
                  00008ca8    000000f4     csl6713.lib : csl_irq.obj (.far)
                  00008d9c    000000d8     bios.a67 : knl.o67 (.far)
                  00008e74    0000005c              : tsk.o67 (.far)
                  00008ed0    00000054              : obj_init.o67 (.far)
                  00008f24    00000054     csl6713.lib : csl_edma.obj (.far)
                  00008f78    00000050     bios.a67 : tsk_stup.o67 (.far)
                  00008fc8    00000038     csl6713.lib : csl_mcbsp.obj (.far)
                  00009000    00000034     config_AIC23.obj (.far)
                  00009034    00000028     csl6713.lib : csl.obj (.far)
                  0000905c    00000024                 : csl_timer.obj (.far)
                  00009080    00000020     bios.a67 : sys.o67 (.far)
                  000090a0    00000020     config_MCBSP.obj (.far)
                  000090c0    00000010     bios.a67 : knl_tick.o67 (.far)
                  000090d0    0000000c              : utl_putc.o67 (.far)
                  000090dc    0000000c     rts6700.lib : exit.obj (.far)
                  000090e8    00000008                 : _lock.obj (.far)
                  000090f0    00000004                 : sinit.obj (.far)
                  000090f4    00000002     dsk6713bsl.lib : dsk6713_led.obj (.far)

.cinit     0    000090f8    0000179c     
                  000090f8    00000814     LED_blinkcfg.obj (.cinit)
                  0000990c    00000004     --HOLE-- [fill = 0]
                  00009910    00000464     main.obj (.cinit)
                  00009d74    00000004     --HOLE-- [fill = 0]
                  00009d78    0000026c     bios.a67 : biosdata.o67 (.cinit)
                  00009fe4    00000004     --HOLE-- [fill = 0]
                  00009fe8    000001a4              : knl.o67 (.cinit)
                  0000a18c    00000004     --HOLE-- [fill = 0]
                  0000a190    0000012c     csl6713.lib : csl_irq.obj (.cinit)
                  0000a2bc    00000004     --HOLE-- [fill = 0]
                  0000a2c0    000000b0     bios.a67 : swi.o67 (.cinit)
                  0000a370    00000080              : tsk.o67 (.cinit)
                  0000a3f0    00000070     csl6713.lib : csl_edma.obj (.cinit)
                  0000a460    00000060     bios.a67 : tsk_stup.o67 (.cinit)
                  0000a4c0    0000005c     lnkrtdx.a67 : rtdx.o67 (.cinit)
                  0000a51c    00000004     --HOLE-- [fill = 0]
                  0000a520    00000054     csl6713.lib : csl_mcbsp.obj (.cinit)
                  0000a574    00000004     --HOLE-- [fill = 0]
                  0000a578    0000004c     bios.a67 : rta.o67 (.cinit)
                  0000a5c4    00000004     --HOLE-- [fill = 0]
                  0000a5c8    0000004c     csl6713.lib : csl_timer.obj (.cinit)
                  0000a614    00000004     --HOLE-- [fill = 0]
                  0000a618    0000004c     rtdx.lib : buffer1.o62 (.cinit)
                  0000a664    00000004     --HOLE-- [fill = 0]
                  0000a668    00000048     config_AIC23.obj (.cinit)
                  0000a6b0    0000003c     csl6713.lib : csl.obj (.cinit)
                  0000a6ec    00000004     --HOLE-- [fill = 0]
                  0000a6f0    00000034     bios.a67 : hwi.o67 (.cinit)
                  0000a724    00000004     --HOLE-- [fill = 0]
                  0000a728    0000002c              : utl_putc.o67 (.cinit)
                  0000a754    00000004     --HOLE-- [fill = 0]
                  0000a758    0000002c     rts6700.lib : exit.obj (.cinit)
                  0000a784    00000004     --HOLE-- [fill = 0]
                  0000a788    00000028     config_MCBSP.obj (.cinit)
                  0000a7b0    00000024     bios.a67 : obj_init.o67 (.cinit)
                  0000a7d4    00000004     --HOLE-- [fill = 0]
                  0000a7d8    0000001c              : sys.o67 (.cinit)
                  0000a7f4    00000004     --HOLE-- [fill = 0]
                  0000a7f8    0000001c     rts6700.lib : _lock.obj (.cinit)
                  0000a814    00000004     --HOLE-- [fill = 0]
                  0000a818    0000001c                 : atexit.obj (.cinit)
                  0000a834    00000004     --HOLE-- [fill = 0]
                  0000a838    00000018     bios.a67 : knl_tick.o67 (.cinit)
                  0000a850    0000000c              : gbl_setL2CacheMode.o67 (.cinit)
                  0000a85c    00000004     --HOLE-- [fill = 0]
                  0000a860    0000000c              : idl_busy.o67 (.cinit)
                  0000a86c    00000004     --HOLE-- [fill = 0]
                  0000a870    0000000c              : knl_swit.o67 (.cinit)
                  0000a87c    00000004     --HOLE-- [fill = 0]
                  0000a880    0000000c     rts6700.lib : sinit.obj (.cinit)
                  0000a88c    00000004     --HOLE-- [fill = 0]
                  0000a890    00000004     (.pad.cinit) [fill = 0]

.pinit     0    0000a894    0000000c     
                  0000a894    00000004     rtdx.lib : buffer1.o62 (.pinit)
                  0000a898    00000004              : rtdx_mon.o62 (.pinit)
                  0000a89c    00000004     --HOLE-- [fill = 0]

.rtdx_text 
*          0    0000a8a0    00000ea0     
                  0000a8a0    00000400     rtdx.lib : rtdx_mon.o62 (.rtdx_text:_RTDX_Poll)
                  0000aca0    00000340              : buffer1.o62 (.rtdx_text:_RTDX_Buffer_WriteCB)
                  0000afe0    00000300              : buffer1.o62 (.rtdx_text:_RTDX_write_next)
                  0000b2e0    00000140              : rtdx_mon.o62 (.rtdx_text:_RTDX_Mon_Queue)
                  0000b420    000000e0              : buffer1.o62 (.rtdx_text:_claim)
                  0000b500    00000080              : rtdx_mon.o62 (.rtdx_text:_RTDX_Init_RT_Monitor)
                  0000b580    00000060              : buffer1.o62 (.rtdx_text:_RTDX_Buffer_Initialize)
                  0000b5e0    00000060              : buffer2.o62 (.rtdx_text:_RTDX_Buffer_ReadCB)
                  0000b640    00000040              : buffer1.o62 (.rtdx_text:_RTDX_Buffer_Size)
                  0000b680    00000040              : rtdx_mon.o62 (.rtdx_text:_RTDX_Final_RT_Monitor)
                  0000b6c0    00000020              : buffer2.o62 (.rtdx_text:_RTDX_Buffer_Read)
                  0000b6e0    00000020              : buffer1.o62 (.rtdx_text:_RTDX_Buffer_Write)
                  0000b700    00000020              : rtdx_mon.o62 (.rtdx_text:_RTDX_checksum)
                  0000b720    00000020              : intr_tgt.o62 (.rtdx_text)

.rtdx_data 
*          0    0000b740    0000044c     UNINITIALIZED
                  0000b740    00000410     LED_blinkcfg.obj (.rtdx_data)
                  0000bb50    00000020     rtdx.lib : buffer1.o62 (.rtdx_data)
                  0000bb70    0000001c              : rtdx_mon.o62 (.rtdx_data)

.hst1      0    0000bb8c    00000010     UNINITIALIZED
                  0000bb8c    00000010     LED_blinkcfg.obj (.hst1)

.args      0    0000bb9c    00000004     
                  0000bb9c    00000004     --HOLE-- [fill = 0]

.sysinit   0    0000bba0    00000420     
                  0000bba0    000002c0     LED_blinkcfg.obj (.sysinit)
                  0000be60    000000c0     bios.a67 : boot.o67 (.sysinit)
                  0000bf20    00000080              : tsk_init.o67 (.sysinit)
                  0000bfa0    00000020              : obj_init.o67 (.sysinit)

.TSK_CalcOutput$stk 
*          0    0000bfc0    00000400     UNINITIALIZED
                  0000bfc0    00000400     LED_blinkcfg.obj (.TSK_CalcOutput$stk)

.TSK_idle$stk 
*          0    0000c3c0    00000400     UNINITIALIZED
                  0000c3c0    00000400     LED_blinkcfg.obj (.TSK_idle$stk)

.stack     0    0000c7c0    00000400     UNINITIALIZED
                  0000c7c0    00000400     --HOLE--

.bss       0    0000cbc0    00000374     UNINITIALIZED
                  0000cbc0    00000100     bios.a67 : hwi_disp_asm.o67 (.bss)
                  0000ccc0    000000cc              : biosdata.o67 (.bss)
                  0000cd8c    0000009c              : swi.o67 (.bss)
                  0000ce28    00000048              : knl.o67 (.bss)
                  0000ce70    00000044     main.obj (.bss)
                  0000ceb4    00000018     LED_blinkcfg.obj (.bss)
                  0000cecc    00000018     bios.a67 : hwi.o67 (.bss)
                  0000cee4    00000018     lnkrtdx.a67 : rtdx.o67 (.bss)
                  0000cefc    00000010     rtdx.lib : buffer1.o62 (.bss)
                  0000cf0c    0000000c     bios.a67 : tsk.o67 (.bss)
                  0000cf18    00000008              : clk_data.o67 (.bss)
                  0000cf20    00000008              : sys.o67 (.bss)
                  0000cf28    00000004              : clk_data2.o67 (.bss)
                  0000cf2c    00000004              : gbl_setL2CacheMode.o67 (.bss)
                  0000cf30    00000004              : idl_busy.o67 (.bss)

.trace     0    0000cf34    00000200     
                  0000cf34    00000200     --HOLE-- [fill = 00000000]

.pip       0    0000d134    000000c8     UNINITIALIZED
                  0000d134    000000c8     LED_blinkcfg.obj (.pip)

.LOG_system$buf 
*          0    0000d200    00000100     UNINITIALIZED
                  0000d200    00000100     LED_blinkcfg.obj (.LOG_system$buf)

.hst0      0    0000d300    00000100     UNINITIALIZED
                  0000d300    00000100     LED_blinkcfg.obj (.hst0)

.tsk       0    0000d400    000000c0     UNINITIALIZED
                  0000d400    000000c0     LED_blinkcfg.obj (.tsk)

.const     0    0000d4c0    000000b5     
                  0000d4c0    0000004e     bios.a67 : tsk_stup.o67 (.const)
                  0000d50e    00000023              : utl_doab.o67 (.const)
                  0000d531    00000022              : utl_doer.o67 (.const)
                  0000d553    00000001     --HOLE-- [fill = 0]
                  0000d554    00000020     dsk6713bsl.lib : dsk6713.obj (.const)
                  0000d574    00000001     bios.a67 : tsk.o67 (.const)

.printf    0    0000d575    000000c4     COPY SECTION
                  0000d575    000000c4     LED_blinkcfg.obj (.printf)

.swi       0    0000d578    000000b0     UNINITIALIZED
                  0000d578    000000b0     LED_blinkcfg.obj (.swi)

.sts       0    0000d628    00000080     
                  0000d628    00000080     LED_blinkcfg.obj (.sts)

.gblinit   0    0000d6a8    0000004c     
                  0000d6a8    0000004c     LED_blinkcfg.obj (.gblinit)

.hst       0    0000d6f4    0000003c     UNINITIALIZED
                  0000d6f4    0000003c     LED_blinkcfg.obj (.hst)

.sem       0    0000d730    0000002c     UNINITIALIZED
                  0000d730    0000002c     LED_blinkcfg.obj (.sem)

.switch    0    0000d75c    00000028     
                  0000d75c    00000028     rtdx.lib : rtdx_mon.o62 (.switch)

.prd       0    0000d784    00000020     UNINITIALIZED
                  0000d784    00000020     LED_blinkcfg.obj (.prd)

.log       0    0000d7a4    00000018     
                  0000d7a4    00000018     LED_blinkcfg.obj (.log)

.idl       0    0000d7bc    00000010     UNINITIALIZED
                  0000d7bc    00000010     LED_blinkcfg.obj (.idl)

.idlcal    0    0000d7cc    00000010     UNINITIALIZED
                  0000d7cc    00000010     LED_blinkcfg.obj (.idlcal)

.sys       0    0000d7dc    00000010     UNINITIALIZED
                  0000d7dc    00000010     LED_blinkcfg.obj (.sys)

.trcdata   0    0000d7ec    0000000c     
                  0000d7ec    0000000c     bios.a67 : trc.o67 (.trcdata)

.clk       0    0000d7f8    00000008     UNINITIALIZED
                  0000d7f8    00000008     LED_blinkcfg.obj (.clk)


GLOBAL SYMBOLS: SORTED ALPHABETICALLY BY Name 

address    name
--------   ----
0000cbc0   $bss
0000cbc0   .bss
00000000   .data
00004420   .text
0000bd44   BIOS$$CLKOFF
0000bd04   BIOS$$CLKON
0000bba0   BIOS_init
0000bdac   BIOS_start
00000000   BUF$
00000001   BUF_ENABLED
00000001   CLK$
0000d7f8   CLK_A_TABBEG
00000001   CLK_CALDIV
00000004   CLK_CALMULT
0000dbba   CLK_COUNTSPMS
00000000   CLK_COUNTSPMSHIGH
0000cce8   CLK_D_idletime
0000cce4   CLK_D_isrhook
0000cce0   CLK_D_tabbeg
0000ccdc   CLK_D_timefxn
00003ce0   CLK_F_getfhtime
00003d00   CLK_F_gethtime
00002de0   CLK_F_getltime
00003d00   CLK_F_getshtime
00002df4   CLK_F_isr
00002f54   CLK_F_itime
00001320   CLK_HOOKFXN
00000001   CLK_HTIMEDIV
00000004   CLK_HTIMEMULT
0000dbba   CLK_HTIMEPERLTIME
00004000   CLK_INTBIT
00000001   CLK_LTIMEDIV
00036ee8   CLK_LTIMEMULT
000003e8   CLK_MICROSECS
0000dbba   CLK_PRD
00000000   CLK_PRDHIGH
01940000   CLK_REGS
0000ccd8   CLK_R_time
00000020   CLK_TCR
00000000   CLK_TDDR
00000000   CLK_TDDRHIGH
00003d00   CLK_TIMEFXN
00000000   CLK_TIMERNUM
00000001   CLK_USETIMER
0000d7fc   CLK_null
00000000   DEV$
00000000   DGN$
00000000   DHL$
00000000   DHL_gChannelsAvailable
00000000   DIO$
00000000   DIO_NUMSWIBASE
00000000   DIO_NUMTSKBASE
00000000   DIO_STATIC
00000000   DPI$
00003da0   FXN_F_nop
00003da8   FXN_F_run
00003df8   FXN_F_zero
00000001   GBL$
00005205   GBL_A_VERSION
00000000   GBL_BIGENDIAN
00000000   GBL_C641XL2PRIORITY
00000000   GBL_CACHE
00000001   GBL_CALLCSLCFGINIT
00004e20   GBL_CLKIN
00001770   GBL_CLKTYPE
00001a39   GBL_DSPSUBTYPE
0000003e   GBL_DSPTYPE
00000001   GBL_ENABLEINST
00000042   GBL_FOOTPRINT
00036ee8   GBL_FREQ
00002226   GBL_L2ALLOC
00000000   GBL_L2CONFIGALLOC
00000001   GBL_L2CONFIGURE
00000001   GBL_L2MARMASK
00000000   GBL_L2MARMASK1
00000000   GBL_L2MARMASK2
00000000   GBL_L2MARMASK3
00000000   GBL_L2MARMASK4
00000000   GBL_L2MARMASK5
00000000   GBL_L2MODE
00000000   GBL_L2PRIORITY
00000000   GBL_NULL
00000000   GBL_PROCID
00000000   GBL_ROM
00000000   GBL_SUPPORTCSL
0000dbef   GBL_TRCMASKVALUE
00000001   GBL_USERINIT
000062c8   GBL_USERINITFXN
00000001   GBL_boot
0000d7f4   GBL_initdone
0000c7c0   GBL_stackbeg
0000cbbf   GBL_stackend
00000000   GIO$
00004360   GIO_CREATEFXN
00004360   GIO_DELETEFXN
00004360   GIO_PENDFXN
00004360   GIO_POSTFXN
00000000   HOOK$
00000000   HOOK_KNLID
00000001   HST$
0000d6f4   HST_A_TABBEG
0000d730   HST_A_TABEND
00000000   HST_DSM
ffffffff   HST_DSMBUFSEG
00000400   HST_DSMMEMSIZE
0000cd54   HST_D_chanmask
0000cd58   HST_D_tabbeg
0000cd5c   HST_D_tabend
000000ff   HST_MAXFRAMEALLOWED
00000040   HST_MAXFRAMESET
00000000   HST_NONE
00000001   HST_RTDX
00000001   HWI$
00000000   HWI_A_VECS
00005108   HWI_CFGDISPATCHED
0000cedc   HWI_D_bss
0000cee0   HWI_D_ccmask
0000cecc   HWI_D_spsave
00001320   HWI_F_dispatch
00000000   HWI_GENERATE_RESET_VEC
0000000a   HWI_INT10
00000000   HWI_INT10$hwi
0000000b   HWI_INT11
00000000   HWI_INT11$hwi
0000000c   HWI_INT12
00000000   HWI_INT12$hwi
0000000d   HWI_INT13
00000000   HWI_INT13$hwi
0000000e   HWI_INT14
00000000   HWI_INT14$hwi
0000000f   HWI_INT15
00000000   HWI_INT15$hwi
00000004   HWI_INT4
00000000   HWI_INT4$hwi
00000005   HWI_INT5
00000000   HWI_INT5$hwi
00000006   HWI_INT6
00000000   HWI_INT6$hwi
00000007   HWI_INT7
00000000   HWI_INT7$hwi
00000008   HWI_INT8
00000000   HWI_INT8$hwi
00000009   HWI_INT9
00000000   HWI_INT9$hwi
08203da3   HWI_INTRMULTHIGH
310718aa   HWI_INTRMULTLOW
00000001   HWI_NMI
00000000   HWI_NMI$hwi
00000000   HWI_POLARITYMASK
00000002   HWI_RESERVED0
00000000   HWI_RESERVED0$hwi
00000003   HWI_RESERVED1
00000000   HWI_RESERVED1$hwi
00000000   HWI_RESET
00000000   HWI_RESET$hwi
00000001   HWI_ZEROTAB
00000001   IDL$
0000d7cc   IDL_A_CALBEG
0000d7bc   IDL_A_TABBEG
00000006   IDL_CALIBRERROR
00004260   IDL_CALIBRFXN
0000cf30   IDL_D_busyObj
0000ccc8   IDL_D_calbeg
0000ccc4   IDL_D_calibrate
0000ccc0   IDL_D_tabbeg
0000d7c8   IDL_END
0000d7d8   IDL_END$
00003e20   IDL_F_busy
00003fa0   IDL_F_calibrate
000043a0   IDL_F_loop
00004260   IDL_F_stub
00000001   IDL_USECLKIDLTIME
0000d69c   IDL_busyObj
0000d634   IDL_busyObj$avgfmt
00000001   IDL_busyObj$filter
00000001   IDL_busyObj$iA
00000000   IDL_busyObj$iB
00000001   IDL_busyObj$iC
0000d62e   IDL_busyObj$maxfmt
00000000   IDL_busyObj$operation
0000d698   IDL_busyObj$stsobj
0000d631   IDL_busyObj$sumfmt
00000002   IDL_busyObj$unittype
0000d7bc   IDL_cpuLoad
0000d7cc   IDL_cpuLoad$
ffffffff   IRAM
00000001   ISRC$
00002da0   KNL_glue
0000d5a4   KNL_swi
00000001   KNL_swi$dorta
00000002   KNL_swi$ord
00000000   KNL_swi$pri
0000d64c   KNL_swi$sts
0000d5bc   KNL_swi$sts$avgfmt
00000002   KNL_swi$sts$filter
00000001   KNL_swi$sts$filtmaxmult
00000001   KNL_swi$sts$filtsummult
0000d5ac   KNL_swi$sts$maxfmt
0000d648   KNL_swi$sts$stsobj
0000d5b4   KNL_swi$sts$sumfmt
00000000   KNL_swi$sts$unittype
00000000   KNL_swi$swi
00000001   LCK$
0000d784   LEDBlinker
0000d7a0   LEDBlinker$aaa
00000000   LEDBlinker$mode
00000001   LEDBlinker$ord
00000064   LEDBlinker$period
00000000   LEDBlinker$prd
0000d62c   LEDBlinker$sts
0000d587   LEDBlinker$sts$avgfmt
00000000   LEDBlinker$sts$filter
0000d575   LEDBlinker$sts$maxfmt
0000d628   LEDBlinker$sts$stsobj
0000d57e   LEDBlinker$sts$sumfmt
00000002   LEDBlinker$sts$unittype
00000200   LNK_F_checkBufferCall
00000280   LNK_F_dataPump
00000220   LNK_F_getChanPtr
00000278   LNK_F_init
000007c4   LNK_F_readCallBack
0000d7c0   LNK_dataPump
0000d7d0   LNK_dataPump$
0000cee8   LNK_dspFrameReadyMask
0000cee4   LNK_dspFrameRequestMask
00000520   LNK_newin
00000660   LNK_newout
00000294   LNK_rcloop
00000360   LNK_rdrtry
0000cef0   LNK_readDone
0000cef4   LNK_readFail
0000ceec   LNK_readPend
00000370   LNK_rrloop
0000cef8   LNK_writeFail
00000444   LNK_wrloop
00000434   LNK_wrrtry
00000001   LOG$
0000d7a4   LOG_A_TABBEG
0000d7bc   LOG_A_TABEND
00000001   LOG_A_TABLEN
0000cccc   LOG_D_system
00000001   LOG_ENABLED
00003ea0   LOG_F_event
0000d7a4   LOG_system
0000d200   LOG_system$buf
00000000   LOG_system$datatype
00000000   LOG_system$log
00000040   LOG_system$size
00000000   MBX$
00000001   MEM$
00000000   MEM_MALLOCSEG
00000000   MEM_NULL
00000000   MEM_SEGZERO
00000000   MEM_USEMPC
00000000   MEM_gNumHeap
00000000   MSGQ$
00000000   MSGQ_USEMSGQ
00000000   OBJ$
00000000   PIP$
0000d134   PIP_A_TABBEG
0000d1fc   PIP_A_TABEND
00000002   PIP_A_TABLEN
0000ccd0   PIP_D_tabbeg
0000ccd4   PIP_D_tablen
00002654   PIP_F_give
00002654   PIP_F_probe
00002728   PIP_F_start
000025c0   PIP_F_take
00000064   PIP_OBJSIZE
00000000   PIP_gNextId
00000002   PIP_gNumEmbed
00000000   POOL$
00000000   POOL_USEPOOL
00000001   PRD$
0000d784   PRD_A_TABBEG
0000d7a4   PRD_A_TABEND
00000001   PRD_A_TABLEN
0000cd10   PRD_D_cur
0000cd14   PRD_D_elapsed
0000cd18   PRD_D_prevtim
0000cd1c   PRD_D_scalar
0000cd20   PRD_D_swihandle
0000cd24   PRD_D_tabbeg
0000cd28   PRD_D_tablen
0000cd2c   PRD_D_thook
0000cd0c   PRD_D_tick
00001780   PRD_F_swi
00001a40   PRD_F_tick
00000004   PRD_SCALAR
0000d578   PRD_SWIHANDLE
000025a0   PRD_THOOKFXN
0000d7f8   PRD_clock
0000d578   PRD_swi
00000001   PRD_swi$dorta
00000001   PRD_swi$ord
00000001   PRD_swi$pri
0000d63c   PRD_swi$sts
0000d5a2   PRD_swi$sts$avgfmt
00000002   PRD_swi$sts$filter
00000001   PRD_swi$sts$filtmaxmult
00000001   PRD_swi$sts$filtsummult
0000d592   PRD_swi$sts$maxfmt
0000d638   PRD_swi$sts$stsobj
0000d59a   PRD_swi$sts$sumfmt
00000000   PRD_swi$sts$unittype
00000000   PRD_swi$swi
00000001   QUE$
0000cd30   RTA_D_fromHost
0000cd38   RTA_D_logval
0000cd48   RTA_D_stsval
0000cd34   RTA_D_toHost
000042a0   RTA_F_andn
00001ed8   RTA_F_dispatch
00001de0   RTA_F_getlog
00001e24   RTA_F_getsts
000042c0   RTA_F_or
00001e6c   RTA_F_readblk
00001e98   RTA_F_resetmem
00001e8c   RTA_F_writeword
0000d7c4   RTA_dispatcher
0000d7d4   RTA_dispatcher$
00001f28   RTA_execute
0000d6f8   RTA_fromHost
0000bb8c   RTA_fromHost$buf
00000004   RTA_fromHost$framesize
00000000   RTA_fromHost$hst
00000001   RTA_fromHost$id
00000000   RTA_fromHost$mode
0000d134   RTA_fromHost$pipe
0000d164   RTA_fromHost$pipe$aaa
0000d194   RTA_fromHost$pipe$bbb
0000ceb4   RTA_fromHost$pipe$dtab
0000d138   RTA_fromHost$pipe$rd
0000d168   RTA_fromHost$pipe$wr
0000d700   RTA_fromHost$rtdx
0000d714   RTA_toHost
0000d300   RTA_toHost$buf
00000040   RTA_toHost$framesize
00000000   RTA_toHost$hst
00000000   RTA_toHost$id
00000001   RTA_toHost$mode
0000d198   RTA_toHost$pipe
0000d1c8   RTA_toHost$pipe$aaa
0000d1f8   RTA_toHost$pipe$bbb
0000cec0   RTA_toHost$pipe$dtab
0000d19c   RTA_toHost$pipe$rd
0000d1cc   RTA_toHost$pipe$wr
0000d71c   RTA_toHost$rtdx
00000001   RTDX$
00000408   RTDX_BUFMEMSIZE
ffffffff   RTDX_DATAMEMSEG
00000000   RTDX_MODE
00000001   RTDX_NORMALIZED_HDR
00000001   RTDX_USERTDX
00000000   RTDX_USERTEXECUTION
ffffffff   SDRAM
00000001   SEM$
0000d73c   SEM_RecalcPending
00000000   SIO$
00000001   STS$
0000d628   STS_A_TABBEG
0000d6a8   STS_A_TABEND
00003f58   STS_F_add
00003f20   STS_F_delta
00003f84   STS_F_reset
00000001   SWI$
0000d578   SWI_A_TABBEG
0000d628   SWI_A_TABEND
00000004   SWI_A_TABLEN
0000cda4   SWI_D_curfxn
0000cd94   SWI_D_curmask
0000cda0   SWI_D_curmbox
0000cd98   SWI_D_curset
0000cd90   SWI_D_execaddr
0000cdac   SWI_D_inswi
0000cd9c   SWI_D_lock
0000cda8   SWI_D_rdybeg
0000cdb0   SWI_D_rdytab
0000cd8c   SWI_D_runaddr
00000000   SWI_EHOOKFXN
00000ffc   SWI_EXECFXN
00000de0   SWI_F_enable
00000ffc   SWI_F_exec
00001028   SWI_F_iexec
00000e50   SWI_F_post
000010b8   SWI_F_run
00000000   SWI_IHOOKFXN
000010b8   SWI_RUNFXN
00000001   SYS$
0000d7dc   SYS$config
000042e0   SYS_ABORTFXN
000043e0   SYS_ERRORFXN
00004400   SYS_EXITFXN
000041a0   SYS_PUTCFXN
0000d7f0   TRC_R_mask
0000d7ec   TRC_cinit
00000001   TSK$
0000d46c   TSK_CalcOutput
00000001   TSK_CalcOutput$ord
00000001   TSK_CalcOutput$pri
0000bfc0   TSK_CalcOutput$stack
0000c358   TSK_CalcOutput$stkptr
0000d68c   TSK_CalcOutput$sts
0000d624   TSK_CalcOutput$sts$avgfmt
00000002   TSK_CalcOutput$sts$filter
00000001   TSK_CalcOutput$sts$filtmaxmult
00000001   TSK_CalcOutput$sts$filtsummult
0000d614   TSK_CalcOutput$sts$maxfmt
0000d688   TSK_CalcOutput$sts$stsobj
0000d61c   TSK_CalcOutput$sts$sumfmt
00000000   TSK_CalcOutput$sts$unittype
00000000   TSK_CalcOutput$tsk
00000000   TSK_NUM_HOOKS
00000001   TSK_PRIORITY
00000000   TSK_READYFXN
00000000   TSK_STACKSEG
00000400   TSK_STACKSIZE
00000000   TSK_SWITCHFXN
00004360   TSK_VCREATEFXN
00004360   TSK_VDELETEFXN
00004360   TSK_VEXITFXN
0000d40c   TSK_idle
00000000   TSK_idle$ord
00000000   TSK_idle$pri
0000c3c0   TSK_idle$stack
0000c758   TSK_idle$stkptr
0000d67c   TSK_idle$sts
0000d60a   TSK_idle$sts$avgfmt
00000002   TSK_idle$sts$filter
00000001   TSK_idle$sts$filtmaxmult
00000001   TSK_idle$sts$filtsummult
0000d5fa   TSK_idle$sts$maxfmt
0000d678   TSK_idle$sts$stsobj
0000d602   TSK_idle$sts$sumfmt
00000000   TSK_idle$sts$unittype
00000000   TSK_idle$tsk
00000000   UDEV$
0000bba0   _BIOS_init
0000bdac   _BIOS_start
0000dbba   _CLK_COUNTSPMS
0000cf18   _CLK_DFLTMICROSECS
0000cd08   _CLK_D_countspms
0000ccfc   _CLK_D_dirty
0000cf1c   _CLK_D_microseconds
0000cd00   _CLK_D_prd
0000cd04   _CLK_D_tddr
00002f54   _CLK_F_itime
0000dbba   _CLK_PRD
01940000   _CLK_REGS
00000000   _CLK_TDDR
00000000   _CLK_TIMERNUM
00000001   _CLK_USETIMER
0000ccec   _CLK_htimeDiv
0000ccf0   _CLK_htimeMult
0000cf28   _CLK_htimePerLtime
00002f54   _CLK_itime
0000ccf4   _CLK_ltimeDiv
0000ccf8   _CLK_ltimeMult
00003900   _CLK_measure
00004200   _CLK_start
00004320   _CLK_stop
000074e0   _CSL6713_LIB_
0000466c   _CalcOutput
00007228   _DSK6713_DIP_get
00007220   _DSK6713_DIP_init
00005a00   _DSK6713_LED_init
00005a40   _DSK6713_LED_off
00005ab0   _DSK6713_LED_on
00005b20   _DSK6713_LED_toggle
00005074   _DSK6713_getVersion
00004cac   _DSK6713_init
00004fc8   _DSK6713_rget
00004fdc   _DSK6713_rset
00008b1e   _DSK6713_version
00004ff0   _DSK6713_wait
00005048   _DSK6713_waitusec
00005f60   _EDMA_allocTable
00006c20   _EDMA_config
000072a0   _EDMA_disableChannel
00007300   _EDMA_enableChannel
00006920   _EDMA_intAlloc
00007500   _EDMA_intClear
00007360   _EDMA_intEnable
00007520   _EDMA_intTest
00007420   _EDMA_link
000050e0   _EDMA_open
000073c0   _EDMA_qdmaConfig
00006580   _EDMA_reset
00004360   _FXN_F_nop
00003da8   _FXN_F_run
00003df8   _FXN_F_zero
00000000   _GBL_CACHE
0000cd64   _GBL_clkIn
00003580   _GBL_cslCacheInit
0000cd68   _GBL_freq
00004380   _GBL_getVersion
0000cd60   _GBL_procId
000062c8   _GBL_setPLLto225MHz
0000469c   _HLP_ReadSwitches
0000d6f4   _HST_A_TABBEG
0000d730   _HST_A_TABEND
00005108   _HWI_CFGDISPATCHED
0000ced8   _HWI_D_inhwi
0000cecc   _HWI_D_spsave
00001320   _HWI_F_dispatch
0000000a   _HWI_INT10
0000000b   _HWI_INT11
0000000c   _HWI_INT12
0000000d   _HWI_INT13
0000000e   _HWI_INT14
0000000f   _HWI_INT15
00000004   _HWI_INT4
00000005   _HWI_INT5
00000006   _HWI_INT6
00000007   _HWI_INT7
00000008   _HWI_INT8
00000009   _HWI_INT9
00000001   _HWI_NMI
00000002   _HWI_RESERVED0
00000003   _HWI_RESERVED1
00000000   _HWI_RESET
0000cbb8   _HWI_STKBOTTOM
0000c7c0   _HWI_STKTOP
0000cecc   _HWI_data
00004020   _HWI_disable
0000cbc0   _HWI_dispatchTab
00004038   _HWI_enable
00004784   _HWI_handleEDMAInterrupt
0000404c   _HWI_restore
0000d69c   _IDL_busyObj
0000d7bc   _IDL_cpuLoad
000043a0   _IDL_loop
ffffffff   _IRAM
00007460   _IRQ_enable
00007540   _IRQ_globalEnable
00005be0   _IRQ_map
0000ce30   _KNL_alarm
00003440   _KNL_check
0000ce54   _KNL_curqueue
0000ce44   _KNL_curtask
0000ce4c   _KNL_curtime
00008e3c   _KNL_dummy
000036b4   _KNL_enter
00003660   _KNL_exit
00003518   _KNL_idle
0000ce6c   _KNL_idlefxn
0000ce38   _KNL_inactive
000039e0   _KNL_ipost
0000353c   _KNL_max
0000ce58   _KNL_maxqueue
00003aa0   _KNL_post
0000ce48   _KNL_prevtask
0000ce3c   _KNL_priority
00008d9c   _KNL_queues
00001b20   _KNL_run
00002c20   _KNL_saveIsrFrame
0000ce40   _KNL_set
0000ce34   _KNL_setpri
0000d5a4   _KNL_swi
0000ce50   _KNL_swiptr
00002cec   _KNL_switch
0000ce60   _KNL_tcreatefxn
0000ce64   _KNL_tdeletefxn
000025a0   _KNL_tick
0000ce68   _KNL_treadyfxn
0000ce5c   _KNL_tswitchfxn
0000ce28   _KNL_wFlag
0000ce2c   _KNL_wList
00003b90   _LCK_pend
00003b60   _LCK_post
0000d784   _LEDBlinker
0000d7c0   _LNK_dataPump
0000cee8   _LNK_dspFrameReadyMask
0000cee4   _LNK_dspFrameRequestMask
0000cef0   _LNK_readDone
0000cef4   _LNK_readFail
0000ceec   _LNK_readPend
0000cef8   _LNK_writeFail
0000d7a4   _LOG_A_TABBEG
0000d7bc   _LOG_A_TABEND
00000001   _LOG_A_TABLEN
0000cccc   _LOG_D_system
00003ea0   _LOG_event
0000d7a4   _LOG_system
00007040   _MCBSP_config
00007560   _MCBSP_getXmtAddr
00006a20   _MCBSP_open
00006100   _MCBSP_reset
00006b20   _MCBSP_start
00007580   _MCBSP_write
000075a0   _MCBSP_xrdy
0000cd6c   _MEM_D_NUMSEGMENTS
0000cd74   _MEM_D_freelist
0000cd78   _MEM_D_lockaddr
0000cd70   _MEM_D_memtab
0000cd7c   _MEM_D_unlockaddr
00000000   _MEM_memtab
0000bfa0   _OBJ_init
00008f08   _OBJ_segtab
00008ed0   _OBJ_table
00004620   _PER_Blink_LED
0000d134   _PIP_A_TABBEG
0000d1fc   _PIP_A_TABEND
0000cd0c   _PRD_D_tick
0000d7f8   _PRD_clock
0000d578   _PRD_swi
0000d7c4   _RTA_dispatcher
0000d6f8   _RTA_fromHost
0000d714   _RTA_toHost
0000b740   _RTDX_Buffer
0000bb4c   _RTDX_Buffer_End
0000b580   _RTDX_Buffer_Initialize
0000b6c0   _RTDX_Buffer_Read
0000b5e0   _RTDX_Buffer_ReadCB
0000b640   _RTDX_Buffer_Size
0000bb48   _RTDX_Buffer_Start
0000b6e0   _RTDX_Buffer_Write
0000aca0   _RTDX_Buffer_WriteCB
0000b680   _RTDX_Final_RT_Monitor
0000b500   _RTDX_Init_RT_Monitor
00000002   _RTDX_JTAGONLY
0000b720   _RTDX_Mask_IER
0000b2e0   _RTDX_Mon_Queue
0000a8a0   _RTDX_Poll
00000000   _RTDX_interrupt_mask
0000bb5c   _RTDX_writing
ffffffff   _SDRAM
0000d73c   _SEM_RecalcPending
000040e0   _SEM_pend
00004080   _SEM_pendBinary
000020a0   _SEM_pendEnterKnl
00003820   _SEM_post
00003820   _SEM_postBinary
00003740   _SEM_postEnterKnl
0000d628   _STS_A_TABBEG
0000d6a8   _STS_A_TABEND
00003f58   _STS_add
00003f20   _STS_delta
00003f84   _STS_reset
000043c0   _STS_set
0000cda4   _SWI_D_curfxn
0000cd94   _SWI_D_curmask
0000cd98   _SWI_D_curset
0000cd90   _SWI_D_execaddr
0000cdac   _SWI_D_inswi
0000cd9c   _SWI_D_lock
0000cda8   _SWI_D_rdybeg
0000cd8c   _SWI_D_runaddr
0000cd8c   _SWI_data
00000e50   _SWI_post
00004868   _SWI_processPing
00004918   _SWI_processPong
0000cd80   _SYS
0000cf34   _SYS_PUTCBEG
0000d133   _SYS_PUTCEND
00004140   _SYS_abort
00003c20   _SYS_exit
00009080   _SYS_exitStack
0000cf20   _SYS_exitStackPtr
0000cf24   _SYS_exitStackTop
000066c0   _TIMER_open
00006800   _TIMER_reset
0000d7f0   _TRC_R_mask
0000cf14   _TSK
00008e74   _TSK_ATTRS
0000d46c   _TSK_CalcOutput
00008e90   _TSK_config
00002fa0   _TSK_exit
0000d40c   _TSK_idle
0000bf20   _TSK_init
0000cf0c   _TSK_nTasks
0000cf10   _TSK_pid
00002a20   _TSK_setup
00003380   _TSK_startup
00008eb0   _TSK_timerSem
0000cea8   _TrxPingDone
0000ceac   _TrxPongDone
000042e0   _UTL_doAbort
000043e0   _UTL_doError
000041a0   _UTL_doPutc
00004400   _UTL_halt
00002f70   __CLK_lat1beg
00002f9c   __CLK_lat1end
000057e0   __CSL_init
00000c34   __GBL_setL2CacheMode
0000cd88   __HOOK_NUMHOOKS
0000cd84   __HOOK_knlId
00001320   __HWI_lat1beg
000014a0   __HWI_lat1end
000014a0   __HWI_lat2beg
00001640   __HWI_lat2end1
000015cc   __HWI_lat2end2
00001660   __HWI_lat3beg
00001760   __HWI_lat3end1
000015fc   __HWI_lat3end2
00003e20   __IDL_lat1beg
00003e70   __IDL_lat1end
00008d94   __IRQ_dispatchTable
00008cd0   __IRQ_eventTable
00007620   __IRQ_hookFetchPacket
000070e0   __IRQ_init
00008d54   __IRQ_intTable
00003490   __KNL_lat1beg
00003518   __KNL_lat1end
00003ea0   __LOG_lat1beg
00008ff8   __MCBSP_hDev0
00008ffc   __MCBSP_hDev1
00008fa0   __MEM_mutex
00001e98   __RTA_lat1beg
00001ed0   __RTA_lat1end
00002800   __SEM_dopost
0000cbc0   __STACK_END
00000400   __STACK_SIZE
00000f8c   __SWI_lat1beg
00001040   __SWI_lat1end
00001044   __SWI_lat2beg
000010b4   __SWI_lat2end
00000de0   __SWI_lat3beg
00000e4c   __SWI_lat3end
0000905c   __TIMER_deviceTable
0000907c   __TIMER_hBios
00009074   __TIMER_hDev0
00009078   __TIMER_hDev1
00008f78   __TSK_mutex
000090e4   ___TI_enable_exit_profile_output
ffffffff   ___TI_pprof_out_hndl
ffffffff   ___TI_prof_data_size
ffffffff   ___TI_prof_data_start
000074a0   ___add_dtor
00008b20   ___atexit_func_id__
ffffffff   ___binit__
0000cbc0   ___bss__
ffffffff   ___c_args__
000090f8   ___cinit__
00000000   ___data__
00000000   ___edata__
0000cf34   ___end__
00007640   ___etext__
0000a894   ___pinit__
00004420   ___text__
00003140   __auto_init
000090dc   __cleanup_ptr
000090e0   __dtors_ptr
000090e8   __lock
000075c0   __nop
000075e0   __register_lock
00007600   __register_unlock
0000c7c0   __stack
00006d00   __strasg
000090ec   __unlock
00007640   _arr
00006de0   _atexit
0000be60   _c_int00
00006420   _call_dtors
000090a0   _cfgDataMCBSP
000055a0   _conf_AIC23
000049cc   _conf_EDMA
00008924   _conf_EDMA_oBuf
00006f80   _conf_MCBSP
00007a04   _dataStream
000090f0   _dtors
0000ce70   _g
0000ce80   _hEDMARcv
0000ce88   _hEDMARcvPing
0000ce8c   _hEDMARcvPong
0000ce84   _hEDMATrx
0000ce90   _hEDMATrxPing
0000ce94   _hEDMATrxPong
0000ce7c   _hMcBsp
00004468   _main
00009014   _mcbspforAIC23Cfg
00005360   _memcpy
00009000   _myAIC23_registers
00007a14   _oBufPing
0000819c   _oBufPong
0000d5d0   _procPing
0000d5fc   _procPong
0000ce74   _processping
0000ce78   _processpong
0000cf04   _rtdxNullChanCnt
0000cf08   _rtdxNullFuncCnt
0000bb50   _rtdx_buffer_state
0000bb70   _rtdx_mon_state
00005728   _setReg_AIC23
00006fd8   _start_MCBSP
00008f38   _tccAllocTable
0000ce98   _tccRcvPing
0000ce9c   _tccRcvPong
0000cea0   _tccTrxPing
0000cea4   _tccTrxPong
0000893c   _ui16Output
0000ceb0   _ui32SwitchState
000062a0   _wait500nS
ffffffff   binit
000090f8   cinit
00000000   edata
0000cf34   end
00007640   etext
00000000   hwi0
00000020   hwi1
00000140   hwi10
00000160   hwi11
00000180   hwi12
000001a0   hwi13
000001c0   hwi14
000001e0   hwi15
00000040   hwi2
00000060   hwi3
00000080   hwi4
000000a0   hwi5
000000c0   hwi6
000000e0   hwi7
00000100   hwi8
00000120   hwi9
0000a894   pinit
0000d5d0   procPing
00000001   procPing$dorta
00000003   procPing$ord
00000001   procPing$pri
0000d65c   procPing$sts
0000d5d6   procPing$sts$avgfmt
00000002   procPing$sts$filter
00000001   procPing$sts$filtmaxmult
00000001   procPing$sts$filtsummult
0000d5c6   procPing$sts$maxfmt
0000d658   procPing$sts$stsobj
0000d5ce   procPing$sts$sumfmt
00000000   procPing$sts$unittype
00000000   procPing$swi
0000d5fc   procPong
00000001   procPong$dorta
00000005   procPong$ord
00000001   procPong$pri
0000d66c   procPong$sts
0000d5f0   procPong$sts$avgfmt
00000002   procPong$sts$filter
00000001   procPong$sts$filtmaxmult
00000001   procPong$sts$filtsummult
0000d5e0   procPong$sts$maxfmt
0000d668   procPong$sts$stsobj
0000d5e8   procPong$sts$sumfmt
00000000   procPong$sts$unittype
00000000   procPong$swi


GLOBAL SYMBOLS: SORTED BY Symbol Address 

address    name
--------   ----
00000000   .data
00000000   BUF$
00000000   CLK_COUNTSPMSHIGH
00000000   CLK_PRDHIGH
00000000   CLK_TDDR
00000000   CLK_TDDRHIGH
00000000   CLK_TIMERNUM
00000000   DEV$
00000000   DGN$
00000000   DHL$
00000000   DHL_gChannelsAvailable
00000000   DIO$
00000000   DIO_NUMSWIBASE
00000000   DIO_NUMTSKBASE
00000000   DIO_STATIC
00000000   DPI$
00000000   GBL_BIGENDIAN
00000000   GBL_C641XL2PRIORITY
00000000   GBL_CACHE
00000000   GBL_L2CONFIGALLOC
00000000   GBL_L2MARMASK1
00000000   GBL_L2MARMASK2
00000000   GBL_L2MARMASK3
00000000   GBL_L2MARMASK4
00000000   GBL_L2MARMASK5
00000000   GBL_L2MODE
00000000   GBL_L2PRIORITY
00000000   GBL_NULL
00000000   GBL_PROCID
00000000   GBL_ROM
00000000   GBL_SUPPORTCSL
00000000   GIO$
00000000   HOOK$
00000000   HOOK_KNLID
00000000   HST_DSM
00000000   HST_NONE
00000000   HWI_A_VECS
00000000   HWI_GENERATE_RESET_VEC
00000000   HWI_INT10$hwi
00000000   HWI_INT11$hwi
00000000   HWI_INT12$hwi
00000000   HWI_INT13$hwi
00000000   HWI_INT14$hwi
00000000   HWI_INT15$hwi
00000000   HWI_INT4$hwi
00000000   HWI_INT5$hwi
00000000   HWI_INT6$hwi
00000000   HWI_INT7$hwi
00000000   HWI_INT8$hwi
00000000   HWI_INT9$hwi
00000000   HWI_NMI$hwi
00000000   HWI_POLARITYMASK
00000000   HWI_RESERVED0$hwi
00000000   HWI_RESERVED1$hwi
00000000   HWI_RESET
00000000   HWI_RESET$hwi
00000000   IDL_busyObj$iB
00000000   IDL_busyObj$operation
00000000   KNL_swi$pri
00000000   KNL_swi$sts$unittype
00000000   KNL_swi$swi
00000000   LEDBlinker$mode
00000000   LEDBlinker$prd
00000000   LEDBlinker$sts$filter
00000000   LOG_system$datatype
00000000   LOG_system$log
00000000   MBX$
00000000   MEM_MALLOCSEG
00000000   MEM_NULL
00000000   MEM_SEGZERO
00000000   MEM_USEMPC
00000000   MEM_gNumHeap
00000000   MSGQ$
00000000   MSGQ_USEMSGQ
00000000   OBJ$
00000000   PIP$
00000000   PIP_gNextId
00000000   POOL$
00000000   POOL_USEPOOL
00000000   PRD_swi$sts$unittype
00000000   PRD_swi$swi
00000000   RTA_fromHost$hst
00000000   RTA_fromHost$mode
00000000   RTA_toHost$hst
00000000   RTA_toHost$id
00000000   RTDX_MODE
00000000   RTDX_USERTEXECUTION
00000000   SIO$
00000000   SWI_EHOOKFXN
00000000   SWI_IHOOKFXN
00000000   TSK_CalcOutput$sts$unittype
00000000   TSK_CalcOutput$tsk
00000000   TSK_NUM_HOOKS
00000000   TSK_READYFXN
00000000   TSK_STACKSEG
00000000   TSK_SWITCHFXN
00000000   TSK_idle$ord
00000000   TSK_idle$pri
00000000   TSK_idle$sts$unittype
00000000   TSK_idle$tsk
00000000   UDEV$
00000000   _CLK_TDDR
00000000   _CLK_TIMERNUM
00000000   _GBL_CACHE
00000000   _HWI_RESET
00000000   _MEM_memtab
00000000   _RTDX_interrupt_mask
00000000   ___data__
00000000   ___edata__
00000000   edata
00000000   hwi0
00000000   procPing$sts$unittype
00000000   procPing$swi
00000000   procPong$sts$unittype
00000000   procPong$swi
00000001   BUF_ENABLED
00000001   CLK$
00000001   CLK_CALDIV
00000001   CLK_HTIMEDIV
00000001   CLK_LTIMEDIV
00000001   CLK_USETIMER
00000001   GBL$
00000001   GBL_CALLCSLCFGINIT
00000001   GBL_ENABLEINST
00000001   GBL_L2CONFIGURE
00000001   GBL_L2MARMASK
00000001   GBL_USERINIT
00000001   GBL_boot
00000001   HST$
00000001   HST_RTDX
00000001   HWI$
00000001   HWI_NMI
00000001   HWI_ZEROTAB
00000001   IDL$
00000001   IDL_USECLKIDLTIME
00000001   IDL_busyObj$filter
00000001   IDL_busyObj$iA
00000001   IDL_busyObj$iC
00000001   ISRC$
00000001   KNL_swi$dorta
00000001   KNL_swi$sts$filtmaxmult
00000001   KNL_swi$sts$filtsummult
00000001   LCK$
00000001   LEDBlinker$ord
00000001   LOG$
00000001   LOG_A_TABLEN
00000001   LOG_ENABLED
00000001   MEM$
00000001   PRD$
00000001   PRD_A_TABLEN
00000001   PRD_swi$dorta
00000001   PRD_swi$ord
00000001   PRD_swi$pri
00000001   PRD_swi$sts$filtmaxmult
00000001   PRD_swi$sts$filtsummult
00000001   QUE$
00000001   RTA_fromHost$id
00000001   RTA_toHost$mode
00000001   RTDX$
00000001   RTDX_NORMALIZED_HDR
00000001   RTDX_USERTDX
00000001   SEM$
00000001   STS$
00000001   SWI$
00000001   SYS$
00000001   TSK$
00000001   TSK_CalcOutput$ord
00000001   TSK_CalcOutput$pri
00000001   TSK_CalcOutput$sts$filtmaxmult
00000001   TSK_CalcOutput$sts$filtsummult
00000001   TSK_PRIORITY
00000001   TSK_idle$sts$filtmaxmult
00000001   TSK_idle$sts$filtsummult
00000001   _CLK_USETIMER
00000001   _HWI_NMI
00000001   _LOG_A_TABLEN
00000001   procPing$dorta
00000001   procPing$pri
00000001   procPing$sts$filtmaxmult
00000001   procPing$sts$filtsummult
00000001   procPong$dorta
00000001   procPong$pri
00000001   procPong$sts$filtmaxmult
00000001   procPong$sts$filtsummult
00000002   HWI_RESERVED0
00000002   IDL_busyObj$unittype
00000002   KNL_swi$ord
00000002   KNL_swi$sts$filter
00000002   LEDBlinker$sts$unittype
00000002   PIP_A_TABLEN
00000002   PIP_gNumEmbed
00000002   PRD_swi$sts$filter
00000002   TSK_CalcOutput$sts$filter
00000002   TSK_idle$sts$filter
00000002   _HWI_RESERVED0
00000002   _RTDX_JTAGONLY
00000002   procPing$sts$filter
00000002   procPong$sts$filter
00000003   HWI_RESERVED1
00000003   _HWI_RESERVED1
00000003   procPing$ord
00000004   CLK_CALMULT
00000004   CLK_HTIMEMULT
00000004   HWI_INT4
00000004   PRD_SCALAR
00000004   RTA_fromHost$framesize
00000004   SWI_A_TABLEN
00000004   _HWI_INT4
00000005   HWI_INT5
00000005   _HWI_INT5
00000005   procPong$ord
00000006   HWI_INT6
00000006   IDL_CALIBRERROR
00000006   _HWI_INT6
00000007   HWI_INT7
00000007   _HWI_INT7
00000008   HWI_INT8
00000008   _HWI_INT8
00000009   HWI_INT9
00000009   _HWI_INT9
0000000a   HWI_INT10
0000000a   _HWI_INT10
0000000b   HWI_INT11
0000000b   _HWI_INT11
0000000c   HWI_INT12
0000000c   _HWI_INT12
0000000d   HWI_INT13
0000000d   _HWI_INT13
0000000e   HWI_INT14
0000000e   _HWI_INT14
0000000f   HWI_INT15
0000000f   _HWI_INT15
00000020   CLK_TCR
00000020   hwi1
0000003e   GBL_DSPTYPE
00000040   HST_MAXFRAMESET
00000040   LOG_system$size
00000040   RTA_toHost$framesize
00000040   hwi2
00000042   GBL_FOOTPRINT
00000060   hwi3
00000064   LEDBlinker$period
00000064   PIP_OBJSIZE
00000080   hwi4
000000a0   hwi5
000000c0   hwi6
000000e0   hwi7
000000ff   HST_MAXFRAMEALLOWED
00000100   hwi8
00000120   hwi9
00000140   hwi10
00000160   hwi11
00000180   hwi12
000001a0   hwi13
000001c0   hwi14
000001e0   hwi15
00000200   LNK_F_checkBufferCall
00000220   LNK_F_getChanPtr
00000278   LNK_F_init
00000280   LNK_F_dataPump
00000294   LNK_rcloop
00000360   LNK_rdrtry
00000370   LNK_rrloop
000003e8   CLK_MICROSECS
00000400   HST_DSMMEMSIZE
00000400   TSK_STACKSIZE
00000400   __STACK_SIZE
00000408   RTDX_BUFMEMSIZE
00000434   LNK_wrrtry
00000444   LNK_wrloop
00000520   LNK_newin
00000660   LNK_newout
000007c4   LNK_F_readCallBack
00000c34   __GBL_setL2CacheMode
00000de0   SWI_F_enable
00000de0   __SWI_lat3beg
00000e4c   __SWI_lat3end
00000e50   SWI_F_post
00000e50   _SWI_post
00000f8c   __SWI_lat1beg
00000ffc   SWI_EXECFXN
00000ffc   SWI_F_exec
00001028   SWI_F_iexec
00001040   __SWI_lat1end
00001044   __SWI_lat2beg
000010b4   __SWI_lat2end
000010b8   SWI_F_run
000010b8   SWI_RUNFXN
00001320   CLK_HOOKFXN
00001320   HWI_F_dispatch
00001320   _HWI_F_dispatch
00001320   __HWI_lat1beg
000014a0   __HWI_lat1end
000014a0   __HWI_lat2beg
000015cc   __HWI_lat2end2
000015fc   __HWI_lat3end2
00001640   __HWI_lat2end1
00001660   __HWI_lat3beg
00001760   __HWI_lat3end1
00001770   GBL_CLKTYPE
00001780   PRD_F_swi
00001a39   GBL_DSPSUBTYPE
00001a40   PRD_F_tick
00001b20   _KNL_run
00001de0   RTA_F_getlog
00001e24   RTA_F_getsts
00001e6c   RTA_F_readblk
00001e8c   RTA_F_writeword
00001e98   RTA_F_resetmem
00001e98   __RTA_lat1beg
00001ed0   __RTA_lat1end
00001ed8   RTA_F_dispatch
00001f28   RTA_execute
000020a0   _SEM_pendEnterKnl
00002226   GBL_L2ALLOC
000025a0   PRD_THOOKFXN
000025a0   _KNL_tick
000025c0   PIP_F_take
00002654   PIP_F_give
00002654   PIP_F_probe
00002728   PIP_F_start
00002800   __SEM_dopost
00002a20   _TSK_setup
00002c20   _KNL_saveIsrFrame
00002cec   _KNL_switch
00002da0   KNL_glue
00002de0   CLK_F_getltime
00002df4   CLK_F_isr
00002f54   CLK_F_itime
00002f54   _CLK_F_itime
00002f54   _CLK_itime
00002f70   __CLK_lat1beg
00002f9c   __CLK_lat1end
00002fa0   _TSK_exit
00003140   __auto_init
00003380   _TSK_startup
00003440   _KNL_check
00003490   __KNL_lat1beg
00003518   _KNL_idle
00003518   __KNL_lat1end
0000353c   _KNL_max
00003580   _GBL_cslCacheInit
00003660   _KNL_exit
000036b4   _KNL_enter
00003740   _SEM_postEnterKnl
00003820   _SEM_post
00003820   _SEM_postBinary
00003900   _CLK_measure
000039e0   _KNL_ipost
00003aa0   _KNL_post
00003b60   _LCK_post
00003b90   _LCK_pend
00003c20   _SYS_exit
00003ce0   CLK_F_getfhtime
00003d00   CLK_F_gethtime
00003d00   CLK_F_getshtime
00003d00   CLK_TIMEFXN
00003da0   FXN_F_nop
00003da8   FXN_F_run
00003da8   _FXN_F_run
00003df8   FXN_F_zero
00003df8   _FXN_F_zero
00003e20   IDL_F_busy
00003e20   __IDL_lat1beg
00003e70   __IDL_lat1end
00003ea0   LOG_F_event
00003ea0   _LOG_event
00003ea0   __LOG_lat1beg
00003f20   STS_F_delta
00003f20   _STS_delta
00003f58   STS_F_add
00003f58   _STS_add
00003f84   STS_F_reset
00003f84   _STS_reset
00003fa0   IDL_F_calibrate
00004000   CLK_INTBIT
00004020   _HWI_disable
00004038   _HWI_enable
0000404c   _HWI_restore
00004080   _SEM_pendBinary
000040e0   _SEM_pend
00004140   _SYS_abort
000041a0   SYS_PUTCFXN
000041a0   _UTL_doPutc
00004200   _CLK_start
00004260   IDL_CALIBRFXN
00004260   IDL_F_stub
000042a0   RTA_F_andn
000042c0   RTA_F_or
000042e0   SYS_ABORTFXN
000042e0   _UTL_doAbort
00004320   _CLK_stop
00004360   GIO_CREATEFXN
00004360   GIO_DELETEFXN
00004360   GIO_PENDFXN
00004360   GIO_POSTFXN
00004360   TSK_VCREATEFXN
00004360   TSK_VDELETEFXN
00004360   TSK_VEXITFXN
00004360   _FXN_F_nop
00004380   _GBL_getVersion
000043a0   IDL_F_loop
000043a0   _IDL_loop
000043c0   _STS_set
000043e0   SYS_ERRORFXN
000043e0   _UTL_doError
00004400   SYS_EXITFXN
00004400   _UTL_halt
00004420   .text
00004420   ___text__
00004468   _main
00004620   _PER_Blink_LED
0000466c   _CalcOutput
0000469c   _HLP_ReadSwitches
00004784   _HWI_handleEDMAInterrupt
00004868   _SWI_processPing
00004918   _SWI_processPong
000049cc   _conf_EDMA
00004cac   _DSK6713_init
00004e20   GBL_CLKIN
00004fc8   _DSK6713_rget
00004fdc   _DSK6713_rset
00004ff0   _DSK6713_wait
00005048   _DSK6713_waitusec
00005074   _DSK6713_getVersion
000050e0   _EDMA_open
00005108   HWI_CFGDISPATCHED
00005108   _HWI_CFGDISPATCHED
00005205   GBL_A_VERSION
00005360   _memcpy
000055a0   _conf_AIC23
00005728   _setReg_AIC23
000057e0   __CSL_init
00005a00   _DSK6713_LED_init
00005a40   _DSK6713_LED_off
00005ab0   _DSK6713_LED_on
00005b20   _DSK6713_LED_toggle
00005be0   _IRQ_map
00005f60   _EDMA_allocTable
00006100   _MCBSP_reset
000062a0   _wait500nS
000062c8   GBL_USERINITFXN
000062c8   _GBL_setPLLto225MHz
00006420   _call_dtors
00006580   _EDMA_reset
000066c0   _TIMER_open
00006800   _TIMER_reset
00006920   _EDMA_intAlloc
00006a20   _MCBSP_open
00006b20   _MCBSP_start
00006c20   _EDMA_config
00006d00   __strasg
00006de0   _atexit
00006f80   _conf_MCBSP
00006fd8   _start_MCBSP
00007040   _MCBSP_config
000070e0   __IRQ_init
00007220   _DSK6713_DIP_init
00007228   _DSK6713_DIP_get
000072a0   _EDMA_disableChannel
00007300   _EDMA_enableChannel
00007360   _EDMA_intEnable
000073c0   _EDMA_qdmaConfig
00007420   _EDMA_link
00007460   _IRQ_enable
000074a0   ___add_dtor
000074e0   _CSL6713_LIB_
00007500   _EDMA_intClear
00007520   _EDMA_intTest
00007540   _IRQ_globalEnable
00007560   _MCBSP_getXmtAddr
00007580   _MCBSP_write
000075a0   _MCBSP_xrdy
000075c0   __nop
000075e0   __register_lock
00007600   __register_unlock
00007620   __IRQ_hookFetchPacket
00007640   ___etext__
00007640   _arr
00007640   etext
00007a04   _dataStream
00007a14   _oBufPing
0000819c   _oBufPong
00008924   _conf_EDMA_oBuf
0000893c   _ui16Output
00008b1e   _DSK6713_version
00008b20   ___atexit_func_id__
00008cd0   __IRQ_eventTable
00008d54   __IRQ_intTable
00008d94   __IRQ_dispatchTable
00008d9c   _KNL_queues
00008e3c   _KNL_dummy
00008e74   _TSK_ATTRS
00008e90   _TSK_config
00008eb0   _TSK_timerSem
00008ed0   _OBJ_table
00008f08   _OBJ_segtab
00008f38   _tccAllocTable
00008f78   __TSK_mutex
00008fa0   __MEM_mutex
00008ff8   __MCBSP_hDev0
00008ffc   __MCBSP_hDev1
00009000   _myAIC23_registers
00009014   _mcbspforAIC23Cfg
0000905c   __TIMER_deviceTable
00009074   __TIMER_hDev0
00009078   __TIMER_hDev1
0000907c   __TIMER_hBios
00009080   _SYS_exitStack
000090a0   _cfgDataMCBSP
000090dc   __cleanup_ptr
000090e0   __dtors_ptr
000090e4   ___TI_enable_exit_profile_output
000090e8   __lock
000090ec   __unlock
000090f0   _dtors
000090f8   ___cinit__
000090f8   cinit
0000a894   ___pinit__
0000a894   pinit
0000a8a0   _RTDX_Poll
0000aca0   _RTDX_Buffer_WriteCB
0000b2e0   _RTDX_Mon_Queue
0000b500   _RTDX_Init_RT_Monitor
0000b580   _RTDX_Buffer_Initialize
0000b5e0   _RTDX_Buffer_ReadCB
0000b640   _RTDX_Buffer_Size
0000b680   _RTDX_Final_RT_Monitor
0000b6c0   _RTDX_Buffer_Read
0000b6e0   _RTDX_Buffer_Write
0000b720   _RTDX_Mask_IER
0000b740   _RTDX_Buffer
0000bb48   _RTDX_Buffer_Start
0000bb4c   _RTDX_Buffer_End
0000bb50   _rtdx_buffer_state
0000bb5c   _RTDX_writing
0000bb70   _rtdx_mon_state
0000bb8c   RTA_fromHost$buf
0000bba0   BIOS_init
0000bba0   _BIOS_init
0000bd04   BIOS$$CLKON
0000bd44   BIOS$$CLKOFF
0000bdac   BIOS_start
0000bdac   _BIOS_start
0000be60   _c_int00
0000bf20   _TSK_init
0000bfa0   _OBJ_init
0000bfc0   TSK_CalcOutput$stack
0000c358   TSK_CalcOutput$stkptr
0000c3c0   TSK_idle$stack
0000c758   TSK_idle$stkptr
0000c7c0   GBL_stackbeg
0000c7c0   _HWI_STKTOP
0000c7c0   __stack
0000cbb8   _HWI_STKBOTTOM
0000cbbf   GBL_stackend
0000cbc0   $bss
0000cbc0   .bss
0000cbc0   _HWI_dispatchTab
0000cbc0   __STACK_END
0000cbc0   ___bss__
0000ccc0   IDL_D_tabbeg
0000ccc4   IDL_D_calibrate
0000ccc8   IDL_D_calbeg
0000cccc   LOG_D_system
0000cccc   _LOG_D_system
0000ccd0   PIP_D_tabbeg
0000ccd4   PIP_D_tablen
0000ccd8   CLK_R_time
0000ccdc   CLK_D_timefxn
0000cce0   CLK_D_tabbeg
0000cce4   CLK_D_isrhook
0000cce8   CLK_D_idletime
0000ccec   _CLK_htimeDiv
0000ccf0   _CLK_htimeMult
0000ccf4   _CLK_ltimeDiv
0000ccf8   _CLK_ltimeMult
0000ccfc   _CLK_D_dirty
0000cd00   _CLK_D_prd
0000cd04   _CLK_D_tddr
0000cd08   _CLK_D_countspms
0000cd0c   PRD_D_tick
0000cd0c   _PRD_D_tick
0000cd10   PRD_D_cur
0000cd14   PRD_D_elapsed
0000cd18   PRD_D_prevtim
0000cd1c   PRD_D_scalar
0000cd20   PRD_D_swihandle
0000cd24   PRD_D_tabbeg
0000cd28   PRD_D_tablen
0000cd2c   PRD_D_thook
0000cd30   RTA_D_fromHost
0000cd34   RTA_D_toHost
0000cd38   RTA_D_logval
0000cd48   RTA_D_stsval
0000cd54   HST_D_chanmask
0000cd58   HST_D_tabbeg
0000cd5c   HST_D_tabend
0000cd60   _GBL_procId
0000cd64   _GBL_clkIn
0000cd68   _GBL_freq
0000cd6c   _MEM_D_NUMSEGMENTS
0000cd70   _MEM_D_memtab
0000cd74   _MEM_D_freelist
0000cd78   _MEM_D_lockaddr
0000cd7c   _MEM_D_unlockaddr
0000cd80   _SYS
0000cd84   __HOOK_knlId
0000cd88   __HOOK_NUMHOOKS
0000cd8c   SWI_D_runaddr
0000cd8c   _SWI_D_runaddr
0000cd8c   _SWI_data
0000cd90   SWI_D_execaddr
0000cd90   _SWI_D_execaddr
0000cd94   SWI_D_curmask
0000cd94   _SWI_D_curmask
0000cd98   SWI_D_curset
0000cd98   _SWI_D_curset
0000cd9c   SWI_D_lock
0000cd9c   _SWI_D_lock
0000cda0   SWI_D_curmbox
0000cda4   SWI_D_curfxn
0000cda4   _SWI_D_curfxn
0000cda8   SWI_D_rdybeg
0000cda8   _SWI_D_rdybeg
0000cdac   SWI_D_inswi
0000cdac   _SWI_D_inswi
0000cdb0   SWI_D_rdytab
0000ce28   _KNL_wFlag
0000ce2c   _KNL_wList
0000ce30   _KNL_alarm
0000ce34   _KNL_setpri
0000ce38   _KNL_inactive
0000ce3c   _KNL_priority
0000ce40   _KNL_set
0000ce44   _KNL_curtask
0000ce48   _KNL_prevtask
0000ce4c   _KNL_curtime
0000ce50   _KNL_swiptr
0000ce54   _KNL_curqueue
0000ce58   _KNL_maxqueue
0000ce5c   _KNL_tswitchfxn
0000ce60   _KNL_tcreatefxn
0000ce64   _KNL_tdeletefxn
0000ce68   _KNL_treadyfxn
0000ce6c   _KNL_idlefxn
0000ce70   _g
0000ce74   _processping
0000ce78   _processpong
0000ce7c   _hMcBsp
0000ce80   _hEDMARcv
0000ce84   _hEDMATrx
0000ce88   _hEDMARcvPing
0000ce8c   _hEDMARcvPong
0000ce90   _hEDMATrxPing
0000ce94   _hEDMATrxPong
0000ce98   _tccRcvPing
0000ce9c   _tccRcvPong
0000cea0   _tccTrxPing
0000cea4   _tccTrxPong
0000cea8   _TrxPingDone
0000ceac   _TrxPongDone
0000ceb0   _ui32SwitchState
0000ceb4   RTA_fromHost$pipe$dtab
0000cec0   RTA_toHost$pipe$dtab
0000cecc   HWI_D_spsave
0000cecc   _HWI_D_spsave
0000cecc   _HWI_data
0000ced8   _HWI_D_inhwi
0000cedc   HWI_D_bss
0000cee0   HWI_D_ccmask
0000cee4   LNK_dspFrameRequestMask
0000cee4   _LNK_dspFrameRequestMask
0000cee8   LNK_dspFrameReadyMask
0000cee8   _LNK_dspFrameReadyMask
0000ceec   LNK_readPend
0000ceec   _LNK_readPend
0000cef0   LNK_readDone
0000cef0   _LNK_readDone
0000cef4   LNK_readFail
0000cef4   _LNK_readFail
0000cef8   LNK_writeFail
0000cef8   _LNK_writeFail
0000cf04   _rtdxNullChanCnt
0000cf08   _rtdxNullFuncCnt
0000cf0c   _TSK_nTasks
0000cf10   _TSK_pid
0000cf14   _TSK
0000cf18   _CLK_DFLTMICROSECS
0000cf1c   _CLK_D_microseconds
0000cf20   _SYS_exitStackPtr
0000cf24   _SYS_exitStackTop
0000cf28   _CLK_htimePerLtime
0000cf30   IDL_D_busyObj
0000cf34   _SYS_PUTCBEG
0000cf34   ___end__
0000cf34   end
0000d133   _SYS_PUTCEND
0000d134   PIP_A_TABBEG
0000d134   RTA_fromHost$pipe
0000d134   _PIP_A_TABBEG
0000d138   RTA_fromHost$pipe$rd
0000d164   RTA_fromHost$pipe$aaa
0000d168   RTA_fromHost$pipe$wr
0000d194   RTA_fromHost$pipe$bbb
0000d198   RTA_toHost$pipe
0000d19c   RTA_toHost$pipe$rd
0000d1c8   RTA_toHost$pipe$aaa
0000d1cc   RTA_toHost$pipe$wr
0000d1f8   RTA_toHost$pipe$bbb
0000d1fc   PIP_A_TABEND
0000d1fc   _PIP_A_TABEND
0000d200   LOG_system$buf
0000d300   RTA_toHost$buf
0000d40c   TSK_idle
0000d40c   _TSK_idle
0000d46c   TSK_CalcOutput
0000d46c   _TSK_CalcOutput
0000d575   LEDBlinker$sts$maxfmt
0000d578   PRD_SWIHANDLE
0000d578   PRD_swi
0000d578   SWI_A_TABBEG
0000d578   _PRD_swi
0000d57e   LEDBlinker$sts$sumfmt
0000d587   LEDBlinker$sts$avgfmt
0000d592   PRD_swi$sts$maxfmt
0000d59a   PRD_swi$sts$sumfmt
0000d5a2   PRD_swi$sts$avgfmt
0000d5a4   KNL_swi
0000d5a4   _KNL_swi
0000d5ac   KNL_swi$sts$maxfmt
0000d5b4   KNL_swi$sts$sumfmt
0000d5bc   KNL_swi$sts$avgfmt
0000d5c6   procPing$sts$maxfmt
0000d5ce   procPing$sts$sumfmt
0000d5d0   _procPing
0000d5d0   procPing
0000d5d6   procPing$sts$avgfmt
0000d5e0   procPong$sts$maxfmt
0000d5e8   procPong$sts$sumfmt
0000d5f0   procPong$sts$avgfmt
0000d5fa   TSK_idle$sts$maxfmt
0000d5fc   _procPong
0000d5fc   procPong
0000d602   TSK_idle$sts$sumfmt
0000d60a   TSK_idle$sts$avgfmt
0000d614   TSK_CalcOutput$sts$maxfmt
0000d61c   TSK_CalcOutput$sts$sumfmt
0000d624   TSK_CalcOutput$sts$avgfmt
0000d628   LEDBlinker$sts$stsobj
0000d628   STS_A_TABBEG
0000d628   SWI_A_TABEND
0000d628   _STS_A_TABBEG
0000d62c   LEDBlinker$sts
0000d62e   IDL_busyObj$maxfmt
0000d631   IDL_busyObj$sumfmt
0000d634   IDL_busyObj$avgfmt
0000d638   PRD_swi$sts$stsobj
0000d63c   PRD_swi$sts
0000d648   KNL_swi$sts$stsobj
0000d64c   KNL_swi$sts
0000d658   procPing$sts$stsobj
0000d65c   procPing$sts
0000d668   procPong$sts$stsobj
0000d66c   procPong$sts
0000d678   TSK_idle$sts$stsobj
0000d67c   TSK_idle$sts
0000d688   TSK_CalcOutput$sts$stsobj
0000d68c   TSK_CalcOutput$sts
0000d698   IDL_busyObj$stsobj
0000d69c   IDL_busyObj
0000d69c   _IDL_busyObj
0000d6a8   STS_A_TABEND
0000d6a8   _STS_A_TABEND
0000d6f4   HST_A_TABBEG
0000d6f4   _HST_A_TABBEG
0000d6f8   RTA_fromHost
0000d6f8   _RTA_fromHost
0000d700   RTA_fromHost$rtdx
0000d714   RTA_toHost
0000d714   _RTA_toHost
0000d71c   RTA_toHost$rtdx
0000d730   HST_A_TABEND
0000d730   _HST_A_TABEND
0000d73c   SEM_RecalcPending
0000d73c   _SEM_RecalcPending
0000d784   LEDBlinker
0000d784   PRD_A_TABBEG
0000d784   _LEDBlinker
0000d7a0   LEDBlinker$aaa
0000d7a4   LOG_A_TABBEG
0000d7a4   LOG_system
0000d7a4   PRD_A_TABEND
0000d7a4   _LOG_A_TABBEG
0000d7a4   _LOG_system
0000d7bc   IDL_A_TABBEG
0000d7bc   IDL_cpuLoad
0000d7bc   LOG_A_TABEND
0000d7bc   _IDL_cpuLoad
0000d7bc   _LOG_A_TABEND
0000d7c0   LNK_dataPump
0000d7c0   _LNK_dataPump
0000d7c4   RTA_dispatcher
0000d7c4   _RTA_dispatcher
0000d7c8   IDL_END
0000d7cc   IDL_A_CALBEG
0000d7cc   IDL_cpuLoad$
0000d7d0   LNK_dataPump$
0000d7d4   RTA_dispatcher$
0000d7d8   IDL_END$
0000d7dc   SYS$config
0000d7ec   TRC_cinit
0000d7f0   TRC_R_mask
0000d7f0   _TRC_R_mask
0000d7f4   GBL_initdone
0000d7f8   CLK_A_TABBEG
0000d7f8   PRD_clock
0000d7f8   _PRD_clock
0000d7fc   CLK_null
0000dbba   CLK_COUNTSPMS
0000dbba   CLK_HTIMEPERLTIME
0000dbba   CLK_PRD
0000dbba   _CLK_COUNTSPMS
0000dbba   _CLK_PRD
0000dbef   GBL_TRCMASKVALUE
00036ee8   CLK_LTIMEMULT
00036ee8   GBL_FREQ
01940000   CLK_REGS
01940000   _CLK_REGS
08203da3   HWI_INTRMULTHIGH
310718aa   HWI_INTRMULTLOW
ffffffff   HST_DSMBUFSEG
ffffffff   IRAM
ffffffff   RTDX_DATAMEMSEG
ffffffff   SDRAM
ffffffff   _IRAM
ffffffff   _SDRAM
ffffffff   ___TI_pprof_out_hndl
ffffffff   ___TI_prof_data_size
ffffffff   ___TI_prof_data_start
ffffffff   ___binit__
ffffffff   ___c_args__
ffffffff   binit

[843 symbols]
