<?xml version="1.0"?>
<link_info>
   <banner>TMS320C6x Linker PC v7.4.4</banner>
   <copyright>Copyright (c) 1996-2013 Texas Instruments Incorporated</copyright>
   <link_time>0x52e90e85</link_time>
   <output_file>QPSKModulator.out</output_file>
   <entry_point>
      <name>_c_int00</name>
      <address>0xbe60</address>
   </entry_point>
   <input_file_list>
      <input_file id="fl-b">
         <path>.\</path>
         <kind>object</kind>
         <file>main.obj</file>
         <name>main.obj</name>
      </input_file>
      <input_file id="fl-c">
         <path>.\</path>
         <kind>object</kind>
         <file>config_MCBSP.obj</file>
         <name>config_MCBSP.obj</name>
      </input_file>
      <input_file id="fl-d">
         <path>.\</path>
         <kind>object</kind>
         <file>config_AIC23.obj</file>
         <name>config_AIC23.obj</name>
      </input_file>
      <input_file id="fl-e">
         <path>.\</path>
         <kind>object</kind>
         <file>LED_blinkcfg_c.obj</file>
         <name>LED_blinkcfg_c.obj</name>
      </input_file>
      <input_file id="fl-f">
         <path>.\</path>
         <kind>object</kind>
         <file>LED_blinkcfg.obj</file>
         <name>LED_blinkcfg.obj</name>
      </input_file>
      <input_file id="fl-8b">
         <path>C:\ti\bios_5_42_01_09\packages\ti\bios\lib\</path>
         <kind>archive</kind>
         <file>biosC6000.a67</file>
         <name>clk_htime.o67</name>
      </input_file>
      <input_file id="fl-8c">
         <path>C:\ti\bios_5_42_01_09\packages\ti\bios\lib\</path>
         <kind>archive</kind>
         <file>bios.a67</file>
         <name>biosdata.o67</name>
      </input_file>
      <input_file id="fl-8d">
         <path>C:\ti\bios_5_42_01_09\packages\ti\bios\lib\</path>
         <kind>archive</kind>
         <file>bios.a67</file>
         <name>hwi_disp_asm.o67</name>
      </input_file>
      <input_file id="fl-8e">
         <path>C:\ti\bios_5_42_01_09\packages\ti\bios\lib\</path>
         <kind>archive</kind>
         <file>bios.a67</file>
         <name>idl_stub.o67</name>
      </input_file>
      <input_file id="fl-8f">
         <path>C:\ti\bios_5_42_01_09\packages\ti\bios\lib\</path>
         <kind>archive</kind>
         <file>lnkrtdx.a67</file>
         <name>rtdx.o67</name>
      </input_file>
      <input_file id="fl-90">
         <path>C:\ti\bios_5_42_01_09\packages\ti\bios\lib\</path>
         <kind>archive</kind>
         <file>bios.a67</file>
         <name>swi.o67</name>
      </input_file>
      <input_file id="fl-91">
         <path>C:\ti\bios_5_42_01_09\packages\ti\bios\lib\</path>
         <kind>archive</kind>
         <file>bios.a67</file>
         <name>fxn_c.o67</name>
      </input_file>
      <input_file id="fl-92">
         <path>C:\ti\bios_5_42_01_09\packages\ti\bios\lib\</path>
         <kind>archive</kind>
         <file>bios.a67</file>
         <name>gbl_cslpllinit62.o67</name>
      </input_file>
      <input_file id="fl-93">
         <path>C:\ti\bios_5_42_01_09\packages\ti\bios\lib\</path>
         <kind>archive</kind>
         <file>bios.a67</file>
         <name>knl_tick.o67</name>
      </input_file>
      <input_file id="fl-94">
         <path>C:\ti\bios_5_42_01_09\packages\ti\bios\lib\</path>
         <kind>archive</kind>
         <file>bios.a67</file>
         <name>utl_doab.o67</name>
      </input_file>
      <input_file id="fl-95">
         <path>C:\ti\bios_5_42_01_09\packages\ti\bios\lib\</path>
         <kind>archive</kind>
         <file>bios.a67</file>
         <name>utl_doer.o67</name>
      </input_file>
      <input_file id="fl-96">
         <path>C:\ti\bios_5_42_01_09\packages\ti\bios\lib\</path>
         <kind>archive</kind>
         <file>bios.a67</file>
         <name>utl_putc.o67</name>
      </input_file>
      <input_file id="fl-97">
         <path>C:\ti\bios_5_42_01_09\packages\ti\bios\lib\</path>
         <kind>archive</kind>
         <file>bios.a67</file>
         <name>utl_halt.o67</name>
      </input_file>
      <input_file id="fl-98">
         <path>C:\ti\bios_5_42_01_09\packages\ti\bios\lib\</path>
         <kind>archive</kind>
         <file>biosC6000.a67</file>
         <name>clk.o67</name>
      </input_file>
      <input_file id="fl-99">
         <path>C:\ti\bios_5_42_01_09\packages\ti\bios\lib\</path>
         <kind>archive</kind>
         <file>bios.a67</file>
         <name>fxn.o67</name>
      </input_file>
      <input_file id="fl-9a">
         <path>C:\ti\bios_5_42_01_09\packages\ti\bios\lib\</path>
         <kind>archive</kind>
         <file>bios.a67</file>
         <name>boot.o67</name>
      </input_file>
      <input_file id="fl-9b">
         <path>C:\ti\bios_5_42_01_09\packages\ti\bios\lib\</path>
         <kind>archive</kind>
         <file>bios.a67</file>
         <name>trc.o67</name>
      </input_file>
      <input_file id="fl-9c">
         <path>C:\ti\bios_5_42_01_09\packages\ti\bios\lib\</path>
         <kind>archive</kind>
         <file>bios.a67</file>
         <name>hwi.o67</name>
      </input_file>
      <input_file id="fl-9d">
         <path>C:\ti\bios_5_42_01_09\packages\ti\bios\lib\</path>
         <kind>archive</kind>
         <file>bios.a67</file>
         <name>idl_busy.o67</name>
      </input_file>
      <input_file id="fl-9e">
         <path>C:\ti\bios_5_42_01_09\packages\ti\bios\lib\</path>
         <kind>archive</kind>
         <file>biosC6000.a67</file>
         <name>idl_cal.o67</name>
      </input_file>
      <input_file id="fl-9f">
         <path>C:\ti\bios_5_42_01_09\packages\ti\bios\lib\</path>
         <kind>archive</kind>
         <file>bios.a67</file>
         <name>idl.o67</name>
      </input_file>
      <input_file id="fl-a0">
         <path>C:\ti\bios_5_42_01_09\packages\ti\bios\lib\</path>
         <kind>archive</kind>
         <file>bios.a67</file>
         <name>knl_swit.o67</name>
      </input_file>
      <input_file id="fl-a1">
         <path>C:\ti\bios_5_42_01_09\packages\ti\bios\lib\</path>
         <kind>archive</kind>
         <file>bios.a67</file>
         <name>log.o67</name>
      </input_file>
      <input_file id="fl-a2">
         <path>C:\ti\bios_5_42_01_09\packages\ti\bios\lib\</path>
         <kind>archive</kind>
         <file>bios.a67</file>
         <name>pip.o67</name>
      </input_file>
      <input_file id="fl-a3">
         <path>C:\ti\bios_5_42_01_09\packages\ti\bios\lib\</path>
         <kind>archive</kind>
         <file>bios.a67</file>
         <name>prd.o67</name>
      </input_file>
      <input_file id="fl-a4">
         <path>C:\ti\bios_5_42_01_09\packages\ti\bios\lib\</path>
         <kind>archive</kind>
         <file>bios.a67</file>
         <name>rta.o67</name>
      </input_file>
      <input_file id="fl-a5">
         <path>C:\ti\bios_5_42_01_09\packages\ti\bios\lib\</path>
         <kind>archive</kind>
         <file>bios.a67</file>
         <name>rta_andn.o67</name>
      </input_file>
      <input_file id="fl-a6">
         <path>C:\ti\bios_5_42_01_09\packages\ti\bios\lib\</path>
         <kind>archive</kind>
         <file>bios.a67</file>
         <name>sts.o67</name>
      </input_file>
      <input_file id="fl-a7">
         <path>C:\ti\bios_5_42_01_09\packages\ti\bios\lib\</path>
         <kind>archive</kind>
         <file>bios.a67</file>
         <name>clk_data.o67</name>
      </input_file>
      <input_file id="fl-a8">
         <path>C:\ti\bios_5_42_01_09\packages\ti\bios\lib\</path>
         <kind>archive</kind>
         <file>bios.a67</file>
         <name>clk_data2.o67</name>
      </input_file>
      <input_file id="fl-a9">
         <path>C:\ti\bios_5_42_01_09\packages\ti\bios\lib\</path>
         <kind>archive</kind>
         <file>biosC6000.a67</file>
         <name>clk_meas.o67</name>
      </input_file>
      <input_file id="fl-aa">
         <path>C:\ti\bios_5_42_01_09\packages\ti\bios\lib\</path>
         <kind>archive</kind>
         <file>biosC6000.a67</file>
         <name>clk_start.o67</name>
      </input_file>
      <input_file id="fl-ab">
         <path>C:\ti\bios_5_42_01_09\packages\ti\bios\lib\</path>
         <kind>archive</kind>
         <file>biosC6000.a67</file>
         <name>clk_stop.o67</name>
      </input_file>
      <input_file id="fl-ac">
         <path>C:\ti\C6xCSL\lib_3x\</path>
         <kind>archive</kind>
         <file>csl6713.lib</file>
         <name>csl.obj</name>
      </input_file>
      <input_file id="fl-ad">
         <path>C:\ti\DSK6713\c6000\dsk6713\lib\</path>
         <kind>archive</kind>
         <file>dsk6713bsl.lib</file>
         <name>dsk6713_dip.obj</name>
      </input_file>
      <input_file id="fl-ae">
         <path>C:\ti\DSK6713\c6000\dsk6713\lib\</path>
         <kind>archive</kind>
         <file>dsk6713bsl.lib</file>
         <name>dsk6713_led.obj</name>
      </input_file>
      <input_file id="fl-af">
         <path>C:\ti\DSK6713\c6000\dsk6713\lib\</path>
         <kind>archive</kind>
         <file>dsk6713bsl.lib</file>
         <name>dsk6713.obj</name>
      </input_file>
      <input_file id="fl-b0">
         <path>C:\ti\C6xCSL\lib_3x\</path>
         <kind>archive</kind>
         <file>csl6713.lib</file>
         <name>csl_edma.obj</name>
      </input_file>
      <input_file id="fl-b1">
         <path>C:\ti\bios_5_42_01_09\packages\ti\bios\lib\</path>
         <kind>archive</kind>
         <file>bios.a67</file>
         <name>gbl_cslcacheinit.o67</name>
      </input_file>
      <input_file id="fl-b2">
         <path>C:\ti\bios_5_42_01_09\packages\ti\bios\lib\</path>
         <kind>archive</kind>
         <file>bios.a67</file>
         <name>gbl_vers.o67</name>
      </input_file>
      <input_file id="fl-b3">
         <path>C:\ti\bios_5_42_01_09\packages\ti\bios\lib\</path>
         <kind>archive</kind>
         <file>bios.a67</file>
         <name>hwi_c.o67</name>
      </input_file>
      <input_file id="fl-b4">
         <path>C:\ti\C6xCSL\lib_3x\</path>
         <kind>archive</kind>
         <file>csl6713.lib</file>
         <name>csl_irq.obj</name>
      </input_file>
      <input_file id="fl-b5">
         <path>C:\ti\bios_5_42_01_09\packages\ti\bios\lib\</path>
         <kind>archive</kind>
         <file>bios.a67</file>
         <name>knl.o67</name>
      </input_file>
      <input_file id="fl-b6">
         <path>C:\ti\bios_5_42_01_09\packages\ti\bios\lib\</path>
         <kind>archive</kind>
         <file>bios.a67</file>
         <name>knl_exit.o67</name>
      </input_file>
      <input_file id="fl-b7">
         <path>C:\ti\bios_5_42_01_09\packages\ti\bios\lib\</path>
         <kind>archive</kind>
         <file>bios.a67</file>
         <name>knl_chec.o67</name>
      </input_file>
      <input_file id="fl-b8">
         <path>C:\ti\bios_5_42_01_09\packages\ti\bios\lib\</path>
         <kind>archive</kind>
         <file>bios.a67</file>
         <name>knl_post.o67</name>
      </input_file>
      <input_file id="fl-b9">
         <path>C:\ti\bios_5_42_01_09\packages\ti\bios\lib\</path>
         <kind>archive</kind>
         <file>bios.a67</file>
         <name>knl_ipos.o67</name>
      </input_file>
      <input_file id="fl-ba">
         <path>C:\ti\bios_5_42_01_09\packages\ti\bios\lib\</path>
         <kind>archive</kind>
         <file>bios.a67</file>
         <name>knl_run.o67</name>
      </input_file>
      <input_file id="fl-bb">
         <path>C:\ti\C6xCSL\lib_3x\</path>
         <kind>archive</kind>
         <file>csl6713.lib</file>
         <name>csl_mcbsp.obj</name>
      </input_file>
      <input_file id="fl-bc">
         <path>C:\ti\bios_5_42_01_09\packages\ti\bios\lib\</path>
         <kind>archive</kind>
         <file>bios.a67</file>
         <name>obj_init.o67</name>
      </input_file>
      <input_file id="fl-bd">
         <path>C:\ti\bios_5_42_01_09\packages\ti\rtdx\lib\c6000\</path>
         <kind>archive</kind>
         <file>rtdx.lib</file>
         <name>buffer2.o62</name>
      </input_file>
      <input_file id="fl-be">
         <path>C:\ti\bios_5_42_01_09\packages\ti\rtdx\lib\c6000\</path>
         <kind>archive</kind>
         <file>rtdx.lib</file>
         <name>buffer1.o62</name>
      </input_file>
      <input_file id="fl-bf">
         <path>C:\ti\bios_5_42_01_09\packages\ti\rtdx\lib\c6000\</path>
         <kind>archive</kind>
         <file>rtdx.lib</file>
         <name>intr_tgt.o62</name>
      </input_file>
      <input_file id="fl-c0">
         <path>C:\ti\bios_5_42_01_09\packages\ti\rtdx\lib\c6000\</path>
         <kind>archive</kind>
         <file>rtdx.lib</file>
         <name>rtdx_mon.o62</name>
      </input_file>
      <input_file id="fl-c1">
         <path>C:\ti\bios_5_42_01_09\packages\ti\bios\lib\</path>
         <kind>archive</kind>
         <file>bios.a67</file>
         <name>sem_pend_binary.o67</name>
      </input_file>
      <input_file id="fl-c2">
         <path>C:\ti\bios_5_42_01_09\packages\ti\bios\lib\</path>
         <kind>archive</kind>
         <file>bios.a67</file>
         <name>sem_pend.o67</name>
      </input_file>
      <input_file id="fl-c3">
         <path>C:\ti\bios_5_42_01_09\packages\ti\bios\lib\</path>
         <kind>archive</kind>
         <file>bios.a67</file>
         <name>sem_post_asm.o67</name>
      </input_file>
      <input_file id="fl-c4">
         <path>C:\ti\bios_5_42_01_09\packages\ti\bios\lib\</path>
         <kind>archive</kind>
         <file>bios.a67</file>
         <name>sem_post.o67</name>
      </input_file>
      <input_file id="fl-c5">
         <path>C:\ti\bios_5_42_01_09\packages\ti\bios\lib\</path>
         <kind>archive</kind>
         <file>bios.a67</file>
         <name>sts_set.o67</name>
      </input_file>
      <input_file id="fl-c6">
         <path>C:\ti\C6xCSL\lib_3x\</path>
         <kind>archive</kind>
         <file>csl6713.lib</file>
         <name>csl_timer.obj</name>
      </input_file>
      <input_file id="fl-c7">
         <path>C:\ti\bios_5_42_01_09\packages\ti\bios\lib\</path>
         <kind>archive</kind>
         <file>bios.a67</file>
         <name>tsk.o67</name>
      </input_file>
      <input_file id="fl-c8">
         <path>C:\ti\bios_5_42_01_09\packages\ti\bios\lib\</path>
         <kind>archive</kind>
         <file>bios.a67</file>
         <name>tsk_exit.o67</name>
      </input_file>
      <input_file id="fl-c9">
         <path>C:\ti\bios_5_42_01_09\packages\ti\bios\lib\</path>
         <kind>archive</kind>
         <file>bios.a67</file>
         <name>sys_exit.o67</name>
      </input_file>
      <input_file id="fl-ca">
         <path>C:\ti\bios_5_42_01_09\packages\ti\bios\lib\</path>
         <kind>archive</kind>
         <file>bios.a67</file>
         <name>sys.o67</name>
      </input_file>
      <input_file id="fl-cb">
         <path>C:\ti\bios_5_42_01_09\packages\ti\bios\lib\</path>
         <kind>archive</kind>
         <file>bios.a67</file>
         <name>tsk_init.o67</name>
      </input_file>
      <input_file id="fl-cc">
         <path>C:\ti\bios_5_42_01_09\packages\ti\bios\lib\</path>
         <kind>archive</kind>
         <file>bios.a67</file>
         <name>tsk_setu.o67</name>
      </input_file>
      <input_file id="fl-cd">
         <path>C:\ti\bios_5_42_01_09\packages\ti\bios\lib\</path>
         <kind>archive</kind>
         <file>bios.a67</file>
         <name>tsk_stup.o67</name>
      </input_file>
      <input_file id="fl-ce">
         <path>C:\ti\bios_5_42_01_09\packages\ti\bios\lib\</path>
         <kind>archive</kind>
         <file>bios.a67</file>
         <name>lck.o67</name>
      </input_file>
      <input_file id="fl-cf">
         <path>C:\ti\bios_5_42_01_09\packages\ti\bios\lib\</path>
         <kind>archive</kind>
         <file>bios.a67</file>
         <name>sem_pend_counting.o67</name>
      </input_file>
      <input_file id="fl-d0">
         <path>C:\ti\bios_5_42_01_09\packages\ti\bios\lib\</path>
         <kind>archive</kind>
         <file>bios.a67</file>
         <name>sys_abor.o67</name>
      </input_file>
      <input_file id="fl-d1">
         <path>C:\ti\bios_5_42_01_09\packages\ti\bios\lib\</path>
         <kind>archive</kind>
         <file>bios.a67</file>
         <name>gbl_setL2CacheMode.o67</name>
      </input_file>
      <input_file id="fl-d2">
         <path>C:\ti\bios_5_42_01_09\packages\ti\bios\lib\</path>
         <kind>archive</kind>
         <file>bios.a67</file>
         <name>sem_dopo.o67</name>
      </input_file>
      <input_file id="fl-d3">
         <path>C:\ti\bios_5_42_01_09\packages\ti\bios\lib\</path>
         <kind>archive</kind>
         <file>bios.a67</file>
         <name>autoinit.o67</name>
      </input_file>
      <input_file id="fl-d4">
         <path>C:\ti\ccsv5\tools\compiler\c6000_7.4.4\lib\</path>
         <kind>archive</kind>
         <file>rts6700.lib</file>
         <name>_lock.obj</name>
      </input_file>
      <input_file id="fl-d5">
         <path>C:\ti\ccsv5\tools\compiler\c6000_7.4.4\lib\</path>
         <kind>archive</kind>
         <file>rts6700.lib</file>
         <name>strasg.obj</name>
      </input_file>
      <input_file id="fl-d6">
         <path>C:\ti\ccsv5\tools\compiler\c6000_7.4.4\lib\</path>
         <kind>archive</kind>
         <file>rts6700.lib</file>
         <name>atexit.obj</name>
      </input_file>
      <input_file id="fl-d7">
         <path>C:\ti\ccsv5\tools\compiler\c6000_7.4.4\lib\</path>
         <kind>archive</kind>
         <file>rts6700.lib</file>
         <name>sinit.obj</name>
      </input_file>
      <input_file id="fl-d8">
         <path>C:\ti\ccsv5\tools\compiler\c6000_7.4.4\lib\</path>
         <kind>archive</kind>
         <file>rts6700.lib</file>
         <name>exit.obj</name>
      </input_file>
      <input_file id="fl-d9">
         <path>C:\ti\ccsv5\tools\compiler\c6000_7.4.4\lib\</path>
         <kind>archive</kind>
         <file>rts6700.lib</file>
         <name>memcpy62.obj</name>
      </input_file>
   </input_file_list>
   <object_component_list>
      <object_component id="oc-78">
         <name>.vers</name>
         <load_address>0x0</load_address>
         <run_address>0x0</run_address>
         <size>0x40</size>
         <input_file_ref idref="fl-f"/>
      </object_component>
      <object_component id="oc-65">
         <name>.clk</name>
         <uninitialized>true</uninitialized>
         <run_address>0xd7f8</run_address>
         <size>0x8</size>
         <input_file_ref idref="fl-f"/>
      </object_component>
      <object_component id="oc-66">
         <name>.prd</name>
         <uninitialized>true</uninitialized>
         <run_address>0xd784</run_address>
         <size>0x20</size>
         <input_file_ref idref="fl-f"/>
      </object_component>
      <object_component id="oc-7">
         <name>HWI_A_VECS</name>
         <load_address>0x0</load_address>
         <run_address>0x0</run_address>
         <size>0x0</size>
      </object_component>
      <object_component id="oc-6d">
         <name>.hwi_vec</name>
         <load_address>0x0</load_address>
         <run_address>0x0</run_address>
         <size>0x200</size>
         <input_file_ref idref="fl-f"/>
      </object_component>
      <object_component id="oc-6e">
         <name>.swi</name>
         <uninitialized>true</uninitialized>
         <run_address>0xd578</run_address>
         <size>0xb0</size>
         <input_file_ref idref="fl-f"/>
      </object_component>
      <object_component id="oc-6f">
         <name>.tsk</name>
         <uninitialized>true</uninitialized>
         <run_address>0xd400</run_address>
         <size>0xc0</size>
         <input_file_ref idref="fl-f"/>
      </object_component>
      <object_component id="oc-73">
         <name>.idl</name>
         <uninitialized>true</uninitialized>
         <run_address>0xd7bc</run_address>
         <size>0x10</size>
         <input_file_ref idref="fl-f"/>
      </object_component>
      <object_component id="oc-72">
         <name>.idlcal</name>
         <uninitialized>true</uninitialized>
         <run_address>0xd7cc</run_address>
         <size>0x10</size>
         <input_file_ref idref="fl-f"/>
      </object_component>
      <object_component id="oc-4b">
         <name>.bss</name>
         <uninitialized>true</uninitialized>
         <run_address>0xce70</run_address>
         <size>0x44</size>
         <input_file_ref idref="fl-b"/>
      </object_component>
      <object_component id="oc-60">
         <name>.bss</name>
         <uninitialized>true</uninitialized>
         <run_address>0xceb4</run_address>
         <size>0x18</size>
         <input_file_ref idref="fl-f"/>
      </object_component>
      <object_component id="oc-7f">
         <name>.bss</name>
         <uninitialized>true</uninitialized>
         <run_address>0xccc0</run_address>
         <size>0xcc</size>
         <input_file_ref idref="fl-8c"/>
      </object_component>
      <object_component id="oc-81">
         <name>.bss</name>
         <uninitialized>true</uninitialized>
         <run_address>0xcbc0</run_address>
         <size>0x100</size>
         <input_file_ref idref="fl-8d"/>
      </object_component>
      <object_component id="oc-88">
         <name>.bss</name>
         <uninitialized>true</uninitialized>
         <run_address>0xcee4</run_address>
         <size>0x18</size>
         <input_file_ref idref="fl-8f"/>
      </object_component>
      <object_component id="oc-8e">
         <name>.bss</name>
         <uninitialized>true</uninitialized>
         <run_address>0xcd8c</run_address>
         <size>0x9c</size>
         <input_file_ref idref="fl-90"/>
      </object_component>
      <object_component id="oc-bc">
         <name>.bss</name>
         <uninitialized>true</uninitialized>
         <run_address>0xcecc</run_address>
         <size>0x18</size>
         <input_file_ref idref="fl-9c"/>
      </object_component>
      <object_component id="oc-be">
         <name>.bss</name>
         <uninitialized>true</uninitialized>
         <run_address>0xcf30</run_address>
         <size>0x4</size>
         <input_file_ref idref="fl-9d"/>
      </object_component>
      <object_component id="oc-ea">
         <name>.bss</name>
         <uninitialized>true</uninitialized>
         <run_address>0xcf18</run_address>
         <size>0x8</size>
         <input_file_ref idref="fl-a7"/>
      </object_component>
      <object_component id="oc-ed">
         <name>.bss</name>
         <uninitialized>true</uninitialized>
         <run_address>0xcf28</run_address>
         <size>0x4</size>
         <input_file_ref idref="fl-a8"/>
      </object_component>
      <object_component id="oc-127">
         <name>.bss</name>
         <uninitialized>true</uninitialized>
         <run_address>0xce28</run_address>
         <size>0x48</size>
         <input_file_ref idref="fl-b5"/>
      </object_component>
      <object_component id="oc-14e">
         <name>.bss</name>
         <uninitialized>true</uninitialized>
         <run_address>0xcefc</run_address>
         <size>0x10</size>
         <input_file_ref idref="fl-be"/>
      </object_component>
      <object_component id="oc-177">
         <name>.bss</name>
         <uninitialized>true</uninitialized>
         <run_address>0xcf0c</run_address>
         <size>0xc</size>
         <input_file_ref idref="fl-c7"/>
      </object_component>
      <object_component id="oc-185">
         <name>.bss</name>
         <uninitialized>true</uninitialized>
         <run_address>0xcf20</run_address>
         <size>0x8</size>
         <input_file_ref idref="fl-ca"/>
      </object_component>
      <object_component id="oc-1a6">
         <name>.bss</name>
         <uninitialized>true</uninitialized>
         <run_address>0xcf2c</run_address>
         <size>0x4</size>
         <input_file_ref idref="fl-d1"/>
      </object_component>
      <object_component id="oc-4e">
         <name>.far</name>
         <uninitialized>true</uninitialized>
         <run_address>0x7640</run_address>
         <size>0x14de</size>
         <input_file_ref idref="fl-b"/>
      </object_component>
      <object_component id="oc-54">
         <name>.far</name>
         <uninitialized>true</uninitialized>
         <run_address>0x90a0</run_address>
         <size>0x20</size>
         <input_file_ref idref="fl-c"/>
      </object_component>
      <object_component id="oc-5a">
         <name>.far</name>
         <uninitialized>true</uninitialized>
         <run_address>0x9000</run_address>
         <size>0x34</size>
         <input_file_ref idref="fl-d"/>
      </object_component>
      <object_component id="oc-9b">
         <name>.far</name>
         <uninitialized>true</uninitialized>
         <run_address>0x90c0</run_address>
         <size>0x10</size>
         <input_file_ref idref="fl-93"/>
      </object_component>
      <object_component id="oc-a8">
         <name>.far</name>
         <uninitialized>true</uninitialized>
         <run_address>0x90d0</run_address>
         <size>0xc</size>
         <input_file_ref idref="fl-96"/>
      </object_component>
      <object_component id="oc-fd">
         <name>.far</name>
         <uninitialized>true</uninitialized>
         <run_address>0x9034</run_address>
         <size>0x28</size>
         <input_file_ref idref="fl-ac"/>
      </object_component>
      <object_component id="oc-106">
         <name>.far</name>
         <uninitialized>true</uninitialized>
         <run_address>0x90f4</run_address>
         <size>0x2</size>
         <input_file_ref idref="fl-ae"/>
      </object_component>
      <object_component id="oc-10b">
         <name>.far</name>
         <uninitialized>true</uninitialized>
         <run_address>0x8b1e</run_address>
         <size>0x2</size>
         <input_file_ref idref="fl-af"/>
      </object_component>
      <object_component id="oc-111">
         <name>.far</name>
         <uninitialized>true</uninitialized>
         <run_address>0x8f24</run_address>
         <size>0x54</size>
         <input_file_ref idref="fl-b0"/>
      </object_component>
      <object_component id="oc-123">
         <name>.far</name>
         <uninitialized>true</uninitialized>
         <run_address>0x8ca8</run_address>
         <size>0xf4</size>
         <input_file_ref idref="fl-b4"/>
      </object_component>
      <object_component id="oc-12a">
         <name>.far</name>
         <uninitialized>true</uninitialized>
         <run_address>0x8d9c</run_address>
         <size>0xd8</size>
         <input_file_ref idref="fl-b5"/>
      </object_component>
      <object_component id="oc-141">
         <name>.far</name>
         <uninitialized>true</uninitialized>
         <run_address>0x8fc8</run_address>
         <size>0x38</size>
         <input_file_ref idref="fl-bb"/>
      </object_component>
      <object_component id="oc-147">
         <name>.far</name>
         <uninitialized>true</uninitialized>
         <run_address>0x8ed0</run_address>
         <size>0x54</size>
         <input_file_ref idref="fl-bc"/>
      </object_component>
      <object_component id="oc-173">
         <name>.far</name>
         <uninitialized>true</uninitialized>
         <run_address>0x905c</run_address>
         <size>0x24</size>
         <input_file_ref idref="fl-c6"/>
      </object_component>
      <object_component id="oc-17a">
         <name>.far</name>
         <uninitialized>true</uninitialized>
         <run_address>0x8e74</run_address>
         <size>0x5c</size>
         <input_file_ref idref="fl-c7"/>
      </object_component>
      <object_component id="oc-188">
         <name>.far</name>
         <uninitialized>true</uninitialized>
         <run_address>0x9080</run_address>
         <size>0x20</size>
         <input_file_ref idref="fl-ca"/>
      </object_component>
      <object_component id="oc-195">
         <name>.far</name>
         <uninitialized>true</uninitialized>
         <run_address>0x8f78</run_address>
         <size>0x50</size>
         <input_file_ref idref="fl-cd"/>
      </object_component>
      <object_component id="oc-1b6">
         <name>.far</name>
         <uninitialized>true</uninitialized>
         <run_address>0x90e8</run_address>
         <size>0x8</size>
         <input_file_ref idref="fl-d4"/>
      </object_component>
      <object_component id="oc-1be">
         <name>.far</name>
         <uninitialized>true</uninitialized>
         <run_address>0x8b20</run_address>
         <size>0x188</size>
         <input_file_ref idref="fl-d6"/>
      </object_component>
      <object_component id="oc-1c3">
         <name>.far</name>
         <uninitialized>true</uninitialized>
         <run_address>0x90f0</run_address>
         <size>0x4</size>
         <input_file_ref idref="fl-d7"/>
      </object_component>
      <object_component id="oc-1c8">
         <name>.far</name>
         <uninitialized>true</uninitialized>
         <run_address>0x90dc</run_address>
         <size>0xc</size>
         <input_file_ref idref="fl-d8"/>
      </object_component>
      <object_component id="oc-76">
         <name>.sem</name>
         <uninitialized>true</uninitialized>
         <run_address>0xd730</run_address>
         <size>0x2c</size>
         <input_file_ref idref="fl-f"/>
      </object_component>
      <object_component id="oc-8a">
         <name>.bios</name>
         <load_address>0x200</load_address>
         <run_address>0x200</run_address>
         <size>0x600</size>
         <input_file_ref idref="fl-8f"/>
      </object_component>
      <object_component id="oc-1a9">
         <name>.bios</name>
         <load_address>0x800</load_address>
         <run_address>0x800</run_address>
         <size>0x5e0</size>
         <input_file_ref idref="fl-d1"/>
      </object_component>
      <object_component id="oc-43">
         <name>.bios</name>
         <load_address>0xde0</load_address>
         <run_address>0xde0</run_address>
         <size>0x540</size>
         <input_file_ref idref="fl-90"/>
      </object_component>
      <object_component id="oc-44">
         <name>.bios</name>
         <load_address>0x1320</load_address>
         <run_address>0x1320</run_address>
         <size>0x460</size>
         <input_file_ref idref="fl-8d"/>
      </object_component>
      <object_component id="oc-d9">
         <name>.bios</name>
         <load_address>0x1780</load_address>
         <run_address>0x1780</run_address>
         <size>0x3a0</size>
         <input_file_ref idref="fl-a3"/>
      </object_component>
      <object_component id="oc-13d">
         <name>.bios</name>
         <load_address>0x1b20</load_address>
         <run_address>0x1b20</run_address>
         <size>0x2c0</size>
         <input_file_ref idref="fl-ba"/>
      </object_component>
      <object_component id="oc-de">
         <name>.bios</name>
         <load_address>0x1de0</load_address>
         <run_address>0x1de0</run_address>
         <size>0x2c0</size>
         <input_file_ref idref="fl-a4"/>
      </object_component>
      <object_component id="oc-163">
         <name>.bios</name>
         <load_address>0x20a0</load_address>
         <run_address>0x20a0</run_address>
         <size>0x2c0</size>
         <input_file_ref idref="fl-c2"/>
      </object_component>
      <object_component id="oc-47">
         <name>.bios</name>
         <load_address>0x2360</load_address>
         <run_address>0x2360</run_address>
         <size>0x260</size>
         <input_file_ref idref="fl-93"/>
      </object_component>
      <object_component id="oc-d5">
         <name>.bios</name>
         <load_address>0x25c0</load_address>
         <run_address>0x25c0</run_address>
         <size>0x240</size>
         <input_file_ref idref="fl-a2"/>
      </object_component>
      <object_component id="oc-1ad">
         <name>.bios</name>
         <load_address>0x2800</load_address>
         <run_address>0x2800</run_address>
         <size>0x220</size>
         <input_file_ref idref="fl-d2"/>
      </object_component>
      <object_component id="oc-18f">
         <name>.bios</name>
         <load_address>0x2a20</load_address>
         <run_address>0x2a20</run_address>
         <size>0x200</size>
         <input_file_ref idref="fl-cc"/>
      </object_component>
      <object_component id="oc-cd">
         <name>.bios</name>
         <load_address>0x2c20</load_address>
         <run_address>0x2c20</run_address>
         <size>0x1c0</size>
         <input_file_ref idref="fl-a0"/>
      </object_component>
      <object_component id="oc-ae">
         <name>.bios</name>
         <load_address>0x2de0</load_address>
         <run_address>0x2de0</run_address>
         <size>0x1c0</size>
         <input_file_ref idref="fl-98"/>
      </object_component>
      <object_component id="oc-17e">
         <name>.bios</name>
         <load_address>0x2fa0</load_address>
         <run_address>0x2fa0</run_address>
         <size>0x1a0</size>
         <input_file_ref idref="fl-c8"/>
      </object_component>
      <object_component id="oc-1b1">
         <name>.bios</name>
         <load_address>0x3140</load_address>
         <run_address>0x3140</run_address>
         <size>0x180</size>
         <input_file_ref idref="fl-d3"/>
      </object_component>
      <object_component id="oc-196">
         <name>.bios</name>
         <load_address>0x32c0</load_address>
         <run_address>0x32c0</run_address>
         <size>0x180</size>
         <input_file_ref idref="fl-cd"/>
      </object_component>
      <object_component id="oc-130">
         <name>.bios</name>
         <load_address>0x3440</load_address>
         <run_address>0x3440</run_address>
         <size>0x140</size>
         <input_file_ref idref="fl-b7"/>
      </object_component>
      <object_component id="oc-116">
         <name>.bios</name>
         <load_address>0x3580</load_address>
         <run_address>0x3580</run_address>
         <size>0xe0</size>
         <input_file_ref idref="fl-b1"/>
      </object_component>
      <object_component id="oc-12d">
         <name>.bios</name>
         <load_address>0x3660</load_address>
         <run_address>0x3660</run_address>
         <size>0xe0</size>
         <input_file_ref idref="fl-b6"/>
      </object_component>
      <object_component id="oc-16b">
         <name>.bios</name>
         <load_address>0x3740</load_address>
         <run_address>0x3740</run_address>
         <size>0xe0</size>
         <input_file_ref idref="fl-c4"/>
      </object_component>
      <object_component id="oc-166">
         <name>.bios</name>
         <load_address>0x3820</load_address>
         <run_address>0x3820</run_address>
         <size>0xe0</size>
         <input_file_ref idref="fl-c3"/>
      </object_component>
      <object_component id="oc-f0">
         <name>.bios</name>
         <load_address>0x3900</load_address>
         <run_address>0x3900</run_address>
         <size>0xe0</size>
         <input_file_ref idref="fl-a9"/>
      </object_component>
      <object_component id="oc-139">
         <name>.bios</name>
         <load_address>0x39e0</load_address>
         <run_address>0x39e0</run_address>
         <size>0xc0</size>
         <input_file_ref idref="fl-b9"/>
      </object_component>
      <object_component id="oc-135">
         <name>.bios</name>
         <load_address>0x3aa0</load_address>
         <run_address>0x3aa0</run_address>
         <size>0xc0</size>
         <input_file_ref idref="fl-b8"/>
      </object_component>
      <object_component id="oc-19b">
         <name>.bios</name>
         <load_address>0x3b60</load_address>
         <run_address>0x3b60</run_address>
         <size>0xc0</size>
         <input_file_ref idref="fl-ce"/>
      </object_component>
      <object_component id="oc-182">
         <name>.bios</name>
         <load_address>0x3c20</load_address>
         <run_address>0x3c20</run_address>
         <size>0xc0</size>
         <input_file_ref idref="fl-c9"/>
      </object_component>
      <object_component id="oc-45">
         <name>.bios</name>
         <load_address>0x3ce0</load_address>
         <run_address>0x3ce0</run_address>
         <size>0xc0</size>
         <input_file_ref idref="fl-8b"/>
      </object_component>
      <object_component id="oc-b2">
         <name>.bios</name>
         <load_address>0x3da0</load_address>
         <run_address>0x3da0</run_address>
         <size>0x80</size>
         <input_file_ref idref="fl-99"/>
      </object_component>
      <object_component id="oc-c0">
         <name>.bios</name>
         <load_address>0x3e20</load_address>
         <run_address>0x3e20</run_address>
         <size>0x80</size>
         <input_file_ref idref="fl-9d"/>
      </object_component>
      <object_component id="oc-d1">
         <name>.bios</name>
         <load_address>0x3ea0</load_address>
         <run_address>0x3ea0</run_address>
         <size>0x80</size>
         <input_file_ref idref="fl-a1"/>
      </object_component>
      <object_component id="oc-e6">
         <name>.bios</name>
         <load_address>0x3f20</load_address>
         <run_address>0x3f20</run_address>
         <size>0x80</size>
         <input_file_ref idref="fl-a6"/>
      </object_component>
      <object_component id="oc-c4">
         <name>.bios</name>
         <load_address>0x3fa0</load_address>
         <run_address>0x3fa0</run_address>
         <size>0x80</size>
         <input_file_ref idref="fl-9e"/>
      </object_component>
      <object_component id="oc-11d">
         <name>.bios</name>
         <load_address>0x4020</load_address>
         <run_address>0x4020</run_address>
         <size>0x60</size>
         <input_file_ref idref="fl-b3"/>
      </object_component>
      <object_component id="oc-15e">
         <name>.bios</name>
         <load_address>0x4080</load_address>
         <run_address>0x4080</run_address>
         <size>0x60</size>
         <input_file_ref idref="fl-c1"/>
      </object_component>
      <object_component id="oc-19e">
         <name>.bios</name>
         <load_address>0x40e0</load_address>
         <run_address>0x40e0</run_address>
         <size>0x60</size>
         <input_file_ref idref="fl-cf"/>
      </object_component>
      <object_component id="oc-1a3">
         <name>.bios</name>
         <load_address>0x4140</load_address>
         <run_address>0x4140</run_address>
         <size>0x60</size>
         <input_file_ref idref="fl-d0"/>
      </object_component>
      <object_component id="oc-46">
         <name>.bios</name>
         <load_address>0x41a0</load_address>
         <run_address>0x41a0</run_address>
         <size>0x60</size>
         <input_file_ref idref="fl-96"/>
      </object_component>
      <object_component id="oc-f4">
         <name>.bios</name>
         <load_address>0x4200</load_address>
         <run_address>0x4200</run_address>
         <size>0x60</size>
         <input_file_ref idref="fl-aa"/>
      </object_component>
      <object_component id="oc-40">
         <name>.bios</name>
         <load_address>0x4260</load_address>
         <run_address>0x4260</run_address>
         <size>0x40</size>
         <input_file_ref idref="fl-8e"/>
      </object_component>
      <object_component id="oc-e2">
         <name>.bios</name>
         <load_address>0x42a0</load_address>
         <run_address>0x42a0</run_address>
         <size>0x40</size>
         <input_file_ref idref="fl-a5"/>
      </object_component>
      <object_component id="oc-3f">
         <name>.bios</name>
         <load_address>0x42e0</load_address>
         <run_address>0x42e0</run_address>
         <size>0x40</size>
         <input_file_ref idref="fl-94"/>
      </object_component>
      <object_component id="oc-f8">
         <name>.bios</name>
         <load_address>0x4320</load_address>
         <run_address>0x4320</run_address>
         <size>0x40</size>
         <input_file_ref idref="fl-ab"/>
      </object_component>
      <object_component id="oc-4a">
         <name>.bios</name>
         <load_address>0x4360</load_address>
         <run_address>0x4360</run_address>
         <size>0x20</size>
         <input_file_ref idref="fl-91"/>
      </object_component>
      <object_component id="oc-119">
         <name>.bios</name>
         <load_address>0x4380</load_address>
         <run_address>0x4380</run_address>
         <size>0x20</size>
         <input_file_ref idref="fl-b2"/>
      </object_component>
      <object_component id="oc-c8">
         <name>.bios</name>
         <load_address>0x43a0</load_address>
         <run_address>0x43a0</run_address>
         <size>0x20</size>
         <input_file_ref idref="fl-9f"/>
      </object_component>
      <object_component id="oc-16e">
         <name>.bios</name>
         <load_address>0x43c0</load_address>
         <run_address>0x43c0</run_address>
         <size>0x20</size>
         <input_file_ref idref="fl-c5"/>
      </object_component>
      <object_component id="oc-49">
         <name>.bios</name>
         <load_address>0x43e0</load_address>
         <run_address>0x43e0</run_address>
         <size>0x20</size>
         <input_file_ref idref="fl-95"/>
      </object_component>
      <object_component id="oc-48">
         <name>.bios</name>
         <load_address>0x4400</load_address>
         <run_address>0x4400</run_address>
         <size>0x20</size>
         <input_file_ref idref="fl-97"/>
      </object_component>
      <object_component id="oc-152">
         <name>.pinit</name>
         <load_address>0xa894</load_address>
         <run_address>0xa894</run_address>
         <size>0x4</size>
         <input_file_ref idref="fl-be"/>
      </object_component>
      <object_component id="oc-15b">
         <name>.pinit</name>
         <load_address>0xa898</load_address>
         <run_address>0xa898</run_address>
         <size>0x4</size>
         <input_file_ref idref="fl-c0"/>
      </object_component>
      <object_component id="oc-64">
         <name>.sys</name>
         <uninitialized>true</uninitialized>
         <run_address>0xd7dc</run_address>
         <size>0x10</size>
         <input_file_ref idref="fl-f"/>
      </object_component>
      <object_component id="oc-1ce">
         <name>.text</name>
         <load_address>0x4420</load_address>
         <run_address>0x4420</run_address>
         <size>0x840</size>
         <input_file_ref idref="fl-b"/>
      </object_component>
      <object_component id="oc-10a">
         <name>.text</name>
         <load_address>0x4c60</load_address>
         <run_address>0x4c60</run_address>
         <size>0x480</size>
         <input_file_ref idref="fl-af"/>
      </object_component>
      <object_component id="oc-1e3">
         <name>.text:_EDMA_open</name>
         <load_address>0x50e0</load_address>
         <run_address>0x50e0</run_address>
         <size>0x280</size>
         <input_file_ref idref="fl-b0"/>
      </object_component>
      <object_component id="oc-1d7">
         <name>.text:_memcpy</name>
         <load_address>0x5360</load_address>
         <run_address>0x5360</run_address>
         <size>0x240</size>
         <input_file_ref idref="fl-d9"/>
      </object_component>
      <object_component id="oc-1db">
         <name>.text</name>
         <load_address>0x55a0</load_address>
         <run_address>0x55a0</run_address>
         <size>0x240</size>
         <input_file_ref idref="fl-d"/>
      </object_component>
      <object_component id="oc-1da">
         <name>.text:__CSL_init</name>
         <load_address>0x57e0</load_address>
         <run_address>0x57e0</run_address>
         <size>0x220</size>
         <input_file_ref idref="fl-ac"/>
      </object_component>
      <object_component id="oc-105">
         <name>.text</name>
         <load_address>0x5a00</load_address>
         <run_address>0x5a00</run_address>
         <size>0x1e0</size>
         <input_file_ref idref="fl-ae"/>
      </object_component>
      <object_component id="oc-1de">
         <name>.text:_IRQ_map</name>
         <load_address>0x5be0</load_address>
         <run_address>0x5be0</run_address>
         <size>0x1c0</size>
         <input_file_ref idref="fl-b4"/>
      </object_component>
      <object_component id="oc-1ff">
         <name>.text:_mux2Tables</name>
         <load_address>0x5da0</load_address>
         <run_address>0x5da0</run_address>
         <size>0x1c0</size>
         <input_file_ref idref="fl-b4"/>
      </object_component>
      <object_component id="oc-1e4">
         <name>.text:_EDMA_allocTable</name>
         <load_address>0x5f60</load_address>
         <run_address>0x5f60</run_address>
         <size>0x1a0</size>
         <input_file_ref idref="fl-b0"/>
      </object_component>
      <object_component id="oc-201">
         <name>.text:_MCBSP_reset</name>
         <load_address>0x6100</load_address>
         <run_address>0x6100</run_address>
         <size>0x1a0</size>
         <input_file_ref idref="fl-bb"/>
      </object_component>
      <object_component id="oc-41">
         <name>.text</name>
         <load_address>0x62a0</load_address>
         <run_address>0x62a0</run_address>
         <size>0x180</size>
         <input_file_ref idref="fl-92"/>
      </object_component>
      <object_component id="oc-203">
         <name>.text:_call_dtors</name>
         <load_address>0x6420</load_address>
         <run_address>0x6420</run_address>
         <size>0x160</size>
         <input_file_ref idref="fl-d7"/>
      </object_component>
      <object_component id="oc-1f8">
         <name>.text:_EDMA_reset</name>
         <load_address>0x6580</load_address>
         <run_address>0x6580</run_address>
         <size>0x140</size>
         <input_file_ref idref="fl-b0"/>
      </object_component>
      <object_component id="oc-1f1">
         <name>.text:_TIMER_open</name>
         <load_address>0x66c0</load_address>
         <run_address>0x66c0</run_address>
         <size>0x140</size>
         <input_file_ref idref="fl-c6"/>
      </object_component>
      <object_component id="oc-200">
         <name>.text:_TIMER_reset</name>
         <load_address>0x6800</load_address>
         <run_address>0x6800</run_address>
         <size>0x120</size>
         <input_file_ref idref="fl-c6"/>
      </object_component>
      <object_component id="oc-1e6">
         <name>.text:_EDMA_intAlloc</name>
         <load_address>0x6920</load_address>
         <run_address>0x6920</run_address>
         <size>0x100</size>
         <input_file_ref idref="fl-b0"/>
      </object_component>
      <object_component id="oc-1f2">
         <name>.text:_MCBSP_open</name>
         <load_address>0x6a20</load_address>
         <run_address>0x6a20</run_address>
         <size>0x100</size>
         <input_file_ref idref="fl-bb"/>
      </object_component>
      <object_component id="oc-1f4">
         <name>.text:_MCBSP_start</name>
         <load_address>0x6b20</load_address>
         <run_address>0x6b20</run_address>
         <size>0x100</size>
         <input_file_ref idref="fl-bb"/>
      </object_component>
      <object_component id="oc-1e7">
         <name>.text:_EDMA_config</name>
         <load_address>0x6c20</load_address>
         <run_address>0x6c20</run_address>
         <size>0xe0</size>
         <input_file_ref idref="fl-b0"/>
      </object_component>
      <object_component id="oc-1d2">
         <name>.text:__strasg</name>
         <load_address>0x6d00</load_address>
         <run_address>0x6d00</run_address>
         <size>0xe0</size>
         <input_file_ref idref="fl-d5"/>
      </object_component>
      <object_component id="oc-1ee">
         <name>.text:_atexit</name>
         <load_address>0x6de0</load_address>
         <run_address>0x6de0</run_address>
         <size>0xe0</size>
         <input_file_ref idref="fl-d6"/>
      </object_component>
      <object_component id="oc-192">
         <name>.text</name>
         <load_address>0x6ec0</load_address>
         <run_address>0x6ec0</run_address>
         <size>0xc0</size>
         <input_file_ref idref="fl-cd"/>
      </object_component>
      <object_component id="oc-1dc">
         <name>.text</name>
         <load_address>0x6f80</load_address>
         <run_address>0x6f80</run_address>
         <size>0xc0</size>
         <input_file_ref idref="fl-c"/>
      </object_component>
      <object_component id="oc-1f3">
         <name>.text:_MCBSP_config</name>
         <load_address>0x7040</load_address>
         <run_address>0x7040</run_address>
         <size>0xa0</size>
         <input_file_ref idref="fl-bb"/>
      </object_component>
      <object_component id="oc-1f0">
         <name>.text:__IRQ_init</name>
         <load_address>0x70e0</load_address>
         <run_address>0x70e0</run_address>
         <size>0xa0</size>
         <input_file_ref idref="fl-b4"/>
      </object_component>
      <object_component id="oc-1f7">
         <name>.text:_setMux</name>
         <load_address>0x7180</load_address>
         <run_address>0x7180</run_address>
         <size>0xa0</size>
         <input_file_ref idref="fl-b4"/>
      </object_component>
      <object_component id="oc-101">
         <name>.text</name>
         <load_address>0x7220</load_address>
         <run_address>0x7220</run_address>
         <size>0x80</size>
         <input_file_ref idref="fl-ad"/>
      </object_component>
      <object_component id="oc-202">
         <name>.text:_EDMA_disableChannel</name>
         <load_address>0x72a0</load_address>
         <run_address>0x72a0</run_address>
         <size>0x60</size>
         <input_file_ref idref="fl-b0"/>
      </object_component>
      <object_component id="oc-1e0">
         <name>.text:_EDMA_enableChannel</name>
         <load_address>0x7300</load_address>
         <run_address>0x7300</run_address>
         <size>0x60</size>
         <input_file_ref idref="fl-b0"/>
      </object_component>
      <object_component id="oc-1e9">
         <name>.text:_EDMA_intEnable</name>
         <load_address>0x7360</load_address>
         <run_address>0x7360</run_address>
         <size>0x60</size>
         <input_file_ref idref="fl-b0"/>
      </object_component>
      <object_component id="oc-1f9">
         <name>.text:_EDMA_qdmaConfig</name>
         <load_address>0x73c0</load_address>
         <run_address>0x73c0</run_address>
         <size>0x60</size>
         <input_file_ref idref="fl-b0"/>
      </object_component>
      <object_component id="oc-1e8">
         <name>.text:_EDMA_link</name>
         <load_address>0x7420</load_address>
         <run_address>0x7420</run_address>
         <size>0x40</size>
         <input_file_ref idref="fl-b0"/>
      </object_component>
      <object_component id="oc-1dd">
         <name>.text:_IRQ_enable</name>
         <load_address>0x7460</load_address>
         <run_address>0x7460</run_address>
         <size>0x40</size>
         <input_file_ref idref="fl-b4"/>
      </object_component>
      <object_component id="oc-1fe">
         <name>.text:___add_dtor</name>
         <load_address>0x74a0</load_address>
         <run_address>0x74a0</run_address>
         <size>0x40</size>
         <input_file_ref idref="fl-d7"/>
      </object_component>
      <object_component id="oc-1d9">
         <name>.text:_CSL6713_LIB_</name>
         <load_address>0x74e0</load_address>
         <run_address>0x74e0</run_address>
         <size>0x20</size>
         <input_file_ref idref="fl-ac"/>
      </object_component>
      <object_component id="oc-1e2">
         <name>.text:_EDMA_intClear</name>
         <load_address>0x7500</load_address>
         <run_address>0x7500</run_address>
         <size>0x20</size>
         <input_file_ref idref="fl-b0"/>
      </object_component>
      <object_component id="oc-1e1">
         <name>.text:_EDMA_intTest</name>
         <load_address>0x7520</load_address>
         <run_address>0x7520</run_address>
         <size>0x20</size>
         <input_file_ref idref="fl-b0"/>
      </object_component>
      <object_component id="oc-1df">
         <name>.text:_IRQ_globalEnable</name>
         <load_address>0x7540</load_address>
         <run_address>0x7540</run_address>
         <size>0x20</size>
         <input_file_ref idref="fl-b4"/>
      </object_component>
      <object_component id="oc-1e5">
         <name>.text:_MCBSP_getXmtAddr</name>
         <load_address>0x7560</load_address>
         <run_address>0x7560</run_address>
         <size>0x20</size>
         <input_file_ref idref="fl-bb"/>
      </object_component>
      <object_component id="oc-1f6">
         <name>.text:_MCBSP_write</name>
         <load_address>0x7580</load_address>
         <run_address>0x7580</run_address>
         <size>0x20</size>
         <input_file_ref idref="fl-bb"/>
      </object_component>
      <object_component id="oc-1f5">
         <name>.text:_MCBSP_xrdy</name>
         <load_address>0x75a0</load_address>
         <run_address>0x75a0</run_address>
         <size>0x20</size>
         <input_file_ref idref="fl-bb"/>
      </object_component>
      <object_component id="oc-1d8">
         <name>.text:__nop</name>
         <load_address>0x75c0</load_address>
         <run_address>0x75c0</run_address>
         <size>0x20</size>
         <input_file_ref idref="fl-d4"/>
      </object_component>
      <object_component id="oc-1d5">
         <name>.text:__register_lock</name>
         <load_address>0x75e0</load_address>
         <run_address>0x75e0</run_address>
         <size>0x20</size>
         <input_file_ref idref="fl-d4"/>
      </object_component>
      <object_component id="oc-1d6">
         <name>.text:__register_unlock</name>
         <load_address>0x7600</load_address>
         <run_address>0x7600</run_address>
         <size>0x20</size>
         <input_file_ref idref="fl-d4"/>
      </object_component>
      <object_component id="oc-121">
         <name>.text</name>
         <load_address>0x7620</load_address>
         <run_address>0x7620</run_address>
         <size>0x20</size>
         <input_file_ref idref="fl-b4"/>
      </object_component>
      <object_component id="oc-62">
         <name>.cinit</name>
         <load_address>0x90f8</load_address>
         <run_address>0x90f8</run_address>
         <size>0x814</size>
         <input_file_ref idref="fl-f"/>
      </object_component>
      <object_component id="oc-4d">
         <name>.cinit</name>
         <load_address>0x9910</load_address>
         <run_address>0x9910</run_address>
         <size>0x464</size>
         <input_file_ref idref="fl-b"/>
      </object_component>
      <object_component id="oc-80">
         <name>.cinit</name>
         <load_address>0x9d78</load_address>
         <run_address>0x9d78</run_address>
         <size>0x26c</size>
         <input_file_ref idref="fl-8c"/>
      </object_component>
      <object_component id="oc-129">
         <name>.cinit</name>
         <load_address>0x9fe8</load_address>
         <run_address>0x9fe8</run_address>
         <size>0x1a4</size>
         <input_file_ref idref="fl-b5"/>
      </object_component>
      <object_component id="oc-122">
         <name>.cinit</name>
         <load_address>0xa190</load_address>
         <run_address>0xa190</run_address>
         <size>0x12c</size>
         <input_file_ref idref="fl-b4"/>
      </object_component>
      <object_component id="oc-8f">
         <name>.cinit</name>
         <load_address>0xa2c0</load_address>
         <run_address>0xa2c0</run_address>
         <size>0xb0</size>
         <input_file_ref idref="fl-90"/>
      </object_component>
      <object_component id="oc-179">
         <name>.cinit</name>
         <load_address>0xa370</load_address>
         <run_address>0xa370</run_address>
         <size>0x80</size>
         <input_file_ref idref="fl-c7"/>
      </object_component>
      <object_component id="oc-110">
         <name>.cinit</name>
         <load_address>0xa3f0</load_address>
         <run_address>0xa3f0</run_address>
         <size>0x70</size>
         <input_file_ref idref="fl-b0"/>
      </object_component>
      <object_component id="oc-194">
         <name>.cinit</name>
         <load_address>0xa460</load_address>
         <run_address>0xa460</run_address>
         <size>0x60</size>
         <input_file_ref idref="fl-cd"/>
      </object_component>
      <object_component id="oc-89">
         <name>.cinit</name>
         <load_address>0xa4c0</load_address>
         <run_address>0xa4c0</run_address>
         <size>0x5c</size>
         <input_file_ref idref="fl-8f"/>
      </object_component>
      <object_component id="oc-140">
         <name>.cinit</name>
         <load_address>0xa520</load_address>
         <run_address>0xa520</run_address>
         <size>0x54</size>
         <input_file_ref idref="fl-bb"/>
      </object_component>
      <object_component id="oc-dd">
         <name>.cinit</name>
         <load_address>0xa578</load_address>
         <run_address>0xa578</run_address>
         <size>0x4c</size>
         <input_file_ref idref="fl-a4"/>
      </object_component>
      <object_component id="oc-172">
         <name>.cinit</name>
         <load_address>0xa5c8</load_address>
         <run_address>0xa5c8</run_address>
         <size>0x4c</size>
         <input_file_ref idref="fl-c6"/>
      </object_component>
      <object_component id="oc-150">
         <name>.cinit</name>
         <load_address>0xa618</load_address>
         <run_address>0xa618</run_address>
         <size>0x4c</size>
         <input_file_ref idref="fl-be"/>
      </object_component>
      <object_component id="oc-59">
         <name>.cinit</name>
         <load_address>0xa668</load_address>
         <run_address>0xa668</run_address>
         <size>0x48</size>
         <input_file_ref idref="fl-d"/>
      </object_component>
      <object_component id="oc-fc">
         <name>.cinit</name>
         <load_address>0xa6b0</load_address>
         <run_address>0xa6b0</run_address>
         <size>0x3c</size>
         <input_file_ref idref="fl-ac"/>
      </object_component>
      <object_component id="oc-bd">
         <name>.cinit</name>
         <load_address>0xa6f0</load_address>
         <run_address>0xa6f0</run_address>
         <size>0x34</size>
         <input_file_ref idref="fl-9c"/>
      </object_component>
      <object_component id="oc-a7">
         <name>.cinit</name>
         <load_address>0xa728</load_address>
         <run_address>0xa728</run_address>
         <size>0x2c</size>
         <input_file_ref idref="fl-96"/>
      </object_component>
      <object_component id="oc-1c7">
         <name>.cinit</name>
         <load_address>0xa758</load_address>
         <run_address>0xa758</run_address>
         <size>0x2c</size>
         <input_file_ref idref="fl-d8"/>
      </object_component>
      <object_component id="oc-53">
         <name>.cinit</name>
         <load_address>0xa788</load_address>
         <run_address>0xa788</run_address>
         <size>0x28</size>
         <input_file_ref idref="fl-c"/>
      </object_component>
      <object_component id="oc-146">
         <name>.cinit</name>
         <load_address>0xa7b0</load_address>
         <run_address>0xa7b0</run_address>
         <size>0x24</size>
         <input_file_ref idref="fl-bc"/>
      </object_component>
      <object_component id="oc-187">
         <name>.cinit</name>
         <load_address>0xa7d8</load_address>
         <run_address>0xa7d8</run_address>
         <size>0x1c</size>
         <input_file_ref idref="fl-ca"/>
      </object_component>
      <object_component id="oc-1b5">
         <name>.cinit</name>
         <load_address>0xa7f8</load_address>
         <run_address>0xa7f8</run_address>
         <size>0x1c</size>
         <input_file_ref idref="fl-d4"/>
      </object_component>
      <object_component id="oc-1bd">
         <name>.cinit</name>
         <load_address>0xa818</load_address>
         <run_address>0xa818</run_address>
         <size>0x1c</size>
         <input_file_ref idref="fl-d6"/>
      </object_component>
      <object_component id="oc-9a">
         <name>.cinit</name>
         <load_address>0xa838</load_address>
         <run_address>0xa838</run_address>
         <size>0x18</size>
         <input_file_ref idref="fl-93"/>
      </object_component>
      <object_component id="oc-1a8">
         <name>.cinit</name>
         <load_address>0xa850</load_address>
         <run_address>0xa850</run_address>
         <size>0xc</size>
         <input_file_ref idref="fl-d1"/>
      </object_component>
      <object_component id="oc-bf">
         <name>.cinit</name>
         <load_address>0xa860</load_address>
         <run_address>0xa860</run_address>
         <size>0xc</size>
         <input_file_ref idref="fl-9d"/>
      </object_component>
      <object_component id="oc-cc">
         <name>.cinit</name>
         <load_address>0xa870</load_address>
         <run_address>0xa870</run_address>
         <size>0xc</size>
         <input_file_ref idref="fl-a0"/>
      </object_component>
      <object_component id="oc-1c2">
         <name>.cinit</name>
         <load_address>0xa880</load_address>
         <run_address>0xa880</run_address>
         <size>0xc</size>
         <input_file_ref idref="fl-d7"/>
      </object_component>
      <object_component id="oc-1eb">
         <name>.switch</name>
         <load_address>0xd75c</load_address>
         <run_address>0xd75c</run_address>
         <size>0x28</size>
         <input_file_ref idref="fl-c0"/>
      </object_component>
      <object_component id="oc-61">
         <name>.gblinit</name>
         <load_address>0xd6a8</load_address>
         <run_address>0xd6a8</run_address>
         <size>0x4c</size>
         <input_file_ref idref="fl-f"/>
      </object_component>
      <object_component id="oc-77">
         <name>.sysinit</name>
         <load_address>0xbba0</load_address>
         <run_address>0xbba0</run_address>
         <size>0x2c0</size>
         <input_file_ref idref="fl-f"/>
      </object_component>
      <object_component id="oc-42">
         <name>.sysinit</name>
         <load_address>0xbe60</load_address>
         <run_address>0xbe60</run_address>
         <size>0xc0</size>
         <input_file_ref idref="fl-9a"/>
      </object_component>
      <object_component id="oc-18b">
         <name>.sysinit</name>
         <load_address>0xbf20</load_address>
         <run_address>0xbf20</run_address>
         <size>0x80</size>
         <input_file_ref idref="fl-cb"/>
      </object_component>
      <object_component id="oc-148">
         <name>.sysinit</name>
         <load_address>0xbfa0</load_address>
         <run_address>0xbfa0</run_address>
         <size>0x20</size>
         <input_file_ref idref="fl-bc"/>
      </object_component>
      <object_component id="oc-bb">
         <name>.trcdata</name>
         <load_address>0xd7ec</load_address>
         <run_address>0xd7ec</run_address>
         <size>0xc</size>
         <input_file_ref idref="fl-9b"/>
      </object_component>
      <object_component id="oc-63">
         <name>.rtdx_data</name>
         <uninitialized>true</uninitialized>
         <run_address>0xb740</run_address>
         <size>0x410</size>
         <input_file_ref idref="fl-f"/>
      </object_component>
      <object_component id="oc-151">
         <name>.rtdx_data</name>
         <uninitialized>true</uninitialized>
         <run_address>0xbb50</run_address>
         <size>0x20</size>
         <input_file_ref idref="fl-be"/>
      </object_component>
      <object_component id="oc-15a">
         <name>.rtdx_data</name>
         <uninitialized>true</uninitialized>
         <run_address>0xbb70</run_address>
         <size>0x1c</size>
         <input_file_ref idref="fl-c0"/>
      </object_component>
      <object_component id="oc-1cf">
         <name>.rtdx_text:_RTDX_Poll</name>
         <load_address>0xa8a0</load_address>
         <run_address>0xa8a0</run_address>
         <size>0x400</size>
         <input_file_ref idref="fl-c0"/>
      </object_component>
      <object_component id="oc-1ed">
         <name>.rtdx_text:_RTDX_Buffer_WriteCB</name>
         <load_address>0xaca0</load_address>
         <run_address>0xaca0</run_address>
         <size>0x340</size>
         <input_file_ref idref="fl-be"/>
      </object_component>
      <object_component id="oc-1fc">
         <name>.rtdx_text:_RTDX_write_next</name>
         <load_address>0xafe0</load_address>
         <run_address>0xafe0</run_address>
         <size>0x300</size>
         <input_file_ref idref="fl-be"/>
      </object_component>
      <object_component id="oc-1fd">
         <name>.rtdx_text:_RTDX_Mon_Queue</name>
         <load_address>0xb2e0</load_address>
         <run_address>0xb2e0</run_address>
         <size>0x140</size>
         <input_file_ref idref="fl-c0"/>
      </object_component>
      <object_component id="oc-1fb">
         <name>.rtdx_text:_claim</name>
         <load_address>0xb420</load_address>
         <run_address>0xb420</run_address>
         <size>0xe0</size>
         <input_file_ref idref="fl-be"/>
      </object_component>
      <object_component id="oc-1d4">
         <name>.rtdx_text:_RTDX_Init_RT_Monitor</name>
         <load_address>0xb500</load_address>
         <run_address>0xb500</run_address>
         <size>0x80</size>
         <input_file_ref idref="fl-c0"/>
      </object_component>
      <object_component id="oc-1d3">
         <name>.rtdx_text:_RTDX_Buffer_Initialize</name>
         <load_address>0xb580</load_address>
         <run_address>0xb580</run_address>
         <size>0x60</size>
         <input_file_ref idref="fl-be"/>
      </object_component>
      <object_component id="oc-1ec">
         <name>.rtdx_text:_RTDX_Buffer_ReadCB</name>
         <load_address>0xb5e0</load_address>
         <run_address>0xb5e0</run_address>
         <size>0x60</size>
         <input_file_ref idref="fl-bd"/>
      </object_component>
      <object_component id="oc-1fa">
         <name>.rtdx_text:_RTDX_Buffer_Size</name>
         <load_address>0xb640</load_address>
         <run_address>0xb640</run_address>
         <size>0x40</size>
         <input_file_ref idref="fl-be"/>
      </object_component>
      <object_component id="oc-1ef">
         <name>.rtdx_text:_RTDX_Final_RT_Monitor</name>
         <load_address>0xb680</load_address>
         <run_address>0xb680</run_address>
         <size>0x40</size>
         <input_file_ref idref="fl-c0"/>
      </object_component>
      <object_component id="oc-1d0">
         <name>.rtdx_text:_RTDX_Buffer_Read</name>
         <load_address>0xb6c0</load_address>
         <run_address>0xb6c0</run_address>
         <size>0x20</size>
         <input_file_ref idref="fl-bd"/>
      </object_component>
      <object_component id="oc-1d1">
         <name>.rtdx_text:_RTDX_Buffer_Write</name>
         <load_address>0xb6e0</load_address>
         <run_address>0xb6e0</run_address>
         <size>0x20</size>
         <input_file_ref idref="fl-be"/>
      </object_component>
      <object_component id="oc-1ea">
         <name>.rtdx_text:_RTDX_checksum</name>
         <load_address>0xb700</load_address>
         <run_address>0xb700</run_address>
         <size>0x20</size>
         <input_file_ref idref="fl-c0"/>
      </object_component>
      <object_component id="oc-156">
         <name>.rtdx_text</name>
         <load_address>0xb720</load_address>
         <run_address>0xb720</run_address>
         <size>0x20</size>
         <input_file_ref idref="fl-bf"/>
      </object_component>
      <object_component id="oc-70">
         <name>.TSK_idle$stk</name>
         <uninitialized>true</uninitialized>
         <run_address>0xc3c0</run_address>
         <size>0x400</size>
         <input_file_ref idref="fl-f"/>
      </object_component>
      <object_component id="oc-71">
         <name>.TSK_CalcOutput$stk</name>
         <uninitialized>true</uninitialized>
         <run_address>0xbfc0</run_address>
         <size>0x400</size>
         <input_file_ref idref="fl-f"/>
      </object_component>
      <object_component id="oc-74">
         <name>.LOG_system$buf</name>
         <uninitialized>true</uninitialized>
         <run_address>0xd200</run_address>
         <size>0x100</size>
         <input_file_ref idref="fl-f"/>
      </object_component>
      <object_component id="oc-69">
         <name>.hst1</name>
         <uninitialized>true</uninitialized>
         <run_address>0xbb8c</run_address>
         <size>0x10</size>
         <input_file_ref idref="fl-f"/>
      </object_component>
      <object_component id="oc-6c">
         <name>.hst0</name>
         <uninitialized>true</uninitialized>
         <run_address>0xd300</run_address>
         <size>0x100</size>
         <input_file_ref idref="fl-f"/>
      </object_component>
      <object_component id="oc-197">
         <name>.const</name>
         <load_address>0xd4c0</load_address>
         <run_address>0xd4c0</run_address>
         <size>0x4e</size>
         <input_file_ref idref="fl-cd"/>
      </object_component>
      <object_component id="oc-9f">
         <name>.const</name>
         <load_address>0xd50e</load_address>
         <run_address>0xd50e</run_address>
         <size>0x23</size>
         <input_file_ref idref="fl-94"/>
      </object_component>
      <object_component id="oc-a3">
         <name>.const</name>
         <load_address>0xd531</load_address>
         <run_address>0xd531</run_address>
         <size>0x22</size>
         <input_file_ref idref="fl-95"/>
      </object_component>
      <object_component id="oc-10c">
         <name>.const</name>
         <load_address>0xd554</load_address>
         <run_address>0xd554</run_address>
         <size>0x20</size>
         <input_file_ref idref="fl-af"/>
      </object_component>
      <object_component id="oc-17b">
         <name>.const</name>
         <load_address>0xd574</load_address>
         <run_address>0xd574</run_address>
         <size>0x1</size>
         <input_file_ref idref="fl-c7"/>
      </object_component>
      <object_component id="oc-67">
         <name>.printf</name>
         <load_address>0xd575</load_address>
         <run_address>0xd575</run_address>
         <size>0xc4</size>
         <input_file_ref idref="fl-f"/>
      </object_component>
      <object_component id="oc-b7">
         <name>.args</name>
         <load_address>0xbb9c</load_address>
         <run_address>0xbb9c</run_address>
         <size>0x0</size>
         <input_file_ref idref="fl-9a"/>
      </object_component>
      <object_component id="oc-35">
         <name>_SYS_PUTCBEG</name>
         <load_address>0xcf34</load_address>
         <run_address>0xcf34</run_address>
         <size>0x0</size>
      </object_component>
      <object_component id="oc-37">
         <name>_SYS_PUTCEND</name>
         <load_address>0xd134</load_address>
         <run_address>0xd134</run_address>
         <size>0x0</size>
      </object_component>
      <object_component id="oc-6a">
         <name>.hst</name>
         <uninitialized>true</uninitialized>
         <run_address>0xd6f4</run_address>
         <size>0x3c</size>
         <input_file_ref idref="fl-f"/>
      </object_component>
      <object_component id="oc-75">
         <name>.log</name>
         <load_address>0xd7a4</load_address>
         <run_address>0xd7a4</run_address>
         <size>0x18</size>
         <input_file_ref idref="fl-f"/>
      </object_component>
      <object_component id="oc-6b">
         <name>.pip</name>
         <uninitialized>true</uninitialized>
         <run_address>0xd134</run_address>
         <size>0xc8</size>
         <input_file_ref idref="fl-f"/>
      </object_component>
      <object_component id="oc-68">
         <name>.sts</name>
         <load_address>0xd628</load_address>
         <run_address>0xd628</run_address>
         <size>0x80</size>
         <input_file_ref idref="fl-f"/>
      </object_component>
      <object_component id="oc-3d">
         <name>GBL_stackbeg</name>
         <uninitialized>true</uninitialized>
         <run_address>0xc7c0</run_address>
         <size>0x0</size>
      </object_component>
      <object_component id="oc-b8">
         <name>.stack</name>
         <uninitialized>true</uninitialized>
         <run_address>0xc7c0</run_address>
         <size>0x0</size>
         <input_file_ref idref="fl-9a"/>
      </object_component>
      <object_component id="oc-23b">
         <name>.stack</name>
         <uninitialized>true</uninitialized>
         <run_address>0xc7c0</run_address>
         <size>0x0</size>
      </object_component>
      <object_component id="oc-4c">
         <name>.debug_info</name>
         <load_address>0x0</load_address>
         <run_address>0x0</run_address>
         <size>0x1cbc</size>
         <input_file_ref idref="fl-b"/>
      </object_component>
      <object_component id="oc-52">
         <name>.debug_info</name>
         <load_address>0x1cbc</load_address>
         <run_address>0x1cbc</run_address>
         <size>0x939</size>
         <input_file_ref idref="fl-c"/>
      </object_component>
      <object_component id="oc-58">
         <name>.debug_info</name>
         <load_address>0x25f5</load_address>
         <run_address>0x25f5</run_address>
         <size>0xbd9</size>
         <input_file_ref idref="fl-d"/>
      </object_component>
      <object_component id="oc-5e">
         <name>.debug_info</name>
         <load_address>0x31ce</load_address>
         <run_address>0x31ce</run_address>
         <size>0x5cb</size>
         <input_file_ref idref="fl-e"/>
      </object_component>
      <object_component id="oc-79">
         <name>.debug_info</name>
         <load_address>0x3799</load_address>
         <run_address>0x3799</run_address>
         <size>0x363</size>
         <input_file_ref idref="fl-f"/>
      </object_component>
      <object_component id="oc-7c">
         <name>.debug_info</name>
         <load_address>0x3afc</load_address>
         <run_address>0x3afc</run_address>
         <size>0xf8</size>
         <input_file_ref idref="fl-8b"/>
      </object_component>
      <object_component id="oc-82">
         <name>.debug_info</name>
         <load_address>0x3bf4</load_address>
         <run_address>0x3bf4</run_address>
         <size>0xb9</size>
         <input_file_ref idref="fl-8d"/>
      </object_component>
      <object_component id="oc-85">
         <name>.debug_info</name>
         <load_address>0x3cad</load_address>
         <run_address>0x3cad</run_address>
         <size>0xaf</size>
         <input_file_ref idref="fl-8e"/>
      </object_component>
      <object_component id="oc-8b">
         <name>.debug_info</name>
         <load_address>0x3d5c</load_address>
         <run_address>0x3d5c</run_address>
         <size>0x1a5</size>
         <input_file_ref idref="fl-8f"/>
      </object_component>
      <object_component id="oc-90">
         <name>.debug_info</name>
         <load_address>0x3f01</load_address>
         <run_address>0x3f01</run_address>
         <size>0x13c</size>
         <input_file_ref idref="fl-90"/>
      </object_component>
      <object_component id="oc-93">
         <name>.debug_info</name>
         <load_address>0x403d</load_address>
         <run_address>0x403d</run_address>
         <size>0x607</size>
         <input_file_ref idref="fl-91"/>
      </object_component>
      <object_component id="oc-96">
         <name>.debug_info</name>
         <load_address>0x4644</load_address>
         <run_address>0x4644</run_address>
         <size>0x6f0</size>
         <input_file_ref idref="fl-92"/>
      </object_component>
      <object_component id="oc-99">
         <name>.debug_info</name>
         <load_address>0x4d34</load_address>
         <run_address>0x4d34</run_address>
         <size>0xf1f</size>
         <input_file_ref idref="fl-93"/>
      </object_component>
      <object_component id="oc-9e">
         <name>.debug_info</name>
         <load_address>0x5c53</load_address>
         <run_address>0x5c53</run_address>
         <size>0x7fd</size>
         <input_file_ref idref="fl-94"/>
      </object_component>
      <object_component id="oc-a2">
         <name>.debug_info</name>
         <load_address>0x6450</load_address>
         <run_address>0x6450</run_address>
         <size>0x7ea</size>
         <input_file_ref idref="fl-95"/>
      </object_component>
      <object_component id="oc-a6">
         <name>.debug_info</name>
         <load_address>0x6c3a</load_address>
         <run_address>0x6c3a</run_address>
         <size>0x6d9</size>
         <input_file_ref idref="fl-96"/>
      </object_component>
      <object_component id="oc-ab">
         <name>.debug_info</name>
         <load_address>0x7313</load_address>
         <run_address>0x7313</run_address>
         <size>0x690</size>
         <input_file_ref idref="fl-97"/>
      </object_component>
      <object_component id="oc-af">
         <name>.debug_info</name>
         <load_address>0x79a3</load_address>
         <run_address>0x79a3</run_address>
         <size>0x112</size>
         <input_file_ref idref="fl-98"/>
      </object_component>
      <object_component id="oc-b3">
         <name>.debug_info</name>
         <load_address>0x7ab5</load_address>
         <run_address>0x7ab5</run_address>
         <size>0x106</size>
         <input_file_ref idref="fl-99"/>
      </object_component>
      <object_component id="oc-b6">
         <name>.debug_info</name>
         <load_address>0x7bbb</load_address>
         <run_address>0x7bbb</run_address>
         <size>0x65a</size>
         <input_file_ref idref="fl-9a"/>
      </object_component>
      <object_component id="oc-c1">
         <name>.debug_info</name>
         <load_address>0x8215</load_address>
         <run_address>0x8215</run_address>
         <size>0xaf</size>
         <input_file_ref idref="fl-9d"/>
      </object_component>
      <object_component id="oc-c5">
         <name>.debug_info</name>
         <load_address>0x82c4</load_address>
[...]
         <value>0x3580</value>
         <object_component_ref idref="oc-116"/>
      </symbol>
      <symbol id="sm-58e">
         <name>GBL_A_VERSION</name>
         <value>0x5205</value>
      </symbol>
      <symbol id="sm-58f">
         <name>_GBL_getVersion</name>
         <value>0x4380</value>
         <object_component_ref idref="oc-119"/>
      </symbol>
      <symbol id="sm-597">
         <name>_HWI_restore</name>
         <value>0x404c</value>
         <object_component_ref idref="oc-11d"/>
      </symbol>
      <symbol id="sm-598">
         <name>_HWI_enable</name>
         <value>0x4038</value>
         <object_component_ref idref="oc-11d"/>
      </symbol>
      <symbol id="sm-599">
         <name>_HWI_disable</name>
         <value>0x4020</value>
         <object_component_ref idref="oc-11d"/>
      </symbol>
      <symbol id="sm-5b3">
         <name>__IRQ_eventTable</name>
         <value>0x8cd0</value>
         <object_component_ref idref="oc-123"/>
      </symbol>
      <symbol id="sm-5b4">
         <name>__IRQ_intTable</name>
         <value>0x8d54</value>
         <object_component_ref idref="oc-123"/>
      </symbol>
      <symbol id="sm-5b5">
         <name>_IRQ_globalEnable</name>
         <value>0x7540</value>
         <object_component_ref idref="oc-1df"/>
      </symbol>
      <symbol id="sm-5b6">
         <name>_IRQ_map</name>
         <value>0x5be0</value>
         <object_component_ref idref="oc-1de"/>
      </symbol>
      <symbol id="sm-5b7">
         <name>__IRQ_init</name>
         <value>0x70e0</value>
         <object_component_ref idref="oc-1f0"/>
      </symbol>
      <symbol id="sm-5b8">
         <name>_IRQ_enable</name>
         <value>0x7460</value>
         <object_component_ref idref="oc-1dd"/>
      </symbol>
      <symbol id="sm-5b9">
         <name>__IRQ_dispatchTable</name>
         <value>0x8d94</value>
         <object_component_ref idref="oc-123"/>
      </symbol>
      <symbol id="sm-5ba">
         <name>__IRQ_hookFetchPacket</name>
         <value>0x7620</value>
         <object_component_ref idref="oc-121"/>
      </symbol>
      <symbol id="sm-5c6">
         <name>_KNL_maxqueue</name>
         <value>0xce58</value>
         <object_component_ref idref="oc-127"/>
      </symbol>
      <symbol id="sm-5c7">
         <name>_KNL_inactive</name>
         <value>0xce38</value>
         <object_component_ref idref="oc-127"/>
      </symbol>
      <symbol id="sm-5c8">
         <name>_KNL_tswitchfxn</name>
         <value>0xce5c</value>
         <object_component_ref idref="oc-127"/>
      </symbol>
      <symbol id="sm-5c9">
         <name>_KNL_setpri</name>
         <value>0xce34</value>
         <object_component_ref idref="oc-127"/>
      </symbol>
      <symbol id="sm-5ca">
         <name>_KNL_swiptr</name>
         <value>0xce50</value>
         <object_component_ref idref="oc-127"/>
      </symbol>
      <symbol id="sm-5cb">
         <name>_KNL_dummy</name>
         <value>0x8e3c</value>
         <object_component_ref idref="oc-12a"/>
      </symbol>
      <symbol id="sm-5cc">
         <name>_KNL_curtask</name>
         <value>0xce44</value>
         <object_component_ref idref="oc-127"/>
      </symbol>
      <symbol id="sm-5cd">
         <name>_KNL_curqueue</name>
         <value>0xce54</value>
         <object_component_ref idref="oc-127"/>
      </symbol>
      <symbol id="sm-5ce">
         <name>_KNL_wList</name>
         <value>0xce2c</value>
         <object_component_ref idref="oc-127"/>
      </symbol>
      <symbol id="sm-5cf">
         <name>_KNL_curtime</name>
         <value>0xce4c</value>
         <object_component_ref idref="oc-127"/>
      </symbol>
      <symbol id="sm-5d0">
         <name>_KNL_set</name>
         <value>0xce40</value>
         <object_component_ref idref="oc-127"/>
      </symbol>
      <symbol id="sm-5d1">
         <name>_KNL_alarm</name>
         <value>0xce30</value>
         <object_component_ref idref="oc-127"/>
      </symbol>
      <symbol id="sm-5d2">
         <name>_KNL_prevtask</name>
         <value>0xce48</value>
         <object_component_ref idref="oc-127"/>
      </symbol>
      <symbol id="sm-5d3">
         <name>_KNL_queues</name>
         <value>0x8d9c</value>
         <object_component_ref idref="oc-12a"/>
      </symbol>
      <symbol id="sm-5d4">
         <name>_KNL_idlefxn</name>
         <value>0xce6c</value>
         <object_component_ref idref="oc-127"/>
      </symbol>
      <symbol id="sm-5d5">
         <name>_KNL_priority</name>
         <value>0xce3c</value>
         <object_component_ref idref="oc-127"/>
      </symbol>
      <symbol id="sm-5d6">
         <name>_KNL_treadyfxn</name>
         <value>0xce68</value>
         <object_component_ref idref="oc-127"/>
      </symbol>
      <symbol id="sm-5d7">
         <name>_KNL_tcreatefxn</name>
         <value>0xce60</value>
         <object_component_ref idref="oc-127"/>
      </symbol>
      <symbol id="sm-5d8">
         <name>_KNL_wFlag</name>
         <value>0xce28</value>
         <object_component_ref idref="oc-127"/>
      </symbol>
      <symbol id="sm-5d9">
         <name>_KNL_tdeletefxn</name>
         <value>0xce64</value>
         <object_component_ref idref="oc-127"/>
      </symbol>
      <symbol id="sm-5e3">
         <name>_KNL_exit</name>
         <value>0x3660</value>
         <object_component_ref idref="oc-12d"/>
      </symbol>
      <symbol id="sm-5e4">
         <name>_KNL_enter</name>
         <value>0x36b4</value>
         <object_component_ref idref="oc-12d"/>
      </symbol>
      <symbol id="sm-5ec">
         <name>__KNL_lat1beg</name>
         <value>0x3490</value>
         <object_component_ref idref="oc-130"/>
      </symbol>
      <symbol id="sm-5ed">
         <name>__KNL_lat1end</name>
         <value>0x3518</value>
         <object_component_ref idref="oc-130"/>
      </symbol>
      <symbol id="sm-5ee">
         <name>_KNL_max</name>
         <value>0x353c</value>
         <object_component_ref idref="oc-130"/>
      </symbol>
      <symbol id="sm-5ef">
         <name>_KNL_check</name>
         <value>0x3440</value>
         <object_component_ref idref="oc-130"/>
      </symbol>
      <symbol id="sm-5f0">
         <name>_KNL_idle</name>
         <value>0x3518</value>
         <object_component_ref idref="oc-130"/>
      </symbol>
      <symbol id="sm-5fa">
         <name>_KNL_post</name>
         <value>0x3aa0</value>
         <object_component_ref idref="oc-135"/>
      </symbol>
      <symbol id="sm-604">
         <name>_KNL_ipost</name>
         <value>0x39e0</value>
         <object_component_ref idref="oc-139"/>
      </symbol>
      <symbol id="sm-60e">
         <name>_KNL_run</name>
         <value>0x1b20</value>
         <object_component_ref idref="oc-13d"/>
      </symbol>
      <symbol id="sm-628">
         <name>_MCBSP_reset</name>
         <value>0x6100</value>
         <object_component_ref idref="oc-201"/>
      </symbol>
      <symbol id="sm-629">
         <name>_MCBSP_open</name>
         <value>0x6a20</value>
         <object_component_ref idref="oc-1f2"/>
      </symbol>
      <symbol id="sm-62a">
         <name>_MCBSP_getXmtAddr</name>
         <value>0x7560</value>
         <object_component_ref idref="oc-1e5"/>
      </symbol>
      <symbol id="sm-62b">
         <name>__MCBSP_hDev0</name>
         <value>0x8ff8</value>
         <object_component_ref idref="oc-141"/>
      </symbol>
      <symbol id="sm-62c">
         <name>__MCBSP_hDev1</name>
         <value>0x8ffc</value>
         <object_component_ref idref="oc-141"/>
      </symbol>
      <symbol id="sm-62d">
         <name>_MCBSP_start</name>
         <value>0x6b20</value>
         <object_component_ref idref="oc-1f4"/>
      </symbol>
      <symbol id="sm-62e">
         <name>_MCBSP_config</name>
         <value>0x7040</value>
         <object_component_ref idref="oc-1f3"/>
      </symbol>
      <symbol id="sm-62f">
         <name>_MCBSP_xrdy</name>
         <value>0x75a0</value>
         <object_component_ref idref="oc-1f5"/>
      </symbol>
      <symbol id="sm-630">
         <name>_MCBSP_write</name>
         <value>0x7580</value>
         <object_component_ref idref="oc-1f6"/>
      </symbol>
      <symbol id="sm-63e">
         <name>_OBJ_table</name>
         <value>0x8ed0</value>
         <object_component_ref idref="oc-147"/>
      </symbol>
      <symbol id="sm-63f">
         <name>_OBJ_init</name>
         <value>0xbfa0</value>
         <object_component_ref idref="oc-148"/>
      </symbol>
      <symbol id="sm-640">
         <name>_OBJ_segtab</name>
         <value>0x8f08</value>
         <object_component_ref idref="oc-147"/>
      </symbol>
      <symbol id="sm-64c">
         <name>_RTDX_Buffer_ReadCB</name>
         <value>0xb5e0</value>
         <object_component_ref idref="oc-1ec"/>
      </symbol>
      <symbol id="sm-64d">
         <name>RTDX_NORMALIZED_HDR</name>
         <value>0x1</value>
      </symbol>
      <symbol id="sm-64e">
         <name>_RTDX_Buffer_Read</name>
         <value>0xb6c0</value>
         <object_component_ref idref="oc-1d0"/>
      </symbol>
      <symbol id="sm-66a">
         <name>_rtdx_buffer_state</name>
         <value>0xbb50</value>
         <object_component_ref idref="oc-151"/>
      </symbol>
      <symbol id="sm-66b">
         <name>_RTDX_Buffer_WriteCB</name>
         <value>0xaca0</value>
         <object_component_ref idref="oc-1ed"/>
      </symbol>
      <symbol id="sm-66c">
         <name>_rtdxNullChanCnt</name>
         <value>0xcf04</value>
         <object_component_ref idref="oc-14e"/>
      </symbol>
      <symbol id="sm-66d">
         <name>_RTDX_writing</name>
         <value>0xbb5c</value>
         <object_component_ref idref="oc-151"/>
      </symbol>
      <symbol id="sm-66e">
         <name>_RTDX_Buffer_Initialize</name>
         <value>0xb580</value>
         <object_component_ref idref="oc-1d3"/>
      </symbol>
      <symbol id="sm-66f">
         <name>_RTDX_Buffer_Write</name>
         <value>0xb6e0</value>
         <object_component_ref idref="oc-1d1"/>
      </symbol>
      <symbol id="sm-670">
         <name>_rtdxNullFuncCnt</name>
         <value>0xcf08</value>
         <object_component_ref idref="oc-14e"/>
      </symbol>
      <symbol id="sm-671">
         <name>_RTDX_Buffer_Size</name>
         <value>0xb640</value>
         <object_component_ref idref="oc-1fa"/>
      </symbol>
      <symbol id="sm-67b">
         <name>_RTDX_Mask_IER</name>
         <value>0xb720</value>
         <object_component_ref idref="oc-156"/>
      </symbol>
      <symbol id="sm-693">
         <name>_RTDX_Mon_Queue</name>
         <value>0xb2e0</value>
         <object_component_ref idref="oc-1fd"/>
      </symbol>
      <symbol id="sm-694">
         <name>_rtdx_mon_state</name>
         <value>0xbb70</value>
         <object_component_ref idref="oc-15a"/>
      </symbol>
      <symbol id="sm-695">
         <name>_RTDX_JTAGONLY</name>
         <value>0x2</value>
      </symbol>
      <symbol id="sm-696">
         <name>_RTDX_Final_RT_Monitor</name>
         <value>0xb680</value>
         <object_component_ref idref="oc-1ef"/>
      </symbol>
      <symbol id="sm-697">
         <name>_RTDX_Poll</name>
         <value>0xa8a0</value>
         <object_component_ref idref="oc-1cf"/>
      </symbol>
      <symbol id="sm-698">
         <name>_RTDX_Init_RT_Monitor</name>
         <value>0xb500</value>
         <object_component_ref idref="oc-1d4"/>
      </symbol>
      <symbol id="sm-6a0">
         <name>_SEM_pendBinary</name>
         <value>0x4080</value>
         <object_component_ref idref="oc-15e"/>
      </symbol>
      <symbol id="sm-6aa">
         <name>_SEM_pendEnterKnl</name>
         <value>0x20a0</value>
         <object_component_ref idref="oc-163"/>
      </symbol>
      <symbol id="sm-6b2">
         <name>_SEM_postBinary</name>
         <value>0x3820</value>
         <object_component_ref idref="oc-166"/>
      </symbol>
      <symbol id="sm-6b3">
         <name>_SEM_post</name>
         <value>0x3820</value>
         <object_component_ref idref="oc-166"/>
      </symbol>
      <symbol id="sm-6bd">
         <name>_SEM_postEnterKnl</name>
         <value>0x3740</value>
         <object_component_ref idref="oc-16b"/>
      </symbol>
      <symbol id="sm-6c5">
         <name>_STS_set</name>
         <value>0x43c0</value>
         <object_component_ref idref="oc-16e"/>
      </symbol>
      <symbol id="sm-6d5">
         <name>_TIMER_reset</name>
         <value>0x6800</value>
         <object_component_ref idref="oc-200"/>
      </symbol>
      <symbol id="sm-6d6">
         <name>_TIMER_open</name>
         <value>0x66c0</value>
         <object_component_ref idref="oc-1f1"/>
      </symbol>
      <symbol id="sm-6d7">
         <name>__TIMER_hDev0</name>
         <value>0x9074</value>
         <object_component_ref idref="oc-173"/>
      </symbol>
      <symbol id="sm-6d8">
         <name>__TIMER_hDev1</name>
         <value>0x9078</value>
         <object_component_ref idref="oc-173"/>
      </symbol>
      <symbol id="sm-6d9">
         <name>__TIMER_hBios</name>
         <value>0x907c</value>
         <object_component_ref idref="oc-173"/>
      </symbol>
      <symbol id="sm-6da">
         <name>__TIMER_deviceTable</name>
         <value>0x905c</value>
         <object_component_ref idref="oc-173"/>
      </symbol>
      <symbol id="sm-6e8">
         <name>_TSK_nTasks</name>
         <value>0xcf0c</value>
         <object_component_ref idref="oc-177"/>
      </symbol>
      <symbol id="sm-6e9">
         <name>_TSK_config</name>
         <value>0x8e90</value>
         <object_component_ref idref="oc-17a"/>
      </symbol>
      <symbol id="sm-6ea">
         <name>_TSK</name>
         <value>0xcf14</value>
         <object_component_ref idref="oc-177"/>
      </symbol>
      <symbol id="sm-6eb">
         <name>_TSK_timerSem</name>
         <value>0x8eb0</value>
         <object_component_ref idref="oc-17a"/>
      </symbol>
      <symbol id="sm-6ec">
         <name>_TSK_pid</name>
         <value>0xcf10</value>
         <object_component_ref idref="oc-177"/>
      </symbol>
      <symbol id="sm-6ed">
         <name>_TSK_ATTRS</name>
         <value>0x8e74</value>
         <object_component_ref idref="oc-17a"/>
      </symbol>
      <symbol id="sm-6f7">
         <name>_TSK_exit</name>
         <value>0x2fa0</value>
         <object_component_ref idref="oc-17e"/>
      </symbol>
      <symbol id="sm-701">
         <name>_SYS_exit</name>
         <value>0x3c20</value>
         <object_component_ref idref="oc-182"/>
      </symbol>
      <symbol id="sm-70d">
         <name>_SYS_exitStack</name>
         <value>0x9080</value>
         <object_component_ref idref="oc-188"/>
      </symbol>
      <symbol id="sm-70e">
         <name>_SYS_exitStackPtr</name>
         <value>0xcf20</value>
         <object_component_ref idref="oc-185"/>
      </symbol>
      <symbol id="sm-70f">
         <name>_SYS_exitStackTop</name>
         <value>0xcf24</value>
         <object_component_ref idref="oc-185"/>
      </symbol>
      <symbol id="sm-719">
         <name>_TSK_init</name>
         <value>0xbf20</value>
         <object_component_ref idref="oc-18b"/>
      </symbol>
      <symbol id="sm-723">
         <name>_TSK_setup</name>
         <value>0x2a20</value>
         <object_component_ref idref="oc-18f"/>
      </symbol>
      <symbol id="sm-735">
         <name>__MEM_mutex</name>
         <value>0x8fa0</value>
         <object_component_ref idref="oc-195"/>
      </symbol>
      <symbol id="sm-736">
         <name>_TSK_startup</name>
         <value>0x3380</value>
         <object_component_ref idref="oc-196"/>
      </symbol>
      <symbol id="sm-737">
         <name>__TSK_mutex</name>
         <value>0x8f78</value>
         <object_component_ref idref="oc-195"/>
      </symbol>
      <symbol id="sm-741">
         <name>_LCK_pend</name>
         <value>0x3b90</value>
         <object_component_ref idref="oc-19b"/>
      </symbol>
      <symbol id="sm-742">
         <name>_LCK_post</name>
         <value>0x3b60</value>
         <object_component_ref idref="oc-19b"/>
      </symbol>
      <symbol id="sm-74a">
         <name>_SEM_pend</name>
         <value>0x40e0</value>
         <object_component_ref idref="oc-19e"/>
      </symbol>
      <symbol id="sm-754">
         <name>_SYS_abort</name>
         <value>0x4140</value>
         <object_component_ref idref="oc-1a3"/>
      </symbol>
      <symbol id="sm-762">
         <name>__GBL_setL2CacheMode</name>
         <value>0xc34</value>
         <object_component_ref idref="oc-1a9"/>
      </symbol>
      <symbol id="sm-76c">
         <name>__SEM_dopost</name>
         <value>0x2800</value>
         <object_component_ref idref="oc-1ad"/>
      </symbol>
      <symbol id="sm-776">
         <name>__auto_init</name>
         <value>0x3140</value>
         <object_component_ref idref="oc-1b1"/>
      </symbol>
      <symbol id="sm-788">
         <name>__unlock</name>
         <value>0x90ec</value>
         <object_component_ref idref="oc-1b6"/>
      </symbol>
      <symbol id="sm-789">
         <name>__lock</name>
         <value>0x90e8</value>
         <object_component_ref idref="oc-1b6"/>
      </symbol>
      <symbol id="sm-78a">
         <name>__register_lock</name>
         <value>0x75e0</value>
         <object_component_ref idref="oc-1d5"/>
      </symbol>
      <symbol id="sm-78b">
         <name>__nop</name>
         <value>0x75c0</value>
         <object_component_ref idref="oc-1d8"/>
      </symbol>
      <symbol id="sm-78c">
         <name>__register_unlock</name>
         <value>0x7600</value>
         <object_component_ref idref="oc-1d6"/>
      </symbol>
      <symbol id="sm-794">
         <name>__strasg</name>
         <value>0x6d00</value>
         <object_component_ref idref="oc-1d2"/>
      </symbol>
      <symbol id="sm-7a2">
         <name>_atexit</name>
         <value>0x6de0</value>
         <object_component_ref idref="oc-1ee"/>
      </symbol>
      <symbol id="sm-7a3">
         <name>___atexit_func_id__</name>
         <value>0x8b20</value>
         <object_component_ref idref="oc-1be"/>
      </symbol>
      <symbol id="sm-7b3">
         <name>_dtors</name>
         <value>0x90f0</value>
         <object_component_ref idref="oc-1c3"/>
      </symbol>
      <symbol id="sm-7b4">
         <name>_call_dtors</name>
         <value>0x6420</value>
         <object_component_ref idref="oc-203"/>
      </symbol>
      <symbol id="sm-7b5">
         <name>___add_dtor</name>
         <value>0x74a0</value>
         <object_component_ref idref="oc-1fe"/>
      </symbol>
      <symbol id="sm-7c1">
         <name>___TI_enable_exit_profile_output</name>
         <value>0x90e4</value>
         <object_component_ref idref="oc-1c8"/>
      </symbol>
      <symbol id="sm-7c2">
         <name>__cleanup_ptr</name>
         <value>0x90dc</value>
         <object_component_ref idref="oc-1c8"/>
      </symbol>
      <symbol id="sm-7c3">
         <name>__dtors_ptr</name>
         <value>0x90e0</value>
         <object_component_ref idref="oc-1c8"/>
      </symbol>
      <symbol id="sm-7cd">
         <name>_memcpy</name>
         <value>0x5360</value>
         <object_component_ref idref="oc-1d7"/>
      </symbol>
   </symbol_table>
</link_info>
