******************************************************************************
               TMS320C6x Linker PC v7.4.4                      
******************************************************************************
>> Linked Sun Feb 09 18:33:10 2014

OUTPUT FILE NAME:   <QPSKModulator.out>
ENTRY POINT SYMBOL: "_c_int00"  address: 0000c400


MEMORY CONFIGURATION

         name            origin    length      used     unused   attr    fill
----------------------  --------  ---------  --------  --------  ----  --------
  IRAM                  00000000   00040000  0000d8f3  0003270d  RWIX
  SDRAM                 80000000   00800000  00000000  00800000  RWIX


SECTION ALLOCATION MAP

 output                                  attributes/
section   page    origin      length       input sections
--------  ----  ----------  ----------   ----------------
.vers      0    00000000    00000040     COPY SECTION
                  00000000    00000040     LED_blinkcfg.obj (.vers)

.hwi_vec   0    00000000    00000200     
                  00000000    00000200     LED_blinkcfg.obj (.hwi_vec)

.data      0    00000000    00000000     UNINITIALIZED

.bios      0    00000200    000041c0     
                  00000200    00000600     lnkrtdx.a67 : rtdx.o67 (.bios)
                  00000800    000005e0     bios.a67 : gbl_setL2CacheMode.o67 (.bios)
                  00000de0    00000540              : swi.o67 (.bios)
                  00001320    00000460              : hwi_disp_asm.o67 (.bios)
                  00001780    000003a0              : prd.o67 (.bios)
                  00001b20    000002c0              : knl_run.o67 (.bios)
                  00001de0    000002c0              : rta.o67 (.bios)
                  000020a0    000002c0              : sem_pend.o67 (.bios)
                  00002360    00000260              : knl_tick.o67 (.bios)
                  000025c0    00000240              : pip.o67 (.bios)
                  00002800    00000220              : sem_dopo.o67 (.bios)
                  00002a20    00000200              : tsk_setu.o67 (.bios)
                  00002c20    000001c0              : knl_swit.o67 (.bios)
                  00002de0    000001c0     biosC6000.a67 : clk.o67 (.bios)
                  00002fa0    000001a0     bios.a67 : tsk_exit.o67 (.bios)
                  00003140    00000180              : autoinit.o67 (.bios)
                  000032c0    00000180              : tsk_stup.o67 (.bios)
                  00003440    00000140              : knl_chec.o67 (.bios)
                  00003580    000000e0              : gbl_cslcacheinit.o67 (.bios)
                  00003660    000000e0              : knl_exit.o67 (.bios)
                  00003740    000000e0              : sem_post.o67 (.bios)
                  00003820    000000e0              : sem_post_asm.o67 (.bios)
                  00003900    000000e0     biosC6000.a67 : clk_meas.o67 (.bios)
                  000039e0    000000c0     bios.a67 : knl_ipos.o67 (.bios)
                  00003aa0    000000c0              : knl_post.o67 (.bios)
                  00003b60    000000c0              : lck.o67 (.bios)
                  00003c20    000000c0              : sys_exit.o67 (.bios)
                  00003ce0    000000c0     biosC6000.a67 : clk_htime.o67 (.bios)
                  00003da0    00000080     bios.a67 : fxn.o67 (.bios)
                  00003e20    00000080              : idl_busy.o67 (.bios)
                  00003ea0    00000080              : log.o67 (.bios)
                  00003f20    00000080              : sts.o67 (.bios)
                  00003fa0    00000080     biosC6000.a67 : idl_cal.o67 (.bios)
                  00004020    00000060     bios.a67 : hwi_c.o67 (.bios)
                  00004080    00000060              : sem_pend_counting.o67 (.bios)
                  000040e0    00000060              : sys_abor.o67 (.bios)
                  00004140    00000060              : utl_putc.o67 (.bios)
                  000041a0    00000060     biosC6000.a67 : clk_start.o67 (.bios)
                  00004200    00000040     bios.a67 : idl_stub.o67 (.bios)
                  00004240    00000040              : rta_andn.o67 (.bios)
                  00004280    00000040              : utl_doab.o67 (.bios)
                  000042c0    00000040     biosC6000.a67 : clk_stop.o67 (.bios)
                  00004300    00000020     bios.a67 : fxn_c.o67 (.bios)
                  00004320    00000020              : gbl_vers.o67 (.bios)
                  00004340    00000020              : idl.o67 (.bios)
                  00004360    00000020              : sts_set.o67 (.bios)
                  00004380    00000020              : utl_doer.o67 (.bios)
                  000043a0    00000020              : utl_halt.o67 (.bios)

.text      0    000043c0    00003800     
                  000043c0    00000e20     main.obj (.text)
                  000051e0    00000480     dsk6713bsl.lib : dsk6713.obj (.text)
                  00005660    00000280     csl6713.lib : csl_edma.obj (.text:_EDMA_open)
                  000058e0    00000240     rts6700.lib : memcpy62.obj (.text:_memcpy)
                  00005b20    00000240     config_AIC23.obj (.text)
                  00005d60    00000220     csl6713.lib : csl.obj (.text:__CSL_init)
                  00005f80    000001e0     dsk6713bsl.lib : dsk6713_led.obj (.text)
                  00006160    000001c0     csl6713.lib : csl_irq.obj (.text:_IRQ_map)
                  00006320    000001c0                 : csl_irq.obj (.text:_mux2Tables)
                  000064e0    000001a0                 : csl_edma.obj (.text:_EDMA_allocTable)
                  00006680    000001a0                 : csl_mcbsp.obj (.text:_MCBSP_reset)
                  00006820    00000180     bios.a67 : gbl_cslpllinit62.o67 (.text)
                  000069a0    00000160     rts6700.lib : sinit.obj (.text:_call_dtors)
                  00006b00    00000140     csl6713.lib : csl_edma.obj (.text:_EDMA_reset)
                  00006c40    00000140                 : csl_timer.obj (.text:_TIMER_open)
                  00006d80    00000120                 : csl_timer.obj (.text:_TIMER_reset)
                  00006ea0    00000100                 : csl_edma.obj (.text:_EDMA_intAlloc)
                  00006fa0    00000100                 : csl_mcbsp.obj (.text:_MCBSP_open)
                  000070a0    00000100                 : csl_mcbsp.obj (.text:_MCBSP_start)
                  000071a0    000000e0                 : csl_edma.obj (.text:_EDMA_config)
                  00007280    000000e0     rts6700.lib : strasg.obj (.text:__strasg)
                  00007360    000000e0                 : atexit.obj (.text:_atexit)
                  00007440    000000c0     bios.a67 : tsk_stup.o67 (.text)
                  00007500    000000c0     config_MCBSP.obj (.text)
                  000075c0    000000a0     csl6713.lib : csl_mcbsp.obj (.text:_MCBSP_config)
                  00007660    000000a0                 : csl_irq.obj (.text:__IRQ_init)
                  00007700    000000a0                 : csl_irq.obj (.text:_setMux)
                  000077a0    00000080     dsk6713bsl.lib : dsk6713_dip.obj (.text)
                  00007820    00000060     csl6713.lib : csl_edma.obj (.text:_EDMA_disableChannel)
                  00007880    00000060                 : csl_edma.obj (.text:_EDMA_enableChannel)
                  000078e0    00000060                 : csl_edma.obj (.text:_EDMA_intEnable)
                  00007940    00000060                 : csl_edma.obj (.text:_EDMA_qdmaConfig)
                  000079a0    00000040                 : csl_edma.obj (.text:_EDMA_link)
                  000079e0    00000040                 : csl_irq.obj (.text:_IRQ_enable)
                  00007a20    00000040     rts6700.lib : sinit.obj (.text:___add_dtor)
                  00007a60    00000020     csl6713.lib : csl.obj (.text:_CSL6713_LIB_)
                  00007a80    00000020                 : csl_edma.obj (.text:_EDMA_intClear)
                  00007aa0    00000020                 : csl_edma.obj (.text:_EDMA_intTest)
                  00007ac0    00000020                 : csl_irq.obj (.text:_IRQ_globalEnable)
                  00007ae0    00000020                 : csl_mcbsp.obj (.text:_MCBSP_getXmtAddr)
                  00007b00    00000020                 : csl_mcbsp.obj (.text:_MCBSP_write)
                  00007b20    00000020                 : csl_mcbsp.obj (.text:_MCBSP_xrdy)
                  00007b40    00000020     rts6700.lib : _lock.obj (.text:__nop)
                  00007b60    00000020                 : _lock.obj (.text:__register_lock)
                  00007b80    00000020                 : _lock.obj (.text:__register_unlock)
                  00007ba0    00000020     csl6713.lib : csl_irq.obj (.text)

.far       0    00007bc0    00001bc6     UNINITIALIZED
                  00007bc0    000015ee     main.obj (.far)
                  000091ae    00000002     dsk6713bsl.lib : dsk6713.obj (.far)
                  000091b0    00000188     rts6700.lib : atexit.obj (.far)
                  00009338    000000f4     csl6713.lib : csl_irq.obj (.far)
                  0000942c    000000d8     bios.a67 : knl.o67 (.far)
                  00009504    0000005c              : tsk.o67 (.far)
                  00009560    00000054              : obj_init.o67 (.far)
                  000095b4    00000054     csl6713.lib : csl_edma.obj (.far)
                  00009608    00000050     bios.a67 : tsk_stup.o67 (.far)
                  00009658    00000038     csl6713.lib : csl_mcbsp.obj (.far)
                  00009690    00000034     config_AIC23.obj (.far)
                  000096c4    00000028     csl6713.lib : csl.obj (.far)
                  000096ec    00000024                 : csl_timer.obj (.far)
                  00009710    00000020     bios.a67 : sys.o67 (.far)
                  00009730    00000020     config_MCBSP.obj (.far)
                  00009750    00000010     bios.a67 : knl_tick.o67 (.far)
                  00009760    0000000c              : utl_putc.o67 (.far)
                  0000976c    0000000c     rts6700.lib : exit.obj (.far)
                  00009778    00000008                 : _lock.obj (.far)
                  00009780    00000004                 : sinit.obj (.far)
                  00009784    00000002     dsk6713bsl.lib : dsk6713_led.obj (.far)

.cinit     0    00009788    000016ac     
                  00009788    000006f4     LED_blinkcfg.obj (.cinit)
                  00009e7c    00000004     --HOLE-- [fill = 0]
                  00009e80    00000494     main.obj (.cinit)
                  0000a314    00000004     --HOLE-- [fill = 0]
                  0000a318    0000026c     bios.a67 : biosdata.o67 (.cinit)
                  0000a584    00000004     --HOLE-- [fill = 0]
                  0000a588    000001a4              : knl.o67 (.cinit)
                  0000a72c    00000004     --HOLE-- [fill = 0]
                  0000a730    0000012c     csl6713.lib : csl_irq.obj (.cinit)
                  0000a85c    00000004     --HOLE-- [fill = 0]
                  0000a860    000000b0     bios.a67 : swi.o67 (.cinit)
                  0000a910    00000080              : tsk.o67 (.cinit)
                  0000a990    00000070     csl6713.lib : csl_edma.obj (.cinit)
                  0000aa00    00000060     bios.a67 : tsk_stup.o67 (.cinit)
                  0000aa60    0000005c     lnkrtdx.a67 : rtdx.o67 (.cinit)
                  0000aabc    00000004     --HOLE-- [fill = 0]
                  0000aac0    00000054     csl6713.lib : csl_mcbsp.obj (.cinit)
                  0000ab14    00000004     --HOLE-- [fill = 0]
                  0000ab18    0000004c     bios.a67 : rta.o67 (.cinit)
                  0000ab64    00000004     --HOLE-- [fill = 0]
                  0000ab68    0000004c     csl6713.lib : csl_timer.obj (.cinit)
                  0000abb4    00000004     --HOLE-- [fill = 0]
                  0000abb8    0000004c     rtdx.lib : buffer1.o62 (.cinit)
                  0000ac04    00000004     --HOLE-- [fill = 0]
                  0000ac08    00000048     config_AIC23.obj (.cinit)
                  0000ac50    0000003c     csl6713.lib : csl.obj (.cinit)
                  0000ac8c    00000004     --HOLE-- [fill = 0]
                  0000ac90    00000034     bios.a67 : hwi.o67 (.cinit)
                  0000acc4    00000004     --HOLE-- [fill = 0]
                  0000acc8    0000002c              : utl_putc.o67 (.cinit)
                  0000acf4    00000004     --HOLE-- [fill = 0]
                  0000acf8    0000002c     rts6700.lib : exit.obj (.cinit)
                  0000ad24    00000004     --HOLE-- [fill = 0]
                  0000ad28    00000028     config_MCBSP.obj (.cinit)
                  0000ad50    00000024     bios.a67 : obj_init.o67 (.cinit)
                  0000ad74    00000004     --HOLE-- [fill = 0]
                  0000ad78    0000001c              : sys.o67 (.cinit)
                  0000ad94    00000004     --HOLE-- [fill = 0]
                  0000ad98    0000001c     rts6700.lib : _lock.obj (.cinit)
                  0000adb4    00000004     --HOLE-- [fill = 0]
                  0000adb8    0000001c                 : atexit.obj (.cinit)
                  0000add4    00000004     --HOLE-- [fill = 0]
                  0000add8    00000018     bios.a67 : knl_tick.o67 (.cinit)
                  0000adf0    0000000c              : gbl_setL2CacheMode.o67 (.cinit)
                  0000adfc    00000004     --HOLE-- [fill = 0]
                  0000ae00    0000000c              : idl_busy.o67 (.cinit)
                  0000ae0c    00000004     --HOLE-- [fill = 0]
                  0000ae10    0000000c              : knl_swit.o67 (.cinit)
                  0000ae1c    00000004     --HOLE-- [fill = 0]
                  0000ae20    0000000c     rts6700.lib : sinit.obj (.cinit)
                  0000ae2c    00000004     --HOLE-- [fill = 0]
                  0000ae30    00000004     (.pad.cinit) [fill = 0]

.pinit     0    0000ae34    0000000c     
                  0000ae34    00000004     rtdx.lib : buffer1.o62 (.pinit)
                  0000ae38    00000004              : rtdx_mon.o62 (.pinit)
                  0000ae3c    00000004     --HOLE-- [fill = 0]

.rtdx_text 
*          0    0000ae40    00000ea0     
                  0000ae40    00000400     rtdx.lib : rtdx_mon.o62 (.rtdx_text:_RTDX_Poll)
                  0000b240    00000340              : buffer1.o62 (.rtdx_text:_RTDX_Buffer_WriteCB)
                  0000b580    00000300              : buffer1.o62 (.rtdx_text:_RTDX_write_next)
                  0000b880    00000140              : rtdx_mon.o62 (.rtdx_text:_RTDX_Mon_Queue)
                  0000b9c0    000000e0              : buffer1.o62 (.rtdx_text:_claim)
                  0000baa0    00000080              : rtdx_mon.o62 (.rtdx_text:_RTDX_Init_RT_Monitor)
                  0000bb20    00000060              : buffer1.o62 (.rtdx_text:_RTDX_Buffer_Initialize)
                  0000bb80    00000060              : buffer2.o62 (.rtdx_text:_RTDX_Buffer_ReadCB)
                  0000bbe0    00000040              : buffer1.o62 (.rtdx_text:_RTDX_Buffer_Size)
                  0000bc20    00000040              : rtdx_mon.o62 (.rtdx_text:_RTDX_Final_RT_Monitor)
                  0000bc60    00000020              : buffer2.o62 (.rtdx_text:_RTDX_Buffer_Read)
                  0000bc80    00000020              : buffer1.o62 (.rtdx_text:_RTDX_Buffer_Write)
                  0000bca0    00000020              : rtdx_mon.o62 (.rtdx_text:_RTDX_checksum)
                  0000bcc0    00000020              : intr_tgt.o62 (.rtdx_text)

.rtdx_data 
*          0    0000bce0    0000044c     UNINITIALIZED
                  0000bce0    00000410     LED_blinkcfg.obj (.rtdx_data)
                  0000c0f0    00000020     rtdx.lib : buffer1.o62 (.rtdx_data)
                  0000c110    0000001c              : rtdx_mon.o62 (.rtdx_data)

.hst1      0    0000c12c    00000010     UNINITIALIZED
                  0000c12c    00000010     LED_blinkcfg.obj (.hst1)

.args      0    0000c13c    00000004     
                  0000c13c    00000004     --HOLE-- [fill = 0]

.sysinit   0    0000c140    00000420     
                  0000c140    000002c0     LED_blinkcfg.obj (.sysinit)
                  0000c400    000000c0     bios.a67 : boot.o67 (.sysinit)
                  0000c4c0    00000080              : tsk_init.o67 (.sysinit)
                  0000c540    00000020              : obj_init.o67 (.sysinit)

.TSK_idle$stk 
*          0    0000c560    00000400     UNINITIALIZED
                  0000c560    00000400     LED_blinkcfg.obj (.TSK_idle$stk)

.stack     0    0000c960    00000400     UNINITIALIZED
                  0000c960    00000400     --HOLE--

.bss       0    0000cd60    00000378     UNINITIALIZED
                  0000cd60    00000100     bios.a67 : hwi_disp_asm.o67 (.bss)
                  0000ce60    000000cc              : biosdata.o67 (.bss)
                  0000cf2c    0000009c              : swi.o67 (.bss)
                  0000cfc8    00000048              : knl.o67 (.bss)
                  0000d010    00000048     main.obj (.bss)
                  0000d058    00000018     LED_blinkcfg.obj (.bss)
                  0000d070    00000018     bios.a67 : hwi.o67 (.bss)
                  0000d088    00000018     lnkrtdx.a67 : rtdx.o67 (.bss)
                  0000d0a0    00000010     rtdx.lib : buffer1.o62 (.bss)
                  0000d0b0    0000000c     bios.a67 : tsk.o67 (.bss)
                  0000d0bc    00000008              : clk_data.o67 (.bss)
                  0000d0c4    00000008              : sys.o67 (.bss)
                  0000d0cc    00000004              : clk_data2.o67 (.bss)
                  0000d0d0    00000004              : gbl_setL2CacheMode.o67 (.bss)
                  0000d0d4    00000004              : idl_busy.o67 (.bss)

.trace     0    0000d0d8    00000200     
                  0000d0d8    00000200     --HOLE-- [fill = 00000000]

.switch    0    0000d2d8    00000028     
                  0000d2d8    00000028     rtdx.lib : rtdx_mon.o62 (.switch)

.LOG_system$buf 
*          0    0000d300    00000100     UNINITIALIZED
                  0000d300    00000100     LED_blinkcfg.obj (.LOG_system$buf)

.hst0      0    0000d400    00000100     UNINITIALIZED
                  0000d400    00000100     LED_blinkcfg.obj (.hst0)

.pip       0    0000d500    000000c8     UNINITIALIZED
                  0000d500    000000c8     LED_blinkcfg.obj (.pip)

.const     0    0000d5c8    000000b5     
                  0000d5c8    0000004e     bios.a67 : tsk_stup.o67 (.const)
                  0000d616    00000023              : utl_doab.o67 (.const)
                  0000d639    00000022              : utl_doer.o67 (.const)
                  0000d65b    00000001     --HOLE-- [fill = 0]
                  0000d65c    00000020     dsk6713bsl.lib : dsk6713.obj (.const)
                  0000d67c    00000001     bios.a67 : tsk.o67 (.const)

.printf    0    0000d67d    000000aa     COPY SECTION
                  0000d67d    000000aa     LED_blinkcfg.obj (.printf)

.swi       0    0000d680    000000b0     UNINITIALIZED
                  0000d680    000000b0     LED_blinkcfg.obj (.swi)

.sts       0    0000d730    00000070     
                  0000d730    00000070     LED_blinkcfg.obj (.sts)

.tsk       0    0000d7a0    00000060     UNINITIALIZED
                  0000d7a0    00000060     LED_blinkcfg.obj (.tsk)

.gblinit   0    0000d800    00000040     
                  0000d800    00000040     LED_blinkcfg.obj (.gblinit)

.hst       0    0000d840    0000003c     UNINITIALIZED
                  0000d840    0000003c     LED_blinkcfg.obj (.hst)

.prd       0    0000d87c    00000020     UNINITIALIZED
                  0000d87c    00000020     LED_blinkcfg.obj (.prd)

.log       0    0000d89c    00000018     
                  0000d89c    00000018     LED_blinkcfg.obj (.log)

.idl       0    0000d8b4    00000010     UNINITIALIZED
                  0000d8b4    00000010     LED_blinkcfg.obj (.idl)

.idlcal    0    0000d8c4    00000010     UNINITIALIZED
                  0000d8c4    00000010     LED_blinkcfg.obj (.idlcal)

.sys       0    0000d8d4    00000010     UNINITIALIZED
                  0000d8d4    00000010     LED_blinkcfg.obj (.sys)

.trcdata   0    0000d8e4    0000000c     
                  0000d8e4    0000000c     bios.a67 : trc.o67 (.trcdata)

.clk       0    0000d8f0    00000008     UNINITIALIZED
                  0000d8f0    00000008     LED_blinkcfg.obj (.clk)


GLOBAL SYMBOLS: SORTED ALPHABETICALLY BY Name 

address    name
--------   ----
0000cd60   $bss
0000cd60   .bss
00000000   .data
000043c0   .text
0000c2e4   BIOS$$CLKOFF
0000c2a4   BIOS$$CLKON
0000c140   BIOS_init
0000c34c   BIOS_start
00000000   BUF$
00000001   BUF_ENABLED
00000001   CLK$
0000d8f0   CLK_A_TABBEG
00000001   CLK_CALDIV
00000004   CLK_CALMULT
0000dbba   CLK_COUNTSPMS
00000000   CLK_COUNTSPMSHIGH
0000ce88   CLK_D_idletime
0000ce84   CLK_D_isrhook
0000ce80   CLK_D_tabbeg
0000ce7c   CLK_D_timefxn
00003ce0   CLK_F_getfhtime
00003d00   CLK_F_gethtime
00002de0   CLK_F_getltime
00003d00   CLK_F_getshtime
00002df4   CLK_F_isr
00002f54   CLK_F_itime
00001320   CLK_HOOKFXN
00000001   CLK_HTIMEDIV
00000004   CLK_HTIMEMULT
0000dbba   CLK_HTIMEPERLTIME
00004000   CLK_INTBIT
00000001   CLK_LTIMEDIV
00036ee8   CLK_LTIMEMULT
000003e8   CLK_MICROSECS
0000dbba   CLK_PRD
00000000   CLK_PRDHIGH
01940000   CLK_REGS
0000ce78   CLK_R_time
00000020   CLK_TCR
00000000   CLK_TDDR
00000000   CLK_TDDRHIGH
00003d00   CLK_TIMEFXN
00000000   CLK_TIMERNUM
00000001   CLK_USETIMER
0000d8f4   CLK_null
00000000   DEV$
00000000   DGN$
00000000   DHL$
00000000   DHL_gChannelsAvailable
00000000   DIO$
00000000   DIO_NUMSWIBASE
00000000   DIO_NUMTSKBASE
00000000   DIO_STATIC
00000000   DPI$
00003da0   FXN_F_nop
00003da8   FXN_F_run
00003df8   FXN_F_zero
00000001   GBL$
00005205   GBL_A_VERSION
00000000   GBL_BIGENDIAN
00000000   GBL_C641XL2PRIORITY
00000000   GBL_CACHE
00000001   GBL_CALLCSLCFGINIT
00004e20   GBL_CLKIN
00001770   GBL_CLKTYPE
00001a39   GBL_DSPSUBTYPE
0000003e   GBL_DSPTYPE
00000001   GBL_ENABLEINST
00000042   GBL_FOOTPRINT
00036ee8   GBL_FREQ
00002226   GBL_L2ALLOC
00000000   GBL_L2CONFIGALLOC
00000001   GBL_L2CONFIGURE
00000001   GBL_L2MARMASK
00000000   GBL_L2MARMASK1
00000000   GBL_L2MARMASK2
00000000   GBL_L2MARMASK3
00000000   GBL_L2MARMASK4
00000000   GBL_L2MARMASK5
00000000   GBL_L2MODE
00000000   GBL_L2PRIORITY
00000000   GBL_NULL
00000000   GBL_PROCID
00000000   GBL_ROM
00000000   GBL_SUPPORTCSL
0000dbef   GBL_TRCMASKVALUE
00000001   GBL_USERINIT
00006848   GBL_USERINITFXN
00000001   GBL_boot
0000d8ec   GBL_initdone
0000c960   GBL_stackbeg
0000cd5f   GBL_stackend
00000000   GIO$
00004300   GIO_CREATEFXN
00004300   GIO_DELETEFXN
00004300   GIO_PENDFXN
00004300   GIO_POSTFXN
00000000   HOOK$
00000000   HOOK_KNLID
00000001   HST$
0000d840   HST_A_TABBEG
0000d87c   HST_A_TABEND
00000000   HST_DSM
ffffffff   HST_DSMBUFSEG
00000400   HST_DSMMEMSIZE
0000cef4   HST_D_chanmask
0000cef8   HST_D_tabbeg
0000cefc   HST_D_tabend
000000ff   HST_MAXFRAMEALLOWED
00000040   HST_MAXFRAMESET
00000000   HST_NONE
00000001   HST_RTDX
00000001   HWI$
00000000   HWI_A_VECS
00005108   HWI_CFGDISPATCHED
0000d080   HWI_D_bss
0000d084   HWI_D_ccmask
0000d070   HWI_D_spsave
00001320   HWI_F_dispatch
00000000   HWI_GENERATE_RESET_VEC
0000000a   HWI_INT10
00000000   HWI_INT10$hwi
0000000b   HWI_INT11
00000000   HWI_INT11$hwi
0000000c   HWI_INT12
00000000   HWI_INT12$hwi
0000000d   HWI_INT13
00000000   HWI_INT13$hwi
0000000e   HWI_INT14
00000000   HWI_INT14$hwi
0000000f   HWI_INT15
00000000   HWI_INT15$hwi
00000004   HWI_INT4
00000000   HWI_INT4$hwi
00000005   HWI_INT5
00000000   HWI_INT5$hwi
00000006   HWI_INT6
00000000   HWI_INT6$hwi
00000007   HWI_INT7
00000000   HWI_INT7$hwi
00000008   HWI_INT8
00000000   HWI_INT8$hwi
00000009   HWI_INT9
00000000   HWI_INT9$hwi
08203da3   HWI_INTRMULTHIGH
310718aa   HWI_INTRMULTLOW
00000001   HWI_NMI
00000000   HWI_NMI$hwi
00000000   HWI_POLARITYMASK
00000002   HWI_RESERVED0
00000000   HWI_RESERVED0$hwi
00000003   HWI_RESERVED1
00000000   HWI_RESERVED1$hwi
00000000   HWI_RESET
00000000   HWI_RESET$hwi
00000001   HWI_ZEROTAB
00000001   IDL$
0000d8c4   IDL_A_CALBEG
0000d8b4   IDL_A_TABBEG
00000006   IDL_CALIBRERROR
00004200   IDL_CALIBRFXN
0000d0d4   IDL_D_busyObj
0000ce68   IDL_D_calbeg
0000ce64   IDL_D_calibrate
0000ce60   IDL_D_tabbeg
0000d8c0   IDL_END
0000d8d0   IDL_END$
00003e20   IDL_F_busy
00003fa0   IDL_F_calibrate
00004340   IDL_F_loop
00004200   IDL_F_stub
00000001   IDL_USECLKIDLTIME
0000d794   IDL_busyObj
0000d722   IDL_busyObj$avgfmt
00000001   IDL_busyObj$filter
00000001   IDL_busyObj$iA
00000000   IDL_busyObj$iB
00000001   IDL_busyObj$iC
0000d71c   IDL_busyObj$maxfmt
00000000   IDL_busyObj$operation
0000d790   IDL_busyObj$stsobj
0000d71f   IDL_busyObj$sumfmt
00000002   IDL_busyObj$unittype
0000d8b4   IDL_cpuLoad
0000d8c4   IDL_cpuLoad$
ffffffff   IRAM
00000001   ISRC$
00002da0   KNL_glue
0000d6ac   KNL_swi
00000001   KNL_swi$dorta
00000002   KNL_swi$ord
00000000   KNL_swi$pri
0000d754   KNL_swi$sts
0000d6c4   KNL_swi$sts$avgfmt
00000002   KNL_swi$sts$filter
00000001   KNL_swi$sts$filtmaxmult
00000001   KNL_swi$sts$filtsummult
0000d6b4   KNL_swi$sts$maxfmt
0000d750   KNL_swi$sts$stsobj
0000d6bc   KNL_swi$sts$sumfmt
00000000   KNL_swi$sts$unittype
00000000   KNL_swi$swi
00000001   LCK$
0000d87c   LEDBlinker
0000d898   LEDBlinker$aaa
00000000   LEDBlinker$mode
00000001   LEDBlinker$ord
00000064   LEDBlinker$period
00000000   LEDBlinker$prd
0000d734   LEDBlinker$sts
0000d68f   LEDBlinker$sts$avgfmt
00000000   LEDBlinker$sts$filter
0000d67d   LEDBlinker$sts$maxfmt
0000d730   LEDBlinker$sts$stsobj
0000d686   LEDBlinker$sts$sumfmt
00000002   LEDBlinker$sts$unittype
00000200   LNK_F_checkBufferCall
00000280   LNK_F_dataPump
00000220   LNK_F_getChanPtr
00000278   LNK_F_init
000007c4   LNK_F_readCallBack
0000d8b8   LNK_dataPump
0000d8c8   LNK_dataPump$
0000d08c   LNK_dspFrameReadyMask
0000d088   LNK_dspFrameRequestMask
00000520   LNK_newin
00000660   LNK_newout
00000294   LNK_rcloop
00000360   LNK_rdrtry
0000d094   LNK_readDone
0000d098   LNK_readFail
0000d090   LNK_readPend
00000370   LNK_rrloop
0000d09c   LNK_writeFail
00000444   LNK_wrloop
00000434   LNK_wrrtry
00000001   LOG$
0000d89c   LOG_A_TABBEG
0000d8b4   LOG_A_TABEND
00000001   LOG_A_TABLEN
0000ce6c   LOG_D_system
00000001   LOG_ENABLED
00003ea0   LOG_F_event
0000d89c   LOG_system
0000d300   LOG_system$buf
00000000   LOG_system$datatype
00000000   LOG_system$log
00000040   LOG_system$size
00000000   MBX$
00000001   MEM$
00000000   MEM_MALLOCSEG
00000000   MEM_NULL
00000000   MEM_SEGZERO
00000000   MEM_USEMPC
00000000   MEM_gNumHeap
00000000   MSGQ$
00000000   MSGQ_USEMSGQ
00000000   OBJ$
00000000   PIP$
0000d500   PIP_A_TABBEG
0000d5c8   PIP_A_TABEND
00000002   PIP_A_TABLEN
0000ce70   PIP_D_tabbeg
0000ce74   PIP_D_tablen
00002654   PIP_F_give
00002654   PIP_F_probe
00002728   PIP_F_start
000025c0   PIP_F_take
00000064   PIP_OBJSIZE
00000000   PIP_gNextId
00000002   PIP_gNumEmbed
00000000   POOL$
00000000   POOL_USEPOOL
00000001   PRD$
0000d87c   PRD_A_TABBEG
0000d89c   PRD_A_TABEND
00000001   PRD_A_TABLEN
0000ceb0   PRD_D_cur
0000ceb4   PRD_D_elapsed
0000ceb8   PRD_D_prevtim
0000cebc   PRD_D_scalar
0000cec0   PRD_D_swihandle
0000cec4   PRD_D_tabbeg
0000cec8   PRD_D_tablen
0000cecc   PRD_D_thook
0000ceac   PRD_D_tick
00001780   PRD_F_swi
00001a40   PRD_F_tick
00000004   PRD_SCALAR
0000d680   PRD_SWIHANDLE
000025a0   PRD_THOOKFXN
0000d8f0   PRD_clock
0000d680   PRD_swi
00000001   PRD_swi$dorta
00000001   PRD_swi$ord
00000001   PRD_swi$pri
0000d744   PRD_swi$sts
0000d6aa   PRD_swi$sts$avgfmt
00000002   PRD_swi$sts$filter
00000001   PRD_swi$sts$filtmaxmult
00000001   PRD_swi$sts$filtsummult
0000d69a   PRD_swi$sts$maxfmt
0000d740   PRD_swi$sts$stsobj
0000d6a2   PRD_swi$sts$sumfmt
00000000   PRD_swi$sts$unittype
00000000   PRD_swi$swi
00000001   QUE$
0000ced0   RTA_D_fromHost
0000ced8   RTA_D_logval
0000cee8   RTA_D_stsval
0000ced4   RTA_D_toHost
00004240   RTA_F_andn
00001ed8   RTA_F_dispatch
00001de0   RTA_F_getlog
00001e24   RTA_F_getsts
00004260   RTA_F_or
00001e6c   RTA_F_readblk
00001e98   RTA_F_resetmem
00001e8c   RTA_F_writeword
0000d8bc   RTA_dispatcher
0000d8cc   RTA_dispatcher$
00001f28   RTA_execute
0000d844   RTA_fromHost
0000c12c   RTA_fromHost$buf
00000004   RTA_fromHost$framesize
00000000   RTA_fromHost$hst
00000001   RTA_fromHost$id
00000000   RTA_fromHost$mode
0000d500   RTA_fromHost$pipe
0000d530   RTA_fromHost$pipe$aaa
0000d560   RTA_fromHost$pipe$bbb
0000d058   RTA_fromHost$pipe$dtab
0000d504   RTA_fromHost$pipe$rd
0000d534   RTA_fromHost$pipe$wr
0000d84c   RTA_fromHost$rtdx
0000d860   RTA_toHost
0000d400   RTA_toHost$buf
00000040   RTA_toHost$framesize
00000000   RTA_toHost$hst
00000000   RTA_toHost$id
00000001   RTA_toHost$mode
0000d564   RTA_toHost$pipe
0000d594   RTA_toHost$pipe$aaa
0000d5c4   RTA_toHost$pipe$bbb
0000d064   RTA_toHost$pipe$dtab
0000d568   RTA_toHost$pipe$rd
0000d598   RTA_toHost$pipe$wr
0000d868   RTA_toHost$rtdx
00000001   RTDX$
00000408   RTDX_BUFMEMSIZE
ffffffff   RTDX_DATAMEMSEG
00000000   RTDX_MODE
00000001   RTDX_NORMALIZED_HDR
00000001   RTDX_USERTDX
00000000   RTDX_USERTEXECUTION
ffffffff   SDRAM
00000000   SEM$
00000000   SIO$
00000001   STS$
0000d730   STS_A_TABBEG
0000d7a0   STS_A_TABEND
00003f58   STS_F_add
00003f20   STS_F_delta
00003f84   STS_F_reset
00000001   SWI$
0000d680   SWI_A_TABBEG
0000d730   SWI_A_TABEND
00000004   SWI_A_TABLEN
0000cf44   SWI_D_curfxn
0000cf34   SWI_D_curmask
0000cf40   SWI_D_curmbox
0000cf38   SWI_D_curset
0000cf30   SWI_D_execaddr
0000cf4c   SWI_D_inswi
0000cf3c   SWI_D_lock
0000cf48   SWI_D_rdybeg
0000cf50   SWI_D_rdytab
0000cf2c   SWI_D_runaddr
00000000   SWI_EHOOKFXN
00000ffc   SWI_EXECFXN
00000de0   SWI_F_enable
00000ffc   SWI_F_exec
00001028   SWI_F_iexec
00000e50   SWI_F_post
000010b8   SWI_F_run
00000000   SWI_IHOOKFXN
000010b8   SWI_RUNFXN
00000001   SYS$
0000d8d4   SYS$config
00004280   SYS_ABORTFXN
00004380   SYS_ERRORFXN
000043a0   SYS_EXITFXN
00004140   SYS_PUTCFXN
0000d8e8   TRC_R_mask
0000d8e4   TRC_cinit
00000001   TSK$
00000000   TSK_NUM_HOOKS
00000001   TSK_PRIORITY
00000000   TSK_READYFXN
00000000   TSK_STACKSEG
00000400   TSK_STACKSIZE
00000000   TSK_SWITCHFXN
00004300   TSK_VCREATEFXN
00004300   TSK_VDELETEFXN
00004300   TSK_VEXITFXN
0000d7ac   TSK_idle
00000001   TSK_idle$ord
00000000   TSK_idle$pri
0000c560   TSK_idle$stack
0000c8f8   TSK_idle$stkptr
0000d784   TSK_idle$sts
0000d712   TSK_idle$sts$avgfmt
00000002   TSK_idle$sts$filter
00000001   TSK_idle$sts$filtmaxmult
00000001   TSK_idle$sts$filtsummult
0000d702   TSK_idle$sts$maxfmt
0000d780   TSK_idle$sts$stsobj
0000d70a   TSK_idle$sts$sumfmt
00000000   TSK_idle$sts$unittype
00000000   TSK_idle$tsk
00000000   UDEV$
0000c140   _BIOS_init
0000c34c   _BIOS_start
0000dbba   _CLK_COUNTSPMS
0000d0bc   _CLK_DFLTMICROSECS
0000cea8   _CLK_D_countspms
0000ce9c   _CLK_D_dirty
0000d0c0   _CLK_D_microseconds
0000cea0   _CLK_D_prd
0000cea4   _CLK_D_tddr
00002f54   _CLK_F_itime
0000dbba   _CLK_PRD
01940000   _CLK_REGS
00000000   _CLK_TDDR
00000000   _CLK_TIMERNUM
00000001   _CLK_USETIMER
0000ce8c   _CLK_htimeDiv
0000ce90   _CLK_htimeMult
0000d0cc   _CLK_htimePerLtime
00002f54   _CLK_itime
0000ce94   _CLK_ltimeDiv
0000ce98   _CLK_ltimeMult
00003900   _CLK_measure
000041a0   _CLK_start
000042c0   _CLK_stop
00007a60   _CSL6713_LIB_
000077a8   _DSK6713_DIP_get
000077a0   _DSK6713_DIP_init
00005f80   _DSK6713_LED_init
00005fc0   _DSK6713_LED_off
00006030   _DSK6713_LED_on
000060a0   _DSK6713_LED_toggle
000055f4   _DSK6713_getVersion
0000522c   _DSK6713_init
00005548   _DSK6713_rget
0000555c   _DSK6713_rset
000091ae   _DSK6713_version
00005570   _DSK6713_wait
000055c8   _DSK6713_waitusec
000064e0   _EDMA_allocTable
000071a0   _EDMA_config
00007820   _EDMA_disableChannel
00007880   _EDMA_enableChannel
00006ea0   _EDMA_intAlloc
00007a80   _EDMA_intClear
000078e0   _EDMA_intEnable
00007aa0   _EDMA_intTest
000079a0   _EDMA_link
00005660   _EDMA_open
00007940   _EDMA_qdmaConfig
00006b00   _EDMA_reset
0000808c   _FIFO_I
00008098   _FIFO_Q
00008074   _FIFO_SYMBOLS
00004300   _FXN_F_nop
00003da8   _FXN_F_run
00003df8   _FXN_F_zero
00000000   _GBL_CACHE
0000cf04   _GBL_clkIn
00003580   _GBL_cslCacheInit
0000cf08   _GBL_freq
00004320   _GBL_getVersion
0000cf00   _GBL_procId
00006848   _GBL_setPLLto225MHz
00004648   _HLP_UpdateFIFO
0000462c   _HLP_getData
0000d840   _HST_A_TABBEG
0000d87c   _HST_A_TABEND
00005108   _HWI_CFGDISPATCHED
0000d07c   _HWI_D_inhwi
0000d070   _HWI_D_spsave
00001320   _HWI_F_dispatch
0000000a   _HWI_INT10
0000000b   _HWI_INT11
0000000c   _HWI_INT12
0000000d   _HWI_INT13
0000000e   _HWI_INT14
0000000f   _HWI_INT15
00000004   _HWI_INT4
00000005   _HWI_INT5
00000006   _HWI_INT6
00000007   _HWI_INT7
00000008   _HWI_INT8
00000009   _HWI_INT9
00000001   _HWI_NMI
00000002   _HWI_RESERVED0
00000003   _HWI_RESERVED1
00000000   _HWI_RESET
0000cd58   _HWI_STKBOTTOM
0000c960   _HWI_STKTOP
0000d070   _HWI_data
00004020   _HWI_disable
0000cd60   _HWI_dispatchTab
00004038   _HWI_enable
000047f4   _HWI_handleEDMAInterrupt
0000404c   _HWI_restore
0000d794   _IDL_busyObj
0000d8b4   _IDL_cpuLoad
00004340   _IDL_loop
ffffffff   _IRAM
000079e0   _IRQ_enable
00007ac0   _IRQ_globalEnable
00006160   _IRQ_map
0000cfd0   _KNL_alarm
00003440   _KNL_check
0000cff4   _KNL_curqueue
0000cfe4   _KNL_curtask
0000cfec   _KNL_curtime
000094cc   _KNL_dummy
000036b4   _KNL_enter
00003660   _KNL_exit
00003518   _KNL_idle
0000d00c   _KNL_idlefxn
0000cfd8   _KNL_inactive
000039e0   _KNL_ipost
0000353c   _KNL_max
0000cff8   _KNL_maxqueue
00003aa0   _KNL_post
0000cfe8   _KNL_prevtask
0000cfdc   _KNL_priority
0000942c   _KNL_queues
00001b20   _KNL_run
00002c20   _KNL_saveIsrFrame
0000cfe0   _KNL_set
0000cfd4   _KNL_setpri
0000d6ac   _KNL_swi
0000cff0   _KNL_swiptr
00002cec   _KNL_switch
0000d000   _KNL_tcreatefxn
0000d004   _KNL_tdeletefxn
000025a0   _KNL_tick
0000d008   _KNL_treadyfxn
0000cffc   _KNL_tswitchfxn
0000cfc8   _KNL_wFlag
0000cfcc   _KNL_wList
00003b90   _LCK_pend
00003b60   _LCK_post
0000d87c   _LEDBlinker
0000d8b8   _LNK_dataPump
0000d08c   _LNK_dspFrameReadyMask
0000d088   _LNK_dspFrameRequestMask
0000d094   _LNK_readDone
0000d098   _LNK_readFail
0000d090   _LNK_readPend
0000d09c   _LNK_writeFail
0000d89c   _LOG_A_TABBEG
0000d8b4   _LOG_A_TABEND
00000001   _LOG_A_TABLEN
0000ce6c   _LOG_D_system
00003ea0   _LOG_event
0000d89c   _LOG_system
000075c0   _MCBSP_config
00007ae0   _MCBSP_getXmtAddr
00006fa0   _MCBSP_open
00006680   _MCBSP_reset
000070a0   _MCBSP_start
00007b00   _MCBSP_write
00007b20   _MCBSP_xrdy
0000cf0c   _MEM_D_NUMSEGMENTS
0000cf14   _MEM_D_freelist
0000cf18   _MEM_D_lockaddr
0000cf10   _MEM_D_memtab
0000cf1c   _MEM_D_unlockaddr
00000000   _MEM_memtab
0000c540   _OBJ_init
00009598   _OBJ_segtab
00009560   _OBJ_table
0000d01c   _OldSwitchPos
000045f0   _PER_Blink_LED
0000d500   _PIP_A_TABBEG
0000d5c8   _PIP_A_TABEND
0000ceac   _PRD_D_tick
0000d8f0   _PRD_clock
0000d680   _PRD_swi
00007bc0   _RCResp
0000d8bc   _RTA_dispatcher
0000d844   _RTA_fromHost
0000d860   _RTA_toHost
0000bce0   _RTDX_Buffer
0000c0ec   _RTDX_Buffer_End
0000bb20   _RTDX_Buffer_Initialize
0000bc60   _RTDX_Buffer_Read
0000bb80   _RTDX_Buffer_ReadCB
0000bbe0   _RTDX_Buffer_Size
0000c0e8   _RTDX_Buffer_Start
0000bc80   _RTDX_Buffer_Write
0000b240   _RTDX_Buffer_WriteCB
0000bc20   _RTDX_Final_RT_Monitor
0000baa0   _RTDX_Init_RT_Monitor
00000002   _RTDX_JTAGONLY
0000bcc0   _RTDX_Mask_IER
0000b880   _RTDX_Mon_Queue
0000ae40   _RTDX_Poll
00000000   _RTDX_interrupt_mask
0000c0fc   _RTDX_writing
ffffffff   _SDRAM
00004080   _SEM_pend
000020a0   _SEM_pendEnterKnl
00003820   _SEM_post
00003820   _SEM_postBinary
00003740   _SEM_postEnterKnl
0000d730   _STS_A_TABBEG
0000d7a0   _STS_A_TABEND
00003f58   _STS_add
00003f20   _STS_delta
00003f84   _STS_reset
00004360   _STS_set
0000cf44   _SWI_D_curfxn
0000cf34   _SWI_D_curmask
0000cf38   _SWI_D_curset
0000cf30   _SWI_D_execaddr
0000cf4c   _SWI_D_inswi
0000cf3c   _SWI_D_lock
0000cf48   _SWI_D_rdybeg
0000cf2c   _SWI_D_runaddr
0000cf2c   _SWI_data
00000e50   _SWI_post
000048c8   _SWI_processPing
00004c08   _SWI_processPong
0000cf20   _SYS
0000d0d8   _SYS_PUTCBEG
0000d2d7   _SYS_PUTCEND
000040e0   _SYS_abort
00003c20   _SYS_exit
00009710   _SYS_exitStack
0000d0c4   _SYS_exitStackPtr
0000d0c8   _SYS_exitStackTop
00006c40   _TIMER_open
00006d80   _TIMER_reset
0000d8e8   _TRC_R_mask
0000d0b8   _TSK
00009504   _TSK_ATTRS
00009520   _TSK_config
00002fa0   _TSK_exit
0000d7ac   _TSK_idle
0000c4c0   _TSK_init
0000d0b0   _TSK_nTasks
0000d0b4   _TSK_pid
00002a20   _TSK_setup
00003380   _TSK_startup
00009540   _TSK_timerSem
0000d04c   _TrxPingDone
0000d050   _TrxPongDone
00004280   _UTL_doAbort
00004380   _UTL_doError
00004140   _UTL_doPutc
000043a0   _UTL_halt
00002f70   __CLK_lat1beg
00002f9c   __CLK_lat1end
00005d60   __CSL_init
00000c34   __GBL_setL2CacheMode
0000cf28   __HOOK_NUMHOOKS
0000cf24   __HOOK_knlId
00001320   __HWI_lat1beg
000014a0   __HWI_lat1end
000014a0   __HWI_lat2beg
00001640   __HWI_lat2end1
000015cc   __HWI_lat2end2
00001660   __HWI_lat3beg
00001760   __HWI_lat3end1
000015fc   __HWI_lat3end2
00003e20   __IDL_lat1beg
00003e70   __IDL_lat1end
00009424   __IRQ_dispatchTable
00009360   __IRQ_eventTable
00007ba0   __IRQ_hookFetchPacket
00007660   __IRQ_init
000093e4   __IRQ_intTable
00003490   __KNL_lat1beg
00003518   __KNL_lat1end
00003ea0   __LOG_lat1beg
00009688   __MCBSP_hDev0
0000968c   __MCBSP_hDev1
00009630   __MEM_mutex
00001e98   __RTA_lat1beg
00001ed0   __RTA_lat1end
00002800   __SEM_dopost
0000cd60   __STACK_END
00000400   __STACK_SIZE
00000f8c   __SWI_lat1beg
00001040   __SWI_lat1end
00001044   __SWI_lat2beg
000010b4   __SWI_lat2end
00000de0   __SWI_lat3beg
00000e4c   __SWI_lat3end
000096ec   __TIMER_deviceTable
0000970c   __TIMER_hBios
00009704   __TIMER_hDev0
00009708   __TIMER_hDev1
00009608   __TSK_mutex
00009774   ___TI_enable_exit_profile_output
ffffffff   ___TI_pprof_out_hndl
ffffffff   ___TI_prof_data_size
ffffffff   ___TI_prof_data_start
00007a20   ___add_dtor
000091b0   ___atexit_func_id__
ffffffff   ___binit__
0000cd60   ___bss__
ffffffff   ___c_args__
00009788   ___cinit__
00000000   ___data__
00000000   ___edata__
0000d0d8   ___end__
00007bc0   ___etext__
0000ae34   ___pinit__
000043c0   ___text__
00003140   __auto_init
0000976c   __cleanup_ptr
00009770   __dtors_ptr
00009778   __lock
00007b40   __nop
00007b60   __register_lock
00007b80   __register_unlock
0000c960   __stack
00007280   __strasg
0000977c   __unlock
00007360   _atexit
0000d01d   _bytePos
0000c400   _c_int00
000069a0   _call_dtors
00009730   _cfgDataMCBSP
00005b20   _conf_AIC23
00004f48   _conf_EDMA
00008fb4   _conf_EDMA_oBuf
00007500   _conf_MCBSP
00009780   _dtors
0000d024   _hEDMARcv
0000d02c   _hEDMARcvPing
0000d030   _hEDMARcvPong
0000d028   _hEDMATrx
0000d034   _hEDMATrxPing
0000d038   _hEDMATrxPong
0000d020   _hMcBsp
0000d018   _i
00007f84   _iPulse
00004408   _main
000096a4   _mcbspforAIC23Cfg
000058e0   _memcpy
00009690   _myAIC23_registers
000080a4   _oBufPing
0000882c   _oBufPong
0000d6d8   _procPing
0000d704   _procPong
0000d010   _processping
0000d014   _processpong
00007fe4   _qPulse
0000d0a8   _rtdxNullChanCnt
0000d0ac   _rtdxNullFuncCnt
0000c0f0   _rtdx_buffer_state
0000c110   _rtdx_mon_state
00005ca8   _setReg_AIC23
00007558   _start_MCBSP
000095c8   _tccAllocTable
0000d03c   _tccRcvPing
0000d040   _tccRcvPong
0000d044   _tccTrxPing
0000d048   _tccTrxPong
00008044   _text
00008fcc   _ui16Output
0000d054   _ui32SwitchState
00006820   _wait500nS
ffffffff   binit
00009788   cinit
00000000   edata
0000d0d8   end
00007bc0   etext
00000000   hwi0
00000020   hwi1
00000140   hwi10
00000160   hwi11
00000180   hwi12
000001a0   hwi13
000001c0   hwi14
000001e0   hwi15
00000040   hwi2
00000060   hwi3
00000080   hwi4
000000a0   hwi5
000000c0   hwi6
000000e0   hwi7
00000100   hwi8
00000120   hwi9
0000ae34   pinit
0000d6d8   procPing
00000001   procPing$dorta
00000003   procPing$ord
00000001   procPing$pri
0000d764   procPing$sts
0000d6de   procPing$sts$avgfmt
00000002   procPing$sts$filter
00000001   procPing$sts$filtmaxmult
00000001   procPing$sts$filtsummult
0000d6ce   procPing$sts$maxfmt
0000d760   procPing$sts$stsobj
0000d6d6   procPing$sts$sumfmt
00000000   procPing$sts$unittype
00000000   procPing$swi
0000d704   procPong
00000001   procPong$dorta
00000005   procPong$ord
00000001   procPong$pri
0000d774   procPong$sts
0000d6f8   procPong$sts$avgfmt
00000002   procPong$sts$filter
00000001   procPong$sts$filtmaxmult
00000001   procPong$sts$filtsummult
0000d6e8   procPong$sts$maxfmt
0000d770   procPong$sts$stsobj
0000d6f0   procPong$sts$sumfmt
00000000   procPong$sts$unittype
00000000   procPong$swi


GLOBAL SYMBOLS: SORTED BY Symbol Address 

address    name
--------   ----
00000000   .data
00000000   BUF$
00000000   CLK_COUNTSPMSHIGH
00000000   CLK_PRDHIGH
00000000   CLK_TDDR
00000000   CLK_TDDRHIGH
00000000   CLK_TIMERNUM
00000000   DEV$
00000000   DGN$
00000000   DHL$
00000000   DHL_gChannelsAvailable
00000000   DIO$
00000000   DIO_NUMSWIBASE
00000000   DIO_NUMTSKBASE
00000000   DIO_STATIC
00000000   DPI$
00000000   GBL_BIGENDIAN
00000000   GBL_C641XL2PRIORITY
00000000   GBL_CACHE
00000000   GBL_L2CONFIGALLOC
00000000   GBL_L2MARMASK1
00000000   GBL_L2MARMASK2
00000000   GBL_L2MARMASK3
00000000   GBL_L2MARMASK4
00000000   GBL_L2MARMASK5
00000000   GBL_L2MODE
00000000   GBL_L2PRIORITY
00000000   GBL_NULL
00000000   GBL_PROCID
00000000   GBL_ROM
00000000   GBL_SUPPORTCSL
00000000   GIO$
00000000   HOOK$
00000000   HOOK_KNLID
00000000   HST_DSM
00000000   HST_NONE
00000000   HWI_A_VECS
00000000   HWI_GENERATE_RESET_VEC
00000000   HWI_INT10$hwi
00000000   HWI_INT11$hwi
00000000   HWI_INT12$hwi
00000000   HWI_INT13$hwi
00000000   HWI_INT14$hwi
00000000   HWI_INT15$hwi
00000000   HWI_INT4$hwi
00000000   HWI_INT5$hwi
00000000   HWI_INT6$hwi
00000000   HWI_INT7$hwi
00000000   HWI_INT8$hwi
00000000   HWI_INT9$hwi
00000000   HWI_NMI$hwi
00000000   HWI_POLARITYMASK
00000000   HWI_RESERVED0$hwi
00000000   HWI_RESERVED1$hwi
00000000   HWI_RESET
00000000   HWI_RESET$hwi
00000000   IDL_busyObj$iB
00000000   IDL_busyObj$operation
00000000   KNL_swi$pri
00000000   KNL_swi$sts$unittype
00000000   KNL_swi$swi
00000000   LEDBlinker$mode
00000000   LEDBlinker$prd
00000000   LEDBlinker$sts$filter
00000000   LOG_system$datatype
00000000   LOG_system$log
00000000   MBX$
00000000   MEM_MALLOCSEG
00000000   MEM_NULL
00000000   MEM_SEGZERO
00000000   MEM_USEMPC
00000000   MEM_gNumHeap
00000000   MSGQ$
00000000   MSGQ_USEMSGQ
00000000   OBJ$
00000000   PIP$
00000000   PIP_gNextId
00000000   POOL$
00000000   POOL_USEPOOL
00000000   PRD_swi$sts$unittype
00000000   PRD_swi$swi
00000000   RTA_fromHost$hst
00000000   RTA_fromHost$mode
00000000   RTA_toHost$hst
00000000   RTA_toHost$id
00000000   RTDX_MODE
00000000   RTDX_USERTEXECUTION
00000000   SEM$
00000000   SIO$
00000000   SWI_EHOOKFXN
00000000   SWI_IHOOKFXN
00000000   TSK_NUM_HOOKS
00000000   TSK_READYFXN
00000000   TSK_STACKSEG
00000000   TSK_SWITCHFXN
00000000   TSK_idle$pri
00000000   TSK_idle$sts$unittype
00000000   TSK_idle$tsk
00000000   UDEV$
00000000   _CLK_TDDR
00000000   _CLK_TIMERNUM
00000000   _GBL_CACHE
00000000   _HWI_RESET
00000000   _MEM_memtab
00000000   _RTDX_interrupt_mask
00000000   ___data__
00000000   ___edata__
00000000   edata
00000000   hwi0
00000000   procPing$sts$unittype
00000000   procPing$swi
00000000   procPong$sts$unittype
00000000   procPong$swi
00000001   BUF_ENABLED
00000001   CLK$
00000001   CLK_CALDIV
00000001   CLK_HTIMEDIV
00000001   CLK_LTIMEDIV
00000001   CLK_USETIMER
00000001   GBL$
00000001   GBL_CALLCSLCFGINIT
00000001   GBL_ENABLEINST
00000001   GBL_L2CONFIGURE
00000001   GBL_L2MARMASK
00000001   GBL_USERINIT
00000001   GBL_boot
00000001   HST$
00000001   HST_RTDX
00000001   HWI$
00000001   HWI_NMI
00000001   HWI_ZEROTAB
00000001   IDL$
00000001   IDL_USECLKIDLTIME
00000001   IDL_busyObj$filter
00000001   IDL_busyObj$iA
00000001   IDL_busyObj$iC
00000001   ISRC$
00000001   KNL_swi$dorta
00000001   KNL_swi$sts$filtmaxmult
00000001   KNL_swi$sts$filtsummult
00000001   LCK$
00000001   LEDBlinker$ord
00000001   LOG$
00000001   LOG_A_TABLEN
00000001   LOG_ENABLED
00000001   MEM$
00000001   PRD$
00000001   PRD_A_TABLEN
00000001   PRD_swi$dorta
00000001   PRD_swi$ord
00000001   PRD_swi$pri
00000001   PRD_swi$sts$filtmaxmult
00000001   PRD_swi$sts$filtsummult
00000001   QUE$
00000001   RTA_fromHost$id
00000001   RTA_toHost$mode
00000001   RTDX$
00000001   RTDX_NORMALIZED_HDR
00000001   RTDX_USERTDX
00000001   STS$
00000001   SWI$
00000001   SYS$
00000001   TSK$
00000001   TSK_PRIORITY
00000001   TSK_idle$ord
00000001   TSK_idle$sts$filtmaxmult
00000001   TSK_idle$sts$filtsummult
00000001   _CLK_USETIMER
00000001   _HWI_NMI
00000001   _LOG_A_TABLEN
00000001   procPing$dorta
00000001   procPing$pri
00000001   procPing$sts$filtmaxmult
00000001   procPing$sts$filtsummult
00000001   procPong$dorta
00000001   procPong$pri
00000001   procPong$sts$filtmaxmult
00000001   procPong$sts$filtsummult
00000002   HWI_RESERVED0
00000002   IDL_busyObj$unittype
00000002   KNL_swi$ord
00000002   KNL_swi$sts$filter
00000002   LEDBlinker$sts$unittype
00000002   PIP_A_TABLEN
00000002   PIP_gNumEmbed
00000002   PRD_swi$sts$filter
00000002   TSK_idle$sts$filter
00000002   _HWI_RESERVED0
00000002   _RTDX_JTAGONLY
00000002   procPing$sts$filter
00000002   procPong$sts$filter
00000003   HWI_RESERVED1
00000003   _HWI_RESERVED1
00000003   procPing$ord
00000004   CLK_CALMULT
00000004   CLK_HTIMEMULT
00000004   HWI_INT4
00000004   PRD_SCALAR
00000004   RTA_fromHost$framesize
00000004   SWI_A_TABLEN
00000004   _HWI_INT4
00000005   HWI_INT5
00000005   _HWI_INT5
00000005   procPong$ord
00000006   HWI_INT6
00000006   IDL_CALIBRERROR
00000006   _HWI_INT6
00000007   HWI_INT7
00000007   _HWI_INT7
00000008   HWI_INT8
00000008   _HWI_INT8
00000009   HWI_INT9
00000009   _HWI_INT9
0000000a   HWI_INT10
0000000a   _HWI_INT10
0000000b   HWI_INT11
0000000b   _HWI_INT11
0000000c   HWI_INT12
0000000c   _HWI_INT12
0000000d   HWI_INT13
0000000d   _HWI_INT13
0000000e   HWI_INT14
0000000e   _HWI_INT14
0000000f   HWI_INT15
0000000f   _HWI_INT15
00000020   CLK_TCR
00000020   hwi1
0000003e   GBL_DSPTYPE
00000040   HST_MAXFRAMESET
00000040   LOG_system$size
00000040   RTA_toHost$framesize
00000040   hwi2
00000042   GBL_FOOTPRINT
00000060   hwi3
00000064   LEDBlinker$period
00000064   PIP_OBJSIZE
00000080   hwi4
000000a0   hwi5
000000c0   hwi6
000000e0   hwi7
000000ff   HST_MAXFRAMEALLOWED
00000100   hwi8
00000120   hwi9
00000140   hwi10
00000160   hwi11
00000180   hwi12
000001a0   hwi13
000001c0   hwi14
000001e0   hwi15
00000200   LNK_F_checkBufferCall
00000220   LNK_F_getChanPtr
00000278   LNK_F_init
00000280   LNK_F_dataPump
00000294   LNK_rcloop
00000360   LNK_rdrtry
00000370   LNK_rrloop
000003e8   CLK_MICROSECS
00000400   HST_DSMMEMSIZE
00000400   TSK_STACKSIZE
00000400   __STACK_SIZE
00000408   RTDX_BUFMEMSIZE
00000434   LNK_wrrtry
00000444   LNK_wrloop
00000520   LNK_newin
00000660   LNK_newout
000007c4   LNK_F_readCallBack
00000c34   __GBL_setL2CacheMode
00000de0   SWI_F_enable
00000de0   __SWI_lat3beg
00000e4c   __SWI_lat3end
00000e50   SWI_F_post
00000e50   _SWI_post
00000f8c   __SWI_lat1beg
00000ffc   SWI_EXECFXN
00000ffc   SWI_F_exec
00001028   SWI_F_iexec
00001040   __SWI_lat1end
00001044   __SWI_lat2beg
000010b4   __SWI_lat2end
000010b8   SWI_F_run
000010b8   SWI_RUNFXN
00001320   CLK_HOOKFXN
00001320   HWI_F_dispatch
00001320   _HWI_F_dispatch
00001320   __HWI_lat1beg
000014a0   __HWI_lat1end
000014a0   __HWI_lat2beg
000015cc   __HWI_lat2end2
000015fc   __HWI_lat3end2
00001640   __HWI_lat2end1
00001660   __HWI_lat3beg
00001760   __HWI_lat3end1
00001770   GBL_CLKTYPE
00001780   PRD_F_swi
00001a39   GBL_DSPSUBTYPE
00001a40   PRD_F_tick
00001b20   _KNL_run
00001de0   RTA_F_getlog
00001e24   RTA_F_getsts
00001e6c   RTA_F_readblk
00001e8c   RTA_F_writeword
00001e98   RTA_F_resetmem
00001e98   __RTA_lat1beg
00001ed0   __RTA_lat1end
00001ed8   RTA_F_dispatch
00001f28   RTA_execute
000020a0   _SEM_pendEnterKnl
00002226   GBL_L2ALLOC
000025a0   PRD_THOOKFXN
000025a0   _KNL_tick
000025c0   PIP_F_take
00002654   PIP_F_give
00002654   PIP_F_probe
00002728   PIP_F_start
00002800   __SEM_dopost
00002a20   _TSK_setup
00002c20   _KNL_saveIsrFrame
00002cec   _KNL_switch
00002da0   KNL_glue
00002de0   CLK_F_getltime
00002df4   CLK_F_isr
00002f54   CLK_F_itime
00002f54   _CLK_F_itime
00002f54   _CLK_itime
00002f70   __CLK_lat1beg
00002f9c   __CLK_lat1end
00002fa0   _TSK_exit
00003140   __auto_init
00003380   _TSK_startup
00003440   _KNL_check
00003490   __KNL_lat1beg
00003518   _KNL_idle
00003518   __KNL_lat1end
0000353c   _KNL_max
00003580   _GBL_cslCacheInit
00003660   _KNL_exit
000036b4   _KNL_enter
00003740   _SEM_postEnterKnl
00003820   _SEM_post
00003820   _SEM_postBinary
00003900   _CLK_measure
000039e0   _KNL_ipost
00003aa0   _KNL_post
00003b60   _LCK_post
00003b90   _LCK_pend
00003c20   _SYS_exit
00003ce0   CLK_F_getfhtime
00003d00   CLK_F_gethtime
00003d00   CLK_F_getshtime
00003d00   CLK_TIMEFXN
00003da0   FXN_F_nop
00003da8   FXN_F_run
00003da8   _FXN_F_run
00003df8   FXN_F_zero
00003df8   _FXN_F_zero
00003e20   IDL_F_busy
00003e20   __IDL_lat1beg
00003e70   __IDL_lat1end
00003ea0   LOG_F_event
00003ea0   _LOG_event
00003ea0   __LOG_lat1beg
00003f20   STS_F_delta
00003f20   _STS_delta
00003f58   STS_F_add
00003f58   _STS_add
00003f84   STS_F_reset
00003f84   _STS_reset
00003fa0   IDL_F_calibrate
00004000   CLK_INTBIT
00004020   _HWI_disable
00004038   _HWI_enable
0000404c   _HWI_restore
00004080   _SEM_pend
000040e0   _SYS_abort
00004140   SYS_PUTCFXN
00004140   _UTL_doPutc
000041a0   _CLK_start
00004200   IDL_CALIBRFXN
00004200   IDL_F_stub
00004240   RTA_F_andn
00004260   RTA_F_or
00004280   SYS_ABORTFXN
00004280   _UTL_doAbort
000042c0   _CLK_stop
00004300   GIO_CREATEFXN
00004300   GIO_DELETEFXN
00004300   GIO_PENDFXN
00004300   GIO_POSTFXN
00004300   TSK_VCREATEFXN
00004300   TSK_VDELETEFXN
00004300   TSK_VEXITFXN
00004300   _FXN_F_nop
00004320   _GBL_getVersion
00004340   IDL_F_loop
00004340   _IDL_loop
00004360   _STS_set
00004380   SYS_ERRORFXN
00004380   _UTL_doError
000043a0   SYS_EXITFXN
000043a0   _UTL_halt
000043c0   .text
000043c0   ___text__
00004408   _main
000045f0   _PER_Blink_LED
0000462c   _HLP_getData
00004648   _HLP_UpdateFIFO
000047f4   _HWI_handleEDMAInterrupt
000048c8   _SWI_processPing
00004c08   _SWI_processPong
00004e20   GBL_CLKIN
00004f48   _conf_EDMA
00005108   HWI_CFGDISPATCHED
00005108   _HWI_CFGDISPATCHED
00005205   GBL_A_VERSION
0000522c   _DSK6713_init
00005548   _DSK6713_rget
0000555c   _DSK6713_rset
00005570   _DSK6713_wait
000055c8   _DSK6713_waitusec
000055f4   _DSK6713_getVersion
00005660   _EDMA_open
000058e0   _memcpy
00005b20   _conf_AIC23
00005ca8   _setReg_AIC23
00005d60   __CSL_init
00005f80   _DSK6713_LED_init
00005fc0   _DSK6713_LED_off
00006030   _DSK6713_LED_on
000060a0   _DSK6713_LED_toggle
00006160   _IRQ_map
000064e0   _EDMA_allocTable
00006680   _MCBSP_reset
00006820   _wait500nS
00006848   GBL_USERINITFXN
00006848   _GBL_setPLLto225MHz
000069a0   _call_dtors
00006b00   _EDMA_reset
00006c40   _TIMER_open
00006d80   _TIMER_reset
00006ea0   _EDMA_intAlloc
00006fa0   _MCBSP_open
000070a0   _MCBSP_start
000071a0   _EDMA_config
00007280   __strasg
00007360   _atexit
00007500   _conf_MCBSP
00007558   _start_MCBSP
000075c0   _MCBSP_config
00007660   __IRQ_init
000077a0   _DSK6713_DIP_init
000077a8   _DSK6713_DIP_get
00007820   _EDMA_disableChannel
00007880   _EDMA_enableChannel
000078e0   _EDMA_intEnable
00007940   _EDMA_qdmaConfig
000079a0   _EDMA_link
000079e0   _IRQ_enable
00007a20   ___add_dtor
00007a60   _CSL6713_LIB_
00007a80   _EDMA_intClear
00007aa0   _EDMA_intTest
00007ac0   _IRQ_globalEnable
00007ae0   _MCBSP_getXmtAddr
00007b00   _MCBSP_write
00007b20   _MCBSP_xrdy
00007b40   __nop
00007b60   __register_lock
00007b80   __register_unlock
00007ba0   __IRQ_hookFetchPacket
00007bc0   _RCResp
00007bc0   ___etext__
00007bc0   etext
00007f84   _iPulse
00007fe4   _qPulse
00008044   _text
00008074   _FIFO_SYMBOLS
0000808c   _FIFO_I
00008098   _FIFO_Q
000080a4   _oBufPing
0000882c   _oBufPong
00008fb4   _conf_EDMA_oBuf
00008fcc   _ui16Output
000091ae   _DSK6713_version
000091b0   ___atexit_func_id__
00009360   __IRQ_eventTable
000093e4   __IRQ_intTable
00009424   __IRQ_dispatchTable
0000942c   _KNL_queues
000094cc   _KNL_dummy
00009504   _TSK_ATTRS
00009520   _TSK_config
00009540   _TSK_timerSem
00009560   _OBJ_table
00009598   _OBJ_segtab
000095c8   _tccAllocTable
00009608   __TSK_mutex
00009630   __MEM_mutex
00009688   __MCBSP_hDev0
0000968c   __MCBSP_hDev1
00009690   _myAIC23_registers
000096a4   _mcbspforAIC23Cfg
000096ec   __TIMER_deviceTable
00009704   __TIMER_hDev0
00009708   __TIMER_hDev1
0000970c   __TIMER_hBios
00009710   _SYS_exitStack
00009730   _cfgDataMCBSP
0000976c   __cleanup_ptr
00009770   __dtors_ptr
00009774   ___TI_enable_exit_profile_output
00009778   __lock
0000977c   __unlock
00009780   _dtors
00009788   ___cinit__
00009788   cinit
0000ae34   ___pinit__
0000ae34   pinit
0000ae40   _RTDX_Poll
0000b240   _RTDX_Buffer_WriteCB
0000b880   _RTDX_Mon_Queue
0000baa0   _RTDX_Init_RT_Monitor
0000bb20   _RTDX_Buffer_Initialize
0000bb80   _RTDX_Buffer_ReadCB
0000bbe0   _RTDX_Buffer_Size
0000bc20   _RTDX_Final_RT_Monitor
0000bc60   _RTDX_Buffer_Read
0000bc80   _RTDX_Buffer_Write
0000bcc0   _RTDX_Mask_IER
0000bce0   _RTDX_Buffer
0000c0e8   _RTDX_Buffer_Start
0000c0ec   _RTDX_Buffer_End
0000c0f0   _rtdx_buffer_state
0000c0fc   _RTDX_writing
0000c110   _rtdx_mon_state
0000c12c   RTA_fromHost$buf
0000c140   BIOS_init
0000c140   _BIOS_init
0000c2a4   BIOS$$CLKON
0000c2e4   BIOS$$CLKOFF
0000c34c   BIOS_start
0000c34c   _BIOS_start
0000c400   _c_int00
0000c4c0   _TSK_init
0000c540   _OBJ_init
0000c560   TSK_idle$stack
0000c8f8   TSK_idle$stkptr
0000c960   GBL_stackbeg
0000c960   _HWI_STKTOP
0000c960   __stack
0000cd58   _HWI_STKBOTTOM
0000cd5f   GBL_stackend
0000cd60   $bss
0000cd60   .bss
0000cd60   _HWI_dispatchTab
0000cd60   __STACK_END
0000cd60   ___bss__
0000ce60   IDL_D_tabbeg
0000ce64   IDL_D_calibrate
0000ce68   IDL_D_calbeg
0000ce6c   LOG_D_system
0000ce6c   _LOG_D_system
0000ce70   PIP_D_tabbeg
0000ce74   PIP_D_tablen
0000ce78   CLK_R_time
0000ce7c   CLK_D_timefxn
0000ce80   CLK_D_tabbeg
0000ce84   CLK_D_isrhook
0000ce88   CLK_D_idletime
0000ce8c   _CLK_htimeDiv
0000ce90   _CLK_htimeMult
0000ce94   _CLK_ltimeDiv
0000ce98   _CLK_ltimeMult
0000ce9c   _CLK_D_dirty
0000cea0   _CLK_D_prd
0000cea4   _CLK_D_tddr
0000cea8   _CLK_D_countspms
0000ceac   PRD_D_tick
0000ceac   _PRD_D_tick
0000ceb0   PRD_D_cur
0000ceb4   PRD_D_elapsed
0000ceb8   PRD_D_prevtim
0000cebc   PRD_D_scalar
0000cec0   PRD_D_swihandle
0000cec4   PRD_D_tabbeg
0000cec8   PRD_D_tablen
0000cecc   PRD_D_thook
0000ced0   RTA_D_fromHost
0000ced4   RTA_D_toHost
0000ced8   RTA_D_logval
0000cee8   RTA_D_stsval
0000cef4   HST_D_chanmask
0000cef8   HST_D_tabbeg
0000cefc   HST_D_tabend
0000cf00   _GBL_procId
0000cf04   _GBL_clkIn
0000cf08   _GBL_freq
0000cf0c   _MEM_D_NUMSEGMENTS
0000cf10   _MEM_D_memtab
0000cf14   _MEM_D_freelist
0000cf18   _MEM_D_lockaddr
0000cf1c   _MEM_D_unlockaddr
0000cf20   _SYS
0000cf24   __HOOK_knlId
0000cf28   __HOOK_NUMHOOKS
0000cf2c   SWI_D_runaddr
0000cf2c   _SWI_D_runaddr
0000cf2c   _SWI_data
0000cf30   SWI_D_execaddr
0000cf30   _SWI_D_execaddr
0000cf34   SWI_D_curmask
0000cf34   _SWI_D_curmask
0000cf38   SWI_D_curset
0000cf38   _SWI_D_curset
0000cf3c   SWI_D_lock
0000cf3c   _SWI_D_lock
0000cf40   SWI_D_curmbox
0000cf44   SWI_D_curfxn
0000cf44   _SWI_D_curfxn
0000cf48   SWI_D_rdybeg
0000cf48   _SWI_D_rdybeg
0000cf4c   SWI_D_inswi
0000cf4c   _SWI_D_inswi
0000cf50   SWI_D_rdytab
0000cfc8   _KNL_wFlag
0000cfcc   _KNL_wList
0000cfd0   _KNL_alarm
0000cfd4   _KNL_setpri
0000cfd8   _KNL_inactive
0000cfdc   _KNL_priority
0000cfe0   _KNL_set
0000cfe4   _KNL_curtask
0000cfe8   _KNL_prevtask
0000cfec   _KNL_curtime
0000cff0   _KNL_swiptr
0000cff4   _KNL_curqueue
0000cff8   _KNL_maxqueue
0000cffc   _KNL_tswitchfxn
0000d000   _KNL_tcreatefxn
0000d004   _KNL_tdeletefxn
0000d008   _KNL_treadyfxn
0000d00c   _KNL_idlefxn
0000d010   _processping
0000d014   _processpong
0000d018   _i
0000d01c   _OldSwitchPos
0000d01d   _bytePos
0000d020   _hMcBsp
0000d024   _hEDMARcv
0000d028   _hEDMATrx
0000d02c   _hEDMARcvPing
0000d030   _hEDMARcvPong
0000d034   _hEDMATrxPing
0000d038   _hEDMATrxPong
0000d03c   _tccRcvPing
0000d040   _tccRcvPong
0000d044   _tccTrxPing
0000d048   _tccTrxPong
0000d04c   _TrxPingDone
0000d050   _TrxPongDone
0000d054   _ui32SwitchState
0000d058   RTA_fromHost$pipe$dtab
0000d064   RTA_toHost$pipe$dtab
0000d070   HWI_D_spsave
0000d070   _HWI_D_spsave
0000d070   _HWI_data
0000d07c   _HWI_D_inhwi
0000d080   HWI_D_bss
0000d084   HWI_D_ccmask
0000d088   LNK_dspFrameRequestMask
0000d088   _LNK_dspFrameRequestMask
0000d08c   LNK_dspFrameReadyMask
0000d08c   _LNK_dspFrameReadyMask
0000d090   LNK_readPend
0000d090   _LNK_readPend
0000d094   LNK_readDone
0000d094   _LNK_readDone
0000d098   LNK_readFail
0000d098   _LNK_readFail
0000d09c   LNK_writeFail
0000d09c   _LNK_writeFail
0000d0a8   _rtdxNullChanCnt
0000d0ac   _rtdxNullFuncCnt
0000d0b0   _TSK_nTasks
0000d0b4   _TSK_pid
0000d0b8   _TSK
0000d0bc   _CLK_DFLTMICROSECS
0000d0c0   _CLK_D_microseconds
0000d0c4   _SYS_exitStackPtr
0000d0c8   _SYS_exitStackTop
0000d0cc   _CLK_htimePerLtime
0000d0d4   IDL_D_busyObj
0000d0d8   _SYS_PUTCBEG
0000d0d8   ___end__
0000d0d8   end
0000d2d7   _SYS_PUTCEND
0000d300   LOG_system$buf
0000d400   RTA_toHost$buf
0000d500   PIP_A_TABBEG
0000d500   RTA_fromHost$pipe
0000d500   _PIP_A_TABBEG
0000d504   RTA_fromHost$pipe$rd
0000d530   RTA_fromHost$pipe$aaa
0000d534   RTA_fromHost$pipe$wr
0000d560   RTA_fromHost$pipe$bbb
0000d564   RTA_toHost$pipe
0000d568   RTA_toHost$pipe$rd
0000d594   RTA_toHost$pipe$aaa
0000d598   RTA_toHost$pipe$wr
0000d5c4   RTA_toHost$pipe$bbb
0000d5c8   PIP_A_TABEND
0000d5c8   _PIP_A_TABEND
0000d67d   LEDBlinker$sts$maxfmt
0000d680   PRD_SWIHANDLE
0000d680   PRD_swi
0000d680   SWI_A_TABBEG
0000d680   _PRD_swi
0000d686   LEDBlinker$sts$sumfmt
0000d68f   LEDBlinker$sts$avgfmt
0000d69a   PRD_swi$sts$maxfmt
0000d6a2   PRD_swi$sts$sumfmt
0000d6aa   PRD_swi$sts$avgfmt
0000d6ac   KNL_swi
0000d6ac   _KNL_swi
0000d6b4   KNL_swi$sts$maxfmt
0000d6bc   KNL_swi$sts$sumfmt
0000d6c4   KNL_swi$sts$avgfmt
0000d6ce   procPing$sts$maxfmt
0000d6d6   procPing$sts$sumfmt
0000d6d8   _procPing
0000d6d8   procPing
0000d6de   procPing$sts$avgfmt
0000d6e8   procPong$sts$maxfmt
0000d6f0   procPong$sts$sumfmt
0000d6f8   procPong$sts$avgfmt
0000d702   TSK_idle$sts$maxfmt
0000d704   _procPong
0000d704   procPong
0000d70a   TSK_idle$sts$sumfmt
0000d712   TSK_idle$sts$avgfmt
0000d71c   IDL_busyObj$maxfmt
0000d71f   IDL_busyObj$sumfmt
0000d722   IDL_busyObj$avgfmt
0000d730   LEDBlinker$sts$stsobj
0000d730   STS_A_TABBEG
0000d730   SWI_A_TABEND
0000d730   _STS_A_TABBEG
0000d734   LEDBlinker$sts
0000d740   PRD_swi$sts$stsobj
0000d744   PRD_swi$sts
0000d750   KNL_swi$sts$stsobj
0000d754   KNL_swi$sts
0000d760   procPing$sts$stsobj
0000d764   procPing$sts
0000d770   procPong$sts$stsobj
0000d774   procPong$sts
0000d780   TSK_idle$sts$stsobj
0000d784   TSK_idle$sts
0000d790   IDL_busyObj$stsobj
0000d794   IDL_busyObj
0000d794   _IDL_busyObj
0000d7a0   STS_A_TABEND
0000d7a0   _STS_A_TABEND
0000d7ac   TSK_idle
0000d7ac   _TSK_idle
0000d840   HST_A_TABBEG
0000d840   _HST_A_TABBEG
0000d844   RTA_fromHost
0000d844   _RTA_fromHost
0000d84c   RTA_fromHost$rtdx
0000d860   RTA_toHost
0000d860   _RTA_toHost
0000d868   RTA_toHost$rtdx
0000d87c   HST_A_TABEND
0000d87c   LEDBlinker
0000d87c   PRD_A_TABBEG
0000d87c   _HST_A_TABEND
0000d87c   _LEDBlinker
0000d898   LEDBlinker$aaa
0000d89c   LOG_A_TABBEG
0000d89c   LOG_system
0000d89c   PRD_A_TABEND
0000d89c   _LOG_A_TABBEG
0000d89c   _LOG_system
0000d8b4   IDL_A_TABBEG
0000d8b4   IDL_cpuLoad
0000d8b4   LOG_A_TABEND
0000d8b4   _IDL_cpuLoad
0000d8b4   _LOG_A_TABEND
0000d8b8   LNK_dataPump
0000d8b8   _LNK_dataPump
0000d8bc   RTA_dispatcher
0000d8bc   _RTA_dispatcher
0000d8c0   IDL_END
0000d8c4   IDL_A_CALBEG
0000d8c4   IDL_cpuLoad$
0000d8c8   LNK_dataPump$
0000d8cc   RTA_dispatcher$
0000d8d0   IDL_END$
0000d8d4   SYS$config
0000d8e4   TRC_cinit
0000d8e8   TRC_R_mask
0000d8e8   _TRC_R_mask
0000d8ec   GBL_initdone
0000d8f0   CLK_A_TABBEG
0000d8f0   PRD_clock
0000d8f0   _PRD_clock
0000d8f4   CLK_null
0000dbba   CLK_COUNTSPMS
0000dbba   CLK_HTIMEPERLTIME
0000dbba   CLK_PRD
0000dbba   _CLK_COUNTSPMS
0000dbba   _CLK_PRD
0000dbef   GBL_TRCMASKVALUE
00036ee8   CLK_LTIMEMULT
00036ee8   GBL_FREQ
01940000   CLK_REGS
01940000   _CLK_REGS
08203da3   HWI_INTRMULTHIGH
310718aa   HWI_INTRMULTLOW
ffffffff   HST_DSMBUFSEG
ffffffff   IRAM
ffffffff   RTDX_DATAMEMSEG
ffffffff   SDRAM
ffffffff   _IRAM
ffffffff   _SDRAM
ffffffff   ___TI_pprof_out_hndl
ffffffff   ___TI_prof_data_size
ffffffff   ___TI_prof_data_start
ffffffff   ___binit__
ffffffff   ___c_args__
ffffffff   binit

[831 symbols]
