<?xml version="1.0"?>
<link_info>
   <banner>TMS320C6x Linker PC v7.4.4</banner>
   <copyright>Copyright (c) 1996-2013 Texas Instruments Incorporated</copyright>
   <link_time>0x52f7bbd6</link_time>
   <output_file>QPSKModulator.out</output_file>
   <entry_point>
      <name>_c_int00</name>
      <address>0xc400</address>
   </entry_point>
   <input_file_list>
      <input_file id="fl-b">
         <path>.\</path>
         <kind>object</kind>
         <file>main.obj</file>
         <name>main.obj</name>
      </input_file>
      <input_file id="fl-c">
         <path>.\</path>
         <kind>object</kind>
         <file>config_MCBSP.obj</file>
         <name>config_MCBSP.obj</name>
      </input_file>
      <input_file id="fl-d">
         <path>.\</path>
         <kind>object</kind>
         <file>config_AIC23.obj</file>
         <name>config_AIC23.obj</name>
      </input_file>
      <input_file id="fl-e">
         <path>.\</path>
         <kind>object</kind>
         <file>LED_blinkcfg_c.obj</file>
         <name>LED_blinkcfg_c.obj</name>
      </input_file>
      <input_file id="fl-f">
         <path>.\</path>
         <kind>object</kind>
         <file>LED_blinkcfg.obj</file>
         <name>LED_blinkcfg.obj</name>
      </input_file>
      <input_file id="fl-8b">
         <path>C:\ti\bios_5_42_01_09\packages\ti\bios\lib\</path>
         <kind>archive</kind>
         <file>biosC6000.a67</file>
         <name>clk_htime.o67</name>
      </input_file>
      <input_file id="fl-8c">
         <path>C:\ti\bios_5_42_01_09\packages\ti\bios\lib\</path>
         <kind>archive</kind>
         <file>bios.a67</file>
         <name>biosdata.o67</name>
      </input_file>
      <input_file id="fl-8d">
         <path>C:\ti\bios_5_42_01_09\packages\ti\bios\lib\</path>
         <kind>archive</kind>
         <file>bios.a67</file>
         <name>hwi_disp_asm.o67</name>
      </input_file>
      <input_file id="fl-8e">
         <path>C:\ti\bios_5_42_01_09\packages\ti\bios\lib\</path>
         <kind>archive</kind>
         <file>bios.a67</file>
         <name>idl_stub.o67</name>
      </input_file>
      <input_file id="fl-8f">
         <path>C:\ti\bios_5_42_01_09\packages\ti\bios\lib\</path>
         <kind>archive</kind>
         <file>lnkrtdx.a67</file>
         <name>rtdx.o67</name>
      </input_file>
      <input_file id="fl-90">
         <path>C:\ti\bios_5_42_01_09\packages\ti\bios\lib\</path>
         <kind>archive</kind>
         <file>bios.a67</file>
         <name>swi.o67</name>
      </input_file>
      <input_file id="fl-91">
         <path>C:\ti\bios_5_42_01_09\packages\ti\bios\lib\</path>
         <kind>archive</kind>
         <file>bios.a67</file>
         <name>fxn_c.o67</name>
      </input_file>
      <input_file id="fl-92">
         <path>C:\ti\bios_5_42_01_09\packages\ti\bios\lib\</path>
         <kind>archive</kind>
         <file>bios.a67</file>
         <name>gbl_cslpllinit62.o67</name>
      </input_file>
      <input_file id="fl-93">
         <path>C:\ti\bios_5_42_01_09\packages\ti\bios\lib\</path>
         <kind>archive</kind>
         <file>bios.a67</file>
         <name>knl_tick.o67</name>
      </input_file>
      <input_file id="fl-94">
         <path>C:\ti\bios_5_42_01_09\packages\ti\bios\lib\</path>
         <kind>archive</kind>
         <file>bios.a67</file>
         <name>utl_doab.o67</name>
      </input_file>
      <input_file id="fl-95">
         <path>C:\ti\bios_5_42_01_09\packages\ti\bios\lib\</path>
         <kind>archive</kind>
         <file>bios.a67</file>
         <name>utl_doer.o67</name>
      </input_file>
      <input_file id="fl-96">
         <path>C:\ti\bios_5_42_01_09\packages\ti\bios\lib\</path>
         <kind>archive</kind>
         <file>bios.a67</file>
         <name>utl_putc.o67</name>
      </input_file>
      <input_file id="fl-97">
         <path>C:\ti\bios_5_42_01_09\packages\ti\bios\lib\</path>
         <kind>archive</kind>
         <file>bios.a67</file>
         <name>utl_halt.o67</name>
      </input_file>
      <input_file id="fl-98">
         <path>C:\ti\bios_5_42_01_09\packages\ti\bios\lib\</path>
         <kind>archive</kind>
         <file>biosC6000.a67</file>
         <name>clk.o67</name>
      </input_file>
      <input_file id="fl-99">
         <path>C:\ti\bios_5_42_01_09\packages\ti\bios\lib\</path>
         <kind>archive</kind>
         <file>bios.a67</file>
         <name>fxn.o67</name>
      </input_file>
      <input_file id="fl-9a">
         <path>C:\ti\bios_5_42_01_09\packages\ti\bios\lib\</path>
         <kind>archive</kind>
         <file>bios.a67</file>
         <name>boot.o67</name>
      </input_file>
      <input_file id="fl-9b">
         <path>C:\ti\bios_5_42_01_09\packages\ti\bios\lib\</path>
         <kind>archive</kind>
         <file>bios.a67</file>
         <name>trc.o67</name>
      </input_file>
      <input_file id="fl-9c">
         <path>C:\ti\bios_5_42_01_09\packages\ti\bios\lib\</path>
         <kind>archive</kind>
         <file>bios.a67</file>
         <name>hwi.o67</name>
      </input_file>
      <input_file id="fl-9d">
         <path>C:\ti\bios_5_42_01_09\packages\ti\bios\lib\</path>
         <kind>archive</kind>
         <file>bios.a67</file>
         <name>idl_busy.o67</name>
      </input_file>
      <input_file id="fl-9e">
         <path>C:\ti\bios_5_42_01_09\packages\ti\bios\lib\</path>
         <kind>archive</kind>
         <file>biosC6000.a67</file>
         <name>idl_cal.o67</name>
      </input_file>
      <input_file id="fl-9f">
         <path>C:\ti\bios_5_42_01_09\packages\ti\bios\lib\</path>
         <kind>archive</kind>
         <file>bios.a67</file>
         <name>idl.o67</name>
      </input_file>
      <input_file id="fl-a0">
         <path>C:\ti\bios_5_42_01_09\packages\ti\bios\lib\</path>
         <kind>archive</kind>
         <file>bios.a67</file>
         <name>knl_swit.o67</name>
      </input_file>
      <input_file id="fl-a1">
         <path>C:\ti\bios_5_42_01_09\packages\ti\bios\lib\</path>
         <kind>archive</kind>
         <file>bios.a67</file>
         <name>log.o67</name>
      </input_file>
      <input_file id="fl-a2">
         <path>C:\ti\bios_5_42_01_09\packages\ti\bios\lib\</path>
         <kind>archive</kind>
         <file>bios.a67</file>
         <name>pip.o67</name>
      </input_file>
      <input_file id="fl-a3">
         <path>C:\ti\bios_5_42_01_09\packages\ti\bios\lib\</path>
         <kind>archive</kind>
         <file>bios.a67</file>
         <name>prd.o67</name>
      </input_file>
      <input_file id="fl-a4">
         <path>C:\ti\bios_5_42_01_09\packages\ti\bios\lib\</path>
         <kind>archive</kind>
         <file>bios.a67</file>
         <name>rta.o67</name>
      </input_file>
      <input_file id="fl-a5">
         <path>C:\ti\bios_5_42_01_09\packages\ti\bios\lib\</path>
         <kind>archive</kind>
         <file>bios.a67</file>
         <name>rta_andn.o67</name>
      </input_file>
      <input_file id="fl-a6">
         <path>C:\ti\bios_5_42_01_09\packages\ti\bios\lib\</path>
         <kind>archive</kind>
         <file>bios.a67</file>
         <name>sts.o67</name>
      </input_file>
      <input_file id="fl-a7">
         <path>C:\ti\bios_5_42_01_09\packages\ti\bios\lib\</path>
         <kind>archive</kind>
         <file>bios.a67</file>
         <name>clk_data.o67</name>
      </input_file>
      <input_file id="fl-a8">
         <path>C:\ti\bios_5_42_01_09\packages\ti\bios\lib\</path>
         <kind>archive</kind>
         <file>bios.a67</file>
         <name>clk_data2.o67</name>
      </input_file>
      <input_file id="fl-a9">
         <path>C:\ti\bios_5_42_01_09\packages\ti\bios\lib\</path>
         <kind>archive</kind>
         <file>biosC6000.a67</file>
         <name>clk_meas.o67</name>
      </input_file>
      <input_file id="fl-aa">
         <path>C:\ti\bios_5_42_01_09\packages\ti\bios\lib\</path>
         <kind>archive</kind>
         <file>biosC6000.a67</file>
         <name>clk_start.o67</name>
      </input_file>
      <input_file id="fl-ab">
         <path>C:\ti\bios_5_42_01_09\packages\ti\bios\lib\</path>
         <kind>archive</kind>
         <file>biosC6000.a67</file>
         <name>clk_stop.o67</name>
      </input_file>
      <input_file id="fl-ac">
         <path>C:\ti\C6xCSL\lib_3x\</path>
         <kind>archive</kind>
         <file>csl6713.lib</file>
         <name>csl.obj</name>
      </input_file>
      <input_file id="fl-ad">
         <path>C:\ti\DSK6713\c6000\dsk6713\lib\</path>
         <kind>archive</kind>
         <file>dsk6713bsl.lib</file>
         <name>dsk6713_dip.obj</name>
      </input_file>
      <input_file id="fl-ae">
         <path>C:\ti\DSK6713\c6000\dsk6713\lib\</path>
         <kind>archive</kind>
         <file>dsk6713bsl.lib</file>
         <name>dsk6713_led.obj</name>
      </input_file>
      <input_file id="fl-af">
         <path>C:\ti\DSK6713\c6000\dsk6713\lib\</path>
         <kind>archive</kind>
         <file>dsk6713bsl.lib</file>
         <name>dsk6713.obj</name>
      </input_file>
      <input_file id="fl-b0">
         <path>C:\ti\C6xCSL\lib_3x\</path>
         <kind>archive</kind>
         <file>csl6713.lib</file>
         <name>csl_edma.obj</name>
      </input_file>
      <input_file id="fl-b1">
         <path>C:\ti\bios_5_42_01_09\packages\ti\bios\lib\</path>
         <kind>archive</kind>
         <file>bios.a67</file>
         <name>gbl_cslcacheinit.o67</name>
      </input_file>
      <input_file id="fl-b2">
         <path>C:\ti\bios_5_42_01_09\packages\ti\bios\lib\</path>
         <kind>archive</kind>
         <file>bios.a67</file>
         <name>gbl_vers.o67</name>
      </input_file>
      <input_file id="fl-b3">
         <path>C:\ti\bios_5_42_01_09\packages\ti\bios\lib\</path>
         <kind>archive</kind>
         <file>bios.a67</file>
         <name>hwi_c.o67</name>
      </input_file>
      <input_file id="fl-b4">
         <path>C:\ti\C6xCSL\lib_3x\</path>
         <kind>archive</kind>
         <file>csl6713.lib</file>
         <name>csl_irq.obj</name>
      </input_file>
      <input_file id="fl-b5">
         <path>C:\ti\bios_5_42_01_09\packages\ti\bios\lib\</path>
         <kind>archive</kind>
         <file>bios.a67</file>
         <name>knl.o67</name>
      </input_file>
      <input_file id="fl-b6">
         <path>C:\ti\bios_5_42_01_09\packages\ti\bios\lib\</path>
         <kind>archive</kind>
         <file>bios.a67</file>
         <name>knl_exit.o67</name>
      </input_file>
      <input_file id="fl-b7">
         <path>C:\ti\bios_5_42_01_09\packages\ti\bios\lib\</path>
         <kind>archive</kind>
         <file>bios.a67</file>
         <name>knl_chec.o67</name>
      </input_file>
      <input_file id="fl-b8">
         <path>C:\ti\bios_5_42_01_09\packages\ti\bios\lib\</path>
         <kind>archive</kind>
         <file>bios.a67</file>
         <name>knl_post.o67</name>
      </input_file>
      <input_file id="fl-b9">
         <path>C:\ti\bios_5_42_01_09\packages\ti\bios\lib\</path>
         <kind>archive</kind>
         <file>bios.a67</file>
         <name>knl_ipos.o67</name>
      </input_file>
      <input_file id="fl-ba">
         <path>C:\ti\bios_5_42_01_09\packages\ti\bios\lib\</path>
         <kind>archive</kind>
         <file>bios.a67</file>
         <name>knl_run.o67</name>
      </input_file>
      <input_file id="fl-bb">
         <path>C:\ti\C6xCSL\lib_3x\</path>
         <kind>archive</kind>
         <file>csl6713.lib</file>
         <name>csl_mcbsp.obj</name>
      </input_file>
      <input_file id="fl-bc">
         <path>C:\ti\bios_5_42_01_09\packages\ti\bios\lib\</path>
         <kind>archive</kind>
         <file>bios.a67</file>
         <name>obj_init.o67</name>
      </input_file>
      <input_file id="fl-bd">
         <path>C:\ti\bios_5_42_01_09\packages\ti\rtdx\lib\c6000\</path>
         <kind>archive</kind>
         <file>rtdx.lib</file>
         <name>buffer2.o62</name>
      </input_file>
      <input_file id="fl-be">
         <path>C:\ti\bios_5_42_01_09\packages\ti\rtdx\lib\c6000\</path>
         <kind>archive</kind>
         <file>rtdx.lib</file>
         <name>buffer1.o62</name>
      </input_file>
      <input_file id="fl-bf">
         <path>C:\ti\bios_5_42_01_09\packages\ti\rtdx\lib\c6000\</path>
         <kind>archive</kind>
         <file>rtdx.lib</file>
         <name>intr_tgt.o62</name>
      </input_file>
      <input_file id="fl-c0">
         <path>C:\ti\bios_5_42_01_09\packages\ti\rtdx\lib\c6000\</path>
         <kind>archive</kind>
         <file>rtdx.lib</file>
         <name>rtdx_mon.o62</name>
      </input_file>
      <input_file id="fl-c1">
         <path>C:\ti\bios_5_42_01_09\packages\ti\bios\lib\</path>
         <kind>archive</kind>
         <file>bios.a67</file>
         <name>sts_set.o67</name>
      </input_file>
      <input_file id="fl-c2">
         <path>C:\ti\C6xCSL\lib_3x\</path>
         <kind>archive</kind>
         <file>csl6713.lib</file>
         <name>csl_timer.obj</name>
      </input_file>
      <input_file id="fl-c3">
         <path>C:\ti\bios_5_42_01_09\packages\ti\bios\lib\</path>
         <kind>archive</kind>
         <file>bios.a67</file>
         <name>tsk.o67</name>
      </input_file>
      <input_file id="fl-c4">
         <path>C:\ti\bios_5_42_01_09\packages\ti\bios\lib\</path>
         <kind>archive</kind>
         <file>bios.a67</file>
         <name>tsk_exit.o67</name>
      </input_file>
      <input_file id="fl-c5">
         <path>C:\ti\bios_5_42_01_09\packages\ti\bios\lib\</path>
         <kind>archive</kind>
         <file>bios.a67</file>
         <name>sys_exit.o67</name>
      </input_file>
      <input_file id="fl-c6">
         <path>C:\ti\bios_5_42_01_09\packages\ti\bios\lib\</path>
         <kind>archive</kind>
         <file>bios.a67</file>
         <name>sys.o67</name>
      </input_file>
      <input_file id="fl-c7">
         <path>C:\ti\bios_5_42_01_09\packages\ti\bios\lib\</path>
         <kind>archive</kind>
         <file>bios.a67</file>
         <name>tsk_init.o67</name>
      </input_file>
      <input_file id="fl-c8">
         <path>C:\ti\bios_5_42_01_09\packages\ti\bios\lib\</path>
         <kind>archive</kind>
         <file>bios.a67</file>
         <name>tsk_setu.o67</name>
      </input_file>
      <input_file id="fl-c9">
         <path>C:\ti\bios_5_42_01_09\packages\ti\bios\lib\</path>
         <kind>archive</kind>
         <file>bios.a67</file>
         <name>tsk_stup.o67</name>
      </input_file>
      <input_file id="fl-ca">
         <path>C:\ti\bios_5_42_01_09\packages\ti\bios\lib\</path>
         <kind>archive</kind>
         <file>bios.a67</file>
         <name>lck.o67</name>
      </input_file>
      <input_file id="fl-cb">
         <path>C:\ti\bios_5_42_01_09\packages\ti\bios\lib\</path>
         <kind>archive</kind>
         <file>bios.a67</file>
         <name>sem_pend_counting.o67</name>
      </input_file>
      <input_file id="fl-cc">
         <path>C:\ti\bios_5_42_01_09\packages\ti\bios\lib\</path>
         <kind>archive</kind>
         <file>bios.a67</file>
         <name>sem_pend.o67</name>
      </input_file>
      <input_file id="fl-cd">
         <path>C:\ti\bios_5_42_01_09\packages\ti\bios\lib\</path>
         <kind>archive</kind>
         <file>bios.a67</file>
         <name>sem_post_asm.o67</name>
      </input_file>
      <input_file id="fl-ce">
         <path>C:\ti\bios_5_42_01_09\packages\ti\bios\lib\</path>
         <kind>archive</kind>
         <file>bios.a67</file>
         <name>sem_post.o67</name>
      </input_file>
      <input_file id="fl-cf">
         <path>C:\ti\bios_5_42_01_09\packages\ti\bios\lib\</path>
         <kind>archive</kind>
         <file>bios.a67</file>
         <name>sys_abor.o67</name>
      </input_file>
      <input_file id="fl-d0">
         <path>C:\ti\bios_5_42_01_09\packages\ti\bios\lib\</path>
         <kind>archive</kind>
         <file>bios.a67</file>
         <name>gbl_setL2CacheMode.o67</name>
      </input_file>
      <input_file id="fl-d1">
         <path>C:\ti\bios_5_42_01_09\packages\ti\bios\lib\</path>
         <kind>archive</kind>
         <file>bios.a67</file>
         <name>sem_dopo.o67</name>
      </input_file>
      <input_file id="fl-d2">
         <path>C:\ti\bios_5_42_01_09\packages\ti\bios\lib\</path>
         <kind>archive</kind>
         <file>bios.a67</file>
         <name>autoinit.o67</name>
      </input_file>
      <input_file id="fl-d3">
         <path>C:\ti\ccsv5\tools\compiler\c6000_7.4.4\lib\</path>
         <kind>archive</kind>
         <file>rts6700.lib</file>
         <name>_lock.obj</name>
      </input_file>
      <input_file id="fl-d4">
         <path>C:\ti\ccsv5\tools\compiler\c6000_7.4.4\lib\</path>
         <kind>archive</kind>
         <file>rts6700.lib</file>
         <name>strasg.obj</name>
      </input_file>
      <input_file id="fl-d5">
         <path>C:\ti\ccsv5\tools\compiler\c6000_7.4.4\lib\</path>
         <kind>archive</kind>
         <file>rts6700.lib</file>
         <name>atexit.obj</name>
      </input_file>
      <input_file id="fl-d6">
         <path>C:\ti\ccsv5\tools\compiler\c6000_7.4.4\lib\</path>
         <kind>archive</kind>
         <file>rts6700.lib</file>
         <name>sinit.obj</name>
      </input_file>
      <input_file id="fl-d7">
         <path>C:\ti\ccsv5\tools\compiler\c6000_7.4.4\lib\</path>
         <kind>archive</kind>
         <file>rts6700.lib</file>
         <name>exit.obj</name>
      </input_file>
      <input_file id="fl-d8">
         <path>C:\ti\ccsv5\tools\compiler\c6000_7.4.4\lib\</path>
         <kind>archive</kind>
         <file>rts6700.lib</file>
         <name>memcpy62.obj</name>
      </input_file>
   </input_file_list>
   <object_component_list>
      <object_component id="oc-73">
         <name>.vers</name>
         <load_address>0x0</load_address>
         <run_address>0x0</run_address>
         <size>0x40</size>
         <input_file_ref idref="fl-f"/>
      </object_component>
      <object_component id="oc-62">
         <name>.clk</name>
         <uninitialized>true</uninitialized>
         <run_address>0xd8f0</run_address>
         <size>0x8</size>
         <input_file_ref idref="fl-f"/>
      </object_component>
      <object_component id="oc-63">
         <name>.prd</name>
         <uninitialized>true</uninitialized>
         <run_address>0xd87c</run_address>
         <size>0x20</size>
         <input_file_ref idref="fl-f"/>
      </object_component>
      <object_component id="oc-7">
         <name>HWI_A_VECS</name>
         <load_address>0x0</load_address>
         <run_address>0x0</run_address>
         <size>0x0</size>
      </object_component>
      <object_component id="oc-6a">
         <name>.hwi_vec</name>
         <load_address>0x0</load_address>
         <run_address>0x0</run_address>
         <size>0x200</size>
         <input_file_ref idref="fl-f"/>
      </object_component>
      <object_component id="oc-6b">
         <name>.swi</name>
         <uninitialized>true</uninitialized>
         <run_address>0xd680</run_address>
         <size>0xb0</size>
         <input_file_ref idref="fl-f"/>
      </object_component>
      <object_component id="oc-6c">
         <name>.tsk</name>
         <uninitialized>true</uninitialized>
         <run_address>0xd7a0</run_address>
         <size>0x60</size>
         <input_file_ref idref="fl-f"/>
      </object_component>
      <object_component id="oc-6f">
         <name>.idl</name>
         <uninitialized>true</uninitialized>
         <run_address>0xd8b4</run_address>
         <size>0x10</size>
         <input_file_ref idref="fl-f"/>
      </object_component>
      <object_component id="oc-6e">
         <name>.idlcal</name>
         <uninitialized>true</uninitialized>
         <run_address>0xd8c4</run_address>
         <size>0x10</size>
         <input_file_ref idref="fl-f"/>
      </object_component>
      <object_component id="oc-48">
         <name>.bss</name>
         <uninitialized>true</uninitialized>
         <run_address>0xd010</run_address>
         <size>0x48</size>
         <input_file_ref idref="fl-b"/>
      </object_component>
      <object_component id="oc-5d">
         <name>.bss</name>
         <uninitialized>true</uninitialized>
         <run_address>0xd058</run_address>
         <size>0x18</size>
         <input_file_ref idref="fl-f"/>
      </object_component>
      <object_component id="oc-7a">
         <name>.bss</name>
         <uninitialized>true</uninitialized>
         <run_address>0xce60</run_address>
         <size>0xcc</size>
         <input_file_ref idref="fl-8c"/>
      </object_component>
      <object_component id="oc-7c">
         <name>.bss</name>
         <uninitialized>true</uninitialized>
         <run_address>0xcd60</run_address>
         <size>0x100</size>
         <input_file_ref idref="fl-8d"/>
      </object_component>
      <object_component id="oc-83">
         <name>.bss</name>
         <uninitialized>true</uninitialized>
         <run_address>0xd088</run_address>
         <size>0x18</size>
         <input_file_ref idref="fl-8f"/>
      </object_component>
      <object_component id="oc-89">
         <name>.bss</name>
         <uninitialized>true</uninitialized>
         <run_address>0xcf2c</run_address>
         <size>0x9c</size>
         <input_file_ref idref="fl-90"/>
      </object_component>
      <object_component id="oc-b7">
         <name>.bss</name>
         <uninitialized>true</uninitialized>
         <run_address>0xd070</run_address>
         <size>0x18</size>
         <input_file_ref idref="fl-9c"/>
      </object_component>
      <object_component id="oc-b9">
         <name>.bss</name>
         <uninitialized>true</uninitialized>
         <run_address>0xd0d4</run_address>
         <size>0x4</size>
         <input_file_ref idref="fl-9d"/>
      </object_component>
      <object_component id="oc-e5">
         <name>.bss</name>
         <uninitialized>true</uninitialized>
         <run_address>0xd0bc</run_address>
         <size>0x8</size>
         <input_file_ref idref="fl-a7"/>
      </object_component>
      <object_component id="oc-e8">
         <name>.bss</name>
         <uninitialized>true</uninitialized>
         <run_address>0xd0cc</run_address>
         <size>0x4</size>
         <input_file_ref idref="fl-a8"/>
      </object_component>
      <object_component id="oc-122">
         <name>.bss</name>
         <uninitialized>true</uninitialized>
         <run_address>0xcfc8</run_address>
         <size>0x48</size>
         <input_file_ref idref="fl-b5"/>
      </object_component>
      <object_component id="oc-149">
         <name>.bss</name>
         <uninitialized>true</uninitialized>
         <run_address>0xd0a0</run_address>
         <size>0x10</size>
         <input_file_ref idref="fl-be"/>
      </object_component>
      <object_component id="oc-162">
         <name>.bss</name>
         <uninitialized>true</uninitialized>
         <run_address>0xd0b0</run_address>
         <size>0xc</size>
         <input_file_ref idref="fl-c3"/>
      </object_component>
      <object_component id="oc-170">
         <name>.bss</name>
         <uninitialized>true</uninitialized>
         <run_address>0xd0c4</run_address>
         <size>0x8</size>
         <input_file_ref idref="fl-c6"/>
      </object_component>
      <object_component id="oc-19d">
         <name>.bss</name>
         <uninitialized>true</uninitialized>
         <run_address>0xd0d0</run_address>
         <size>0x4</size>
         <input_file_ref idref="fl-d0"/>
      </object_component>
      <object_component id="oc-4b">
         <name>.far</name>
         <uninitialized>true</uninitialized>
         <run_address>0x7bc0</run_address>
         <size>0x15ee</size>
         <input_file_ref idref="fl-b"/>
      </object_component>
      <object_component id="oc-51">
         <name>.far</name>
         <uninitialized>true</uninitialized>
         <run_address>0x9730</run_address>
         <size>0x20</size>
         <input_file_ref idref="fl-c"/>
      </object_component>
      <object_component id="oc-57">
         <name>.far</name>
         <uninitialized>true</uninitialized>
         <run_address>0x9690</run_address>
         <size>0x34</size>
         <input_file_ref idref="fl-d"/>
      </object_component>
      <object_component id="oc-96">
         <name>.far</name>
         <uninitialized>true</uninitialized>
         <run_address>0x9750</run_address>
         <size>0x10</size>
         <input_file_ref idref="fl-93"/>
      </object_component>
      <object_component id="oc-a3">
         <name>.far</name>
         <uninitialized>true</uninitialized>
         <run_address>0x9760</run_address>
         <size>0xc</size>
         <input_file_ref idref="fl-96"/>
      </object_component>
      <object_component id="oc-f8">
         <name>.far</name>
         <uninitialized>true</uninitialized>
         <run_address>0x96c4</run_address>
         <size>0x28</size>
         <input_file_ref idref="fl-ac"/>
      </object_component>
      <object_component id="oc-101">
         <name>.far</name>
         <uninitialized>true</uninitialized>
         <run_address>0x9784</run_address>
         <size>0x2</size>
         <input_file_ref idref="fl-ae"/>
      </object_component>
      <object_component id="oc-106">
         <name>.far</name>
         <uninitialized>true</uninitialized>
         <run_address>0x91ae</run_address>
         <size>0x2</size>
         <input_file_ref idref="fl-af"/>
      </object_component>
      <object_component id="oc-10c">
         <name>.far</name>
         <uninitialized>true</uninitialized>
         <run_address>0x95b4</run_address>
         <size>0x54</size>
         <input_file_ref idref="fl-b0"/>
      </object_component>
      <object_component id="oc-11e">
         <name>.far</name>
         <uninitialized>true</uninitialized>
         <run_address>0x9338</run_address>
         <size>0xf4</size>
         <input_file_ref idref="fl-b4"/>
      </object_component>
      <object_component id="oc-125">
         <name>.far</name>
         <uninitialized>true</uninitialized>
         <run_address>0x942c</run_address>
         <size>0xd8</size>
         <input_file_ref idref="fl-b5"/>
      </object_component>
      <object_component id="oc-13c">
         <name>.far</name>
         <uninitialized>true</uninitialized>
         <run_address>0x9658</run_address>
         <size>0x38</size>
         <input_file_ref idref="fl-bb"/>
      </object_component>
      <object_component id="oc-142">
         <name>.far</name>
         <uninitialized>true</uninitialized>
         <run_address>0x9560</run_address>
         <size>0x54</size>
         <input_file_ref idref="fl-bc"/>
      </object_component>
      <object_component id="oc-15e">
         <name>.far</name>
         <uninitialized>true</uninitialized>
         <run_address>0x96ec</run_address>
         <size>0x24</size>
         <input_file_ref idref="fl-c2"/>
      </object_component>
      <object_component id="oc-165">
         <name>.far</name>
         <uninitialized>true</uninitialized>
         <run_address>0x9504</run_address>
         <size>0x5c</size>
         <input_file_ref idref="fl-c3"/>
      </object_component>
      <object_component id="oc-173">
         <name>.far</name>
         <uninitialized>true</uninitialized>
         <run_address>0x9710</run_address>
         <size>0x20</size>
         <input_file_ref idref="fl-c6"/>
      </object_component>
      <object_component id="oc-180">
         <name>.far</name>
         <uninitialized>true</uninitialized>
         <run_address>0x9608</run_address>
         <size>0x50</size>
         <input_file_ref idref="fl-c9"/>
      </object_component>
      <object_component id="oc-1ad">
         <name>.far</name>
         <uninitialized>true</uninitialized>
         <run_address>0x9778</run_address>
         <size>0x8</size>
         <input_file_ref idref="fl-d3"/>
      </object_component>
      <object_component id="oc-1b5">
         <name>.far</name>
         <uninitialized>true</uninitialized>
         <run_address>0x91b0</run_address>
         <size>0x188</size>
         <input_file_ref idref="fl-d5"/>
      </object_component>
      <object_component id="oc-1ba">
         <name>.far</name>
         <uninitialized>true</uninitialized>
         <run_address>0x9780</run_address>
         <size>0x4</size>
         <input_file_ref idref="fl-d6"/>
      </object_component>
      <object_component id="oc-1bf">
         <name>.far</name>
         <uninitialized>true</uninitialized>
         <run_address>0x976c</run_address>
         <size>0xc</size>
         <input_file_ref idref="fl-d7"/>
      </object_component>
      <object_component id="oc-85">
         <name>.bios</name>
         <load_address>0x200</load_address>
         <run_address>0x200</run_address>
         <size>0x600</size>
         <input_file_ref idref="fl-8f"/>
      </object_component>
      <object_component id="oc-1a0">
         <name>.bios</name>
         <load_address>0x800</load_address>
         <run_address>0x800</run_address>
         <size>0x5e0</size>
         <input_file_ref idref="fl-d0"/>
      </object_component>
      <object_component id="oc-40">
         <name>.bios</name>
         <load_address>0xde0</load_address>
         <run_address>0xde0</run_address>
         <size>0x540</size>
         <input_file_ref idref="fl-90"/>
      </object_component>
      <object_component id="oc-41">
         <name>.bios</name>
         <load_address>0x1320</load_address>
         <run_address>0x1320</run_address>
         <size>0x460</size>
         <input_file_ref idref="fl-8d"/>
      </object_component>
      <object_component id="oc-d4">
         <name>.bios</name>
         <load_address>0x1780</load_address>
         <run_address>0x1780</run_address>
         <size>0x3a0</size>
         <input_file_ref idref="fl-a3"/>
      </object_component>
      <object_component id="oc-138">
         <name>.bios</name>
         <load_address>0x1b20</load_address>
         <run_address>0x1b20</run_address>
         <size>0x2c0</size>
         <input_file_ref idref="fl-ba"/>
      </object_component>
      <object_component id="oc-d9">
         <name>.bios</name>
         <load_address>0x1de0</load_address>
         <run_address>0x1de0</run_address>
         <size>0x2c0</size>
         <input_file_ref idref="fl-a4"/>
      </object_component>
      <object_component id="oc-18e">
         <name>.bios</name>
         <load_address>0x20a0</load_address>
         <run_address>0x20a0</run_address>
         <size>0x2c0</size>
         <input_file_ref idref="fl-cc"/>
      </object_component>
      <object_component id="oc-44">
         <name>.bios</name>
         <load_address>0x2360</load_address>
         <run_address>0x2360</run_address>
         <size>0x260</size>
         <input_file_ref idref="fl-93"/>
      </object_component>
      <object_component id="oc-d0">
         <name>.bios</name>
         <load_address>0x25c0</load_address>
         <run_address>0x25c0</run_address>
         <size>0x240</size>
         <input_file_ref idref="fl-a2"/>
      </object_component>
      <object_component id="oc-1a4">
         <name>.bios</name>
         <load_address>0x2800</load_address>
         <run_address>0x2800</run_address>
         <size>0x220</size>
         <input_file_ref idref="fl-d1"/>
      </object_component>
      <object_component id="oc-17a">
         <name>.bios</name>
         <load_address>0x2a20</load_address>
         <run_address>0x2a20</run_address>
         <size>0x200</size>
         <input_file_ref idref="fl-c8"/>
      </object_component>
      <object_component id="oc-c8">
         <name>.bios</name>
         <load_address>0x2c20</load_address>
         <run_address>0x2c20</run_address>
         <size>0x1c0</size>
         <input_file_ref idref="fl-a0"/>
      </object_component>
      <object_component id="oc-a9">
         <name>.bios</name>
         <load_address>0x2de0</load_address>
         <run_address>0x2de0</run_address>
         <size>0x1c0</size>
         <input_file_ref idref="fl-98"/>
      </object_component>
      <object_component id="oc-169">
         <name>.bios</name>
         <load_address>0x2fa0</load_address>
         <run_address>0x2fa0</run_address>
         <size>0x1a0</size>
         <input_file_ref idref="fl-c4"/>
      </object_component>
      <object_component id="oc-1a8">
         <name>.bios</name>
         <load_address>0x3140</load_address>
         <run_address>0x3140</run_address>
         <size>0x180</size>
         <input_file_ref idref="fl-d2"/>
      </object_component>
      <object_component id="oc-181">
         <name>.bios</name>
         <load_address>0x32c0</load_address>
         <run_address>0x32c0</run_address>
         <size>0x180</size>
         <input_file_ref idref="fl-c9"/>
      </object_component>
      <object_component id="oc-12b">
         <name>.bios</name>
         <load_address>0x3440</load_address>
         <run_address>0x3440</run_address>
         <size>0x140</size>
         <input_file_ref idref="fl-b7"/>
      </object_component>
      <object_component id="oc-111">
         <name>.bios</name>
         <load_address>0x3580</load_address>
         <run_address>0x3580</run_address>
         <size>0xe0</size>
         <input_file_ref idref="fl-b1"/>
      </object_component>
      <object_component id="oc-128">
         <name>.bios</name>
         <load_address>0x3660</load_address>
         <run_address>0x3660</run_address>
         <size>0xe0</size>
         <input_file_ref idref="fl-b6"/>
      </object_component>
      <object_component id="oc-196">
         <name>.bios</name>
         <load_address>0x3740</load_address>
         <run_address>0x3740</run_address>
         <size>0xe0</size>
         <input_file_ref idref="fl-ce"/>
      </object_component>
      <object_component id="oc-191">
         <name>.bios</name>
         <load_address>0x3820</load_address>
         <run_address>0x3820</run_address>
         <size>0xe0</size>
         <input_file_ref idref="fl-cd"/>
      </object_component>
      <object_component id="oc-eb">
         <name>.bios</name>
         <load_address>0x3900</load_address>
         <run_address>0x3900</run_address>
         <size>0xe0</size>
         <input_file_ref idref="fl-a9"/>
      </object_component>
      <object_component id="oc-134">
         <name>.bios</name>
         <load_address>0x39e0</load_address>
         <run_address>0x39e0</run_address>
         <size>0xc0</size>
         <input_file_ref idref="fl-b9"/>
      </object_component>
      <object_component id="oc-130">
         <name>.bios</name>
         <load_address>0x3aa0</load_address>
         <run_address>0x3aa0</run_address>
         <size>0xc0</size>
         <input_file_ref idref="fl-b8"/>
      </object_component>
      <object_component id="oc-186">
         <name>.bios</name>
         <load_address>0x3b60</load_address>
         <run_address>0x3b60</run_address>
         <size>0xc0</size>
         <input_file_ref idref="fl-ca"/>
      </object_component>
      <object_component id="oc-16d">
         <name>.bios</name>
         <load_address>0x3c20</load_address>
         <run_address>0x3c20</run_address>
         <size>0xc0</size>
         <input_file_ref idref="fl-c5"/>
      </object_component>
      <object_component id="oc-42">
         <name>.bios</name>
         <load_address>0x3ce0</load_address>
         <run_address>0x3ce0</run_address>
         <size>0xc0</size>
         <input_file_ref idref="fl-8b"/>
      </object_component>
      <object_component id="oc-ad">
         <name>.bios</name>
         <load_address>0x3da0</load_address>
         <run_address>0x3da0</run_address>
         <size>0x80</size>
         <input_file_ref idref="fl-99"/>
      </object_component>
      <object_component id="oc-bb">
         <name>.bios</name>
         <load_address>0x3e20</load_address>
         <run_address>0x3e20</run_address>
         <size>0x80</size>
         <input_file_ref idref="fl-9d"/>
      </object_component>
      <object_component id="oc-cc">
         <name>.bios</name>
         <load_address>0x3ea0</load_address>
         <run_address>0x3ea0</run_address>
         <size>0x80</size>
         <input_file_ref idref="fl-a1"/>
      </object_component>
      <object_component id="oc-e1">
         <name>.bios</name>
         <load_address>0x3f20</load_address>
         <run_address>0x3f20</run_address>
         <size>0x80</size>
         <input_file_ref idref="fl-a6"/>
      </object_component>
      <object_component id="oc-bf">
         <name>.bios</name>
         <load_address>0x3fa0</load_address>
         <run_address>0x3fa0</run_address>
         <size>0x80</size>
         <input_file_ref idref="fl-9e"/>
      </object_component>
      <object_component id="oc-118">
         <name>.bios</name>
         <load_address>0x4020</load_address>
         <run_address>0x4020</run_address>
         <size>0x60</size>
         <input_file_ref idref="fl-b3"/>
      </object_component>
      <object_component id="oc-189">
         <name>.bios</name>
         <load_address>0x4080</load_address>
         <run_address>0x4080</run_address>
         <size>0x60</size>
         <input_file_ref idref="fl-cb"/>
      </object_component>
      <object_component id="oc-19a">
         <name>.bios</name>
         <load_address>0x40e0</load_address>
         <run_address>0x40e0</run_address>
         <size>0x60</size>
         <input_file_ref idref="fl-cf"/>
      </object_component>
      <object_component id="oc-43">
         <name>.bios</name>
         <load_address>0x4140</load_address>
         <run_address>0x4140</run_address>
         <size>0x60</size>
         <input_file_ref idref="fl-96"/>
      </object_component>
      <object_component id="oc-ef">
         <name>.bios</name>
         <load_address>0x41a0</load_address>
         <run_address>0x41a0</run_address>
         <size>0x60</size>
         <input_file_ref idref="fl-aa"/>
      </object_component>
      <object_component id="oc-3d">
         <name>.bios</name>
         <load_address>0x4200</load_address>
         <run_address>0x4200</run_address>
         <size>0x40</size>
         <input_file_ref idref="fl-8e"/>
      </object_component>
      <object_component id="oc-dd">
         <name>.bios</name>
         <load_address>0x4240</load_address>
         <run_address>0x4240</run_address>
         <size>0x40</size>
         <input_file_ref idref="fl-a5"/>
      </object_component>
      <object_component id="oc-3c">
         <name>.bios</name>
         <load_address>0x4280</load_address>
         <run_address>0x4280</run_address>
         <size>0x40</size>
         <input_file_ref idref="fl-94"/>
      </object_component>
      <object_component id="oc-f3">
         <name>.bios</name>
         <load_address>0x42c0</load_address>
         <run_address>0x42c0</run_address>
         <size>0x40</size>
         <input_file_ref idref="fl-ab"/>
      </object_component>
      <object_component id="oc-47">
         <name>.bios</name>
         <load_address>0x4300</load_address>
         <run_address>0x4300</run_address>
         <size>0x20</size>
         <input_file_ref idref="fl-91"/>
      </object_component>
      <object_component id="oc-114">
         <name>.bios</name>
         <load_address>0x4320</load_address>
         <run_address>0x4320</run_address>
         <size>0x20</size>
         <input_file_ref idref="fl-b2"/>
      </object_component>
      <object_component id="oc-c3">
         <name>.bios</name>
         <load_address>0x4340</load_address>
         <run_address>0x4340</run_address>
         <size>0x20</size>
         <input_file_ref idref="fl-9f"/>
      </object_component>
      <object_component id="oc-159">
         <name>.bios</name>
         <load_address>0x4360</load_address>
         <run_address>0x4360</run_address>
         <size>0x20</size>
         <input_file_ref idref="fl-c1"/>
      </object_component>
      <object_component id="oc-46">
         <name>.bios</name>
         <load_address>0x4380</load_address>
         <run_address>0x4380</run_address>
         <size>0x20</size>
         <input_file_ref idref="fl-95"/>
      </object_component>
      <object_component id="oc-45">
         <name>.bios</name>
         <load_address>0x43a0</load_address>
         <run_address>0x43a0</run_address>
         <size>0x20</size>
         <input_file_ref idref="fl-97"/>
      </object_component>
      <object_component id="oc-14d">
         <name>.pinit</name>
         <load_address>0xae34</load_address>
         <run_address>0xae34</run_address>
         <size>0x4</size>
         <input_file_ref idref="fl-be"/>
      </object_component>
      <object_component id="oc-156">
         <name>.pinit</name>
         <load_address>0xae38</load_address>
         <run_address>0xae38</run_address>
         <size>0x4</size>
         <input_file_ref idref="fl-c0"/>
      </object_component>
      <object_component id="oc-61">
         <name>.sys</name>
         <uninitialized>true</uninitialized>
         <run_address>0xd8d4</run_address>
         <size>0x10</size>
         <input_file_ref idref="fl-f"/>
      </object_component>
      <object_component id="oc-1c5">
         <name>.text</name>
         <load_address>0x43c0</load_address>
         <run_address>0x43c0</run_address>
         <size>0xe20</size>
         <input_file_ref idref="fl-b"/>
      </object_component>
      <object_component id="oc-105">
         <name>.text</name>
         <load_address>0x51e0</load_address>
         <run_address>0x51e0</run_address>
         <size>0x480</size>
         <input_file_ref idref="fl-af"/>
      </object_component>
      <object_component id="oc-1da">
         <name>.text:_EDMA_open</name>
         <load_address>0x5660</load_address>
         <run_address>0x5660</run_address>
         <size>0x280</size>
         <input_file_ref idref="fl-b0"/>
      </object_component>
      <object_component id="oc-1ce">
         <name>.text:_memcpy</name>
         <load_address>0x58e0</load_address>
         <run_address>0x58e0</run_address>
         <size>0x240</size>
         <input_file_ref idref="fl-d8"/>
      </object_component>
      <object_component id="oc-1d2">
         <name>.text</name>
         <load_address>0x5b20</load_address>
         <run_address>0x5b20</run_address>
         <size>0x240</size>
         <input_file_ref idref="fl-d"/>
      </object_component>
      <object_component id="oc-1d1">
         <name>.text:__CSL_init</name>
         <load_address>0x5d60</load_address>
         <run_address>0x5d60</run_address>
         <size>0x220</size>
         <input_file_ref idref="fl-ac"/>
      </object_component>
      <object_component id="oc-100">
         <name>.text</name>
         <load_address>0x5f80</load_address>
         <run_address>0x5f80</run_address>
         <size>0x1e0</size>
         <input_file_ref idref="fl-ae"/>
      </object_component>
      <object_component id="oc-1d5">
         <name>.text:_IRQ_map</name>
         <load_address>0x6160</load_address>
         <run_address>0x6160</run_address>
         <size>0x1c0</size>
         <input_file_ref idref="fl-b4"/>
      </object_component>
      <object_component id="oc-1f6">
         <name>.text:_mux2Tables</name>
         <load_address>0x6320</load_address>
         <run_address>0x6320</run_address>
         <size>0x1c0</size>
         <input_file_ref idref="fl-b4"/>
      </object_component>
      <object_component id="oc-1db">
         <name>.text:_EDMA_allocTable</name>
         <load_address>0x64e0</load_address>
         <run_address>0x64e0</run_address>
         <size>0x1a0</size>
         <input_file_ref idref="fl-b0"/>
      </object_component>
      <object_component id="oc-1f8">
         <name>.text:_MCBSP_reset</name>
         <load_address>0x6680</load_address>
         <run_address>0x6680</run_address>
         <size>0x1a0</size>
         <input_file_ref idref="fl-bb"/>
      </object_component>
      <object_component id="oc-3e">
         <name>.text</name>
         <load_address>0x6820</load_address>
         <run_address>0x6820</run_address>
         <size>0x180</size>
         <input_file_ref idref="fl-92"/>
      </object_component>
      <object_component id="oc-1fa">
         <name>.text:_call_dtors</name>
         <load_address>0x69a0</load_address>
         <run_address>0x69a0</run_address>
         <size>0x160</size>
         <input_file_ref idref="fl-d6"/>
      </object_component>
      <object_component id="oc-1ef">
         <name>.text:_EDMA_reset</name>
         <load_address>0x6b00</load_address>
         <run_address>0x6b00</run_address>
         <size>0x140</size>
         <input_file_ref idref="fl-b0"/>
      </object_component>
      <object_component id="oc-1e8">
         <name>.text:_TIMER_open</name>
         <load_address>0x6c40</load_address>
         <run_address>0x6c40</run_address>
         <size>0x140</size>
         <input_file_ref idref="fl-c2"/>
      </object_component>
      <object_component id="oc-1f7">
         <name>.text:_TIMER_reset</name>
         <load_address>0x6d80</load_address>
         <run_address>0x6d80</run_address>
         <size>0x120</size>
         <input_file_ref idref="fl-c2"/>
      </object_component>
      <object_component id="oc-1dd">
         <name>.text:_EDMA_intAlloc</name>
         <load_address>0x6ea0</load_address>
         <run_address>0x6ea0</run_address>
         <size>0x100</size>
         <input_file_ref idref="fl-b0"/>
      </object_component>
      <object_component id="oc-1e9">
         <name>.text:_MCBSP_open</name>
         <load_address>0x6fa0</load_address>
         <run_address>0x6fa0</run_address>
         <size>0x100</size>
         <input_file_ref idref="fl-bb"/>
      </object_component>
      <object_component id="oc-1eb">
         <name>.text:_MCBSP_start</name>
         <load_address>0x70a0</load_address>
         <run_address>0x70a0</run_address>
         <size>0x100</size>
         <input_file_ref idref="fl-bb"/>
      </object_component>
      <object_component id="oc-1de">
         <name>.text:_EDMA_config</name>
         <load_address>0x71a0</load_address>
         <run_address>0x71a0</run_address>
         <size>0xe0</size>
         <input_file_ref idref="fl-b0"/>
      </object_component>
      <object_component id="oc-1c9">
         <name>.text:__strasg</name>
         <load_address>0x7280</load_address>
         <run_address>0x7280</run_address>
         <size>0xe0</size>
         <input_file_ref idref="fl-d4"/>
      </object_component>
      <object_component id="oc-1e5">
         <name>.text:_atexit</name>
         <load_address>0x7360</load_address>
         <run_address>0x7360</run_address>
         <size>0xe0</size>
         <input_file_ref idref="fl-d5"/>
      </object_component>
      <object_component id="oc-17d">
         <name>.text</name>
         <load_address>0x7440</load_address>
         <run_address>0x7440</run_address>
         <size>0xc0</size>
         <input_file_ref idref="fl-c9"/>
      </object_component>
      <object_component id="oc-1d3">
         <name>.text</name>
         <load_address>0x7500</load_address>
         <run_address>0x7500</run_address>
         <size>0xc0</size>
         <input_file_ref idref="fl-c"/>
      </object_component>
      <object_component id="oc-1ea">
         <name>.text:_MCBSP_config</name>
         <load_address>0x75c0</load_address>
         <run_address>0x75c0</run_address>
         <size>0xa0</size>
         <input_file_ref idref="fl-bb"/>
      </object_component>
      <object_component id="oc-1e7">
         <name>.text:__IRQ_init</name>
         <load_address>0x7660</load_address>
         <run_address>0x7660</run_address>
         <size>0xa0</size>
         <input_file_ref idref="fl-b4"/>
      </object_component>
      <object_component id="oc-1ee">
         <name>.text:_setMux</name>
         <load_address>0x7700</load_address>
         <run_address>0x7700</run_address>
         <size>0xa0</size>
         <input_file_ref idref="fl-b4"/>
      </object_component>
      <object_component id="oc-fc">
         <name>.text</name>
         <load_address>0x77a0</load_address>
         <run_address>0x77a0</run_address>
         <size>0x80</size>
         <input_file_ref idref="fl-ad"/>
      </object_component>
      <object_component id="oc-1f9">
         <name>.text:_EDMA_disableChannel</name>
         <load_address>0x7820</load_address>
         <run_address>0x7820</run_address>
         <size>0x60</size>
         <input_file_ref idref="fl-b0"/>
      </object_component>
      <object_component id="oc-1d7">
         <name>.text:_EDMA_enableChannel</name>
         <load_address>0x7880</load_address>
         <run_address>0x7880</run_address>
         <size>0x60</size>
         <input_file_ref idref="fl-b0"/>
      </object_component>
      <object_component id="oc-1e0">
         <name>.text:_EDMA_intEnable</name>
         <load_address>0x78e0</load_address>
         <run_address>0x78e0</run_address>
         <size>0x60</size>
         <input_file_ref idref="fl-b0"/>
      </object_component>
      <object_component id="oc-1f0">
         <name>.text:_EDMA_qdmaConfig</name>
         <load_address>0x7940</load_address>
         <run_address>0x7940</run_address>
         <size>0x60</size>
         <input_file_ref idref="fl-b0"/>
      </object_component>
      <object_component id="oc-1df">
         <name>.text:_EDMA_link</name>
         <load_address>0x79a0</load_address>
         <run_address>0x79a0</run_address>
         <size>0x40</size>
         <input_file_ref idref="fl-b0"/>
      </object_component>
      <object_component id="oc-1d4">
         <name>.text:_IRQ_enable</name>
         <load_address>0x79e0</load_address>
         <run_address>0x79e0</run_address>
         <size>0x40</size>
         <input_file_ref idref="fl-b4"/>
      </object_component>
      <object_component id="oc-1f5">
         <name>.text:___add_dtor</name>
         <load_address>0x7a20</load_address>
         <run_address>0x7a20</run_address>
         <size>0x40</size>
         <input_file_ref idref="fl-d6"/>
      </object_component>
      <object_component id="oc-1d0">
         <name>.text:_CSL6713_LIB_</name>
         <load_address>0x7a60</load_address>
         <run_address>0x7a60</run_address>
         <size>0x20</size>
         <input_file_ref idref="fl-ac"/>
      </object_component>
      <object_component id="oc-1d9">
         <name>.text:_EDMA_intClear</name>
         <load_address>0x7a80</load_address>
         <run_address>0x7a80</run_address>
         <size>0x20</size>
         <input_file_ref idref="fl-b0"/>
      </object_component>
      <object_component id="oc-1d8">
         <name>.text:_EDMA_intTest</name>
         <load_address>0x7aa0</load_address>
         <run_address>0x7aa0</run_address>
         <size>0x20</size>
         <input_file_ref idref="fl-b0"/>
      </object_component>
      <object_component id="oc-1d6">
         <name>.text:_IRQ_globalEnable</name>
         <load_address>0x7ac0</load_address>
         <run_address>0x7ac0</run_address>
         <size>0x20</size>
         <input_file_ref idref="fl-b4"/>
      </object_component>
      <object_component id="oc-1dc">
         <name>.text:_MCBSP_getXmtAddr</name>
         <load_address>0x7ae0</load_address>
         <run_address>0x7ae0</run_address>
         <size>0x20</size>
         <input_file_ref idref="fl-bb"/>
      </object_component>
      <object_component id="oc-1ed">
         <name>.text:_MCBSP_write</name>
         <load_address>0x7b00</load_address>
         <run_address>0x7b00</run_address>
         <size>0x20</size>
         <input_file_ref idref="fl-bb"/>
      </object_component>
      <object_component id="oc-1ec">
         <name>.text:_MCBSP_xrdy</name>
         <load_address>0x7b20</load_address>
         <run_address>0x7b20</run_address>
         <size>0x20</size>
         <input_file_ref idref="fl-bb"/>
      </object_component>
      <object_component id="oc-1cf">
         <name>.text:__nop</name>
         <load_address>0x7b40</load_address>
         <run_address>0x7b40</run_address>
         <size>0x20</size>
         <input_file_ref idref="fl-d3"/>
      </object_component>
      <object_component id="oc-1cc">
         <name>.text:__register_lock</name>
         <load_address>0x7b60</load_address>
         <run_address>0x7b60</run_address>
         <size>0x20</size>
         <input_file_ref idref="fl-d3"/>
      </object_component>
      <object_component id="oc-1cd">
         <name>.text:__register_unlock</name>
         <load_address>0x7b80</load_address>
         <run_address>0x7b80</run_address>
         <size>0x20</size>
         <input_file_ref idref="fl-d3"/>
      </object_component>
      <object_component id="oc-11c">
         <name>.text</name>
         <load_address>0x7ba0</load_address>
         <run_address>0x7ba0</run_address>
         <size>0x20</size>
         <input_file_ref idref="fl-b4"/>
      </object_component>
      <object_component id="oc-5f">
         <name>.cinit</name>
         <load_address>0x9788</load_address>
         <run_address>0x9788</run_address>
         <size>0x6f4</size>
         <input_file_ref idref="fl-f"/>
      </object_component>
      <object_component id="oc-4a">
         <name>.cinit</name>
         <load_address>0x9e80</load_address>
         <run_address>0x9e80</run_address>
         <size>0x494</size>
         <input_file_ref idref="fl-b"/>
      </object_component>
      <object_component id="oc-7b">
         <name>.cinit</name>
         <load_address>0xa318</load_address>
         <run_address>0xa318</run_address>
         <size>0x26c</size>
         <input_file_ref idref="fl-8c"/>
      </object_component>
      <object_component id="oc-124">
         <name>.cinit</name>
         <load_address>0xa588</load_address>
         <run_address>0xa588</run_address>
         <size>0x1a4</size>
         <input_file_ref idref="fl-b5"/>
      </object_component>
      <object_component id="oc-11d">
         <name>.cinit</name>
         <load_address>0xa730</load_address>
         <run_address>0xa730</run_address>
         <size>0x12c</size>
         <input_file_ref idref="fl-b4"/>
      </object_component>
      <object_component id="oc-8a">
         <name>.cinit</name>
         <load_address>0xa860</load_address>
         <run_address>0xa860</run_address>
         <size>0xb0</size>
         <input_file_ref idref="fl-90"/>
      </object_component>
      <object_component id="oc-164">
         <name>.cinit</name>
         <load_address>0xa910</load_address>
         <run_address>0xa910</run_address>
         <size>0x80</size>
         <input_file_ref idref="fl-c3"/>
      </object_component>
      <object_component id="oc-10b">
         <name>.cinit</name>
         <load_address>0xa990</load_address>
         <run_address>0xa990</run_address>
         <size>0x70</size>
         <input_file_ref idref="fl-b0"/>
      </object_component>
      <object_component id="oc-17f">
         <name>.cinit</name>
         <load_address>0xaa00</load_address>
         <run_address>0xaa00</run_address>
         <size>0x60</size>
         <input_file_ref idref="fl-c9"/>
      </object_component>
      <object_component id="oc-84">
         <name>.cinit</name>
         <load_address>0xaa60</load_address>
         <run_address>0xaa60</run_address>
         <size>0x5c</size>
         <input_file_ref idref="fl-8f"/>
      </object_component>
      <object_component id="oc-13b">
         <name>.cinit</name>
         <load_address>0xaac0</load_address>
         <run_address>0xaac0</run_address>
         <size>0x54</size>
         <input_file_ref idref="fl-bb"/>
      </object_component>
      <object_component id="oc-d8">
         <name>.cinit</name>
         <load_address>0xab18</load_address>
         <run_address>0xab18</run_address>
         <size>0x4c</size>
         <input_file_ref idref="fl-a4"/>
      </object_component>
      <object_component id="oc-15d">
         <name>.cinit</name>
         <load_address>0xab68</load_address>
         <run_address>0xab68</run_address>
         <size>0x4c</size>
         <input_file_ref idref="fl-c2"/>
      </object_component>
      <object_component id="oc-14b">
         <name>.cinit</name>
         <load_address>0xabb8</load_address>
         <run_address>0xabb8</run_address>
         <size>0x4c</size>
         <input_file_ref idref="fl-be"/>
      </object_component>
      <object_component id="oc-56">
         <name>.cinit</name>
         <load_address>0xac08</load_address>
         <run_address>0xac08</run_address>
         <size>0x48</size>
         <input_file_ref idref="fl-d"/>
      </object_component>
      <object_component id="oc-f7">
         <name>.cinit</name>
         <load_address>0xac50</load_address>
         <run_address>0xac50</run_address>
         <size>0x3c</size>
         <input_file_ref idref="fl-ac"/>
      </object_component>
      <object_component id="oc-b8">
         <name>.cinit</name>
         <load_address>0xac90</load_address>
         <run_address>0xac90</run_address>
         <size>0x34</size>
         <input_file_ref idref="fl-9c"/>
      </object_component>
      <object_component id="oc-a2">
         <name>.cinit</name>
         <load_address>0xacc8</load_address>
         <run_address>0xacc8</run_address>
         <size>0x2c</size>
         <input_file_ref idref="fl-96"/>
      </object_component>
      <object_component id="oc-1be">
         <name>.cinit</name>
         <load_address>0xacf8</load_address>
         <run_address>0xacf8</run_address>
         <size>0x2c</size>
         <input_file_ref idref="fl-d7"/>
      </object_component>
      <object_component id="oc-50">
         <name>.cinit</name>
         <load_address>0xad28</load_address>
         <run_address>0xad28</run_address>
         <size>0x28</size>
         <input_file_ref idref="fl-c"/>
      </object_component>
      <object_component id="oc-141">
         <name>.cinit</name>
         <load_address>0xad50</load_address>
         <run_address>0xad50</run_address>
         <size>0x24</size>
         <input_file_ref idref="fl-bc"/>
      </object_component>
      <object_component id="oc-172">
         <name>.cinit</name>
         <load_address>0xad78</load_address>
         <run_address>0xad78</run_address>
         <size>0x1c</size>
         <input_file_ref idref="fl-c6"/>
      </object_component>
      <object_component id="oc-1ac">
         <name>.cinit</name>
         <load_address>0xad98</load_address>
         <run_address>0xad98</run_address>
         <size>0x1c</size>
         <input_file_ref idref="fl-d3"/>
      </object_component>
      <object_component id="oc-1b4">
         <name>.cinit</name>
         <load_address>0xadb8</load_address>
         <run_address>0xadb8</run_address>
         <size>0x1c</size>
         <input_file_ref idref="fl-d5"/>
      </object_component>
      <object_component id="oc-95">
         <name>.cinit</name>
         <load_address>0xadd8</load_address>
         <run_address>0xadd8</run_address>
         <size>0x18</size>
         <input_file_ref idref="fl-93"/>
      </object_component>
      <object_component id="oc-19f">
         <name>.cinit</name>
         <load_address>0xadf0</load_address>
         <run_address>0xadf0</run_address>
         <size>0xc</size>
         <input_file_ref idref="fl-d0"/>
      </object_component>
      <object_component id="oc-ba">
         <name>.cinit</name>
         <load_address>0xae00</load_address>
         <run_address>0xae00</run_address>
         <size>0xc</size>
         <input_file_ref idref="fl-9d"/>
      </object_component>
      <object_component id="oc-c7">
         <name>.cinit</name>
         <load_address>0xae10</load_address>
         <run_address>0xae10</run_address>
         <size>0xc</size>
         <input_file_ref idref="fl-a0"/>
      </object_component>
      <object_component id="oc-1b9">
         <name>.cinit</name>
         <load_address>0xae20</load_address>
         <run_address>0xae20</run_address>
         <size>0xc</size>
         <input_file_ref idref="fl-d6"/>
      </object_component>
      <object_component id="oc-1e2">
         <name>.switch</name>
         <load_address>0xd2d8</load_address>
         <run_address>0xd2d8</run_address>
         <size>0x28</size>
         <input_file_ref idref="fl-c0"/>
      </object_component>
      <object_component id="oc-5e">
         <name>.gblinit</name>
         <load_address>0xd800</load_address>
         <run_address>0xd800</run_address>
         <size>0x40</size>
         <input_file_ref idref="fl-f"/>
      </object_component>
      <object_component id="oc-72">
         <name>.sysinit</name>
         <load_address>0xc140</load_address>
         <run_address>0xc140</run_address>
         <size>0x2c0</size>
         <input_file_ref idref="fl-f"/>
      </object_component>
      <object_component id="oc-3f">
         <name>.sysinit</name>
         <load_address>0xc400</load_address>
         <run_address>0xc400</run_address>
         <size>0xc0</size>
         <input_file_ref idref="fl-9a"/>
      </object_component>
      <object_component id="oc-176">
         <name>.sysinit</name>
         <load_address>0xc4c0</load_address>
         <run_address>0xc4c0</run_address>
         <size>0x80</size>
         <input_file_ref idref="fl-c7"/>
      </object_component>
      <object_component id="oc-143">
         <name>.sysinit</name>
         <load_address>0xc540</load_address>
         <run_address>0xc540</run_address>
         <size>0x20</size>
         <input_file_ref idref="fl-bc"/>
      </object_component>
      <object_component id="oc-b6">
         <name>.trcdata</name>
         <load_address>0xd8e4</load_address>
         <run_address>0xd8e4</run_address>
         <size>0xc</size>
         <input_file_ref idref="fl-9b"/>
      </object_component>
      <object_component id="oc-60">
         <name>.rtdx_data</name>
         <uninitialized>true</uninitialized>
         <run_address>0xbce0</run_address>
         <size>0x410</size>
         <input_file_ref idref="fl-f"/>
      </object_component>
      <object_component id="oc-14c">
         <name>.rtdx_data</name>
         <uninitialized>true</uninitialized>
         <run_address>0xc0f0</run_address>
         <size>0x20</size>
         <input_file_ref idref="fl-be"/>
      </object_component>
      <object_component id="oc-155">
         <name>.rtdx_data</name>
         <uninitialized>true</uninitialized>
         <run_address>0xc110</run_address>
         <size>0x1c</size>
         <input_file_ref idref="fl-c0"/>
      </object_component>
      <object_component id="oc-1c6">
         <name>.rtdx_text:_RTDX_Poll</name>
         <load_address>0xae40</load_address>
         <run_address>0xae40</run_address>
         <size>0x400</size>
         <input_file_ref idref="fl-c0"/>
      </object_component>
      <object_component id="oc-1e4">
         <name>.rtdx_text:_RTDX_Buffer_WriteCB</name>
         <load_address>0xb240</load_address>
         <run_address>0xb240</run_address>
         <size>0x340</size>
         <input_file_ref idref="fl-be"/>
      </object_component>
      <object_component id="oc-1f3">
         <name>.rtdx_text:_RTDX_write_next</name>
         <load_address>0xb580</load_address>
         <run_address>0xb580</run_address>
         <size>0x300</size>
         <input_file_ref idref="fl-be"/>
      </object_component>
      <object_component id="oc-1f4">
         <name>.rtdx_text:_RTDX_Mon_Queue</name>
         <load_address>0xb880</load_address>
         <run_address>0xb880</run_address>
         <size>0x140</size>
         <input_file_ref idref="fl-c0"/>
      </object_component>
      <object_component id="oc-1f2">
         <name>.rtdx_text:_claim</name>
         <load_address>0xb9c0</load_address>
         <run_address>0xb9c0</run_address>
         <size>0xe0</size>
         <input_file_ref idref="fl-be"/>
      </object_component>
      <object_component id="oc-1cb">
         <name>.rtdx_text:_RTDX_Init_RT_Monitor</name>
         <load_address>0xbaa0</load_address>
         <run_address>0xbaa0</run_address>
         <size>0x80</size>
         <input_file_ref idref="fl-c0"/>
      </object_component>
      <object_component id="oc-1ca">
         <name>.rtdx_text:_RTDX_Buffer_Initialize</name>
         <load_address>0xbb20</load_address>
         <run_address>0xbb20</run_address>
         <size>0x60</size>
         <input_file_ref idref="fl-be"/>
      </object_component>
      <object_component id="oc-1e3">
         <name>.rtdx_text:_RTDX_Buffer_ReadCB</name>
         <load_address>0xbb80</load_address>
         <run_address>0xbb80</run_address>
         <size>0x60</size>
         <input_file_ref idref="fl-bd"/>
      </object_component>
      <object_component id="oc-1f1">
         <name>.rtdx_text:_RTDX_Buffer_Size</name>
         <load_address>0xbbe0</load_address>
         <run_address>0xbbe0</run_address>
         <size>0x40</size>
         <input_file_ref idref="fl-be"/>
      </object_component>
      <object_component id="oc-1e6">
         <name>.rtdx_text:_RTDX_Final_RT_Monitor</name>
         <load_address>0xbc20</load_address>
         <run_address>0xbc20</run_address>
         <size>0x40</size>
         <input_file_ref idref="fl-c0"/>
      </object_component>
      <object_component id="oc-1c7">
         <name>.rtdx_text:_RTDX_Buffer_Read</name>
         <load_address>0xbc60</load_address>
         <run_address>0xbc60</run_address>
         <size>0x20</size>
         <input_file_ref idref="fl-bd"/>
      </object_component>
      <object_component id="oc-1c8">
         <name>.rtdx_text:_RTDX_Buffer_Write</name>
         <load_address>0xbc80</load_address>
         <run_address>0xbc80</run_address>
         <size>0x20</size>
         <input_file_ref idref="fl-be"/>
      </object_component>
      <object_component id="oc-1e1">
         <name>.rtdx_text:_RTDX_checksum</name>
         <load_address>0xbca0</load_address>
         <run_address>0xbca0</run_address>
         <size>0x20</size>
         <input_file_ref idref="fl-c0"/>
      </object_component>
      <object_component id="oc-151">
         <name>.rtdx_text</name>
         <load_address>0xbcc0</load_address>
         <run_address>0xbcc0</run_address>
         <size>0x20</size>
         <input_file_ref idref="fl-bf"/>
      </object_component>
      <object_component id="oc-6d">
         <name>.TSK_idle$stk</name>
         <uninitialized>true</uninitialized>
         <run_address>0xc560</run_address>
         <size>0x400</size>
         <input_file_ref idref="fl-f"/>
      </object_component>
      <object_component id="oc-70">
         <name>.LOG_system$buf</name>
         <uninitialized>true</uninitialized>
         <run_address>0xd300</run_address>
         <size>0x100</size>
         <input_file_ref idref="fl-f"/>
      </object_component>
      <object_component id="oc-66">
         <name>.hst1</name>
         <uninitialized>true</uninitialized>
         <run_address>0xc12c</run_address>
         <size>0x10</size>
         <input_file_ref idref="fl-f"/>
      </object_component>
      <object_component id="oc-69">
         <name>.hst0</name>
         <uninitialized>true</uninitialized>
         <run_address>0xd400</run_address>
         <size>0x100</size>
         <input_file_ref idref="fl-f"/>
      </object_component>
      <object_component id="oc-182">
         <name>.const</name>
         <load_address>0xd5c8</load_address>
         <run_address>0xd5c8</run_address>
         <size>0x4e</size>
         <input_file_ref idref="fl-c9"/>
      </object_component>
      <object_component id="oc-9a">
         <name>.const</name>
         <load_address>0xd616</load_address>
         <run_address>0xd616</run_address>
         <size>0x23</size>
         <input_file_ref idref="fl-94"/>
      </object_component>
      <object_component id="oc-9e">
         <name>.const</name>
         <load_address>0xd639</load_address>
         <run_address>0xd639</run_address>
         <size>0x22</size>
         <input_file_ref idref="fl-95"/>
      </object_component>
      <object_component id="oc-107">
         <name>.const</name>
         <load_address>0xd65c</load_address>
         <run_address>0xd65c</run_address>
         <size>0x20</size>
         <input_file_ref idref="fl-af"/>
      </object_component>
      <object_component id="oc-166">
         <name>.const</name>
         <load_address>0xd67c</load_address>
         <run_address>0xd67c</run_address>
         <size>0x1</size>
         <input_file_ref idref="fl-c3"/>
      </object_component>
      <object_component id="oc-64">
         <name>.printf</name>
         <load_address>0xd67d</load_address>
         <run_address>0xd67d</run_address>
         <size>0xaa</size>
         <input_file_ref idref="fl-f"/>
      </object_component>
      <object_component id="oc-b2">
         <name>.args</name>
         <load_address>0xc13c</load_address>
         <run_address>0xc13c</run_address>
         <size>0x0</size>
         <input_file_ref idref="fl-9a"/>
      </object_component>
      <object_component id="oc-32">
         <name>_SYS_PUTCBEG</name>
         <load_address>0xd0d8</load_address>
         <run_address>0xd0d8</run_address>
         <size>0x0</size>
      </object_component>
      <object_component id="oc-34">
         <name>_SYS_PUTCEND</name>
         <load_address>0xd2d8</load_address>
         <run_address>0xd2d8</run_address>
         <size>0x0</size>
      </object_component>
      <object_component id="oc-67">
         <name>.hst</name>
         <uninitialized>true</uninitialized>
         <run_address>0xd840</run_address>
         <size>0x3c</size>
         <input_file_ref idref="fl-f"/>
      </object_component>
      <object_component id="oc-71">
         <name>.log</name>
         <load_address>0xd89c</load_address>
         <run_address>0xd89c</run_address>
         <size>0x18</size>
         <input_file_ref idref="fl-f"/>
      </object_component>
      <object_component id="oc-68">
         <name>.pip</name>
         <uninitialized>true</uninitialized>
         <run_address>0xd500</run_address>
         <size>0xc8</size>
         <input_file_ref idref="fl-f"/>
      </object_component>
      <object_component id="oc-65">
         <name>.sts</name>
         <load_address>0xd730</load_address>
         <run_address>0xd730</run_address>
         <size>0x70</size>
         <input_file_ref idref="fl-f"/>
      </object_component>
      <object_component id="oc-3a">
         <name>GBL_stackbeg</name>
         <uninitialized>true</uninitialized>
         <run_address>0xc960</run_address>
         <size>0x0</size>
      </object_component>
      <object_component id="oc-b3">
         <name>.stack</name>
         <uninitialized>true</uninitialized>
         <run_address>0xc960</run_address>
         <size>0x0</size>
         <input_file_ref idref="fl-9a"/>
      </object_component>
      <object_component id="oc-230">
         <name>.stack</name>
         <uninitialized>true</uninitialized>
         <run_address>0xc960</run_address>
         <size>0x0</size>
      </object_component>
      <object_component id="oc-49">
         <name>.debug_info</name>
         <load_address>0x0</load_address>
         <run_address>0x0</run_address>
         <size>0x1df1</size>
         <input_file_ref idref="fl-b"/>
      </object_component>
      <object_component id="oc-4f">
         <name>.debug_info</name>
         <load_address>0x1df1</load_address>
         <run_address>0x1df1</run_address>
         <size>0x939</size>
         <input_file_ref idref="fl-c"/>
      </object_component>
      <object_component id="oc-55">
         <name>.debug_info</name>
         <load_address>0x272a</load_address>
         <run_address>0x272a</run_address>
         <size>0xbd9</size>
         <input_file_ref idref="fl-d"/>
      </object_component>
      <object_component id="oc-5b">
         <name>.debug_info</name>
         <load_address>0x3303</load_address>
         <run_address>0x3303</run_address>
         <size>0x5cb</size>
         <input_file_ref idref="fl-e"/>
      </object_component>
      <object_component id="oc-74">
         <name>.debug_info</name>
         <load_address>0x38ce</load_address>
         <run_address>0x38ce</run_address>
         <size>0x363</size>
         <input_file_ref idref="fl-f"/>
      </object_component>
      <object_component id="oc-77">
         <name>.debug_info</name>
         <load_address>0x3c31</load_address>
         <run_address>0x3c31</run_address>
         <size>0xf8</size>
         <input_file_ref idref="fl-8b"/>
      </object_component>
      <object_component id="oc-7d">
         <name>.debug_info</name>
         <load_address>0x3d29</load_address>
         <run_address>0x3d29</run_address>
         <size>0xb9</size>
         <input_file_ref idref="fl-8d"/>
      </object_component>
      <object_component id="oc-80">
         <name>.debug_info</name>
         <load_address>0x3de2</load_address>
         <run_address>0x3de2</run_address>
         <size>0xaf</size>
         <input_file_ref idref="fl-8e"/>
      </object_component>
      <object_component id="oc-86">
         <name>.debug_info</name>
         <load_address>0x3e91</load_address>
         <run_address>0x3e91</run_address>
         <size>0x1a5</size>
         <input_file_ref idref="fl-8f"/>
      </object_component>
      <object_component id="oc-8b">
         <name>.debug_info</name>
         <load_address>0x4036</load_address>
         <run_address>0x4036</run_address>
         <size>0x13c</size>
         <input_file_ref idref="fl-90"/>
      </object_component>
      <object_component id="oc-8e">
         <name>.debug_info</name>
         <load_address>0x4172</load_address>
         <run_address>0x4172</run_address>
         <size>0x607</size>
         <input_file_ref idref="fl-91"/>
      </object_component>
      <object_component id="oc-91">
         <name>.debug_info</name>
         <load_address>0x4779</load_address>
         <run_address>0x4779</run_address>
         <size>0x6f0</size>
         <input_file_ref idref="fl-92"/>
      </object_component>
      <object_component id="oc-94">
         <name>.debug_info</name>
         <load_address>0x4e69</load_address>
         <run_address>0x4e69</run_address>
         <size>0xf1f</size>
         <input_file_ref idref="fl-93"/>
      </object_component>
      <object_component id="oc-99">
         <name>.debug_info</name>
         <load_address>0x5d88</load_address>
         <run_address>0x5d88</run_address>
         <size>0x7fd</size>
         <input_file_ref idref="fl-94"/>
      </object_component>
      <object_component id="oc-9d">
         <name>.debug_info</name>
         <load_address>0x6585</load_address>
         <run_address>0x6585</run_address>
         <size>0x7ea</size>
         <input_file_ref idref="fl-95"/>
      </object_component>
      <object_component id="oc-a1">
         <name>.debug_info</name>
         <load_address>0x6d6f</load_address>
         <run_address>0x6d6f</run_address>
         <size>0x6d9</size>
         <input_file_ref idref="fl-96"/>
      </object_component>
      <object_component id="oc-a6">
         <name>.debug_info</name>
         <load_address>0x7448</load_address>
         <run_address>0x7448</run_address>
         <size>0x690</size>
         <input_file_ref idref="fl-97"/>
      </object_component>
      <object_component id="oc-aa">
         <name>.debug_info</name>
         <load_address>0x7ad8</load_address>
         <run_address>0x7ad8</run_address>
         <size>0x112</size>
         <input_file_ref idref="fl-98"/>
      </object_component>
      <object_component id="oc-ae">
         <name>.debug_info</name>
         <load_address>0x7bea</load_address>
         <run_address>0x7bea</run_address>
         <size>0x106</size>
         <input_file_ref idref="fl-99"/>
      </object_component>
      <object_component id="oc-b1">
         <name>.debug_info</name>
         <load_address>0x7cf0</load_address>
         <run_address>0x7cf0</run_address>
         <size>0x65a</size>
         <input_file_ref idref="fl-9a"/>
      </object_component>
      <object_component id="oc-bc">
         <name>.debug_info</name>
         <load_address>0x834a</load_address>
         <run_address>0x834a</run_address>
         <size>0xaf</size>
         <input_file_ref idref="fl-9d"/>
      </object_component>
      <object_component id="oc-c0">
         <name>.debug_info</name>
         <load_address>0x83f9</load_address>
         <run_address>0x83f9</run_address>
         <size>0xb8</size>
         <input_file_ref idref="fl-9e"/>
      </object_component>
      <object_component id="oc-c4">
         <name>.debug_info</name>
         <load_address>0x84b1</load_address>
         <run_address>0x84b1</run_address>
         <size>0xaa</size>
         <input_file_ref idref="fl-9f"/>
      </object_component>
      <object_component id="oc-c9">
         <name>.debug_info</name>
         <load_address>0x855b</load_address>
         <run_address>0x855b</run_address>
         <size>0x11b</size>
         <input_file_ref idref="fl-a0"/>
      </object_component>
      <object_component id="oc-cd">
         <name>.debug_info</name>
         <load_address>0x8676</load_address>
         <run_address>0x8676</run_address>
         <size>0xaa</size>
         <input_file_ref idref="fl-a1"/>
      </object_component>
      <object_component id="oc-d1">
         <name>.debug_info</name>
         <load_address>0x8720</load_address>
[...]
         <value>0x64e0</value>
         <object_component_ref idref="oc-1db"/>
      </symbol>
      <symbol id="sm-591">
         <name>_GBL_cslCacheInit</name>
         <value>0x3580</value>
         <object_component_ref idref="oc-111"/>
      </symbol>
      <symbol id="sm-599">
         <name>GBL_A_VERSION</name>
         <value>0x5205</value>
      </symbol>
      <symbol id="sm-59a">
         <name>_GBL_getVersion</name>
         <value>0x4320</value>
         <object_component_ref idref="oc-114"/>
      </symbol>
      <symbol id="sm-5a2">
         <name>_HWI_restore</name>
         <value>0x404c</value>
         <object_component_ref idref="oc-118"/>
      </symbol>
      <symbol id="sm-5a3">
         <name>_HWI_enable</name>
         <value>0x4038</value>
         <object_component_ref idref="oc-118"/>
      </symbol>
      <symbol id="sm-5a4">
         <name>_HWI_disable</name>
         <value>0x4020</value>
         <object_component_ref idref="oc-118"/>
      </symbol>
      <symbol id="sm-5be">
         <name>__IRQ_eventTable</name>
         <value>0x9360</value>
         <object_component_ref idref="oc-11e"/>
      </symbol>
      <symbol id="sm-5bf">
         <name>__IRQ_intTable</name>
         <value>0x93e4</value>
         <object_component_ref idref="oc-11e"/>
      </symbol>
      <symbol id="sm-5c0">
         <name>_IRQ_globalEnable</name>
         <value>0x7ac0</value>
         <object_component_ref idref="oc-1d6"/>
      </symbol>
      <symbol id="sm-5c1">
         <name>_IRQ_map</name>
         <value>0x6160</value>
         <object_component_ref idref="oc-1d5"/>
      </symbol>
      <symbol id="sm-5c2">
         <name>__IRQ_init</name>
         <value>0x7660</value>
         <object_component_ref idref="oc-1e7"/>
      </symbol>
      <symbol id="sm-5c3">
         <name>_IRQ_enable</name>
         <value>0x79e0</value>
         <object_component_ref idref="oc-1d4"/>
      </symbol>
      <symbol id="sm-5c4">
         <name>__IRQ_dispatchTable</name>
         <value>0x9424</value>
         <object_component_ref idref="oc-11e"/>
      </symbol>
      <symbol id="sm-5c5">
         <name>__IRQ_hookFetchPacket</name>
         <value>0x7ba0</value>
         <object_component_ref idref="oc-11c"/>
      </symbol>
      <symbol id="sm-5d1">
         <name>_KNL_maxqueue</name>
         <value>0xcff8</value>
         <object_component_ref idref="oc-122"/>
      </symbol>
      <symbol id="sm-5d2">
         <name>_KNL_inactive</name>
         <value>0xcfd8</value>
         <object_component_ref idref="oc-122"/>
      </symbol>
      <symbol id="sm-5d3">
         <name>_KNL_tswitchfxn</name>
         <value>0xcffc</value>
         <object_component_ref idref="oc-122"/>
      </symbol>
      <symbol id="sm-5d4">
         <name>_KNL_setpri</name>
         <value>0xcfd4</value>
         <object_component_ref idref="oc-122"/>
      </symbol>
      <symbol id="sm-5d5">
         <name>_KNL_swiptr</name>
         <value>0xcff0</value>
         <object_component_ref idref="oc-122"/>
      </symbol>
      <symbol id="sm-5d6">
         <name>_KNL_dummy</name>
         <value>0x94cc</value>
         <object_component_ref idref="oc-125"/>
      </symbol>
      <symbol id="sm-5d7">
         <name>_KNL_curtask</name>
         <value>0xcfe4</value>
         <object_component_ref idref="oc-122"/>
      </symbol>
      <symbol id="sm-5d8">
         <name>_KNL_curqueue</name>
         <value>0xcff4</value>
         <object_component_ref idref="oc-122"/>
      </symbol>
      <symbol id="sm-5d9">
         <name>_KNL_wList</name>
         <value>0xcfcc</value>
         <object_component_ref idref="oc-122"/>
      </symbol>
      <symbol id="sm-5da">
         <name>_KNL_curtime</name>
         <value>0xcfec</value>
         <object_component_ref idref="oc-122"/>
      </symbol>
      <symbol id="sm-5db">
         <name>_KNL_set</name>
         <value>0xcfe0</value>
         <object_component_ref idref="oc-122"/>
      </symbol>
      <symbol id="sm-5dc">
         <name>_KNL_alarm</name>
         <value>0xcfd0</value>
         <object_component_ref idref="oc-122"/>
      </symbol>
      <symbol id="sm-5dd">
         <name>_KNL_prevtask</name>
         <value>0xcfe8</value>
         <object_component_ref idref="oc-122"/>
      </symbol>
      <symbol id="sm-5de">
         <name>_KNL_queues</name>
         <value>0x942c</value>
         <object_component_ref idref="oc-125"/>
      </symbol>
      <symbol id="sm-5df">
         <name>_KNL_idlefxn</name>
         <value>0xd00c</value>
         <object_component_ref idref="oc-122"/>
      </symbol>
      <symbol id="sm-5e0">
         <name>_KNL_priority</name>
         <value>0xcfdc</value>
         <object_component_ref idref="oc-122"/>
      </symbol>
      <symbol id="sm-5e1">
         <name>_KNL_treadyfxn</name>
         <value>0xd008</value>
         <object_component_ref idref="oc-122"/>
      </symbol>
      <symbol id="sm-5e2">
         <name>_KNL_tcreatefxn</name>
         <value>0xd000</value>
         <object_component_ref idref="oc-122"/>
      </symbol>
      <symbol id="sm-5e3">
         <name>_KNL_wFlag</name>
         <value>0xcfc8</value>
         <object_component_ref idref="oc-122"/>
      </symbol>
      <symbol id="sm-5e4">
         <name>_KNL_tdeletefxn</name>
         <value>0xd004</value>
         <object_component_ref idref="oc-122"/>
      </symbol>
      <symbol id="sm-5ee">
         <name>_KNL_exit</name>
         <value>0x3660</value>
         <object_component_ref idref="oc-128"/>
      </symbol>
      <symbol id="sm-5ef">
         <name>_KNL_enter</name>
         <value>0x36b4</value>
         <object_component_ref idref="oc-128"/>
      </symbol>
      <symbol id="sm-5f7">
         <name>__KNL_lat1beg</name>
         <value>0x3490</value>
         <object_component_ref idref="oc-12b"/>
      </symbol>
      <symbol id="sm-5f8">
         <name>__KNL_lat1end</name>
         <value>0x3518</value>
         <object_component_ref idref="oc-12b"/>
      </symbol>
      <symbol id="sm-5f9">
         <name>_KNL_max</name>
         <value>0x353c</value>
         <object_component_ref idref="oc-12b"/>
      </symbol>
      <symbol id="sm-5fa">
         <name>_KNL_check</name>
         <value>0x3440</value>
         <object_component_ref idref="oc-12b"/>
      </symbol>
      <symbol id="sm-5fb">
         <name>_KNL_idle</name>
         <value>0x3518</value>
         <object_component_ref idref="oc-12b"/>
      </symbol>
      <symbol id="sm-605">
         <name>_KNL_post</name>
         <value>0x3aa0</value>
         <object_component_ref idref="oc-130"/>
      </symbol>
      <symbol id="sm-60f">
         <name>_KNL_ipost</name>
         <value>0x39e0</value>
         <object_component_ref idref="oc-134"/>
      </symbol>
      <symbol id="sm-619">
         <name>_KNL_run</name>
         <value>0x1b20</value>
         <object_component_ref idref="oc-138"/>
      </symbol>
      <symbol id="sm-633">
         <name>_MCBSP_reset</name>
         <value>0x6680</value>
         <object_component_ref idref="oc-1f8"/>
      </symbol>
      <symbol id="sm-634">
         <name>_MCBSP_open</name>
         <value>0x6fa0</value>
         <object_component_ref idref="oc-1e9"/>
      </symbol>
      <symbol id="sm-635">
         <name>_MCBSP_getXmtAddr</name>
         <value>0x7ae0</value>
         <object_component_ref idref="oc-1dc"/>
      </symbol>
      <symbol id="sm-636">
         <name>__MCBSP_hDev0</name>
         <value>0x9688</value>
         <object_component_ref idref="oc-13c"/>
      </symbol>
      <symbol id="sm-637">
         <name>__MCBSP_hDev1</name>
         <value>0x968c</value>
         <object_component_ref idref="oc-13c"/>
      </symbol>
      <symbol id="sm-638">
         <name>_MCBSP_start</name>
         <value>0x70a0</value>
         <object_component_ref idref="oc-1eb"/>
      </symbol>
      <symbol id="sm-639">
         <name>_MCBSP_config</name>
         <value>0x75c0</value>
         <object_component_ref idref="oc-1ea"/>
      </symbol>
      <symbol id="sm-63a">
         <name>_MCBSP_xrdy</name>
         <value>0x7b20</value>
         <object_component_ref idref="oc-1ec"/>
      </symbol>
      <symbol id="sm-63b">
         <name>_MCBSP_write</name>
         <value>0x7b00</value>
         <object_component_ref idref="oc-1ed"/>
      </symbol>
      <symbol id="sm-649">
         <name>_OBJ_table</name>
         <value>0x9560</value>
         <object_component_ref idref="oc-142"/>
      </symbol>
      <symbol id="sm-64a">
         <name>_OBJ_init</name>
         <value>0xc540</value>
         <object_component_ref idref="oc-143"/>
      </symbol>
      <symbol id="sm-64b">
         <name>_OBJ_segtab</name>
         <value>0x9598</value>
         <object_component_ref idref="oc-142"/>
      </symbol>
      <symbol id="sm-657">
         <name>_RTDX_Buffer_ReadCB</name>
         <value>0xbb80</value>
         <object_component_ref idref="oc-1e3"/>
      </symbol>
      <symbol id="sm-658">
         <name>RTDX_NORMALIZED_HDR</name>
         <value>0x1</value>
      </symbol>
      <symbol id="sm-659">
         <name>_RTDX_Buffer_Read</name>
         <value>0xbc60</value>
         <object_component_ref idref="oc-1c7"/>
      </symbol>
      <symbol id="sm-675">
         <name>_rtdx_buffer_state</name>
         <value>0xc0f0</value>
         <object_component_ref idref="oc-14c"/>
      </symbol>
      <symbol id="sm-676">
         <name>_RTDX_Buffer_WriteCB</name>
         <value>0xb240</value>
         <object_component_ref idref="oc-1e4"/>
      </symbol>
      <symbol id="sm-677">
         <name>_rtdxNullChanCnt</name>
         <value>0xd0a8</value>
         <object_component_ref idref="oc-149"/>
      </symbol>
      <symbol id="sm-678">
         <name>_RTDX_writing</name>
         <value>0xc0fc</value>
         <object_component_ref idref="oc-14c"/>
      </symbol>
      <symbol id="sm-679">
         <name>_RTDX_Buffer_Initialize</name>
         <value>0xbb20</value>
         <object_component_ref idref="oc-1ca"/>
      </symbol>
      <symbol id="sm-67a">
         <name>_RTDX_Buffer_Write</name>
         <value>0xbc80</value>
         <object_component_ref idref="oc-1c8"/>
      </symbol>
      <symbol id="sm-67b">
         <name>_rtdxNullFuncCnt</name>
         <value>0xd0ac</value>
         <object_component_ref idref="oc-149"/>
      </symbol>
      <symbol id="sm-67c">
         <name>_RTDX_Buffer_Size</name>
         <value>0xbbe0</value>
         <object_component_ref idref="oc-1f1"/>
      </symbol>
      <symbol id="sm-686">
         <name>_RTDX_Mask_IER</name>
         <value>0xbcc0</value>
         <object_component_ref idref="oc-151"/>
      </symbol>
      <symbol id="sm-69e">
         <name>_RTDX_Mon_Queue</name>
         <value>0xb880</value>
         <object_component_ref idref="oc-1f4"/>
      </symbol>
      <symbol id="sm-69f">
         <name>_rtdx_mon_state</name>
         <value>0xc110</value>
         <object_component_ref idref="oc-155"/>
      </symbol>
      <symbol id="sm-6a0">
         <name>_RTDX_JTAGONLY</name>
         <value>0x2</value>
      </symbol>
      <symbol id="sm-6a1">
         <name>_RTDX_Final_RT_Monitor</name>
         <value>0xbc20</value>
         <object_component_ref idref="oc-1e6"/>
      </symbol>
      <symbol id="sm-6a2">
         <name>_RTDX_Poll</name>
         <value>0xae40</value>
         <object_component_ref idref="oc-1c6"/>
      </symbol>
      <symbol id="sm-6a3">
         <name>_RTDX_Init_RT_Monitor</name>
         <value>0xbaa0</value>
         <object_component_ref idref="oc-1cb"/>
      </symbol>
      <symbol id="sm-6ab">
         <name>_STS_set</name>
         <value>0x4360</value>
         <object_component_ref idref="oc-159"/>
      </symbol>
      <symbol id="sm-6bb">
         <name>_TIMER_reset</name>
         <value>0x6d80</value>
         <object_component_ref idref="oc-1f7"/>
      </symbol>
      <symbol id="sm-6bc">
         <name>_TIMER_open</name>
         <value>0x6c40</value>
         <object_component_ref idref="oc-1e8"/>
      </symbol>
      <symbol id="sm-6bd">
         <name>__TIMER_hDev0</name>
         <value>0x9704</value>
         <object_component_ref idref="oc-15e"/>
      </symbol>
      <symbol id="sm-6be">
         <name>__TIMER_hDev1</name>
         <value>0x9708</value>
         <object_component_ref idref="oc-15e"/>
      </symbol>
      <symbol id="sm-6bf">
         <name>__TIMER_hBios</name>
         <value>0x970c</value>
         <object_component_ref idref="oc-15e"/>
      </symbol>
      <symbol id="sm-6c0">
         <name>__TIMER_deviceTable</name>
         <value>0x96ec</value>
         <object_component_ref idref="oc-15e"/>
      </symbol>
      <symbol id="sm-6ce">
         <name>_TSK_nTasks</name>
         <value>0xd0b0</value>
         <object_component_ref idref="oc-162"/>
      </symbol>
      <symbol id="sm-6cf">
         <name>_TSK_config</name>
         <value>0x9520</value>
         <object_component_ref idref="oc-165"/>
      </symbol>
      <symbol id="sm-6d0">
         <name>_TSK</name>
         <value>0xd0b8</value>
         <object_component_ref idref="oc-162"/>
      </symbol>
      <symbol id="sm-6d1">
         <name>_TSK_timerSem</name>
         <value>0x9540</value>
         <object_component_ref idref="oc-165"/>
      </symbol>
      <symbol id="sm-6d2">
         <name>_TSK_pid</name>
         <value>0xd0b4</value>
         <object_component_ref idref="oc-162"/>
      </symbol>
      <symbol id="sm-6d3">
         <name>_TSK_ATTRS</name>
         <value>0x9504</value>
         <object_component_ref idref="oc-165"/>
      </symbol>
      <symbol id="sm-6dd">
         <name>_TSK_exit</name>
         <value>0x2fa0</value>
         <object_component_ref idref="oc-169"/>
      </symbol>
      <symbol id="sm-6e7">
         <name>_SYS_exit</name>
         <value>0x3c20</value>
         <object_component_ref idref="oc-16d"/>
      </symbol>
      <symbol id="sm-6f3">
         <name>_SYS_exitStack</name>
         <value>0x9710</value>
         <object_component_ref idref="oc-173"/>
      </symbol>
      <symbol id="sm-6f4">
         <name>_SYS_exitStackPtr</name>
         <value>0xd0c4</value>
         <object_component_ref idref="oc-170"/>
      </symbol>
      <symbol id="sm-6f5">
         <name>_SYS_exitStackTop</name>
         <value>0xd0c8</value>
         <object_component_ref idref="oc-170"/>
      </symbol>
      <symbol id="sm-6ff">
         <name>_TSK_init</name>
         <value>0xc4c0</value>
         <object_component_ref idref="oc-176"/>
      </symbol>
      <symbol id="sm-709">
         <name>_TSK_setup</name>
         <value>0x2a20</value>
         <object_component_ref idref="oc-17a"/>
      </symbol>
      <symbol id="sm-71b">
         <name>__MEM_mutex</name>
         <value>0x9630</value>
         <object_component_ref idref="oc-180"/>
      </symbol>
      <symbol id="sm-71c">
         <name>_TSK_startup</name>
         <value>0x3380</value>
         <object_component_ref idref="oc-181"/>
      </symbol>
      <symbol id="sm-71d">
         <name>__TSK_mutex</name>
         <value>0x9608</value>
         <object_component_ref idref="oc-180"/>
      </symbol>
      <symbol id="sm-727">
         <name>_LCK_pend</name>
         <value>0x3b90</value>
         <object_component_ref idref="oc-186"/>
      </symbol>
      <symbol id="sm-728">
         <name>_LCK_post</name>
         <value>0x3b60</value>
         <object_component_ref idref="oc-186"/>
      </symbol>
      <symbol id="sm-730">
         <name>_SEM_pend</name>
         <value>0x4080</value>
         <object_component_ref idref="oc-189"/>
      </symbol>
      <symbol id="sm-73a">
         <name>_SEM_pendEnterKnl</name>
         <value>0x20a0</value>
         <object_component_ref idref="oc-18e"/>
      </symbol>
      <symbol id="sm-742">
         <name>_SEM_postBinary</name>
         <value>0x3820</value>
         <object_component_ref idref="oc-191"/>
      </symbol>
      <symbol id="sm-743">
         <name>_SEM_post</name>
         <value>0x3820</value>
         <object_component_ref idref="oc-191"/>
      </symbol>
      <symbol id="sm-74d">
         <name>_SEM_postEnterKnl</name>
         <value>0x3740</value>
         <object_component_ref idref="oc-196"/>
      </symbol>
      <symbol id="sm-757">
         <name>_SYS_abort</name>
         <value>0x40e0</value>
         <object_component_ref idref="oc-19a"/>
      </symbol>
      <symbol id="sm-765">
         <name>__GBL_setL2CacheMode</name>
         <value>0xc34</value>
         <object_component_ref idref="oc-1a0"/>
      </symbol>
      <symbol id="sm-76f">
         <name>__SEM_dopost</name>
         <value>0x2800</value>
         <object_component_ref idref="oc-1a4"/>
      </symbol>
      <symbol id="sm-779">
         <name>__auto_init</name>
         <value>0x3140</value>
         <object_component_ref idref="oc-1a8"/>
      </symbol>
      <symbol id="sm-78b">
         <name>__unlock</name>
         <value>0x977c</value>
         <object_component_ref idref="oc-1ad"/>
      </symbol>
      <symbol id="sm-78c">
         <name>__lock</name>
         <value>0x9778</value>
         <object_component_ref idref="oc-1ad"/>
      </symbol>
      <symbol id="sm-78d">
         <name>__register_lock</name>
         <value>0x7b60</value>
         <object_component_ref idref="oc-1cc"/>
      </symbol>
      <symbol id="sm-78e">
         <name>__nop</name>
         <value>0x7b40</value>
         <object_component_ref idref="oc-1cf"/>
      </symbol>
      <symbol id="sm-78f">
         <name>__register_unlock</name>
         <value>0x7b80</value>
         <object_component_ref idref="oc-1cd"/>
      </symbol>
      <symbol id="sm-797">
         <name>__strasg</name>
         <value>0x7280</value>
         <object_component_ref idref="oc-1c9"/>
      </symbol>
      <symbol id="sm-7a5">
         <name>_atexit</name>
         <value>0x7360</value>
         <object_component_ref idref="oc-1e5"/>
      </symbol>
      <symbol id="sm-7a6">
         <name>___atexit_func_id__</name>
         <value>0x91b0</value>
         <object_component_ref idref="oc-1b5"/>
      </symbol>
      <symbol id="sm-7b6">
         <name>_dtors</name>
         <value>0x9780</value>
         <object_component_ref idref="oc-1ba"/>
      </symbol>
      <symbol id="sm-7b7">
         <name>_call_dtors</name>
         <value>0x69a0</value>
         <object_component_ref idref="oc-1fa"/>
      </symbol>
      <symbol id="sm-7b8">
         <name>___add_dtor</name>
         <value>0x7a20</value>
         <object_component_ref idref="oc-1f5"/>
      </symbol>
      <symbol id="sm-7c4">
         <name>___TI_enable_exit_profile_output</name>
         <value>0x9774</value>
         <object_component_ref idref="oc-1bf"/>
      </symbol>
      <symbol id="sm-7c5">
         <name>__cleanup_ptr</name>
         <value>0x976c</value>
         <object_component_ref idref="oc-1bf"/>
      </symbol>
      <symbol id="sm-7c6">
         <name>__dtors_ptr</name>
         <value>0x9770</value>
         <object_component_ref idref="oc-1bf"/>
      </symbol>
      <symbol id="sm-7d0">
         <name>_memcpy</name>
         <value>0x58e0</value>
         <object_component_ref idref="oc-1ce"/>
      </symbol>
   </symbol_table>
</link_info>
