******************************************************************************
               TMS320C6x Linker PC v7.4.4                      
******************************************************************************
>> Linked Sat Feb 15 15:06:24 2014

OUTPUT FILE NAME:   <QPSKModulator.out>
ENTRY POINT SYMBOL: "_c_int00"  address: 0000b480


MEMORY CONFIGURATION

         name            origin    length      used     unused   attr    fill
----------------------  --------  ---------  --------  --------  ----  --------
  IRAM                  00000000   00040000  0000c96d  00033693  RWIX
  SDRAM                 80000000   00800000  00000000  00800000  RWIX


SECTION ALLOCATION MAP

 output                                  attributes/
section   page    origin      length       input sections
--------  ----  ----------  ----------   ----------------
.vers      0    00000000    00000040     COPY SECTION
                  00000000    00000040     LED_blinkcfg.obj (.vers)

.hwi_vec   0    00000000    00000200     
                  00000000    00000200     LED_blinkcfg.obj (.hwi_vec)

.data      0    00000000    00000000     UNINITIALIZED

.bios      0    00000200    000041c0     
                  00000200    00000600     lnkrtdx.a67 : rtdx.o67 (.bios)
                  00000800    000005e0     bios.a67 : gbl_setL2CacheMode.o67 (.bios)
                  00000de0    00000540              : swi.o67 (.bios)
                  00001320    00000460              : hwi_disp_asm.o67 (.bios)
                  00001780    000003a0              : prd.o67 (.bios)
                  00001b20    000002c0              : knl_run.o67 (.bios)
                  00001de0    000002c0              : rta.o67 (.bios)
                  000020a0    000002c0              : sem_pend.o67 (.bios)
                  00002360    00000260              : knl_tick.o67 (.bios)
                  000025c0    00000240              : pip.o67 (.bios)
                  00002800    00000220              : sem_dopo.o67 (.bios)
                  00002a20    00000200              : tsk_setu.o67 (.bios)
                  00002c20    000001c0              : knl_swit.o67 (.bios)
                  00002de0    000001c0     biosC6000.a67 : clk.o67 (.bios)
                  00002fa0    000001a0     bios.a67 : tsk_exit.o67 (.bios)
                  00003140    00000180              : autoinit.o67 (.bios)
                  000032c0    00000180              : tsk_stup.o67 (.bios)
                  00003440    00000140              : knl_chec.o67 (.bios)
                  00003580    000000e0              : gbl_cslcacheinit.o67 (.bios)
                  00003660    000000e0              : knl_exit.o67 (.bios)
                  00003740    000000e0              : sem_post.o67 (.bios)
                  00003820    000000e0              : sem_post_asm.o67 (.bios)
                  00003900    000000e0     biosC6000.a67 : clk_meas.o67 (.bios)
                  000039e0    000000c0     bios.a67 : knl_ipos.o67 (.bios)
                  00003aa0    000000c0              : knl_post.o67 (.bios)
                  00003b60    000000c0              : lck.o67 (.bios)
                  00003c20    000000c0              : sys_exit.o67 (.bios)
                  00003ce0    000000c0     biosC6000.a67 : clk_htime.o67 (.bios)
                  00003da0    00000080     bios.a67 : fxn.o67 (.bios)
                  00003e20    00000080              : idl_busy.o67 (.bios)
                  00003ea0    00000080              : log.o67 (.bios)
                  00003f20    00000080              : sts.o67 (.bios)
                  00003fa0    00000080     biosC6000.a67 : idl_cal.o67 (.bios)
                  00004020    00000060     bios.a67 : hwi_c.o67 (.bios)
                  00004080    00000060              : sem_pend_counting.o67 (.bios)
                  000040e0    00000060              : sys_abor.o67 (.bios)
                  00004140    00000060              : utl_putc.o67 (.bios)
                  000041a0    00000060     biosC6000.a67 : clk_start.o67 (.bios)
                  00004200    00000040     bios.a67 : idl_stub.o67 (.bios)
                  00004240    00000040              : rta_andn.o67 (.bios)
                  00004280    00000040              : utl_doab.o67 (.bios)
                  000042c0    00000040     biosC6000.a67 : clk_stop.o67 (.bios)
                  00004300    00000020     bios.a67 : fxn_c.o67 (.bios)
                  00004320    00000020              : gbl_vers.o67 (.bios)
                  00004340    00000020              : idl.o67 (.bios)
                  00004360    00000020              : sts_set.o67 (.bios)
                  00004380    00000020              : utl_doer.o67 (.bios)
                  000043a0    00000020              : utl_halt.o67 (.bios)

.text      0    000043c0    000037e0     
                  000043c0    00000e00     main.obj (.text)
                  000051c0    00000480     dsk6713bsl.lib : dsk6713.obj (.text)
                  00005640    00000280     csl6713.lib : csl_edma.obj (.text:_EDMA_open)
                  000058c0    00000240     rts6700.lib : memcpy62.obj (.text:_memcpy)
                  00005b00    00000240     config_AIC23.obj (.text)
                  00005d40    00000220     csl6713.lib : csl.obj (.text:__CSL_init)
                  00005f60    000001e0     dsk6713bsl.lib : dsk6713_led.obj (.text)
                  00006140    000001c0     csl6713.lib : csl_irq.obj (.text:_IRQ_map)
                  00006300    000001c0                 : csl_irq.obj (.text:_mux2Tables)
                  000064c0    000001a0                 : csl_edma.obj (.text:_EDMA_allocTable)
                  00006660    000001a0                 : csl_mcbsp.obj (.text:_MCBSP_reset)
                  00006800    00000180     bios.a67 : gbl_cslpllinit62.o67 (.text)
                  00006980    00000160     rts6700.lib : sinit.obj (.text:_call_dtors)
                  00006ae0    00000140     csl6713.lib : csl_edma.obj (.text:_EDMA_reset)
                  00006c20    00000140                 : csl_timer.obj (.text:_TIMER_open)
                  00006d60    00000120                 : csl_timer.obj (.text:_TIMER_reset)
                  00006e80    00000100                 : csl_edma.obj (.text:_EDMA_intAlloc)
                  00006f80    00000100                 : csl_mcbsp.obj (.text:_MCBSP_open)
                  00007080    00000100                 : csl_mcbsp.obj (.text:_MCBSP_start)
                  00007180    000000e0                 : csl_edma.obj (.text:_EDMA_config)
                  00007260    000000e0     rts6700.lib : strasg.obj (.text:__strasg)
                  00007340    000000e0                 : atexit.obj (.text:_atexit)
                  00007420    000000c0     bios.a67 : tsk_stup.o67 (.text)
                  000074e0    000000c0     config_MCBSP.obj (.text)
                  000075a0    000000a0     csl6713.lib : csl_mcbsp.obj (.text:_MCBSP_config)
                  00007640    000000a0                 : csl_irq.obj (.text:__IRQ_init)
                  000076e0    000000a0                 : csl_irq.obj (.text:_setMux)
                  00007780    00000080     dsk6713bsl.lib : dsk6713_dip.obj (.text)
                  00007800    00000060     csl6713.lib : csl_edma.obj (.text:_EDMA_disableChannel)
                  00007860    00000060                 : csl_edma.obj (.text:_EDMA_enableChannel)
                  000078c0    00000060                 : csl_edma.obj (.text:_EDMA_intEnable)
                  00007920    00000060                 : csl_edma.obj (.text:_EDMA_qdmaConfig)
                  00007980    00000040                 : csl_edma.obj (.text:_EDMA_link)
                  000079c0    00000040                 : csl_irq.obj (.text:_IRQ_enable)
                  00007a00    00000040     rts6700.lib : sinit.obj (.text:___add_dtor)
                  00007a40    00000020     csl6713.lib : csl.obj (.text:_CSL6713_LIB_)
                  00007a60    00000020                 : csl_edma.obj (.text:_EDMA_intClear)
                  00007a80    00000020                 : csl_edma.obj (.text:_EDMA_intTest)
                  00007aa0    00000020                 : csl_irq.obj (.text:_IRQ_globalEnable)
                  00007ac0    00000020                 : csl_mcbsp.obj (.text:_MCBSP_getXmtAddr)
                  00007ae0    00000020                 : csl_mcbsp.obj (.text:_MCBSP_write)
                  00007b00    00000020                 : csl_mcbsp.obj (.text:_MCBSP_xrdy)
                  00007b20    00000020     rts6700.lib : _lock.obj (.text:__nop)
                  00007b40    00000020                 : _lock.obj (.text:__register_lock)
                  00007b60    00000020                 : _lock.obj (.text:__register_unlock)
                  00007b80    00000020     csl6713.lib : csl_irq.obj (.text)

.cinit     0    00007ba0    000016a4     
                  00007ba0    000006f4     LED_blinkcfg.obj (.cinit)
                  00008294    00000004     --HOLE-- [fill = 0]
                  00008298    0000048c     main.obj (.cinit)
                  00008724    00000004     --HOLE-- [fill = 0]
                  00008728    0000026c     bios.a67 : biosdata.o67 (.cinit)
                  00008994    00000004     --HOLE-- [fill = 0]
                  00008998    000001a4              : knl.o67 (.cinit)
                  00008b3c    00000004     --HOLE-- [fill = 0]
                  00008b40    0000012c     csl6713.lib : csl_irq.obj (.cinit)
                  00008c6c    00000004     --HOLE-- [fill = 0]
                  00008c70    000000b0     bios.a67 : swi.o67 (.cinit)
                  00008d20    00000080              : tsk.o67 (.cinit)
                  00008da0    00000070     csl6713.lib : csl_edma.obj (.cinit)
                  00008e10    00000060     bios.a67 : tsk_stup.o67 (.cinit)
                  00008e70    0000005c     lnkrtdx.a67 : rtdx.o67 (.cinit)
                  00008ecc    00000004     --HOLE-- [fill = 0]
                  00008ed0    00000054     csl6713.lib : csl_mcbsp.obj (.cinit)
                  00008f24    00000004     --HOLE-- [fill = 0]
                  00008f28    0000004c     bios.a67 : rta.o67 (.cinit)
                  00008f74    00000004     --HOLE-- [fill = 0]
                  00008f78    0000004c     csl6713.lib : csl_timer.obj (.cinit)
                  00008fc4    00000004     --HOLE-- [fill = 0]
                  00008fc8    0000004c     rtdx.lib : buffer1.o62 (.cinit)
                  00009014    00000004     --HOLE-- [fill = 0]
                  00009018    00000048     config_AIC23.obj (.cinit)
                  00009060    0000003c     csl6713.lib : csl.obj (.cinit)
                  0000909c    00000004     --HOLE-- [fill = 0]
                  000090a0    00000034     bios.a67 : hwi.o67 (.cinit)
                  000090d4    00000004     --HOLE-- [fill = 0]
                  000090d8    0000002c              : utl_putc.o67 (.cinit)
                  00009104    00000004     --HOLE-- [fill = 0]
                  00009108    0000002c     rts6700.lib : exit.obj (.cinit)
                  00009134    00000004     --HOLE-- [fill = 0]
                  00009138    00000028     config_MCBSP.obj (.cinit)
                  00009160    00000024     bios.a67 : obj_init.o67 (.cinit)
                  00009184    00000004     --HOLE-- [fill = 0]
                  00009188    0000001c              : sys.o67 (.cinit)
                  000091a4    00000004     --HOLE-- [fill = 0]
                  000091a8    0000001c     rts6700.lib : _lock.obj (.cinit)
                  000091c4    00000004     --HOLE-- [fill = 0]
                  000091c8    0000001c                 : atexit.obj (.cinit)
                  000091e4    00000004     --HOLE-- [fill = 0]
                  000091e8    00000018     bios.a67 : knl_tick.o67 (.cinit)
                  00009200    0000000c              : gbl_setL2CacheMode.o67 (.cinit)
                  0000920c    00000004     --HOLE-- [fill = 0]
                  00009210    0000000c              : idl_busy.o67 (.cinit)
                  0000921c    00000004     --HOLE-- [fill = 0]
                  00009220    0000000c              : knl_swit.o67 (.cinit)
                  0000922c    00000004     --HOLE-- [fill = 0]
                  00009230    0000000c     rts6700.lib : sinit.obj (.cinit)
                  0000923c    00000004     --HOLE-- [fill = 0]
                  00009240    00000004     (.pad.cinit) [fill = 0]

.log       0    00009244    00000018     
                  00009244    00000018     LED_blinkcfg.obj (.log)

.args      0    0000925c    00000004     
                  0000925c    00000004     --HOLE-- [fill = 0]

.rtdx_text 
*          0    00009260    00000ea0     
                  00009260    00000400     rtdx.lib : rtdx_mon.o62 (.rtdx_text:_RTDX_Poll)
                  00009660    00000340              : buffer1.o62 (.rtdx_text:_RTDX_Buffer_WriteCB)
                  000099a0    00000300              : buffer1.o62 (.rtdx_text:_RTDX_write_next)
                  00009ca0    00000140              : rtdx_mon.o62 (.rtdx_text:_RTDX_Mon_Queue)
                  00009de0    000000e0              : buffer1.o62 (.rtdx_text:_claim)
                  00009ec0    00000080              : rtdx_mon.o62 (.rtdx_text:_RTDX_Init_RT_Monitor)
                  00009f40    00000060              : buffer1.o62 (.rtdx_text:_RTDX_Buffer_Initialize)
                  00009fa0    00000060              : buffer2.o62 (.rtdx_text:_RTDX_Buffer_ReadCB)
                  0000a000    00000040              : buffer1.o62 (.rtdx_text:_RTDX_Buffer_Size)
                  0000a040    00000040              : rtdx_mon.o62 (.rtdx_text:_RTDX_Final_RT_Monitor)
                  0000a080    00000020              : buffer2.o62 (.rtdx_text:_RTDX_Buffer_Read)
                  0000a0a0    00000020              : buffer1.o62 (.rtdx_text:_RTDX_Buffer_Write)
                  0000a0c0    00000020              : rtdx_mon.o62 (.rtdx_text:_RTDX_checksum)
                  0000a0e0    00000020              : intr_tgt.o62 (.rtdx_text)

.far       0    0000a100    00000c68     UNINITIALIZED
                  0000a100    00000690     main.obj (.far)
                  0000a790    00000188     rts6700.lib : atexit.obj (.far)
                  0000a918    000000f4     csl6713.lib : csl_irq.obj (.far)
                  0000aa0c    000000d8     bios.a67 : knl.o67 (.far)
                  0000aae4    0000005c              : tsk.o67 (.far)
                  0000ab40    00000054              : obj_init.o67 (.far)
                  0000ab94    00000054     csl6713.lib : csl_edma.obj (.far)
                  0000abe8    00000050     bios.a67 : tsk_stup.o67 (.far)
                  0000ac38    00000038     csl6713.lib : csl_mcbsp.obj (.far)
                  0000ac70    00000034     config_AIC23.obj (.far)
                  0000aca4    00000028     csl6713.lib : csl.obj (.far)
                  0000accc    00000024                 : csl_timer.obj (.far)
                  0000acf0    00000020     bios.a67 : sys.o67 (.far)
                  0000ad10    00000020     config_MCBSP.obj (.far)
                  0000ad30    00000010     bios.a67 : knl_tick.o67 (.far)
                  0000ad40    0000000c              : utl_putc.o67 (.far)
                  0000ad4c    0000000c     rts6700.lib : exit.obj (.far)
                  0000ad58    00000008                 : _lock.obj (.far)
                  0000ad60    00000004                 : sinit.obj (.far)
                  0000ad64    00000002     dsk6713bsl.lib : dsk6713.obj (.far)
                  0000ad66    00000002                    : dsk6713_led.obj (.far)

.rtdx_data 
*          0    0000ad68    0000044c     UNINITIALIZED
                  0000ad68    00000410     LED_blinkcfg.obj (.rtdx_data)
                  0000b178    00000020     rtdx.lib : buffer1.o62 (.rtdx_data)
                  0000b198    0000001c              : rtdx_mon.o62 (.rtdx_data)

.pinit     0    0000b1b4    0000000c     
                  0000b1b4    00000004     rtdx.lib : buffer1.o62 (.pinit)
                  0000b1b8    00000004              : rtdx_mon.o62 (.pinit)
                  0000b1bc    00000004     --HOLE-- [fill = 0]

.sysinit   0    0000b1c0    00000420     
                  0000b1c0    000002c0     LED_blinkcfg.obj (.sysinit)
                  0000b480    000000c0     bios.a67 : boot.o67 (.sysinit)
                  0000b540    00000080              : tsk_init.o67 (.sysinit)
                  0000b5c0    00000020              : obj_init.o67 (.sysinit)

.TSK_idle$stk 
*          0    0000b5e0    00000400     UNINITIALIZED
                  0000b5e0    00000400     LED_blinkcfg.obj (.TSK_idle$stk)

.stack     0    0000b9e0    00000400     UNINITIALIZED
                  0000b9e0    00000400     --HOLE--

.bss       0    0000bde0    00000378     UNINITIALIZED
                  0000bde0    00000100     bios.a67 : hwi_disp_asm.o67 (.bss)
                  0000bee0    000000cc              : biosdata.o67 (.bss)
                  0000bfac    0000009c              : swi.o67 (.bss)
                  0000c048    00000048              : knl.o67 (.bss)
                  0000c090    00000048     main.obj (.bss)
                  0000c0d8    00000018     LED_blinkcfg.obj (.bss)
                  0000c0f0    00000018     bios.a67 : hwi.o67 (.bss)
                  0000c108    00000018     lnkrtdx.a67 : rtdx.o67 (.bss)
                  0000c120    00000010     rtdx.lib : buffer1.o62 (.bss)
                  0000c130    0000000c     bios.a67 : tsk.o67 (.bss)
                  0000c13c    00000008              : clk_data.o67 (.bss)
                  0000c144    00000008              : sys.o67 (.bss)
                  0000c14c    00000004              : clk_data2.o67 (.bss)
                  0000c150    00000004              : gbl_setL2CacheMode.o67 (.bss)
                  0000c154    00000004              : idl_busy.o67 (.bss)

.trace     0    0000c158    00000200     
                  0000c158    00000200     --HOLE-- [fill = 00000000]

.sts       0    0000c358    00000070     
                  0000c358    00000070     LED_blinkcfg.obj (.sts)

.switch    0    0000c3c8    00000028     
                  0000c3c8    00000028     rtdx.lib : rtdx_mon.o62 (.switch)

.hst1      0    0000c3f0    00000010     UNINITIALIZED
                  0000c3f0    00000010     LED_blinkcfg.obj (.hst1)

.LOG_system$buf 
*          0    0000c400    00000100     UNINITIALIZED
                  0000c400    00000100     LED_blinkcfg.obj (.LOG_system$buf)

.hst0      0    0000c500    00000100     UNINITIALIZED
                  0000c500    00000100     LED_blinkcfg.obj (.hst0)

.pip       0    0000c600    000000c8     UNINITIALIZED
                  0000c600    000000c8     LED_blinkcfg.obj (.pip)

.const     0    0000c6c8    000000b5     
                  0000c6c8    0000004e     bios.a67 : tsk_stup.o67 (.const)
                  0000c716    00000023              : utl_doab.o67 (.const)
                  0000c739    00000022              : utl_doer.o67 (.const)
                  0000c75b    00000001     --HOLE-- [fill = 0]
                  0000c75c    00000020     dsk6713bsl.lib : dsk6713.obj (.const)
                  0000c77c    00000001     bios.a67 : tsk.o67 (.const)

.printf    0    0000c77d    000000aa     COPY SECTION
                  0000c77d    000000aa     LED_blinkcfg.obj (.printf)

.swi       0    0000c780    000000b0     UNINITIALIZED
                  0000c780    000000b0     LED_blinkcfg.obj (.swi)

.tsk       0    0000c830    00000060     UNINITIALIZED
                  0000c830    00000060     LED_blinkcfg.obj (.tsk)

.gblinit   0    0000c890    00000040     
                  0000c890    00000040     LED_blinkcfg.obj (.gblinit)

.hst       0    0000c8d0    0000003c     UNINITIALIZED
                  0000c8d0    0000003c     LED_blinkcfg.obj (.hst)

.prd       0    0000c90c    00000020     UNINITIALIZED
                  0000c90c    00000020     LED_blinkcfg.obj (.prd)

.idl       0    0000c92c    00000010     UNINITIALIZED
                  0000c92c    00000010     LED_blinkcfg.obj (.idl)

.idlcal    0    0000c93c    00000010     UNINITIALIZED
                  0000c93c    00000010     LED_blinkcfg.obj (.idlcal)

.sys       0    0000c94c    00000010     UNINITIALIZED
                  0000c94c    00000010     LED_blinkcfg.obj (.sys)

.trcdata   0    0000c95c    0000000c     
                  0000c95c    0000000c     bios.a67 : trc.o67 (.trcdata)

.clk       0    0000c968    00000008     UNINITIALIZED
                  0000c968    00000008     LED_blinkcfg.obj (.clk)


GLOBAL SYMBOLS: SORTED ALPHABETICALLY BY Name 

address    name
--------   ----
0000bde0   $bss
0000bde0   .bss
00000000   .data
000043c0   .text
0000b364   BIOS$$CLKOFF
0000b324   BIOS$$CLKON
0000b1c0   BIOS_init
0000b3cc   BIOS_start
00000000   BUF$
00000001   BUF_ENABLED
00000001   CLK$
0000c968   CLK_A_TABBEG
00000001   CLK_CALDIV
00000004   CLK_CALMULT
0000dbba   CLK_COUNTSPMS
00000000   CLK_COUNTSPMSHIGH
0000bf08   CLK_D_idletime
0000bf04   CLK_D_isrhook
0000bf00   CLK_D_tabbeg
0000befc   CLK_D_timefxn
00003ce0   CLK_F_getfhtime
00003d00   CLK_F_gethtime
00002de0   CLK_F_getltime
00003d00   CLK_F_getshtime
00002df4   CLK_F_isr
00002f54   CLK_F_itime
00001320   CLK_HOOKFXN
00000001   CLK_HTIMEDIV
00000004   CLK_HTIMEMULT
0000dbba   CLK_HTIMEPERLTIME
00004000   CLK_INTBIT
00000001   CLK_LTIMEDIV
00036ee8   CLK_LTIMEMULT
000003e8   CLK_MICROSECS
0000dbba   CLK_PRD
00000000   CLK_PRDHIGH
01940000   CLK_REGS
0000bef8   CLK_R_time
00000020   CLK_TCR
00000000   CLK_TDDR
00000000   CLK_TDDRHIGH
00003d00   CLK_TIMEFXN
00000000   CLK_TIMERNUM
00000001   CLK_USETIMER
0000c96c   CLK_null
00000000   DEV$
00000000   DGN$
00000000   DHL$
00000000   DHL_gChannelsAvailable
00000000   DIO$
00000000   DIO_NUMSWIBASE
00000000   DIO_NUMTSKBASE
00000000   DIO_STATIC
00000000   DPI$
00003da0   FXN_F_nop
00003da8   FXN_F_run
00003df8   FXN_F_zero
00000001   GBL$
00005205   GBL_A_VERSION
00000000   GBL_BIGENDIAN
00000000   GBL_C641XL2PRIORITY
00000000   GBL_CACHE
00000001   GBL_CALLCSLCFGINIT
00004e20   GBL_CLKIN
00001770   GBL_CLKTYPE
00001a39   GBL_DSPSUBTYPE
0000003e   GBL_DSPTYPE
00000001   GBL_ENABLEINST
00000042   GBL_FOOTPRINT
00036ee8   GBL_FREQ
00002226   GBL_L2ALLOC
00000000   GBL_L2CONFIGALLOC
00000001   GBL_L2CONFIGURE
00000001   GBL_L2MARMASK
00000000   GBL_L2MARMASK1
00000000   GBL_L2MARMASK2
00000000   GBL_L2MARMASK3
00000000   GBL_L2MARMASK4
00000000   GBL_L2MARMASK5
00000000   GBL_L2MODE
00000000   GBL_L2PRIORITY
00000000   GBL_NULL
00000000   GBL_PROCID
00000000   GBL_ROM
00000000   GBL_SUPPORTCSL
0000dbef   GBL_TRCMASKVALUE
00000001   GBL_USERINIT
00006828   GBL_USERINITFXN
00000001   GBL_boot
0000c964   GBL_initdone
0000b9e0   GBL_stackbeg
0000bddf   GBL_stackend
00000000   GIO$
00004300   GIO_CREATEFXN
00004300   GIO_DELETEFXN
00004300   GIO_PENDFXN
00004300   GIO_POSTFXN
00000000   HOOK$
00000000   HOOK_KNLID
00000001   HST$
0000c8d0   HST_A_TABBEG
0000c90c   HST_A_TABEND
00000000   HST_DSM
ffffffff   HST_DSMBUFSEG
00000400   HST_DSMMEMSIZE
0000bf74   HST_D_chanmask
0000bf78   HST_D_tabbeg
0000bf7c   HST_D_tabend
000000ff   HST_MAXFRAMEALLOWED
00000040   HST_MAXFRAMESET
00000000   HST_NONE
00000001   HST_RTDX
00000001   HWI$
00000000   HWI_A_VECS
00005108   HWI_CFGDISPATCHED
0000c100   HWI_D_bss
0000c104   HWI_D_ccmask
0000c0f0   HWI_D_spsave
00001320   HWI_F_dispatch
00000000   HWI_GENERATE_RESET_VEC
0000000a   HWI_INT10
00000000   HWI_INT10$hwi
0000000b   HWI_INT11
00000000   HWI_INT11$hwi
0000000c   HWI_INT12
00000000   HWI_INT12$hwi
0000000d   HWI_INT13
00000000   HWI_INT13$hwi
0000000e   HWI_INT14
00000000   HWI_INT14$hwi
0000000f   HWI_INT15
00000000   HWI_INT15$hwi
00000004   HWI_INT4
00000000   HWI_INT4$hwi
00000005   HWI_INT5
00000000   HWI_INT5$hwi
00000006   HWI_INT6
00000000   HWI_INT6$hwi
00000007   HWI_INT7
00000000   HWI_INT7$hwi
00000008   HWI_INT8
00000000   HWI_INT8$hwi
00000009   HWI_INT9
00000000   HWI_INT9$hwi
08203da3   HWI_INTRMULTHIGH
310718aa   HWI_INTRMULTLOW
00000001   HWI_NMI
00000000   HWI_NMI$hwi
00000000   HWI_POLARITYMASK
00000002   HWI_RESERVED0
00000000   HWI_RESERVED0$hwi
00000003   HWI_RESERVED1
00000000   HWI_RESERVED1$hwi
00000000   HWI_RESET
00000000   HWI_RESET$hwi
00000001   HWI_ZEROTAB
00000001   IDL$
0000c93c   IDL_A_CALBEG
0000c92c   IDL_A_TABBEG
00000006   IDL_CALIBRERROR
00004200   IDL_CALIBRFXN
0000c154   IDL_D_busyObj
0000bee8   IDL_D_calbeg
0000bee4   IDL_D_calibrate
0000bee0   IDL_D_tabbeg
0000c938   IDL_END
0000c948   IDL_END$
00003e20   IDL_F_busy
00003fa0   IDL_F_calibrate
00004340   IDL_F_loop
00004200   IDL_F_stub
00000001   IDL_USECLKIDLTIME
0000c3bc   IDL_busyObj
0000c822   IDL_busyObj$avgfmt
00000001   IDL_busyObj$filter
00000001   IDL_busyObj$iA
00000000   IDL_busyObj$iB
00000001   IDL_busyObj$iC
0000c81c   IDL_busyObj$maxfmt
00000000   IDL_busyObj$operation
0000c3b8   IDL_busyObj$stsobj
0000c81f   IDL_busyObj$sumfmt
00000002   IDL_busyObj$unittype
0000c92c   IDL_cpuLoad
0000c93c   IDL_cpuLoad$
ffffffff   IRAM
00000001   ISRC$
00002da0   KNL_glue
0000c7ac   KNL_swi
00000001   KNL_swi$dorta
00000002   KNL_swi$ord
00000000   KNL_swi$pri
0000c37c   KNL_swi$sts
0000c7c4   KNL_swi$sts$avgfmt
00000002   KNL_swi$sts$filter
00000001   KNL_swi$sts$filtmaxmult
00000001   KNL_swi$sts$filtsummult
0000c7b4   KNL_swi$sts$maxfmt
0000c378   KNL_swi$sts$stsobj
0000c7bc   KNL_swi$sts$sumfmt
00000000   KNL_swi$sts$unittype
00000000   KNL_swi$swi
00000001   LCK$
0000c90c   LEDBlinker
0000c928   LEDBlinker$aaa
00000000   LEDBlinker$mode
00000001   LEDBlinker$ord
00000064   LEDBlinker$period
00000000   LEDBlinker$prd
0000c35c   LEDBlinker$sts
0000c78f   LEDBlinker$sts$avgfmt
00000000   LEDBlinker$sts$filter
0000c77d   LEDBlinker$sts$maxfmt
0000c358   LEDBlinker$sts$stsobj
0000c786   LEDBlinker$sts$sumfmt
00000002   LEDBlinker$sts$unittype
00000200   LNK_F_checkBufferCall
00000280   LNK_F_dataPump
00000220   LNK_F_getChanPtr
00000278   LNK_F_init
000007c4   LNK_F_readCallBack
0000c930   LNK_dataPump
0000c940   LNK_dataPump$
0000c10c   LNK_dspFrameReadyMask
0000c108   LNK_dspFrameRequestMask
00000520   LNK_newin
00000660   LNK_newout
00000294   LNK_rcloop
00000360   LNK_rdrtry
0000c114   LNK_readDone
0000c118   LNK_readFail
0000c110   LNK_readPend
00000370   LNK_rrloop
0000c11c   LNK_writeFail
00000444   LNK_wrloop
00000434   LNK_wrrtry
00000001   LOG$
00009244   LOG_A_TABBEG
0000925c   LOG_A_TABEND
00000001   LOG_A_TABLEN
0000beec   LOG_D_system
00000001   LOG_ENABLED
00003ea0   LOG_F_event
00009244   LOG_system
0000c400   LOG_system$buf
00000000   LOG_system$datatype
00000000   LOG_system$log
00000040   LOG_system$size
00000000   MBX$
00000001   MEM$
00000000   MEM_MALLOCSEG
00000000   MEM_NULL
00000000   MEM_SEGZERO
00000000   MEM_USEMPC
00000000   MEM_gNumHeap
00000000   MSGQ$
00000000   MSGQ_USEMSGQ
00000000   OBJ$
00000000   PIP$
0000c600   PIP_A_TABBEG
0000c6c8   PIP_A_TABEND
00000002   PIP_A_TABLEN
0000bef0   PIP_D_tabbeg
0000bef4   PIP_D_tablen
00002654   PIP_F_give
00002654   PIP_F_probe
00002728   PIP_F_start
000025c0   PIP_F_take
00000064   PIP_OBJSIZE
00000000   PIP_gNextId
00000002   PIP_gNumEmbed
00000000   POOL$
00000000   POOL_USEPOOL
00000001   PRD$
0000c90c   PRD_A_TABBEG
0000c92c   PRD_A_TABEND
00000001   PRD_A_TABLEN
0000bf30   PRD_D_cur
0000bf34   PRD_D_elapsed
0000bf38   PRD_D_prevtim
0000bf3c   PRD_D_scalar
0000bf40   PRD_D_swihandle
0000bf44   PRD_D_tabbeg
0000bf48   PRD_D_tablen
0000bf4c   PRD_D_thook
0000bf2c   PRD_D_tick
00001780   PRD_F_swi
00001a40   PRD_F_tick
00000004   PRD_SCALAR
0000c780   PRD_SWIHANDLE
000025a0   PRD_THOOKFXN
0000c968   PRD_clock
0000c780   PRD_swi
00000001   PRD_swi$dorta
00000001   PRD_swi$ord
00000001   PRD_swi$pri
0000c36c   PRD_swi$sts
0000c7aa   PRD_swi$sts$avgfmt
00000002   PRD_swi$sts$filter
00000001   PRD_swi$sts$filtmaxmult
00000001   PRD_swi$sts$filtsummult
0000c79a   PRD_swi$sts$maxfmt
0000c368   PRD_swi$sts$stsobj
0000c7a2   PRD_swi$sts$sumfmt
00000000   PRD_swi$sts$unittype
00000000   PRD_swi$swi
00000001   QUE$
0000bf50   RTA_D_fromHost
0000bf58   RTA_D_logval
0000bf68   RTA_D_stsval
0000bf54   RTA_D_toHost
00004240   RTA_F_andn
00001ed8   RTA_F_dispatch
00001de0   RTA_F_getlog
00001e24   RTA_F_getsts
00004260   RTA_F_or
00001e6c   RTA_F_readblk
00001e98   RTA_F_resetmem
00001e8c   RTA_F_writeword
0000c934   RTA_dispatcher
0000c944   RTA_dispatcher$
00001f28   RTA_execute
0000c8d4   RTA_fromHost
0000c3f0   RTA_fromHost$buf
00000004   RTA_fromHost$framesize
00000000   RTA_fromHost$hst
00000001   RTA_fromHost$id
00000000   RTA_fromHost$mode
0000c600   RTA_fromHost$pipe
0000c630   RTA_fromHost$pipe$aaa
0000c660   RTA_fromHost$pipe$bbb
0000c0d8   RTA_fromHost$pipe$dtab
0000c604   RTA_fromHost$pipe$rd
0000c634   RTA_fromHost$pipe$wr
0000c8dc   RTA_fromHost$rtdx
0000c8f0   RTA_toHost
0000c500   RTA_toHost$buf
00000040   RTA_toHost$framesize
00000000   RTA_toHost$hst
00000000   RTA_toHost$id
00000001   RTA_toHost$mode
0000c664   RTA_toHost$pipe
0000c694   RTA_toHost$pipe$aaa
0000c6c4   RTA_toHost$pipe$bbb
0000c0e4   RTA_toHost$pipe$dtab
0000c668   RTA_toHost$pipe$rd
0000c698   RTA_toHost$pipe$wr
0000c8f8   RTA_toHost$rtdx
00000001   RTDX$
00000408   RTDX_BUFMEMSIZE
ffffffff   RTDX_DATAMEMSEG
00000000   RTDX_MODE
00000001   RTDX_NORMALIZED_HDR
00000001   RTDX_USERTDX
00000000   RTDX_USERTEXECUTION
ffffffff   SDRAM
00000000   SEM$
00000000   SIO$
00000001   STS$
0000c358   STS_A_TABBEG
0000c3c8   STS_A_TABEND
00003f58   STS_F_add
00003f20   STS_F_delta
00003f84   STS_F_reset
00000001   SWI$
0000c780   SWI_A_TABBEG
0000c830   SWI_A_TABEND
00000004   SWI_A_TABLEN
0000bfc4   SWI_D_curfxn
0000bfb4   SWI_D_curmask
0000bfc0   SWI_D_curmbox
0000bfb8   SWI_D_curset
0000bfb0   SWI_D_execaddr
0000bfcc   SWI_D_inswi
0000bfbc   SWI_D_lock
0000bfc8   SWI_D_rdybeg
0000bfd0   SWI_D_rdytab
0000bfac   SWI_D_runaddr
00000000   SWI_EHOOKFXN
00000ffc   SWI_EXECFXN
00000de0   SWI_F_enable
00000ffc   SWI_F_exec
00001028   SWI_F_iexec
00000e50   SWI_F_post
000010b8   SWI_F_run
00000000   SWI_IHOOKFXN
000010b8   SWI_RUNFXN
00000001   SYS$
0000c94c   SYS$config
00004280   SYS_ABORTFXN
00004380   SYS_ERRORFXN
000043a0   SYS_EXITFXN
00004140   SYS_PUTCFXN
0000c960   TRC_R_mask
0000c95c   TRC_cinit
00000001   TSK$
00000000   TSK_NUM_HOOKS
00000001   TSK_PRIORITY
00000000   TSK_READYFXN
00000000   TSK_STACKSEG
00000400   TSK_STACKSIZE
00000000   TSK_SWITCHFXN
00004300   TSK_VCREATEFXN
00004300   TSK_VDELETEFXN
00004300   TSK_VEXITFXN
0000c83c   TSK_idle
00000001   TSK_idle$ord
00000000   TSK_idle$pri
0000b5e0   TSK_idle$stack
0000b978   TSK_idle$stkptr
0000c3ac   TSK_idle$sts
0000c812   TSK_idle$sts$avgfmt
00000002   TSK_idle$sts$filter
00000001   TSK_idle$sts$filtmaxmult
00000001   TSK_idle$sts$filtsummult
0000c802   TSK_idle$sts$maxfmt
0000c3a8   TSK_idle$sts$stsobj
0000c80a   TSK_idle$sts$sumfmt
00000000   TSK_idle$sts$unittype
00000000   TSK_idle$tsk
00000000   UDEV$
0000b1c0   _BIOS_init
0000b3cc   _BIOS_start
0000dbba   _CLK_COUNTSPMS
0000c13c   _CLK_DFLTMICROSECS
0000bf28   _CLK_D_countspms
0000bf1c   _CLK_D_dirty
0000c140   _CLK_D_microseconds
0000bf20   _CLK_D_prd
0000bf24   _CLK_D_tddr
00002f54   _CLK_F_itime
0000dbba   _CLK_PRD
01940000   _CLK_REGS
00000000   _CLK_TDDR
00000000   _CLK_TIMERNUM
00000001   _CLK_USETIMER
0000bf0c   _CLK_htimeDiv
0000bf10   _CLK_htimeMult
0000c14c   _CLK_htimePerLtime
00002f54   _CLK_itime
0000bf14   _CLK_ltimeDiv
0000bf18   _CLK_ltimeMult
00003900   _CLK_measure
000041a0   _CLK_start
000042c0   _CLK_stop
00007a40   _CSL6713_LIB_
00007788   _DSK6713_DIP_get
00007780   _DSK6713_DIP_init
00005f60   _DSK6713_LED_init
00005fa0   _DSK6713_LED_off
00006010   _DSK6713_LED_on
00006080   _DSK6713_LED_toggle
000055d4   _DSK6713_getVersion
0000520c   _DSK6713_init
00005528   _DSK6713_rget
0000553c   _DSK6713_rset
0000ad64   _DSK6713_version
00005550   _DSK6713_wait
000055a8   _DSK6713_waitusec
000064c0   _EDMA_allocTable
00007180   _EDMA_config
00007800   _EDMA_disableChannel
00007860   _EDMA_enableChannel
00006e80   _EDMA_intAlloc
00007a60   _EDMA_intClear
000078c0   _EDMA_intEnable
00007a80   _EDMA_intTest
00007980   _EDMA_link
00005640   _EDMA_open
00007920   _EDMA_qdmaConfig
00006ae0   _EDMA_reset
0000a5b0   _FIFO_I
0000a5bc   _FIFO_Q
00004300   _FXN_F_nop
00003da8   _FXN_F_run
00003df8   _FXN_F_zero
00000000   _GBL_CACHE
0000bf84   _GBL_clkIn
00003580   _GBL_cslCacheInit
0000bf88   _GBL_freq
00004320   _GBL_getVersion
0000bf80   _GBL_procId
00006828   _GBL_setPLLto225MHz
00004620   _HLP_UpdateFIFO
000045e0   _HLP_getData
0000c8d0   _HST_A_TABBEG
0000c90c   _HST_A_TABEND
00005108   _HWI_CFGDISPATCHED
0000c0fc   _HWI_D_inhwi
0000c0f0   _HWI_D_spsave
00001320   _HWI_F_dispatch
0000000a   _HWI_INT10
0000000b   _HWI_INT11
0000000c   _HWI_INT12
0000000d   _HWI_INT13
0000000e   _HWI_INT14
0000000f   _HWI_INT15
00000004   _HWI_INT4
00000005   _HWI_INT5
00000006   _HWI_INT6
00000007   _HWI_INT7
00000008   _HWI_INT8
00000009   _HWI_INT9
00000001   _HWI_NMI
00000002   _HWI_RESERVED0
00000003   _HWI_RESERVED1
00000000   _HWI_RESET
0000bdd8   _HWI_STKBOTTOM
0000b9e0   _HWI_STKTOP
0000c0f0   _HWI_data
00004020   _HWI_disable
0000bde0   _HWI_dispatchTab
00004038   _HWI_enable
000047c4   _HWI_handleEDMAInterrupt
0000404c   _HWI_restore
0000c3bc   _IDL_busyObj
0000c92c   _IDL_cpuLoad
00004340   _IDL_loop
ffffffff   _IRAM
000079c0   _IRQ_enable
00007aa0   _IRQ_globalEnable
00006140   _IRQ_map
0000c050   _KNL_alarm
00003440   _KNL_check
0000c074   _KNL_curqueue
0000c064   _KNL_curtask
0000c06c   _KNL_curtime
0000aaac   _KNL_dummy
000036b4   _KNL_enter
00003660   _KNL_exit
00003518   _KNL_idle
0000c08c   _KNL_idlefxn
0000c058   _KNL_inactive
000039e0   _KNL_ipost
0000353c   _KNL_max
0000c078   _KNL_maxqueue
00003aa0   _KNL_post
0000c068   _KNL_prevtask
0000c05c   _KNL_priority
0000aa0c   _KNL_queues
00001b20   _KNL_run
00002c20   _KNL_saveIsrFrame
0000c060   _KNL_set
0000c054   _KNL_setpri
0000c7ac   _KNL_swi
0000c070   _KNL_swiptr
00002cec   _KNL_switch
0000c080   _KNL_tcreatefxn
0000c084   _KNL_tdeletefxn
000025a0   _KNL_tick
0000c088   _KNL_treadyfxn
0000c07c   _KNL_tswitchfxn
0000c048   _KNL_wFlag
0000c04c   _KNL_wList
00003b90   _LCK_pend
00003b60   _LCK_post
0000c90c   _LEDBlinker
0000c930   _LNK_dataPump
0000c10c   _LNK_dspFrameReadyMask
0000c108   _LNK_dspFrameRequestMask
0000c114   _LNK_readDone
0000c118   _LNK_readFail
0000c110   _LNK_readPend
0000c11c   _LNK_writeFail
00009244   _LOG_A_TABBEG
0000925c   _LOG_A_TABEND
00000001   _LOG_A_TABLEN
0000beec   _LOG_D_system
00003ea0   _LOG_event
00009244   _LOG_system
000075a0   _MCBSP_config
00007ac0   _MCBSP_getXmtAddr
00006f80   _MCBSP_open
00006660   _MCBSP_reset
00007080   _MCBSP_start
00007ae0   _MCBSP_write
00007b00   _MCBSP_xrdy
0000bf8c   _MEM_D_NUMSEGMENTS
0000bf94   _MEM_D_freelist
0000bf98   _MEM_D_lockaddr
0000bf90   _MEM_D_memtab
0000bf9c   _MEM_D_unlockaddr
00000000   _MEM_memtab
0000b5c0   _OBJ_init
0000ab78   _OBJ_segtab
0000ab40   _OBJ_table
0000c09c   _OldSwitchPos
000045a4   _PER_Blink_LED
0000c600   _PIP_A_TABBEG
0000c6c8   _PIP_A_TABEND
0000bf2c   _PRD_D_tick
0000c968   _PRD_clock
0000c780   _PRD_swi
0000a100   _RCResp
0000c934   _RTA_dispatcher
0000c8d4   _RTA_fromHost
0000c8f0   _RTA_toHost
0000ad68   _RTDX_Buffer
0000b174   _RTDX_Buffer_End
00009f40   _RTDX_Buffer_Initialize
0000a080   _RTDX_Buffer_Read
00009fa0   _RTDX_Buffer_ReadCB
0000a000   _RTDX_Buffer_Size
0000b170   _RTDX_Buffer_Start
0000a0a0   _RTDX_Buffer_Write
00009660   _RTDX_Buffer_WriteCB
0000a040   _RTDX_Final_RT_Monitor
00009ec0   _RTDX_Init_RT_Monitor
00000002   _RTDX_JTAGONLY
0000a0e0   _RTDX_Mask_IER
00009ca0   _RTDX_Mon_Queue
00009260   _RTDX_Poll
00000000   _RTDX_interrupt_mask
0000b184   _RTDX_writing
ffffffff   _SDRAM
00004080   _SEM_pend
000020a0   _SEM_pendEnterKnl
00003820   _SEM_post
00003820   _SEM_postBinary
00003740   _SEM_postEnterKnl
0000c358   _STS_A_TABBEG
0000c3c8   _STS_A_TABEND
00003f58   _STS_add
00003f20   _STS_delta
00003f84   _STS_reset
00004360   _STS_set
0000bfc4   _SWI_D_curfxn
0000bfb4   _SWI_D_curmask
0000bfb8   _SWI_D_curset
0000bfb0   _SWI_D_execaddr
0000bfcc   _SWI_D_inswi
0000bfbc   _SWI_D_lock
0000bfc8   _SWI_D_rdybeg
0000bfac   _SWI_D_runaddr
0000bfac   _SWI_data
00000e50   _SWI_post
00004898   _SWI_processPing
00004bdc   _SWI_processPong
0000bfa0   _SYS
0000c158   _SYS_PUTCBEG
0000c357   _SYS_PUTCEND
000040e0   _SYS_abort
00003c20   _SYS_exit
0000acf0   _SYS_exitStack
0000c144   _SYS_exitStackPtr
0000c148   _SYS_exitStackTop
00006c20   _TIMER_open
00006d60   _TIMER_reset
0000c960   _TRC_R_mask
0000c138   _TSK
0000aae4   _TSK_ATTRS
0000ab00   _TSK_config
00002fa0   _TSK_exit
0000c83c   _TSK_idle
0000b540   _TSK_init
0000c130   _TSK_nTasks
0000c134   _TSK_pid
00002a20   _TSK_setup
00003380   _TSK_startup
0000ab20   _TSK_timerSem
0000c0cc   _TrxPingDone
0000c0d0   _TrxPongDone
00004280   _UTL_doAbort
00004380   _UTL_doError
00004140   _UTL_doPutc
000043a0   _UTL_halt
00002f70   __CLK_lat1beg
00002f9c   __CLK_lat1end
00005d40   __CSL_init
00000c34   __GBL_setL2CacheMode
0000bfa8   __HOOK_NUMHOOKS
0000bfa4   __HOOK_knlId
00001320   __HWI_lat1beg
000014a0   __HWI_lat1end
000014a0   __HWI_lat2beg
00001640   __HWI_lat2end1
000015cc   __HWI_lat2end2
00001660   __HWI_lat3beg
00001760   __HWI_lat3end1
000015fc   __HWI_lat3end2
00003e20   __IDL_lat1beg
00003e70   __IDL_lat1end
0000aa04   __IRQ_dispatchTable
0000a940   __IRQ_eventTable
00007b80   __IRQ_hookFetchPacket
00007640   __IRQ_init
0000a9c4   __IRQ_intTable
00003490   __KNL_lat1beg
00003518   __KNL_lat1end
00003ea0   __LOG_lat1beg
0000ac68   __MCBSP_hDev0
0000ac6c   __MCBSP_hDev1
0000ac10   __MEM_mutex
00001e98   __RTA_lat1beg
00001ed0   __RTA_lat1end
00002800   __SEM_dopost
0000bde0   __STACK_END
00000400   __STACK_SIZE
00000f8c   __SWI_lat1beg
00001040   __SWI_lat1end
00001044   __SWI_lat2beg
000010b4   __SWI_lat2end
00000de0   __SWI_lat3beg
00000e4c   __SWI_lat3end
0000accc   __TIMER_deviceTable
0000acec   __TIMER_hBios
0000ace4   __TIMER_hDev0
0000ace8   __TIMER_hDev1
0000abe8   __TSK_mutex
0000ad54   ___TI_enable_exit_profile_output
ffffffff   ___TI_pprof_out_hndl
ffffffff   ___TI_prof_data_size
ffffffff   ___TI_prof_data_start
00007a00   ___add_dtor
0000a790   ___atexit_func_id__
ffffffff   ___binit__
0000bde0   ___bss__
ffffffff   ___c_args__
00007ba0   ___cinit__
00000000   ___data__
00000000   ___edata__
0000c158   ___end__
00007ba0   ___etext__
0000b1b4   ___pinit__
000043c0   ___text__
00003140   __auto_init
0000ad4c   __cleanup_ptr
0000ad50   __dtors_ptr
0000ad58   __lock
00007b20   __nop
00007b40   __register_lock
00007b60   __register_unlock
0000b9e0   __stack
00007260   __strasg
0000ad5c   __unlock
00007340   _atexit
0000c09d   _bytePos
0000b480   _c_int00
00006980   _call_dtors
0000ad10   _cfgDataMCBSP
00005b00   _conf_AIC23
00004f2c   _conf_EDMA
0000a748   _conf_EDMA_oBuf
000074e0   _conf_MCBSP
0000ad60   _dtors
0000c0a4   _hEDMARcv
0000c0ac   _hEDMARcvPing
0000c0b0   _hEDMARcvPong
0000c0a8   _hEDMATrx
0000c0b4   _hEDMATrxPing
0000c0b8   _hEDMATrxPong
0000c0a0   _hMcBsp
0000c098   _i
0000a4c0   _iPulse
00004408   _main
0000ac84   _mcbspforAIC23Cfg
000058c0   _memcpy
0000ac70   _myAIC23_registers
0000a5c8   _oBufPing
0000a688   _oBufPong
0000c7d8   _procPing
0000c804   _procPong
0000c090   _processping
0000c094   _processpong
0000a520   _qPulse
0000c128   _rtdxNullChanCnt
0000c12c   _rtdxNullFuncCnt
0000b178   _rtdx_buffer_state
0000b198   _rtdx_mon_state
00005c88   _setReg_AIC23
00007538   _start_MCBSP
0000aba8   _tccAllocTable
0000c0bc   _tccRcvPing
0000c0c0   _tccRcvPong
0000c0c4   _tccTrxPing
0000c0c8   _tccTrxPong
0000a580   _text
0000a760   _ui16Output
0000c0d4   _ui32SwitchState
00006800   _wait500nS
ffffffff   binit
00007ba0   cinit
00000000   edata
0000c158   end
00007ba0   etext
00000000   hwi0
00000020   hwi1
00000140   hwi10
00000160   hwi11
00000180   hwi12
000001a0   hwi13
000001c0   hwi14
000001e0   hwi15
00000040   hwi2
00000060   hwi3
00000080   hwi4
000000a0   hwi5
000000c0   hwi6
000000e0   hwi7
00000100   hwi8
00000120   hwi9
0000b1b4   pinit
0000c7d8   procPing
00000001   procPing$dorta
00000003   procPing$ord
00000001   procPing$pri
0000c38c   procPing$sts
0000c7de   procPing$sts$avgfmt
00000002   procPing$sts$filter
00000001   procPing$sts$filtmaxmult
00000001   procPing$sts$filtsummult
0000c7ce   procPing$sts$maxfmt
0000c388   procPing$sts$stsobj
0000c7d6   procPing$sts$sumfmt
00000000   procPing$sts$unittype
00000000   procPing$swi
0000c804   procPong
00000001   procPong$dorta
00000005   procPong$ord
00000001   procPong$pri
0000c39c   procPong$sts
0000c7f8   procPong$sts$avgfmt
00000002   procPong$sts$filter
00000001   procPong$sts$filtmaxmult
00000001   procPong$sts$filtsummult
0000c7e8   procPong$sts$maxfmt
0000c398   procPong$sts$stsobj
0000c7f0   procPong$sts$sumfmt
00000000   procPong$sts$unittype
00000000   procPong$swi


GLOBAL SYMBOLS: SORTED BY Symbol Address 

address    name
--------   ----
00000000   .data
00000000   BUF$
00000000   CLK_COUNTSPMSHIGH
00000000   CLK_PRDHIGH
00000000   CLK_TDDR
00000000   CLK_TDDRHIGH
00000000   CLK_TIMERNUM
00000000   DEV$
00000000   DGN$
00000000   DHL$
00000000   DHL_gChannelsAvailable
00000000   DIO$
00000000   DIO_NUMSWIBASE
00000000   DIO_NUMTSKBASE
00000000   DIO_STATIC
00000000   DPI$
00000000   GBL_BIGENDIAN
00000000   GBL_C641XL2PRIORITY
00000000   GBL_CACHE
00000000   GBL_L2CONFIGALLOC
00000000   GBL_L2MARMASK1
00000000   GBL_L2MARMASK2
00000000   GBL_L2MARMASK3
00000000   GBL_L2MARMASK4
00000000   GBL_L2MARMASK5
00000000   GBL_L2MODE
00000000   GBL_L2PRIORITY
00000000   GBL_NULL
00000000   GBL_PROCID
00000000   GBL_ROM
00000000   GBL_SUPPORTCSL
00000000   GIO$
00000000   HOOK$
00000000   HOOK_KNLID
00000000   HST_DSM
00000000   HST_NONE
00000000   HWI_A_VECS
00000000   HWI_GENERATE_RESET_VEC
00000000   HWI_INT10$hwi
00000000   HWI_INT11$hwi
00000000   HWI_INT12$hwi
00000000   HWI_INT13$hwi
00000000   HWI_INT14$hwi
00000000   HWI_INT15$hwi
00000000   HWI_INT4$hwi
00000000   HWI_INT5$hwi
00000000   HWI_INT6$hwi
00000000   HWI_INT7$hwi
00000000   HWI_INT8$hwi
00000000   HWI_INT9$hwi
00000000   HWI_NMI$hwi
00000000   HWI_POLARITYMASK
00000000   HWI_RESERVED0$hwi
00000000   HWI_RESERVED1$hwi
00000000   HWI_RESET
00000000   HWI_RESET$hwi
00000000   IDL_busyObj$iB
00000000   IDL_busyObj$operation
00000000   KNL_swi$pri
00000000   KNL_swi$sts$unittype
00000000   KNL_swi$swi
00000000   LEDBlinker$mode
00000000   LEDBlinker$prd
00000000   LEDBlinker$sts$filter
00000000   LOG_system$datatype
00000000   LOG_system$log
00000000   MBX$
00000000   MEM_MALLOCSEG
00000000   MEM_NULL
00000000   MEM_SEGZERO
00000000   MEM_USEMPC
00000000   MEM_gNumHeap
00000000   MSGQ$
00000000   MSGQ_USEMSGQ
00000000   OBJ$
00000000   PIP$
00000000   PIP_gNextId
00000000   POOL$
00000000   POOL_USEPOOL
00000000   PRD_swi$sts$unittype
00000000   PRD_swi$swi
00000000   RTA_fromHost$hst
00000000   RTA_fromHost$mode
00000000   RTA_toHost$hst
00000000   RTA_toHost$id
00000000   RTDX_MODE
00000000   RTDX_USERTEXECUTION
00000000   SEM$
00000000   SIO$
00000000   SWI_EHOOKFXN
00000000   SWI_IHOOKFXN
00000000   TSK_NUM_HOOKS
00000000   TSK_READYFXN
00000000   TSK_STACKSEG
00000000   TSK_SWITCHFXN
00000000   TSK_idle$pri
00000000   TSK_idle$sts$unittype
00000000   TSK_idle$tsk
00000000   UDEV$
00000000   _CLK_TDDR
00000000   _CLK_TIMERNUM
00000000   _GBL_CACHE
00000000   _HWI_RESET
00000000   _MEM_memtab
00000000   _RTDX_interrupt_mask
00000000   ___data__
00000000   ___edata__
00000000   edata
00000000   hwi0
00000000   procPing$sts$unittype
00000000   procPing$swi
00000000   procPong$sts$unittype
00000000   procPong$swi
00000001   BUF_ENABLED
00000001   CLK$
00000001   CLK_CALDIV
00000001   CLK_HTIMEDIV
00000001   CLK_LTIMEDIV
00000001   CLK_USETIMER
00000001   GBL$
00000001   GBL_CALLCSLCFGINIT
00000001   GBL_ENABLEINST
00000001   GBL_L2CONFIGURE
00000001   GBL_L2MARMASK
00000001   GBL_USERINIT
00000001   GBL_boot
00000001   HST$
00000001   HST_RTDX
00000001   HWI$
00000001   HWI_NMI
00000001   HWI_ZEROTAB
00000001   IDL$
00000001   IDL_USECLKIDLTIME
00000001   IDL_busyObj$filter
00000001   IDL_busyObj$iA
00000001   IDL_busyObj$iC
00000001   ISRC$
00000001   KNL_swi$dorta
00000001   KNL_swi$sts$filtmaxmult
00000001   KNL_swi$sts$filtsummult
00000001   LCK$
00000001   LEDBlinker$ord
00000001   LOG$
00000001   LOG_A_TABLEN
00000001   LOG_ENABLED
00000001   MEM$
00000001   PRD$
00000001   PRD_A_TABLEN
00000001   PRD_swi$dorta
00000001   PRD_swi$ord
00000001   PRD_swi$pri
00000001   PRD_swi$sts$filtmaxmult
00000001   PRD_swi$sts$filtsummult
00000001   QUE$
00000001   RTA_fromHost$id
00000001   RTA_toHost$mode
00000001   RTDX$
00000001   RTDX_NORMALIZED_HDR
00000001   RTDX_USERTDX
00000001   STS$
00000001   SWI$
00000001   SYS$
00000001   TSK$
00000001   TSK_PRIORITY
00000001   TSK_idle$ord
00000001   TSK_idle$sts$filtmaxmult
00000001   TSK_idle$sts$filtsummult
00000001   _CLK_USETIMER
00000001   _HWI_NMI
00000001   _LOG_A_TABLEN
00000001   procPing$dorta
00000001   procPing$pri
00000001   procPing$sts$filtmaxmult
00000001   procPing$sts$filtsummult
00000001   procPong$dorta
00000001   procPong$pri
00000001   procPong$sts$filtmaxmult
00000001   procPong$sts$filtsummult
00000002   HWI_RESERVED0
00000002   IDL_busyObj$unittype
00000002   KNL_swi$ord
00000002   KNL_swi$sts$filter
00000002   LEDBlinker$sts$unittype
00000002   PIP_A_TABLEN
00000002   PIP_gNumEmbed
00000002   PRD_swi$sts$filter
00000002   TSK_idle$sts$filter
00000002   _HWI_RESERVED0
00000002   _RTDX_JTAGONLY
00000002   procPing$sts$filter
00000002   procPong$sts$filter
00000003   HWI_RESERVED1
00000003   _HWI_RESERVED1
00000003   procPing$ord
00000004   CLK_CALMULT
00000004   CLK_HTIMEMULT
00000004   HWI_INT4
00000004   PRD_SCALAR
00000004   RTA_fromHost$framesize
00000004   SWI_A_TABLEN
00000004   _HWI_INT4
00000005   HWI_INT5
00000005   _HWI_INT5
00000005   procPong$ord
00000006   HWI_INT6
00000006   IDL_CALIBRERROR
00000006   _HWI_INT6
00000007   HWI_INT7
00000007   _HWI_INT7
00000008   HWI_INT8
00000008   _HWI_INT8
00000009   HWI_INT9
00000009   _HWI_INT9
0000000a   HWI_INT10
0000000a   _HWI_INT10
0000000b   HWI_INT11
0000000b   _HWI_INT11
0000000c   HWI_INT12
0000000c   _HWI_INT12
0000000d   HWI_INT13
0000000d   _HWI_INT13
0000000e   HWI_INT14
0000000e   _HWI_INT14
0000000f   HWI_INT15
0000000f   _HWI_INT15
00000020   CLK_TCR
00000020   hwi1
0000003e   GBL_DSPTYPE
00000040   HST_MAXFRAMESET
00000040   LOG_system$size
00000040   RTA_toHost$framesize
00000040   hwi2
00000042   GBL_FOOTPRINT
00000060   hwi3
00000064   LEDBlinker$period
00000064   PIP_OBJSIZE
00000080   hwi4
000000a0   hwi5
000000c0   hwi6
000000e0   hwi7
000000ff   HST_MAXFRAMEALLOWED
00000100   hwi8
00000120   hwi9
00000140   hwi10
00000160   hwi11
00000180   hwi12
000001a0   hwi13
000001c0   hwi14
000001e0   hwi15
00000200   LNK_F_checkBufferCall
00000220   LNK_F_getChanPtr
00000278   LNK_F_init
00000280   LNK_F_dataPump
00000294   LNK_rcloop
00000360   LNK_rdrtry
00000370   LNK_rrloop
000003e8   CLK_MICROSECS
00000400   HST_DSMMEMSIZE
00000400   TSK_STACKSIZE
00000400   __STACK_SIZE
00000408   RTDX_BUFMEMSIZE
00000434   LNK_wrrtry
00000444   LNK_wrloop
00000520   LNK_newin
00000660   LNK_newout
000007c4   LNK_F_readCallBack
00000c34   __GBL_setL2CacheMode
00000de0   SWI_F_enable
00000de0   __SWI_lat3beg
00000e4c   __SWI_lat3end
00000e50   SWI_F_post
00000e50   _SWI_post
00000f8c   __SWI_lat1beg
00000ffc   SWI_EXECFXN
00000ffc   SWI_F_exec
00001028   SWI_F_iexec
00001040   __SWI_lat1end
00001044   __SWI_lat2beg
000010b4   __SWI_lat2end
000010b8   SWI_F_run
000010b8   SWI_RUNFXN
00001320   CLK_HOOKFXN
00001320   HWI_F_dispatch
00001320   _HWI_F_dispatch
00001320   __HWI_lat1beg
000014a0   __HWI_lat1end
000014a0   __HWI_lat2beg
000015cc   __HWI_lat2end2
000015fc   __HWI_lat3end2
00001640   __HWI_lat2end1
00001660   __HWI_lat3beg
00001760   __HWI_lat3end1
00001770   GBL_CLKTYPE
00001780   PRD_F_swi
00001a39   GBL_DSPSUBTYPE
00001a40   PRD_F_tick
00001b20   _KNL_run
00001de0   RTA_F_getlog
00001e24   RTA_F_getsts
00001e6c   RTA_F_readblk
00001e8c   RTA_F_writeword
00001e98   RTA_F_resetmem
00001e98   __RTA_lat1beg
00001ed0   __RTA_lat1end
00001ed8   RTA_F_dispatch
00001f28   RTA_execute
000020a0   _SEM_pendEnterKnl
00002226   GBL_L2ALLOC
000025a0   PRD_THOOKFXN
000025a0   _KNL_tick
000025c0   PIP_F_take
00002654   PIP_F_give
00002654   PIP_F_probe
00002728   PIP_F_start
00002800   __SEM_dopost
00002a20   _TSK_setup
00002c20   _KNL_saveIsrFrame
00002cec   _KNL_switch
00002da0   KNL_glue
00002de0   CLK_F_getltime
00002df4   CLK_F_isr
00002f54   CLK_F_itime
00002f54   _CLK_F_itime
00002f54   _CLK_itime
00002f70   __CLK_lat1beg
00002f9c   __CLK_lat1end
00002fa0   _TSK_exit
00003140   __auto_init
00003380   _TSK_startup
00003440   _KNL_check
00003490   __KNL_lat1beg
00003518   _KNL_idle
00003518   __KNL_lat1end
0000353c   _KNL_max
00003580   _GBL_cslCacheInit
00003660   _KNL_exit
000036b4   _KNL_enter
00003740   _SEM_postEnterKnl
00003820   _SEM_post
00003820   _SEM_postBinary
00003900   _CLK_measure
000039e0   _KNL_ipost
00003aa0   _KNL_post
00003b60   _LCK_post
00003b90   _LCK_pend
00003c20   _SYS_exit
00003ce0   CLK_F_getfhtime
00003d00   CLK_F_gethtime
00003d00   CLK_F_getshtime
00003d00   CLK_TIMEFXN
00003da0   FXN_F_nop
00003da8   FXN_F_run
00003da8   _FXN_F_run
00003df8   FXN_F_zero
00003df8   _FXN_F_zero
00003e20   IDL_F_busy
00003e20   __IDL_lat1beg
00003e70   __IDL_lat1end
00003ea0   LOG_F_event
00003ea0   _LOG_event
00003ea0   __LOG_lat1beg
00003f20   STS_F_delta
00003f20   _STS_delta
00003f58   STS_F_add
00003f58   _STS_add
00003f84   STS_F_reset
00003f84   _STS_reset
00003fa0   IDL_F_calibrate
00004000   CLK_INTBIT
00004020   _HWI_disable
00004038   _HWI_enable
0000404c   _HWI_restore
00004080   _SEM_pend
000040e0   _SYS_abort
00004140   SYS_PUTCFXN
00004140   _UTL_doPutc
000041a0   _CLK_start
00004200   IDL_CALIBRFXN
00004200   IDL_F_stub
00004240   RTA_F_andn
00004260   RTA_F_or
00004280   SYS_ABORTFXN
00004280   _UTL_doAbort
000042c0   _CLK_stop
00004300   GIO_CREATEFXN
00004300   GIO_DELETEFXN
00004300   GIO_PENDFXN
00004300   GIO_POSTFXN
00004300   TSK_VCREATEFXN
00004300   TSK_VDELETEFXN
00004300   TSK_VEXITFXN
00004300   _FXN_F_nop
00004320   _GBL_getVersion
00004340   IDL_F_loop
00004340   _IDL_loop
00004360   _STS_set
00004380   SYS_ERRORFXN
00004380   _UTL_doError
000043a0   SYS_EXITFXN
000043a0   _UTL_halt
000043c0   .text
000043c0   ___text__
00004408   _main
000045a4   _PER_Blink_LED
000045e0   _HLP_getData
00004620   _HLP_UpdateFIFO
000047c4   _HWI_handleEDMAInterrupt
00004898   _SWI_processPing
00004bdc   _SWI_processPong
00004e20   GBL_CLKIN
00004f2c   _conf_EDMA
00005108   HWI_CFGDISPATCHED
00005108   _HWI_CFGDISPATCHED
00005205   GBL_A_VERSION
0000520c   _DSK6713_init
00005528   _DSK6713_rget
0000553c   _DSK6713_rset
00005550   _DSK6713_wait
000055a8   _DSK6713_waitusec
000055d4   _DSK6713_getVersion
00005640   _EDMA_open
000058c0   _memcpy
00005b00   _conf_AIC23
00005c88   _setReg_AIC23
00005d40   __CSL_init
00005f60   _DSK6713_LED_init
00005fa0   _DSK6713_LED_off
00006010   _DSK6713_LED_on
00006080   _DSK6713_LED_toggle
00006140   _IRQ_map
000064c0   _EDMA_allocTable
00006660   _MCBSP_reset
00006800   _wait500nS
00006828   GBL_USERINITFXN
00006828   _GBL_setPLLto225MHz
00006980   _call_dtors
00006ae0   _EDMA_reset
00006c20   _TIMER_open
00006d60   _TIMER_reset
00006e80   _EDMA_intAlloc
00006f80   _MCBSP_open
00007080   _MCBSP_start
00007180   _EDMA_config
00007260   __strasg
00007340   _atexit
000074e0   _conf_MCBSP
00007538   _start_MCBSP
000075a0   _MCBSP_config
00007640   __IRQ_init
00007780   _DSK6713_DIP_init
00007788   _DSK6713_DIP_get
00007800   _EDMA_disableChannel
00007860   _EDMA_enableChannel
000078c0   _EDMA_intEnable
00007920   _EDMA_qdmaConfig
00007980   _EDMA_link
000079c0   _IRQ_enable
00007a00   ___add_dtor
00007a40   _CSL6713_LIB_
00007a60   _EDMA_intClear
00007a80   _EDMA_intTest
00007aa0   _IRQ_globalEnable
00007ac0   _MCBSP_getXmtAddr
00007ae0   _MCBSP_write
00007b00   _MCBSP_xrdy
00007b20   __nop
00007b40   __register_lock
00007b60   __register_unlock
00007b80   __IRQ_hookFetchPacket
00007ba0   ___cinit__
00007ba0   ___etext__
00007ba0   cinit
00007ba0   etext
00009244   LOG_A_TABBEG
00009244   LOG_system
00009244   _LOG_A_TABBEG
00009244   _LOG_system
0000925c   LOG_A_TABEND
0000925c   _LOG_A_TABEND
00009260   _RTDX_Poll
00009660   _RTDX_Buffer_WriteCB
00009ca0   _RTDX_Mon_Queue
00009ec0   _RTDX_Init_RT_Monitor
00009f40   _RTDX_Buffer_Initialize
00009fa0   _RTDX_Buffer_ReadCB
0000a000   _RTDX_Buffer_Size
0000a040   _RTDX_Final_RT_Monitor
0000a080   _RTDX_Buffer_Read
0000a0a0   _RTDX_Buffer_Write
0000a0e0   _RTDX_Mask_IER
0000a100   _RCResp
0000a4c0   _iPulse
0000a520   _qPulse
0000a580   _text
0000a5b0   _FIFO_I
0000a5bc   _FIFO_Q
0000a5c8   _oBufPing
0000a688   _oBufPong
0000a748   _conf_EDMA_oBuf
0000a760   _ui16Output
0000a790   ___atexit_func_id__
0000a940   __IRQ_eventTable
0000a9c4   __IRQ_intTable
0000aa04   __IRQ_dispatchTable
0000aa0c   _KNL_queues
0000aaac   _KNL_dummy
0000aae4   _TSK_ATTRS
0000ab00   _TSK_config
0000ab20   _TSK_timerSem
0000ab40   _OBJ_table
0000ab78   _OBJ_segtab
0000aba8   _tccAllocTable
0000abe8   __TSK_mutex
0000ac10   __MEM_mutex
0000ac68   __MCBSP_hDev0
0000ac6c   __MCBSP_hDev1
0000ac70   _myAIC23_registers
0000ac84   _mcbspforAIC23Cfg
0000accc   __TIMER_deviceTable
0000ace4   __TIMER_hDev0
0000ace8   __TIMER_hDev1
0000acec   __TIMER_hBios
0000acf0   _SYS_exitStack
0000ad10   _cfgDataMCBSP
0000ad4c   __cleanup_ptr
0000ad50   __dtors_ptr
0000ad54   ___TI_enable_exit_profile_output
0000ad58   __lock
0000ad5c   __unlock
0000ad60   _dtors
0000ad64   _DSK6713_version
0000ad68   _RTDX_Buffer
0000b170   _RTDX_Buffer_Start
0000b174   _RTDX_Buffer_End
0000b178   _rtdx_buffer_state
0000b184   _RTDX_writing
0000b198   _rtdx_mon_state
0000b1b4   ___pinit__
0000b1b4   pinit
0000b1c0   BIOS_init
0000b1c0   _BIOS_init
0000b324   BIOS$$CLKON
0000b364   BIOS$$CLKOFF
0000b3cc   BIOS_start
0000b3cc   _BIOS_start
0000b480   _c_int00
0000b540   _TSK_init
0000b5c0   _OBJ_init
0000b5e0   TSK_idle$stack
0000b978   TSK_idle$stkptr
0000b9e0   GBL_stackbeg
0000b9e0   _HWI_STKTOP
0000b9e0   __stack
0000bdd8   _HWI_STKBOTTOM
0000bddf   GBL_stackend
0000bde0   $bss
0000bde0   .bss
0000bde0   _HWI_dispatchTab
0000bde0   __STACK_END
0000bde0   ___bss__
0000bee0   IDL_D_tabbeg
0000bee4   IDL_D_calibrate
0000bee8   IDL_D_calbeg
0000beec   LOG_D_system
0000beec   _LOG_D_system
0000bef0   PIP_D_tabbeg
0000bef4   PIP_D_tablen
0000bef8   CLK_R_time
0000befc   CLK_D_timefxn
0000bf00   CLK_D_tabbeg
0000bf04   CLK_D_isrhook
0000bf08   CLK_D_idletime
0000bf0c   _CLK_htimeDiv
0000bf10   _CLK_htimeMult
0000bf14   _CLK_ltimeDiv
0000bf18   _CLK_ltimeMult
0000bf1c   _CLK_D_dirty
0000bf20   _CLK_D_prd
0000bf24   _CLK_D_tddr
0000bf28   _CLK_D_countspms
0000bf2c   PRD_D_tick
0000bf2c   _PRD_D_tick
0000bf30   PRD_D_cur
0000bf34   PRD_D_elapsed
0000bf38   PRD_D_prevtim
0000bf3c   PRD_D_scalar
0000bf40   PRD_D_swihandle
0000bf44   PRD_D_tabbeg
0000bf48   PRD_D_tablen
0000bf4c   PRD_D_thook
0000bf50   RTA_D_fromHost
0000bf54   RTA_D_toHost
0000bf58   RTA_D_logval
0000bf68   RTA_D_stsval
0000bf74   HST_D_chanmask
0000bf78   HST_D_tabbeg
0000bf7c   HST_D_tabend
0000bf80   _GBL_procId
0000bf84   _GBL_clkIn
0000bf88   _GBL_freq
0000bf8c   _MEM_D_NUMSEGMENTS
0000bf90   _MEM_D_memtab
0000bf94   _MEM_D_freelist
0000bf98   _MEM_D_lockaddr
0000bf9c   _MEM_D_unlockaddr
0000bfa0   _SYS
0000bfa4   __HOOK_knlId
0000bfa8   __HOOK_NUMHOOKS
0000bfac   SWI_D_runaddr
0000bfac   _SWI_D_runaddr
0000bfac   _SWI_data
0000bfb0   SWI_D_execaddr
0000bfb0   _SWI_D_execaddr
0000bfb4   SWI_D_curmask
0000bfb4   _SWI_D_curmask
0000bfb8   SWI_D_curset
0000bfb8   _SWI_D_curset
0000bfbc   SWI_D_lock
0000bfbc   _SWI_D_lock
0000bfc0   SWI_D_curmbox
0000bfc4   SWI_D_curfxn
0000bfc4   _SWI_D_curfxn
0000bfc8   SWI_D_rdybeg
0000bfc8   _SWI_D_rdybeg
0000bfcc   SWI_D_inswi
0000bfcc   _SWI_D_inswi
0000bfd0   SWI_D_rdytab
0000c048   _KNL_wFlag
0000c04c   _KNL_wList
0000c050   _KNL_alarm
0000c054   _KNL_setpri
0000c058   _KNL_inactive
0000c05c   _KNL_priority
0000c060   _KNL_set
0000c064   _KNL_curtask
0000c068   _KNL_prevtask
0000c06c   _KNL_curtime
0000c070   _KNL_swiptr
0000c074   _KNL_curqueue
0000c078   _KNL_maxqueue
0000c07c   _KNL_tswitchfxn
0000c080   _KNL_tcreatefxn
0000c084   _KNL_tdeletefxn
0000c088   _KNL_treadyfxn
0000c08c   _KNL_idlefxn
0000c090   _processping
0000c094   _processpong
0000c098   _i
0000c09c   _OldSwitchPos
0000c09d   _bytePos
0000c0a0   _hMcBsp
0000c0a4   _hEDMARcv
0000c0a8   _hEDMATrx
0000c0ac   _hEDMARcvPing
0000c0b0   _hEDMARcvPong
0000c0b4   _hEDMATrxPing
0000c0b8   _hEDMATrxPong
0000c0bc   _tccRcvPing
0000c0c0   _tccRcvPong
0000c0c4   _tccTrxPing
0000c0c8   _tccTrxPong
0000c0cc   _TrxPingDone
0000c0d0   _TrxPongDone
0000c0d4   _ui32SwitchState
0000c0d8   RTA_fromHost$pipe$dtab
0000c0e4   RTA_toHost$pipe$dtab
0000c0f0   HWI_D_spsave
0000c0f0   _HWI_D_spsave
0000c0f0   _HWI_data
0000c0fc   _HWI_D_inhwi
0000c100   HWI_D_bss
0000c104   HWI_D_ccmask
0000c108   LNK_dspFrameRequestMask
0000c108   _LNK_dspFrameRequestMask
0000c10c   LNK_dspFrameReadyMask
0000c10c   _LNK_dspFrameReadyMask
0000c110   LNK_readPend
0000c110   _LNK_readPend
0000c114   LNK_readDone
0000c114   _LNK_readDone
0000c118   LNK_readFail
0000c118   _LNK_readFail
0000c11c   LNK_writeFail
0000c11c   _LNK_writeFail
0000c128   _rtdxNullChanCnt
0000c12c   _rtdxNullFuncCnt
0000c130   _TSK_nTasks
0000c134   _TSK_pid
0000c138   _TSK
0000c13c   _CLK_DFLTMICROSECS
0000c140   _CLK_D_microseconds
0000c144   _SYS_exitStackPtr
0000c148   _SYS_exitStackTop
0000c14c   _CLK_htimePerLtime
0000c154   IDL_D_busyObj
0000c158   _SYS_PUTCBEG
0000c158   ___end__
0000c158   end
0000c357   _SYS_PUTCEND
0000c358   LEDBlinker$sts$stsobj
0000c358   STS_A_TABBEG
0000c358   _STS_A_TABBEG
0000c35c   LEDBlinker$sts
0000c368   PRD_swi$sts$stsobj
0000c36c   PRD_swi$sts
0000c378   KNL_swi$sts$stsobj
0000c37c   KNL_swi$sts
0000c388   procPing$sts$stsobj
0000c38c   procPing$sts
0000c398   procPong$sts$stsobj
0000c39c   procPong$sts
0000c3a8   TSK_idle$sts$stsobj
0000c3ac   TSK_idle$sts
0000c3b8   IDL_busyObj$stsobj
0000c3bc   IDL_busyObj
0000c3bc   _IDL_busyObj
0000c3c8   STS_A_TABEND
0000c3c8   _STS_A_TABEND
0000c3f0   RTA_fromHost$buf
0000c400   LOG_system$buf
0000c500   RTA_toHost$buf
0000c600   PIP_A_TABBEG
0000c600   RTA_fromHost$pipe
0000c600   _PIP_A_TABBEG
0000c604   RTA_fromHost$pipe$rd
0000c630   RTA_fromHost$pipe$aaa
0000c634   RTA_fromHost$pipe$wr
0000c660   RTA_fromHost$pipe$bbb
0000c664   RTA_toHost$pipe
0000c668   RTA_toHost$pipe$rd
0000c694   RTA_toHost$pipe$aaa
0000c698   RTA_toHost$pipe$wr
0000c6c4   RTA_toHost$pipe$bbb
0000c6c8   PIP_A_TABEND
0000c6c8   _PIP_A_TABEND
0000c77d   LEDBlinker$sts$maxfmt
0000c780   PRD_SWIHANDLE
0000c780   PRD_swi
0000c780   SWI_A_TABBEG
0000c780   _PRD_swi
0000c786   LEDBlinker$sts$sumfmt
0000c78f   LEDBlinker$sts$avgfmt
0000c79a   PRD_swi$sts$maxfmt
0000c7a2   PRD_swi$sts$sumfmt
0000c7aa   PRD_swi$sts$avgfmt
0000c7ac   KNL_swi
0000c7ac   _KNL_swi
0000c7b4   KNL_swi$sts$maxfmt
0000c7bc   KNL_swi$sts$sumfmt
0000c7c4   KNL_swi$sts$avgfmt
0000c7ce   procPing$sts$maxfmt
0000c7d6   procPing$sts$sumfmt
0000c7d8   _procPing
0000c7d8   procPing
0000c7de   procPing$sts$avgfmt
0000c7e8   procPong$sts$maxfmt
0000c7f0   procPong$sts$sumfmt
0000c7f8   procPong$sts$avgfmt
0000c802   TSK_idle$sts$maxfmt
0000c804   _procPong
0000c804   procPong
0000c80a   TSK_idle$sts$sumfmt
0000c812   TSK_idle$sts$avgfmt
0000c81c   IDL_busyObj$maxfmt
0000c81f   IDL_busyObj$sumfmt
0000c822   IDL_busyObj$avgfmt
0000c830   SWI_A_TABEND
0000c83c   TSK_idle
0000c83c   _TSK_idle
0000c8d0   HST_A_TABBEG
0000c8d0   _HST_A_TABBEG
0000c8d4   RTA_fromHost
0000c8d4   _RTA_fromHost
0000c8dc   RTA_fromHost$rtdx
0000c8f0   RTA_toHost
0000c8f0   _RTA_toHost
0000c8f8   RTA_toHost$rtdx
0000c90c   HST_A_TABEND
0000c90c   LEDBlinker
0000c90c   PRD_A_TABBEG
0000c90c   _HST_A_TABEND
0000c90c   _LEDBlinker
0000c928   LEDBlinker$aaa
0000c92c   IDL_A_TABBEG
0000c92c   IDL_cpuLoad
0000c92c   PRD_A_TABEND
0000c92c   _IDL_cpuLoad
0000c930   LNK_dataPump
0000c930   _LNK_dataPump
0000c934   RTA_dispatcher
0000c934   _RTA_dispatcher
0000c938   IDL_END
0000c93c   IDL_A_CALBEG
0000c93c   IDL_cpuLoad$
0000c940   LNK_dataPump$
0000c944   RTA_dispatcher$
0000c948   IDL_END$
0000c94c   SYS$config
0000c95c   TRC_cinit
0000c960   TRC_R_mask
0000c960   _TRC_R_mask
0000c964   GBL_initdone
0000c968   CLK_A_TABBEG
0000c968   PRD_clock
0000c968   _PRD_clock
0000c96c   CLK_null
0000dbba   CLK_COUNTSPMS
0000dbba   CLK_HTIMEPERLTIME
0000dbba   CLK_PRD
0000dbba   _CLK_COUNTSPMS
0000dbba   _CLK_PRD
0000dbef   GBL_TRCMASKVALUE
00036ee8   CLK_LTIMEMULT
00036ee8   GBL_FREQ
01940000   CLK_REGS
01940000   _CLK_REGS
08203da3   HWI_INTRMULTHIGH
310718aa   HWI_INTRMULTLOW
ffffffff   HST_DSMBUFSEG
ffffffff   IRAM
ffffffff   RTDX_DATAMEMSEG
ffffffff   SDRAM
ffffffff   _IRAM
ffffffff   _SDRAM
ffffffff   ___TI_pprof_out_hndl
ffffffff   ___TI_prof_data_size
ffffffff   ___TI_prof_data_start
ffffffff   ___binit__
ffffffff   ___c_args__
ffffffff   binit

[830 symbols]
